W/CellInfoLte(27489): CellInfoLte(Parcel): CellInfoLte: mRegistered=NO mTimeStampType=unknown mTimeStamp=9223372036854775807ns, LteCellIdentitiy:android.telephony.CellIdentityLte@7fffff65 mMcc=2147483647 mMnc=2147483647 mCi=2147483647 mPci=2147483647 mTac=2147483647, CellSignalStrengthLte: ss=2147483647 rsrp=2147483647 rsrq=2147483647 rssnr=2147483647 cqi=2147483647 ta=2147483647
D/PhoneInterfaceManager( 1775): [PhoneIntfMgr] sigLevel = 0
D/StatusBar.MSimNetworkController( 1678): isSimInserted(0), SimInserted=false
D/LGPhoneStatusBarPolicy( 1678): [LGPhoneStatusBarPolicy.java:109:onReceive()]ACTION_SIGNAL_STRENGTH_CHANGED!!!
D/LGPhoneStatusBarPolicy( 1678): [LGPhoneStatusBarPolicy.java:109:onReceive()]ACTION_SIGNAL_STRENGTH_CHANGED!!!
D/StatusBar.MSimNetworkController( 1678): isSimInserted(0), SimInserted=false
D/StatusBar.MSimNetworkController( 1678): isSimInserted(0), SimInserted=false
I/StatusBarLinearLayout( 1678): [StatusBarLinearLayout.java:55:onLayout()]================================
I/StatusBarLinearLayout( 1678): [StatusBarLinearLayout.java:68:onLayout()]child = android.widget.LinearLayout{42420728 V.E..... ........ 9,0-323,38 #7f09007a app:id/notification_icon_area} ,w = 314
I/StatusBarLinearLayout( 1678): [StatusBarLinearLayout.java:68:onLayout()]child = android.widget.LinearLayout{42423f80 V.E..... ........ 323,0-359,38 #7f09007d app:id/statusIcons} ,w = 36
I/StatusBarLinearLayout( 1678): [StatusBarLinearLayout.java:68:onLayout()]child = android.widget.LinearLayout{42424898 V.E..... ......ID 359,0-531,38 #7f09007e app:id/system_icon_area} ,w = 172
I/StatusBarLinearLayout( 1678): [StatusBarLinearLayout.java:74:onLayout()]nTotalWidth = 522, r = 540
I/StatusBarLinearLayout( 1678): [StatusBarLinearLayout.java:77:onLayout()]sum = 522, mIconSize = 36
I/StatusBarLinearLayout( 1678): [StatusBarLinearLayout.java:78:onLayout()]Notification 314==> 314
I/StatusBarLinearLayout( 1678): [StatusBarLinearLayout.java:82:onLayout()]-----------------------
I/StatusBarLinearLayout( 1678): [StatusBarLinearLayout.java:123:onLayout()]child = android.widget.LinearLayout{4241c690 G.E..... ......ID 9,0-9,38 #7f090078 app:id/operator_layout} ,w = 0
I/StatusBarLinearLayout( 1678): [StatusBarLinearLayout.java:123:onLayout()]child = android.widget.LinearLayout{42420728 V.E..... ........ 9,0-323,38 #7f09007a app:id/notification_icon_area} ,w = 314
I/StatusBarLinearLayout( 1678): [StatusBarLinearLayout.java:123:onLayout()]child = android.widget.LinearLayout{42423f80 V.E..... ........ 323,0-359,38 #7f09007d app:id/statusIcons} ,w = 36
I/StatusBarLinearLayout( 1678): [StatusBarLinearLayout.java:123:onLayout()]child = android.widget.LinearLayout{42424898 V.E..... ......ID 359,0-531,38 #7f09007e app:id/system_icon_area} ,w = 172
I/StatusBarLinearLayout( 1678): [StatusBarLinearLayout.java:128:onLayout()]sum = 522
D/StatusBar.BatteryController( 1678): [BatteryController.java:126:onReceive()]level = 64 status = 2 isPlugged = true isCharging = true isFullCharged = false
I/LGPowerUI( 1678): [LGPowerUI.java:611:batteryThermNotification()]batteryThermNotification temperature : 308 isPlugged : true isCharging : true
D/KeyguardUpdateMonitor(  929): handleBatteryUpdate (2) (64)
I/EmotionalLed( 1813): getCurrentHighestLGLedRecord() start. mLedList.size=1
V/EmotionalLed( 1813): startInternal : pkg=batteryinfo, recordId=0 : LGLedRecord{42919888 flags=0 patternId=3 color=0 priority=-1 recordId=0 pkg=batteryinfo mExceptional=false mNativeNotification=false whichLedPlay=0}
I/LGPowerUI( 1678): [LGPowerUI.java:621:batteryThermNotification()]StopCharging degree: 550
D/DockTangibleController( 1800): ACTION_BATTERY_CHANGED : 2
D/PowerUI ( 1678): [PowerUI.java:231:onReceive()]chargingCurrent 0 --> 0
D/LGPowerUI( 1678): [LGPowerUI.java:953:handleMessage()]MSG_BATTERY_STATUS_THERM_DISMISS
D/EmotionalLed( 1813): enqueuing start. mLedList.size()=0
I/EmotionalLed( 1813): updateLightsLocked() start. mLedList.size=1
D/EmotionalLed( 1813): enqueuing end. mLedList.size()=1
D/StatusBar.BatteryController( 1678): [BatteryController.java:126:onReceive()]level = 64 status = 2 isPlugged = true isCharging = true isFullCharged = false
D/DockTangibleController( 1800): ACTION_BATTERY_CHANGED : 2
D/KeyguardUpdateMonitor(  929): handleBatteryUpdate (2) (64)
I/LGPowerUI( 1678): [LGPowerUI.java:611:batteryThermNotification()]batteryThermNotification temperature : 309 isPlugged : true isCharging : true
I/LGPowerUI( 1678): [LGPowerUI.java:621:batteryThermNotification()]StopCharging degree: 550
D/PowerUI ( 1678): [PowerUI.java:231:onReceive()]chargingCurrent 0 --> 0
D/LGPowerUI( 1678): [LGPowerUI.java:953:handleMessage()]MSG_BATTERY_STATUS_THERM_DISMISS
W/CellInfoLte( 1775): getCellIdentity: LteCellIdentitiy:android.telephony.CellIdentityLte@7fffff65 mMcc=2147483647 mMnc=2147483647 mCi=2147483647 mPci=2147483647 mTac=2147483647
W/CellInfoLte( 1775): writeToParcel(Parcel, int): CellInfoLte: mRegistered=NO mTimeStampType=unknown mTimeStamp=9223372036854775807ns, LteCellIdentitiy:android.telephony.CellIdentityLte@7fffff65 mMcc=2147483647 mMnc=2147483647 mCi=2147483647 mPci=2147483647 mTac=2147483647, CellSignalStrengthLte: ss=2147483647 rsrp=2147483647 rsrq=2147483647 rssnr=2147483647 cqi=2147483647 ta=2147483647
W/CellInfoLte(  929): CellInfoLte(Parcel): CellInfoLte: mRegistered=NO mTimeStampType=unknown mTimeStamp=9223372036854775807ns, LteCellIdentitiy:android.telephony.CellIdentityLte@7fffff65 mMcc=2147483647 mMnc=2147483647 mCi=2147483647 mPci=2147483647 mTac=2147483647, CellSignalStrengthLte: ss=2147483647 rsrp=2147483647 rsrq=2147483647 rssnr=2147483647 cqi=2147483647 ta=2147483647
W/CellInfoLte( 1775): writeToParcel(Parcel, int): CellInfoLte: mRegistered=NO mTimeStampType=unknown mTimeStamp=9223372036854775807ns, LteCellIdentitiy:android.telephony.CellIdentityLte@7fffff65 mMcc=2147483647 mMnc=2147483647 mCi=2147483647 mPci=2147483647 mTac=2147483647, CellSignalStrengthLte: ss=2147483647 rsrp=2147483647 rsrq=2147483647 rssnr=2147483647 cqi=2147483647 ta=2147483647
W/CellInfoLte(  929): CellInfoLte(Parcel): CellInfoLte: mRegistered=NO mTimeStampType=unknown mTimeStamp=9223372036854775807ns, LteCellIdentitiy:android.telephony.CellIdentityLte@7fffff65 mMcc=2147483647 mMnc=2147483647 mCi=2147483647 mPci=2147483647 mTac=2147483647, CellSignalStrengthLte: ss=2147483647 rsrp=2147483647 rsrq=2147483647 rssnr=2147483647 cqi=2147483647 ta=2147483647
W/CellInfoLte(  929): writeToParcel(Parcel, int): CellInfoLte: mRegistered=NO mTimeStampType=unknown mTimeStamp=9223372036854775807ns, LteCellIdentitiy:android.telephony.CellIdentityLte@7fffff65 mMcc=2147483647 mMnc=2147483647 mCi=2147483647 mPci=2147483647 mTac=2147483647, CellSignalStrengthLte: ss=2147483647 rsrp=2147483647 rsrq=2147483647 rssnr=2147483647 cqi=2147483647 ta=2147483647
D/StatusBar.MSimNetworkController( 1678): isSimInserted(0), SimInserted=false
W/CellInfoLte( 1963): CellInfoLte(Parcel): CellInfoLte: mRegistered=NO mTimeStampType=unknown mTimeStamp=9223372036854775807ns, LteCellIdentitiy:android.telephony.CellIdentityLte@7fffff65 mMcc=2147483647 mMnc=2147483647 mCi=2147483647 mPci=2147483647 mTac=2147483647, CellSignalStrengthLte: ss=2147483647 rsrp=2147483647 rsrq=2147483647 rssnr=2147483647 cqi=2147483647 ta=2147483647
W/CellInfoLte(  929): writeToParcel(Parcel, int): CellInfoLte: mRegistered=NO mTimeStampType=unknown mTimeStamp=9223372036854775807ns, LteCellIdentitiy:android.telephony.CellIdentityLte@7fffff65 mMcc=2147483647 mMnc=2147483647 mCi=2147483647 mPci=2147483647 mTac=2147483647, CellSignalStrengthLte: ss=2147483647 rsrp=2147483647 rsrq=2147483647 rssnr=2147483647 cqi=2147483647 ta=2147483647
D/StatusBar.MSimNetworkController( 1678): isSimInserted(0), SimInserted=false
W/CellInfoLte(27489): CellInfoLte(Parcel): CellInfoLte: mRegistered=NO mTimeStampType=unknown mTimeStamp=9223372036854775807ns, LteCellIdentitiy:android.telephony.CellIdentityLte@7fffff65 mMcc=2147483647 mMnc=2147483647 mCi=2147483647 mPci=2147483647 mTac=2147483647, CellSignalStrengthLte: ss=2147483647 rsrp=2147483647 rsrq=2147483647 rssnr=2147483647 cqi=2147483647 ta=2147483647
D/PhoneInterfaceManager( 1775): [PhoneIntfMgr] sigLevel = 0
D/LGPhoneStatusBarPolicy( 1678): [LGPhoneStatusBarPolicy.java:109:onReceive()]ACTION_SIGNAL_STRENGTH_CHANGED!!!
D/LGPhoneStatusBarPolicy( 1678): [LGPhoneStatusBarPolicy.java:109:onReceive()]ACTION_SIGNAL_STRENGTH_CHANGED!!!
D/StatusBar.MSimNetworkController( 1678): isSimInserted(0), SimInserted=false
D/StatusBar.MSimNetworkController( 1678): isSimInserted(0), SimInserted=false
I/StatusBarLinearLayout( 1678): [StatusBarLinearLayout.java:55:onLayout()]================================
I/StatusBarLinearLayout( 1678): [StatusBarLinearLayout.java:68:onLayout()]child = android.widget.LinearLayout{42420728 V.E..... ........ 9,0-323,38 #7f09007a app:id/notification_icon_area} ,w = 314
I/StatusBarLinearLayout( 1678): [StatusBarLinearLayout.java:68:onLayout()]child = android.widget.LinearLayout{42423f80 V.E..... ........ 323,0-359,38 #7f09007d app:id/statusIcons} ,w = 36
I/StatusBarLinearLayout( 1678): [StatusBarLinearLayout.java:68:onLayout()]child = android.widget.LinearLayout{42424898 V.E..... ......ID 359,0-531,38 #7f09007e app:id/system_icon_area} ,w = 172
I/StatusBarLinearLayout( 1678): [StatusBarLinearLayout.java:74:onLayout()]nTotalWidth = 522, r = 540
I/StatusBarLinearLayout( 1678): [StatusBarLinearLayout.java:77:onLayout()]sum = 522, mIconSize = 36
I/StatusBarLinearLayout( 1678): [StatusBarLinearLayout.java:78:onLayout()]Notification 314==> 314
I/StatusBarLinearLayout( 1678): [StatusBarLinearLayout.java:82:onLayout()]-----------------------
I/StatusBarLinearLayout( 1678): [StatusBarLinearLayout.java:123:onLayout()]child = android.widget.LinearLayout{4241c690 G.E..... ......ID 9,0-9,38 #7f090078 app:id/operator_layout} ,w = 0
I/StatusBarLinearLayout( 1678): [StatusBarLinearLayout.java:123:onLayout()]child = android.widget.LinearLayout{42420728 V.E..... ........ 9,0-323,38 #7f09007a app:id/notification_icon_area} ,w = 314
I/StatusBarLinearLayout( 1678): [StatusBarLinearLayout.java:123:onLayout()]child = android.widget.LinearLayout{42423f80 V.E..... ........ 323,0-359,38 #7f09007d app:id/statusIcons} ,w = 36
I/StatusBarLinearLayout( 1678): [StatusBarLinearLayout.java:123:onLayout()]child = android.widget.LinearLayout{42424898 V.E..... ......ID 359,0-531,38 #7f09007e app:id/system_icon_area} ,w = 172
I/StatusBarLinearLayout( 1678): [StatusBarLinearLayout.java:128:onLayout()]sum = 522
D/KeyguardUpdateMonitor(  929): handleTimeUpdate
I/StatusBarLinearLayout( 1678): [StatusBarLinearLayout.java:55:onLayout()]================================
I/StatusBarLinearLayout( 1678): [StatusBarLinearLayout.java:68:onLayout()]child = android.widget.LinearLayout{42420728 V.E..... ........ 9,0-323,38 #7f09007a app:id/notification_icon_area} ,w = 314
I/StatusBarLinearLayout( 1678): [StatusBarLinearLayout.java:68:onLayout()]child = android.widget.LinearLayout{42423f80 V.E..... ........ 323,0-359,38 #7f09007d app:id/statusIcons} ,w = 36
I/StatusBarLinearLayout( 1678): [StatusBarLinearLayout.java:68:onLayout()]child = android.widget.LinearLayout{42424898 V.E..... ......ID 359,0-531,38 #7f09007e app:id/system_icon_area} ,w = 172
I/StatusBarLinearLayout( 1678): [StatusBarLinearLayout.java:74:onLayout()]nTotalWidth = 522, r = 540
I/StatusBarLinearLayout( 1678): [StatusBarLinearLayout.java:77:onLayout()]sum = 522, mIconSize = 36
I/StatusBarLinearLayout( 1678): [StatusBarLinearLayout.java:78:onLayout()]Notification 314==> 314
I/StatusBarLinearLayout( 1678): [StatusBarLinearLayout.java:82:onLayout()]-----------------------
I/StatusBarLinearLayout( 1678): [StatusBarLinearLayout.java:123:onLayout()]child = android.widget.LinearLayout{4241c690 G.E..... ......ID 9,0-9,38 #7f090078 app:id/operator_layout} ,w = 0
I/StatusBarLinearLayout( 1678): [StatusBarLinearLayout.java:123:onLayout()]child = android.widget.LinearLayout{42420728 V.E..... ........ 9,0-323,38 #7f09007a app:id/notification_icon_area} ,w = 314
I/StatusBarLinearLayout( 1678): [StatusBarLinearLayout.java:123:onLayout()]child = android.widget.LinearLayout{42423f80 V.E..... ........ 323,0-359,38 #7f09007d app:id/statusIcons} ,w = 36
I/StatusBarLinearLayout( 1678): [StatusBarLinearLayout.java:123:onLayout()]child = android.widget.LinearLayout{42424898 V.E..... ......ID 359,0-531,38 #7f09007e app:id/system_icon_area} ,w = 172
I/StatusBarLinearLayout( 1678): [StatusBarLinearLayout.java:128:onLayout()]sum = 522
D/DateLayout(  929): isFormat24Requested :true
D/DateLayout(  929): hour :4	mintue :59
D/DateLayout(  929): ampmTextClock : AM
D/DateLayout(  929): setContentDescription :Monday, January 12 4 59
D/DigitalClock(  929): isFormat24Requested :true
D/DigitalClock(  929): hour :4	mintue :59
D/DigitalClock(  929): ampmTextClock : AM
D/DigitalClock(  929): setContentDescription :Monday, January 12 4 59
D/KeyguardUpdateMonitor(  929): handleBatteryUpdate (2) (64)
D/StatusBar.BatteryController( 1678): [BatteryController.java:126:onReceive()]level = 64 status = 2 isPlugged = true isCharging = true isFullCharged = false
D/DockTangibleController( 1800): ACTION_BATTERY_CHANGED : 2
I/LGPowerUI( 1678): [LGPowerUI.java:611:batteryThermNotification()]batteryThermNotification temperature : 307 isPlugged : true isCharging : true
I/LGPowerUI( 1678): [LGPowerUI.java:621:batteryThermNotification()]StopCharging degree: 550
D/PowerUI ( 1678): [PowerUI.java:231:onReceive()]chargingCurrent 0 --> 0
D/LGPowerUI( 1678): [LGPowerUI.java:953:handleMessage()]MSG_BATTERY_STATUS_THERM_DISMISS
W/CellInfoLte( 1775): getCellIdentity: LteCellIdentitiy:android.telephony.CellIdentityLte@7fffff65 mMcc=2147483647 mMnc=2147483647 mCi=2147483647 mPci=2147483647 mTac=2147483647
W/CellInfoLte( 1775): writeToParcel(Parcel, int): CellInfoLte: mRegistered=NO mTimeStampType=unknown mTimeStamp=9223372036854775807ns, LteCellIdentitiy:android.telephony.CellIdentityLte@7fffff65 mMcc=2147483647 mMnc=2147483647 mCi=2147483647 mPci=2147483647 mTac=2147483647, CellSignalStrengthLte: ss=2147483647 rsrp=2147483647 rsrq=2147483647 rssnr=2147483647 cqi=2147483647 ta=2147483647
W/CellInfoLte(  929): CellInfoLte(Parcel): CellInfoLte: mRegistered=NO mTimeStampType=unknown mTimeStamp=9223372036854775807ns, LteCellIdentitiy:android.telephony.CellIdentityLte@7fffff65 mMcc=2147483647 mMnc=2147483647 mCi=2147483647 mPci=2147483647 mTac=2147483647, CellSignalStrengthLte: ss=2147483647 rsrp=2147483647 rsrq=2147483647 rssnr=2147483647 cqi=2147483647 ta=2147483647
W/CellInfoLte( 1775): writeToParcel(Parcel, int): CellInfoLte: mRegistered=NO mTimeStampType=unknown mTimeStamp=9223372036854775807ns, LteCellIdentitiy:android.telephony.CellIdentityLte@7fffff65 mMcc=2147483647 mMnc=2147483647 mCi=2147483647 mPci=2147483647 mTac=2147483647, CellSignalStrengthLte: ss=2147483647 rsrp=2147483647 rsrq=2147483647 rssnr=2147483647 cqi=2147483647 ta=2147483647
W/CellInfoLte(  929): CellInfoLte(Parcel): CellInfoLte: mRegistered=NO mTimeStampType=unknown mTimeStamp=9223372036854775807ns, LteCellIdentitiy:android.telephony.CellIdentityLte@7fffff65 mMcc=2147483647 mMnc=2147483647 mCi=2147483647 mPci=2147483647 mTac=2147483647, CellSignalStrengthLte: ss=2147483647 rsrp=2147483647 rsrq=2147483647 rssnr=2147483647 cqi=2147483647 ta=2147483647
W/CellInfoLte(  929): writeToParcel(Parcel, int): CellInfoLte: mRegistered=NO mTimeStampType=unknown mTimeStamp=9223372036854775807ns, LteCellIdentitiy:android.telephony.CellIdentityLte@7fffff65 mMcc=2147483647 mMnc=2147483647 mCi=2147483647 mPci=2147483647 mTac=2147483647, CellSignalStrengthLte: ss=2147483647 rsrp=2147483647 rsrq=2147483647 rssnr=2147483647 cqi=2147483647 ta=2147483647
W/CellInfoLte( 1963): CellInfoLte(Parcel): CellInfoLte: mRegistered=NO mTimeStampType=unknown mTimeStamp=9223372036854775807ns, LteCellIdentitiy:android.telephony.CellIdentityLte@7fffff65 mMcc=2147483647 mMnc=2147483647 mCi=2147483647 mPci=2147483647 mTac=2147483647, CellSignalStrengthLte: ss=2147483647 rsrp=2147483647 rsrq=2147483647 rssnr=2147483647 cqi=2147483647 ta=2147483647
W/CellInfoLte(  929): writeToParcel(Parcel, int): CellInfoLte: mRegistered=NO mTimeStampType=unknown mTimeStamp=9223372036854775807ns, LteCellIdentitiy:android.telephony.CellIdentityLte@7fffff65 mMcc=2147483647 mMnc=2147483647 mCi=2147483647 mPci=2147483647 mTac=2147483647, CellSignalStrengthLte: ss=2147483647 rsrp=2147483647 rsrq=2147483647 rssnr=2147483647 cqi=2147483647 ta=2147483647
D/StatusBar.MSimNetworkController( 1678): isSimInserted(0), SimInserted=false
W/CellInfoLte(27489): CellInfoLte(Parcel): CellInfoLte: mRegistered=NO mTimeStampType=unknown mTimeStamp=9223372036854775807ns, LteCellIdentitiy:android.telephony.CellIdentityLte@7fffff65 mMcc=2147483647 mMnc=2147483647 mCi=2147483647 mPci=2147483647 mTac=2147483647, CellSignalStrengthLte: ss=2147483647 rsrp=2147483647 rsrq=2147483647 rssnr=2147483647 cqi=2147483647 ta=2147483647
D/PhoneInterfaceManager( 1775): [PhoneIntfMgr] sigLevel = 0
D/StatusBar.MSimNetworkController( 1678): isSimInserted(0), SimInserted=false
D/LGPhoneStatusBarPolicy( 1678): [LGPhoneStatusBarPolicy.java:109:onReceive()]ACTION_SIGNAL_STRENGTH_CHANGED!!!
D/StatusBar.MSimNetworkController( 1678): isSimInserted(0), SimInserted=false
D/StatusBar.MSimNetworkController( 1678): isSimInserted(0), SimInserted=false
I/StatusBarLinearLayout( 1678): [StatusBarLinearLayout.java:77:onLayout()]sum = 522, mIconSize = 36
I/StatusBarLinearLayout( 1678): [StatusBarLinearLayout.java:78:onLayout()]Notification 314==> 314
I/StatusBarLinearLayout( 1678): [StatusBarLinearLayout.java:82:onLayout()]-----------------------
I/StatusBarLinearLayout( 1678): [StatusBarLinearLayout.java:123:onLayout()]child = android.widget.LinearLayout{4241c690 G.E..... ......ID 9,0-9,38 #7f090078 app:id/operator_layout} ,w = 0
I/StatusBarLinearLayout( 1678): [StatusBarLinearLayout.java:123:onLayout()]child = android.widget.LinearLayout{42420728 V.E..... ........ 9,0-323,38 #7f09007a app:id/notification_icon_area} ,w = 314
I/StatusBarLinearLayout( 1678): [StatusBarLinearLayout.java:123:onLayout()]child = android.widget.LinearLayout{42423f80 V.E..... ........ 323,0-359,38 #7f09007d app:id/statusIcons} ,w = 36
I/StatusBarLinearLayout( 1678): [StatusBarLinearLayout.java:123:onLayout()]child = android.widget.LinearLayout{42424898 V.E..... ......ID 359,0-531,38 #7f09007e app:id/system_icon_area} ,w = 172
I/StatusBarLinearLayout( 1678): [StatusBarLinearLayout.java:128:onLayout()]sum = 522
I/StatusBarLinearLayout( 1678): [StatusBarLinearLayout.java:55:onLayout()]================================
I/StatusBarLinearLayout( 1678): [StatusBarLinearLayout.java:68:onLayout()]child = android.widget.LinearLayout{42420728 V.E..... ........ 9,0-323,38 #7f09007a app:id/notification_icon_area} ,w = 314
I/StatusBarLinearLayout( 1678): [StatusBarLinearLayout.java:68:onLayout()]child = android.widget.LinearLayout{42423f80 V.E..... ........ 323,0-359,38 #7f09007d app:id/statusIcons} ,w = 36
I/StatusBarLinearLayout( 1678): [StatusBarLinearLayout.java:68:onLayout()]child = android.widget.LinearLayout{42424898 V.E..... ......ID 359,0-531,38 #7f09007e app:id/system_icon_area} ,w = 172
I/StatusBarLinearLayout( 1678): [StatusBarLinearLayout.java:74:onLayout()]nTotalWidth = 522, r = 540
