W/CellInfoLte( 1775): writeToParcel(Parcel, int): CellInfoLte: mRegistered=NO mTimeStampType=unknown mTimeStamp=9223372036854775807ns, LteCellIdentitiy:android.telephony.CellIdentityLte@7fffff65 mMcc=2147483647 mMnc=2147483647 mCi=2147483647 mPci=2147483647 mTac=2147483647, CellSignalStrengthLte: ss=2147483647 rsrp=2147483647 rsrq=2147483647 rssnr=2147483647 cqi=2147483647 ta=2147483647
D/StatusBar.MSimNetworkController( 1678): isSimInserted(0), SimInserted=false
D/StatusBar.MSimNetworkController( 1678): isSimInserted(0), SimInserted=false
D/StatusBar.MSimNetworkController( 1678): isSimInserted(0), SimInserted=false
W/CellInfoLte(  929): CellInfoLte(Parcel): CellInfoLte: mRegistered=NO mTimeStampType=unknown mTimeStamp=9223372036854775807ns, LteCellIdentitiy:android.telephony.CellIdentityLte@7fffff65 mMcc=2147483647 mMnc=2147483647 mCi=2147483647 mPci=2147483647 mTac=2147483647, CellSignalStrengthLte: ss=2147483647 rsrp=2147483647 rsrq=2147483647 rssnr=2147483647 cqi=2147483647 ta=2147483647
W/CellInfoLte(  929): writeToParcel(Parcel, int): CellInfoLte: mRegistered=NO mTimeStampType=unknown mTimeStamp=9223372036854775807ns, LteCellIdentitiy:android.telephony.CellIdentityLte@7fffff65 mMcc=2147483647 mMnc=2147483647 mCi=2147483647 mPci=2147483647 mTac=2147483647, CellSignalStrengthLte: ss=2147483647 rsrp=2147483647 rsrq=2147483647 rssnr=2147483647 cqi=2147483647 ta=2147483647
W/CellInfoLte(  929): writeToParcel(Parcel, int): CellInfoLte: mRegistered=NO mTimeStampType=unknown mTimeStamp=9223372036854775807ns, LteCellIdentitiy:android.telephony.CellIdentityLte@7fffff65 mMcc=2147483647 mMnc=2147483647 mCi=2147483647 mPci=2147483647 mTac=2147483647, CellSignalStrengthLte: ss=2147483647 rsrp=2147483647 rsrq=2147483647 rssnr=2147483647 cqi=2147483647 ta=2147483647
W/CellInfoLte( 1963): CellInfoLte(Parcel): CellInfoLte: mRegistered=NO mTimeStampType=unknown mTimeStamp=9223372036854775807ns, LteCellIdentitiy:android.telephony.CellIdentityLte@7fffff65 mMcc=2147483647 mMnc=2147483647 mCi=2147483647 mPci=2147483647 mTac=2147483647, CellSignalStrengthLte: ss=2147483647 rsrp=2147483647 rsrq=2147483647 rssnr=2147483647 cqi=2147483647 ta=2147483647
W/CellInfoLte(27489): CellInfoLte(Parcel): CellInfoLte: mRegistered=NO mTimeStampType=unknown mTimeStamp=9223372036854775807ns, LteCellIdentitiy:android.telephony.CellIdentityLte@7fffff65 mMcc=2147483647 mMnc=2147483647 mCi=2147483647 mPci=2147483647 mTac=2147483647, CellSignalStrengthLte: ss=2147483647 rsrp=2147483647 rsrq=2147483647 rssnr=2147483647 cqi=2147483647 ta=2147483647
D/PhoneInterfaceManager( 1775): [PhoneIntfMgr] sigLevel = 0
D/LGPhoneStatusBarPolicy( 1678): [LGPhoneStatusBarPolicy.java:109:onReceive()]ACTION_SIGNAL_STRENGTH_CHANGED!!!
D/StatusBar.MSimNetworkController( 1678): isSimInserted(0), SimInserted=false
I/StatusBarLinearLayout( 1678): [StatusBarLinearLayout.java:55:onLayout()]================================
I/StatusBarLinearLayout( 1678): [StatusBarLinearLayout.java:68:onLayout()]child = android.widget.LinearLayout{42420728 V.E..... ........ 9,0-743,38 #7f09007a app:id/notification_icon_area} ,w = 734
I/StatusBarLinearLayout( 1678): [StatusBarLinearLayout.java:68:onLayout()]child = android.widget.LinearLayout{42423f80 V.E..... ........ 743,0-779,38 #7f09007d app:id/statusIcons} ,w = 36
I/StatusBarLinearLayout( 1678): [StatusBarLinearLayout.java:68:onLayout()]child = android.widget.LinearLayout{42424898 V.E..... ......ID 779,0-951,38 #7f09007e app:id/system_icon_area} ,w = 172
I/StatusBarLinearLayout( 1678): [StatusBarLinearLayout.java:74:onLayout()]nTotalWidth = 942, r = 960
I/StatusBarLinearLayout( 1678): [StatusBarLinearLayout.java:77:onLayout()]sum = 942, mIconSize = 36
I/StatusBarLinearLayout( 1678): [StatusBarLinearLayout.java:78:onLayout()]Notification 734==> 734
I/StatusBarLinearLayout( 1678): [StatusBarLinearLayout.java:82:onLayout()]-----------------------
I/StatusBarLinearLayout( 1678): [StatusBarLinearLayout.java:123:onLayout()]child = android.widget.LinearLayout{4241c690 G.E..... ......ID 9,0-9,38 #7f090078 app:id/operator_layout} ,w = 0
I/StatusBarLinearLayout( 1678): [StatusBarLinearLayout.java:123:onLayout()]child = android.widget.LinearLayout{42420728 V.E..... ........ 9,0-743,38 #7f09007a app:id/notification_icon_area} ,w = 734
I/StatusBarLinearLayout( 1678): [StatusBarLinearLayout.java:123:onLayout()]child = android.widget.LinearLayout{42423f80 V.E..... ........ 743,0-779,38 #7f09007d app:id/statusIcons} ,w = 36
I/StatusBarLinearLayout( 1678): [StatusBarLinearLayout.java:123:onLayout()]child = android.widget.LinearLayout{42424898 V.E..... ......ID 779,0-951,38 #7f09007e app:id/system_icon_area} ,w = 172
I/StatusBarLinearLayout( 1678): [StatusBarLinearLayout.java:128:onLayout()]sum = 942
D/LGPhoneStatusBarPolicy( 1678): [LGPhoneStatusBarPolicy.java:109:onReceive()]ACTION_SIGNAL_STRENGTH_CHANGED!!!
W/CellInfoLte( 1775): getCellIdentity: LteCellIdentitiy:android.telephony.CellIdentityLte@7fffff65 mMcc=2147483647 mMnc=2147483647 mCi=2147483647 mPci=2147483647 mTac=2147483647
W/CellInfoLte( 1775): writeToParcel(Parcel, int): CellInfoLte: mRegistered=NO mTimeStampType=unknown mTimeStamp=9223372036854775807ns, LteCellIdentitiy:android.telephony.CellIdentityLte@7fffff65 mMcc=2147483647 mMnc=2147483647 mCi=2147483647 mPci=2147483647 mTac=2147483647, CellSignalStrengthLte: ss=2147483647 rsrp=2147483647 rsrq=2147483647 rssnr=2147483647 cqi=2147483647 ta=2147483647
W/CellInfoLte(  929): CellInfoLte(Parcel): CellInfoLte: mRegistered=NO mTimeStampType=unknown mTimeStamp=9223372036854775807ns, LteCellIdentitiy:android.telephony.CellIdentityLte@7fffff65 mMcc=2147483647 mMnc=2147483647 mCi=2147483647 mPci=2147483647 mTac=2147483647, CellSignalStrengthLte: ss=2147483647 rsrp=2147483647 rsrq=2147483647 rssnr=2147483647 cqi=2147483647 ta=2147483647
W/CellInfoLte( 1775): writeToParcel(Parcel, int): CellInfoLte: mRegistered=NO mTimeStampType=unknown mTimeStamp=9223372036854775807ns, LteCellIdentitiy:android.telephony.CellIdentityLte@7fffff65 mMcc=2147483647 mMnc=2147483647 mCi=2147483647 mPci=2147483647 mTac=2147483647, CellSignalStrengthLte: ss=2147483647 rsrp=2147483647 rsrq=2147483647 rssnr=2147483647 cqi=2147483647 ta=2147483647
W/CellInfoLte(  929): CellInfoLte(Parcel): CellInfoLte: mRegistered=NO mTimeStampType=unknown mTimeStamp=9223372036854775807ns, LteCellIdentitiy:android.telephony.CellIdentityLte@7fffff65 mMcc=2147483647 mMnc=2147483647 mCi=2147483647 mPci=2147483647 mTac=2147483647, CellSignalStrengthLte: ss=2147483647 rsrp=2147483647 rsrq=2147483647 rssnr=2147483647 cqi=2147483647 ta=2147483647
W/CellInfoLte(  929): writeToParcel(Parcel, int): CellInfoLte: mRegistered=NO mTimeStampType=unknown mTimeStamp=9223372036854775807ns, LteCellIdentitiy:android.telephony.CellIdentityLte@7fffff65 mMcc=2147483647 mMnc=2147483647 mCi=2147483647 mPci=2147483647 mTac=2147483647, CellSignalStrengthLte: ss=2147483647 rsrp=2147483647 rsrq=2147483647 rssnr=2147483647 cqi=2147483647 ta=2147483647
W/CellInfoLte(  929): writeToParcel(Parcel, int): CellInfoLte: mRegistered=NO mTimeStampType=unknown mTimeStamp=9223372036854775807ns, LteCellIdentitiy:android.telephony.CellIdentityLte@7fffff65 mMcc=2147483647 mMnc=2147483647 mCi=2147483647 mPci=2147483647 mTac=2147483647, CellSignalStrengthLte: ss=2147483647 rsrp=2147483647 rsrq=2147483647 rssnr=2147483647 cqi=2147483647 ta=2147483647
W/CellInfoLte( 1963): CellInfoLte(Parcel): CellInfoLte: mRegistered=NO mTimeStampType=unknown mTimeStamp=9223372036854775807ns, LteCellIdentitiy:android.telephony.CellIdentityLte@7fffff65 mMcc=2147483647 mMnc=2147483647 mCi=2147483647 mPci=2147483647 mTac=2147483647, CellSignalStrengthLte: ss=2147483647 rsrp=2147483647 rsrq=2147483647 rssnr=2147483647 cqi=2147483647 ta=2147483647
W/CellInfoLte(27489): CellInfoLte(Parcel): CellInfoLte: mRegistered=NO mTimeStampType=unknown mTimeStamp=9223372036854775807ns, LteCellIdentitiy:android.telephony.CellIdentityLte@7fffff65 mMcc=2147483647 mMnc=2147483647 mCi=2147483647 mPci=2147483647 mTac=2147483647, CellSignalStrengthLte: ss=2147483647 rsrp=2147483647 rsrq=2147483647 rssnr=2147483647 cqi=2147483647 ta=2147483647
D/PhoneInterfaceManager( 1775): [PhoneIntfMgr] sigLevel = 0
D/StatusBar.MSimNetworkController( 1678): isSimInserted(0), SimInserted=false
D/StatusBar.MSimNetworkController( 1678): isSimInserted(0), SimInserted=false
D/LGPhoneStatusBarPolicy( 1678): [LGPhoneStatusBarPolicy.java:109:onReceive()]ACTION_SIGNAL_STRENGTH_CHANGED!!!
D/LGPhoneStatusBarPolicy( 1678): [LGPhoneStatusBarPolicy.java:109:onReceive()]ACTION_SIGNAL_STRENGTH_CHANGED!!!
I/StatusBarLinearLayout( 1678): [StatusBarLinearLayout.java:55:onLayout()]================================
D/StatusBar.MSimNetworkController( 1678): isSimInserted(0), SimInserted=false
D/StatusBar.MSimNetworkController( 1678): isSimInserted(0), SimInserted=false
I/StatusBarLinearLayout( 1678): [StatusBarLinearLayout.java:68:onLayout()]child = android.widget.LinearLayout{42420728 V.E..... ........ 9,0-743,38 #7f09007a app:id/notification_icon_area} ,w = 734
I/StatusBarLinearLayout( 1678): [StatusBarLinearLayout.java:68:onLayout()]child = android.widget.LinearLayout{42423f80 V.E..... ........ 743,0-779,38 #7f09007d app:id/statusIcons} ,w = 36
I/StatusBarLinearLayout( 1678): [StatusBarLinearLayout.java:68:onLayout()]child = android.widget.LinearLayout{42424898 V.E..... ......ID 779,0-951,38 #7f09007e app:id/system_icon_area} ,w = 172
I/StatusBarLinearLayout( 1678): [StatusBarLinearLayout.java:74:onLayout()]nTotalWidth = 942, r = 960
I/StatusBarLinearLayout( 1678): [StatusBarLinearLayout.java:77:onLayout()]sum = 942, mIconSize = 36
I/StatusBarLinearLayout( 1678): [StatusBarLinearLayout.java:78:onLayout()]Notification 734==> 734
I/StatusBarLinearLayout( 1678): [StatusBarLinearLayout.java:82:onLayout()]-----------------------
I/StatusBarLinearLayout( 1678): [StatusBarLinearLayout.java:123:onLayout()]child = android.widget.LinearLayout{4241c690 G.E..... ......ID 9,0-9,38 #7f090078 app:id/operator_layout} ,w = 0
I/StatusBarLinearLayout( 1678): [StatusBarLinearLayout.java:123:onLayout()]child = android.widget.LinearLayout{42420728 V.E..... ........ 9,0-743,38 #7f09007a app:id/notification_icon_area} ,w = 734
I/StatusBarLinearLayout( 1678): [StatusBarLinearLayout.java:123:onLayout()]child = android.widget.LinearLayout{42423f80 V.E..... ........ 743,0-779,38 #7f09007d app:id/statusIcons} ,w = 36
I/StatusBarLinearLayout( 1678): [StatusBarLinearLayout.java:123:onLayout()]child = android.widget.LinearLayout{42424898 V.E..... ......ID 779,0-951,38 #7f09007e app:id/system_icon_area} ,w = 172
I/StatusBarLinearLayout( 1678): [StatusBarLinearLayout.java:128:onLayout()]sum = 942
D/KeyguardUpdateMonitor(  929): handleTimeUpdate
I/StatusBarLinearLayout( 1678): [StatusBarLinearLayout.java:55:onLayout()]================================
I/StatusBarLinearLayout( 1678): [StatusBarLinearLayout.java:68:onLayout()]child = android.widget.LinearLayout{42420728 V.E..... ........ 9,0-743,38 #7f09007a app:id/notification_icon_area} ,w = 734
I/StatusBarLinearLayout( 1678): [StatusBarLinearLayout.java:68:onLayout()]child = android.widget.LinearLayout{42423f80 V.E..... ........ 743,0-779,38 #7f09007d app:id/statusIcons} ,w = 36
I/StatusBarLinearLayout( 1678): [StatusBarLinearLayout.java:68:onLayout()]child = android.widget.LinearLayout{42424898 V.E..... ......ID 779,0-951,38 #7f09007e app:id/system_icon_area} ,w = 172
I/StatusBarLinearLayout( 1678): [StatusBarLinearLayout.java:74:onLayout()]nTotalWidth = 942, r = 960
I/StatusBarLinearLayout( 1678): [StatusBarLinearLayout.java:77:onLayout()]sum = 942, mIconSize = 36
I/StatusBarLinearLayout( 1678): [StatusBarLinearLayout.java:78:onLayout()]Notification 734==> 734
I/StatusBarLinearLayout( 1678): [StatusBarLinearLayout.java:82:onLayout()]-----------------------
I/StatusBarLinearLayout( 1678): [StatusBarLinearLayout.java:123:onLayout()]child = android.widget.LinearLayout{4241c690 G.E..... ......ID 9,0-9,38 #7f090078 app:id/operator_layout} ,w = 0
I/StatusBarLinearLayout( 1678): [StatusBarLinearLayout.java:123:onLayout()]child = android.widget.LinearLayout{42420728 V.E..... ........ 9,0-743,38 #7f09007a app:id/notification_icon_area} ,w = 734
I/StatusBarLinearLayout( 1678): [StatusBarLinearLayout.java:123:onLayout()]child = android.widget.LinearLayout{42423f80 V.E..... ........ 743,0-779,38 #7f09007d app:id/statusIcons} ,w = 36
I/StatusBarLinearLayout( 1678): [StatusBarLinearLayout.java:123:onLayout()]child = android.widget.LinearLayout{42424898 V.E..... ......ID 779,0-951,38 #7f09007e app:id/system_icon_area} ,w = 172
I/StatusBarLinearLayout( 1678): [StatusBarLinearLayout.java:128:onLayout()]sum = 942
D/StatusBar.BatteryController( 1678): [BatteryController.java:126:onReceive()]level = 64 status = 2 isPlugged = true isCharging = true isFullCharged = false
I/LGPowerUI( 1678): [LGPowerUI.java:611:batteryThermNotification()]batteryThermNotification temperature : 325 isPlugged : true isCharging : true
I/LGPowerUI( 1678): [LGPowerUI.java:621:batteryThermNotification()]StopCharging degree: 550
D/PowerUI ( 1678): [PowerUI.java:231:onReceive()]chargingCurrent 0 --> 0
D/LGPowerUI( 1678): [LGPowerUI.java:953:handleMessage()]MSG_BATTERY_STATUS_THERM_DISMISS
D/DockTangibleController( 1800): ACTION_BATTERY_CHANGED : 2
D/KeyguardUpdateMonitor(  929): handleBatteryUpdate (2) (64)
D/StatusBar.MSimNetworkController( 1678): isSimInserted(0), SimInserted=false
D/StatusBar.MSimNetworkController( 1678): isSimInserted(0), SimInserted=false
W/CellInfoLte( 1775): getCellIdentity: LteCellIdentitiy:android.telephony.CellIdentityLte@7fffff65 mMcc=2147483647 mMnc=2147483647 mCi=2147483647 mPci=2147483647 mTac=2147483647
W/CellInfoLte( 1775): writeToParcel(Parcel, int): CellInfoLte: mRegistered=NO mTimeStampType=unknown mTimeStamp=9223372036854775807ns, LteCellIdentitiy:android.telephony.CellIdentityLte@7fffff65 mMcc=2147483647 mMnc=2147483647 mCi=2147483647 mPci=2147483647 mTac=2147483647, CellSignalStrengthLte: ss=2147483647 rsrp=2147483647 rsrq=2147483647 rssnr=2147483647 cqi=2147483647 ta=2147483647
W/CellInfoLte(  929): CellInfoLte(Parcel): CellInfoLte: mRegistered=NO mTimeStampType=unknown mTimeStamp=9223372036854775807ns, LteCellIdentitiy:android.telephony.CellIdentityLte@7fffff65 mMcc=2147483647 mMnc=2147483647 mCi=2147483647 mPci=2147483647 mTac=2147483647, CellSignalStrengthLte: ss=2147483647 rsrp=2147483647 rsrq=2147483647 rssnr=2147483647 cqi=2147483647 ta=2147483647
W/CellInfoLte( 1775): writeToParcel(Parcel, int): CellInfoLte: mRegistered=NO mTimeStampType=unknown mTimeStamp=9223372036854775807ns, LteCellIdentitiy:android.telephony.CellIdentityLte@7fffff65 mMcc=2147483647 mMnc=2147483647 mCi=2147483647 mPci=2147483647 mTac=2147483647, CellSignalStrengthLte: ss=2147483647 rsrp=2147483647 rsrq=2147483647 rssnr=2147483647 cqi=2147483647 ta=2147483647
W/CellInfoLte(  929): CellInfoLte(Parcel): CellInfoLte: mRegistered=NO mTimeStampType=unknown mTimeStamp=9223372036854775807ns, LteCellIdentitiy:android.telephony.CellIdentityLte@7fffff65 mMcc=2147483647 mMnc=2147483647 mCi=2147483647 mPci=2147483647 mTac=2147483647, CellSignalStrengthLte: ss=2147483647 rsrp=2147483647 rsrq=2147483647 rssnr=2147483647 cqi=2147483647 ta=2147483647
W/CellInfoLte(  929): writeToParcel(Parcel, int): CellInfoLte: mRegistered=NO mTimeStampType=unknown mTimeStamp=9223372036854775807ns, LteCellIdentitiy:android.telephony.CellIdentityLte@7fffff65 mMcc=2147483647 mMnc=2147483647 mCi=2147483647 mPci=2147483647 mTac=2147483647, CellSignalStrengthLte: ss=2147483647 rsrp=2147483647 rsrq=2147483647 rssnr=2147483647 cqi=2147483647 ta=2147483647
W/CellInfoLte(  929): writeToParcel(Parcel, int): CellInfoLte: mRegistered=NO mTimeStampType=unknown mTimeStamp=9223372036854775807ns, LteCellIdentitiy:android.telephony.CellIdentityLte@7fffff65 mMcc=2147483647 mMnc=2147483647 mCi=2147483647 mPci=2147483647 mTac=2147483647, CellSignalStrengthLte: ss=2147483647 rsrp=2147483647 rsrq=2147483647 rssnr=2147483647 cqi=2147483647 ta=2147483647
W/CellInfoLte( 1963): CellInfoLte(Parcel): CellInfoLte: mRegistered=NO mTimeStampType=unknown mTimeStamp=9223372036854775807ns, LteCellIdentitiy:android.telephony.CellIdentityLte@7fffff65 mMcc=2147483647 mMnc=2147483647 mCi=2147483647 mPci=2147483647 mTac=2147483647, CellSignalStrengthLte: ss=2147483647 rsrp=2147483647 rsrq=2147483647 rssnr=2147483647 cqi=2147483647 ta=2147483647
W/CellInfoLte(27489): CellInfoLte(Parcel): CellInfoLte: mRegistered=NO mTimeStampType=unknown mTimeStamp=9223372036854775807ns, LteCellIdentitiy:android.telephony.CellIdentityLte@7fffff65 mMcc=2147483647 mMnc=2147483647 mCi=2147483647 mPci=2147483647 mTac=2147483647, CellSignalStrengthLte: ss=2147483647 rsrp=2147483647 rsrq=2147483647 rssnr=2147483647 cqi=2147483647 ta=2147483647
D/PhoneInterfaceManager( 1775): [PhoneIntfMgr] sigLevel = 0
D/LGPhoneStatusBarPolicy( 1678): [LGPhoneStatusBarPolicy.java:109:onReceive()]ACTION_SIGNAL_STRENGTH_CHANGED!!!
I/StatusBarLinearLayout( 1678): [StatusBarLinearLayout.java:55:onLayout()]================================
I/StatusBarLinearLayout( 1678): [StatusBarLinearLayout.java:68:onLayout()]child = android.widget.LinearLayout{42420728 V.E..... ........ 9,0-743,38 #7f09007a app:id/notification_icon_area} ,w = 734
I/StatusBarLinearLayout( 1678): [StatusBarLinearLayout.java:68:onLayout()]child = android.widget.LinearLayout{42423f80 V.E..... ........ 743,0-779,38 #7f09007d app:id/statusIcons} ,w = 36
I/StatusBarLinearLayout( 1678): [StatusBarLinearLayout.java:68:onLayout()]child = android.widget.LinearLayout{42424898 V.E..... ......ID 779,0-951,38 #7f09007e app:id/system_icon_area} ,w = 172
I/StatusBarLinearLayout( 1678): [StatusBarLinearLayout.java:74:onLayout()]nTotalWidth = 942, r = 960
D/StatusBar.MSimNetworkController( 1678): isSimInserted(0), SimInserted=false
D/StatusBar.MSimNetworkController( 1678): isSimInserted(0), SimInserted=false
I/StatusBarLinearLayout( 1678): [StatusBarLinearLayout.java:77:onLayout()]sum = 942, mIconSize = 36
I/StatusBarLinearLayout( 1678): [StatusBarLinearLayout.java:78:onLayout()]Notification 734==> 734
I/StatusBarLinearLayout( 1678): [StatusBarLinearLayout.java:82:onLayout()]-----------------------
I/StatusBarLinearLayout( 1678): [StatusBarLinearLayout.java:123:onLayout()]child = android.widget.LinearLayout{4241c690 G.E..... ......ID 9,0-9,38 #7f090078 app:id/operator_layout} ,w = 0
I/StatusBarLinearLayout( 1678): [StatusBarLinearLayout.java:123:onLayout()]child = android.widget.LinearLayout{42420728 V.E..... ........ 9,0-743,38 #7f09007a app:id/notification_icon_area} ,w = 734
I/StatusBarLinearLayout( 1678): [StatusBarLinearLayout.java:123:onLayout()]child = android.widget.LinearLayout{42423f80 V.E..... ........ 743,0-779,38 #7f09007d app:id/statusIcons} ,w = 36
I/StatusBarLinearLayout( 1678): [StatusBarLinearLayout.java:123:onLayout()]child = android.widget.LinearLayout{42424898 V.E..... ......ID 779,0-951,38 #7f09007e app:id/system_icon_area} ,w = 172
I/StatusBarLinearLayout( 1678): [StatusBarLinearLayout.java:128:onLayout()]sum = 942
D/LGPhoneStatusBarPolicy( 1678): [LGPhoneStatusBarPolicy.java:109:onReceive()]ACTION_SIGNAL_STRENGTH_CHANGED!!!
I/Log     (30151): Application::FinishCurrentTest(GLBenchmark 2.1 Egypt Classic C16Z16: 6640.59 frames 59 FPS)
I/Log     (30151): Application::SelectNextTest(No more test)
I/Log     (30151): 
I/Log     (30151): 
I/Log     (30151): GL_VENDOR: Qualcomm
I/Log     (30151): GL_RENDERER: Adreno (TM) 305
I/Log     (30151): GL_VERSION: OpenGL ES 3.0 V@48.0 AU@04.02.02.070.027 (CL@3931765)
I/Log     (30151): GL_EXTENSIO
I/Log     (30151): NS: GL_AMD_compressed_ATC_texture GL_AMD_performance_monitor GL_AMD_program_binary_Z400 GL_EXT_debug_label GL_EXT_debug_marker G
I/Log     (30151): L_EXT_discard_framebuffer GL_EXT_robustness GL_EXT_texture_format_BGRA8888 GL_EXT_texture_type_2_10_10_10_REV GL_NV_fence GL_OES
I/Log     (30151): _compressed_ETC1_RGB8_texture GL_OES_depth_texture GL_OES_depth24 GL_OES_EGL_image GL_OES_EGL_image_external GL_OES_element_inde
I/Log     (30151): x_uint GL_OES_fbo_render_mipmap GL_OES_fragment_precision_high GL_OES_get_program_binary GL_OES_packed_depth_stencil GL_OES_dept
I/Log     (30151): h_texture_cube_map GL_OES_rgb8_rgba8 GL_OES_standard_derivatives GL_OES_texture_3D GL_OES_texture_float GL_OES_texture_half_floa
I/Log     (30151): t GL_OES_texture_half_float_linear GL_OES_texture_npot GL_OES_vertex_half_float GL_OES_vertex_type_10_10_10_2 GL_OES_vertex_arra
I/Log     (30151): y_object GL_QCOM_alpha_test GL_QCOM_binning_control GL_QCOM_driver_control GL_QCOM_perfmon_global_mode GL_QCOM_extended_get GL_Q
I/Log     (30151): COM_extended_get2 GL_QCOM_tiled_rendering GL_QCOM_writeonly_rendering GL_EXT_sRGB GL_EXT_texture_filter_anisotropic GL_EXT_color
I/Log     (30151): _buffer_float GL_EXT_color_buffer_half_float GL_EXT_disjoint_timer_query 
I/Log     (30151): GL_ALPHA_BITS: 0
I/Log     (30151): GL_BLUE_BITS: 8
I/Log     (30151): GL_DEPTH_BITS: 16
I/Log     (30151): GL_
I/Log     (30151): GREEN_BITS: 8
I/Log     (30151): GL_MAX_TEXTURE_SIZE: 4096
I/Log     (30151): GL_NUM_COMPRESSED_TEXTURE_FORMATS: 54
I/Log     (30151): GL_RED_BITS: 8
I/Log     (30151): GL_STENCIL_BITS: 0
I/Log     (30151): GL_ALIASED_POINT
I/Log     (30151): _SIZE_MIN: 1
I/Log     (30151): GL_ALIASED_POINT_SIZE_MAX: 1023
I/Log     (30151): GL_ALIASED_LINE_WIDTH_MIN: 1
I/Log     (30151): GL_ALIASED_LINE_WIDTH_MAX: 8
I/Log     (30151): GL_MAX_VIEWPORT_WIDTH: 40
I/Log     (30151): 96
I/Log     (30151): GL_MAX_VIEWPORT_HEIGHT: 4096
I/Log     (30151): 
I/Log     (30151): 
I/Log     (30151): GLBenchmark 2.1 Egypt Classic ETC1 - C16Z16: 6641 frames (59 fps)
I/Log     (30151): XML result filename: /storage/emulated/0/Android/data/com.glbenchmark.glbenchmark25/cache/results__0.xml
I/ActivityManager(  929): START u0 {cmp=com.glbenchmark.glbenchmark25/com.glbenchmark.activities.ResultsSender} from pid 30151
V/GLBenchmark2JAVALog(30151): onPause
V/GLBenchmark2JAVALog(30151): [main] BenchmarkActivity.onPause
