W/BroadcastQueue(  929): Permission Denial: receiving Intent { act=android.intent.action.THEME_PACKAGE_CHANGED flg=0x10 } to ProcessRecord{424f96b0 25207:com.lge.sizechangable.musicwidget.widget/u0a10057} (pid=25207, uid=10057) requires com.lge.permission.ACCESS_CLOCK_WIDGET due to sender com.lge.appwidget.clock (uid 10037)
W/BroadcastQueue(  929): Permission Denial: receiving Intent { act=android.intent.action.THEME_PACKAGE_CHANGED flg=0x10 } to com.android.calendar/.widget.CalendarAppWidgetProvider requires com.lge.permission.ACCESS_CLOCK_WIDGET due to sender com.lge.appwidget.clock (uid 10037)
W/ContextImpl( 6073): Calling a method in the system process without a qualified user: android.app.ContextImpl.sendBroadcast:1044 android.content.ContextWrapper.sendBroadcast:338 com.lge.lmk.widget.WidgetUpdater.changeWidgetTheme:66 com.lge.lmk.widget.WidgetUpdater.access$200:16 com.lge.lmk.widget.WidgetUpdater$1.onReceive:46 
W/BroadcastQueue(  929): Permission Denial: receiving Intent { act=android.intent.action.THEME_PACKAGE_CHANGED flg=0x10 } to com.lge.email/.ui.widget.EmailWidgetProvider requires com.lge.permission.ACCESS_CLOCK_WIDGET due to sender com.lge.appwidget.clock (uid 10037)
W/BroadcastQueue(  929): Permission Denial: receiving Intent { act=android.intent.action.THEME_PACKAGE_CHANGED flg=0x10 } to com.lge.appwidget.flashlight/.FlashlightAppWidgetProvider requires com.lge.permission.ACCESS_CLOCK_WIDGET due to sender com.lge.appwidget.clock (uid 10037)
W/BroadcastQueue(  929): Permission Denial: receiving Intent { act=android.intent.action.THEME_PACKAGE_CHANGED flg=0x10 } to com.lge.lockscreensettings/.LockSettingsReceiver requires com.lge.permission.ACCESS_CLOCK_WIDGET due to sender com.lge.appwidget.clock (uid 10037)
W/BroadcastQueue(  929): Permission Denial: receiving Intent { act=android.intent.action.THEME_PACKAGE_CHANGED flg=0x10 } to com.lge.sizechangable.photoalbum/.PhotoAppWidgetReceiver requires com.lge.permission.ACCESS_CLOCK_WIDGET due to sender com.lge.appwidget.clock (uid 10037)
V/InputMethodManagerService(  929): SoftKeypad HIDE broadcast
W/ContextImpl(  929): Calling a method in the system process without a qualified user: android.app.ContextImpl.sendBroadcast:1044 com.android.server.InputMethodManagerService.hideCurrentInputLocked:1832 com.android.server.InputMethodManagerService.windowGainedFocus:1938 com.android.internal.view.IInputMethodManager$Stub.onTransact:224 com.android.server.InputMethodManagerService.onTransact:841 
D/StatusBar.MSimNetworkController( 1678): isSimInserted(0), SimInserted=false
D/StatusBar.MSimNetworkController( 1678): isSimInserted(1), SimInserted=false
D/StatusBar.MSimNetworkController( 1678): isSimInserted(0), SimInserted=false
D/StatusBar.MSimNetworkController( 1678): isSimInserted(0), SimInserted=false
D/StatusBar.MSimNetworkController( 1678): isSimInserted(0), SimInserted=false
D/StatusBar.MSimNetworkController( 1678): isSimInserted(0), SimInserted=false
I/ActivityManager(  929): START u0 {cmp=com.glbenchmark.glbenchmark25/com.glbenchmark.activities.TestSelectActivity (has extras)} from pid 30151
V/InputMethodManagerService(  929): SoftKeypad HIDE broadcast
W/ContextImpl(  929): Calling a method in the system process without a qualified user: android.app.ContextImpl.sendBroadcast:1044 com.android.server.InputMethodManagerService.hideCurrentInputLocked:1832 com.android.server.InputMethodManagerService.windowGainedFocus:1938 com.android.internal.view.IInputMethodManager$Stub.onTransact:224 com.android.server.InputMethodManagerService.onTransact:841 
I/ActivityManager(  929): START u0 {cmp=com.glbenchmark.glbenchmark25/com.glbenchmark.activities.GLBenchmarkActivity (has extras)} from pid 30151
I/ActivityManager(  929): Config changes=480 {1.0 ?mcc?mnc en_US ldltr sw360dp w640dp h334dp 240dpi nrml long land finger -keyb/v/h -nav/h s.36-1fontTypeIndex}
E/ActivityThread( 1775): Failed to find provider info for com.lge.lollipop.provider
W/BroadcastQueue(  929): Permission Denial: receiving Intent { act=android.intent.action.THEME_PACKAGE_CHANGED flg=0x10 } to ProcessRecord{424c1a78 1741:com.lge.ime/u0a10041} (pid=1741, uid=10041) requires com.lge.permission.ACCESS_CLOCK_WIDGET due to sender com.lge.appwidget.clock (uid 10037)
W/BroadcastQueue(  929): Permission Denial: receiving Intent { act=android.intent.action.THEME_PACKAGE_CHANGED flg=0x10 } to ProcessRecord{424c0978 3344:com.lge.sizechangable.weather/u0a10077} (pid=3344, uid=10077) requires com.lge.permission.ACCESS_CLOCK_WIDGET due to sender com.lge.appwidget.clock (uid 10037)
W/BroadcastQueue(  929): Permission Denial: receiving Intent { act=android.intent.action.THEME_PACKAGE_CHANGED flg=0x10 } to ProcessRecord{424f96b0 25207:com.lge.sizechangable.musicwidget.widget/u0a10057} (pid=25207, uid=10057) requires com.lge.permission.ACCESS_CLOCK_WIDGET due to sender com.lge.appwidget.clock (uid 10037)
W/BroadcastQueue(  929): Permission Denial: receiving Intent { act=android.intent.action.THEME_PACKAGE_CHANGED flg=0x10 } to com.android.calendar/.widget.CalendarAppWidgetProvider requires com.lge.permission.ACCESS_CLOCK_WIDGET due to sender com.lge.appwidget.clock (uid 10037)
W/ContextImpl( 6073): Calling a method in the system process without a qualified user: android.app.ContextImpl.sendBroadcast:1044 android.content.ContextWrapper.sendBroadcast:338 com.lge.lmk.widget.WidgetUpdater.changeWidgetTheme:66 com.lge.lmk.widget.WidgetUpdater.access$200:16 com.lge.lmk.widget.WidgetUpdater$1.onReceive:46 
W/BroadcastQueue(  929): Permission Denial: receiving Intent { act=android.intent.action.THEME_PACKAGE_CHANGED flg=0x10 } to com.lge.email/.ui.widget.EmailWidgetProvider requires com.lge.permission.ACCESS_CLOCK_WIDGET due to sender com.lge.appwidget.clock (uid 10037)
W/BroadcastQueue(  929): Permission Denial: receiving Intent { act=android.intent.action.THEME_PACKAGE_CHANGED flg=0x10 } to com.lge.appwidget.flashlight/.FlashlightAppWidgetProvider requires com.lge.permission.ACCESS_CLOCK_WIDGET due to sender com.lge.appwidget.clock (uid 10037)
W/BroadcastQueue(  929): Permission Denial: receiving Intent { act=android.intent.action.THEME_PACKAGE_CHANGED flg=0x10 } to com.lge.lockscreensettings/.LockSettingsReceiver requires com.lge.permission.ACCESS_CLOCK_WIDGET due to sender com.lge.appwidget.clock (uid 10037)
W/BroadcastQueue(  929): Permission Denial: receiving Intent { act=android.intent.action.THEME_PACKAGE_CHANGED flg=0x10 } to com.lge.sizechangable.photoalbum/.PhotoAppWidgetReceiver requires com.lge.permission.ACCESS_CLOCK_WIDGET due to sender com.lge.appwidget.clock (uid 10037)
V/InputMethodManagerService(  929): SoftKeypad HIDE broadcast
W/ContextImpl(  929): Calling a method in the system process without a qualified user: android.app.ContextImpl.sendBroadcast:1044 com.android.server.InputMethodManagerService.hideCurrentInputLocked:1832 com.android.server.InputMethodManagerService.windowGainedFocus:1938 com.android.internal.view.IInputMethodManager$Stub.onTransact:224 com.android.server.InputMethodManagerService.onTransact:841 
D/StatusBar.MSimNetworkController( 1678): isSimInserted(0), SimInserted=false
D/StatusBar.MSimNetworkController( 1678): isSimInserted(1), SimInserted=false
--------- beginning of /dev/log/main
D/GpsHandler( 1678): [GpsHandler.java:116:updateButton()]setGPSButton()
D/QuickSettingsButton( 1678): [QuickSettingsButton.java:211:setButtonStatus()]Button = GPS ==> new status = 1, curStatus = 1
D/QuickSettingsHandler( 1678): [QuickSettingsHandler.java:178:getButtonContentDescription()]1, GPS on
D/QuickSettingsHandler( 1678): [QuickSettingsHandler.java:158:setButtonStatus()]GPS :GPS on.
D/HotspotHandler( 1678): [HotspotHandler.java:118:updateButton()]setHotspotButton:: !!!
D/QuickSettingsButton( 1678): [QuickSettingsButton.java:332:onChanged()]Hotspot, width= 76.0, buttonWidth - paddingWidth= 120.0, singleLine= true, isOverWidth= false
D/QuickSettingsButton( 1678): [QuickSettingsButton.java:211:setButtonStatus()]Button = Hotspot ==> new status = 3, curStatus = 3
D/QuickSettingsHandler( 1678): [QuickSettingsHandler.java:178:getButtonContentDescription()]3, Hotspot off
D/QuickSettingsHandler( 1678): [QuickSettingsHandler.java:158:setButtonStatus()]Hotspot :Hotspot off.
D/QuickSettingsButton( 1678): [QuickSettingsButton.java:332:onChanged()]Miracast, width= 82.0, buttonWidth - paddingWidth= 120.0, singleLine= true, isOverWidth= false
D/QuickSettingsButton( 1678): [QuickSettingsButton.java:211:setButtonStatus()]Button = Miracast ==> new status = 3, curStatus = 3
D/QuickSettingsHandler( 1678): [QuickSettingsHandler.java:178:getButtonContentDescription()]3, Miracast off
D/QuickSettingsHandler( 1678): [QuickSettingsHandler.java:158:setButtonStatus()]Miracast :Miracast off.
D/QuickSettingsButton( 1678): [QuickSettingsButton.java:332:onChanged()]NFC, width= 40.0, buttonWidth - paddingWidth= 120.0, singleLine= true, isOverWidth= false
D/NFCHelper( 1678): [NFCHelper.java:127:getDefaultAdapter()]NFC service manager is not ready.
D/NFCHelper( 1678): [NFCHelper.java:131:getDefaultAdapter()]getDefaultAdapter(), NFCAdapter cann't be initialized.
D/NFCHelper( 1678): [NFCHelper.java:115:getStatus()]Unknown state, return OFF
D/QuickSettingsButton( 1678): [QuickSettingsButton.java:211:setButtonStatus()]Button = NFC ==> new status = 5, curStatus = 5
D/NFCHandler( 1678): [NFCHandler.java:273:getButtonContentDescription()]5, NFC off
D/QuickSettingsHandler( 1678): [QuickSettingsHandler.java:158:setButtonStatus()]NFC :NFC off.
D/QuickSettingsButton( 1678): [QuickSettingsButton.java:332:onChanged()]Quick
D/QuickSettingsButton( 1678): Memo, width= 114.0, buttonWidth - paddingWidth= 120.0, singleLine= false, isOverWidth= true
D/QuickSettingsButton( 1678): [QuickSettingsButton.java:211:setButtonStatus()]Button = QuickMemo ==> new status = 3, curStatus = 3
D/QMemoHandler( 1678): [QMemoHandler.java:92:updateButton()]updateButton()
D/QuickSettingsButton( 1678): [QuickSettingsButton.java:332:onChanged()]QSlide, width= 63.0, buttonWidth - paddingWidth= 120.0, singleLine= true, isOverWidth= false
D/SystemUIProvider(  929): [SystemUIProvider.java:40:call()]method=SET_USER, extras=Bundle[mParcelledData.dataSize=72]
D/SystemUIProvider(  929): [SystemUIProvider.java:216:getOrEstablishDatabase()]userHandle=0
D/SystemUIProvider(  929): [SystemUIProvider.java:40:call()]method=DATA_GET, extras=Bundle[mParcelledData.dataSize=60]
D/SystemUIProvider(  929): [SystemUIProvider.java:460:get()]1
D/SystemUIProvider(  929): [SystemUIProvider.java:115:call()]retValue = Bundle[{_return=1}]
D/SystemUIDB( 1678): [SystemUIDB.java:420:getString()]b=Bundle[mParcelledData.dataSize=40]
D/QuickSettingsButton( 1678): [QuickSettingsButton.java:211:setButtonStatus()]Button = QSlide ==> new status = 1, curStatus = 1
D/QuickSettingsHandler( 1678): [QuickSettingsHandler.java:178:getButtonContentDescription()]1, QSlide on
D/QuickSettingsHandler( 1678): [QuickSettingsHandler.java:158:setButtonStatus()]QSlide :QSlide on.
D/QuickSettingsButton( 1678): [QuickSettingsButton.java:332:onChanged()]Quiet mode, width= 109.0, buttonWidth - paddingWidth= 120.0, singleLine= true, isOverWidth= false
D/QuickSettingsButton( 1678): [QuickSettingsButton.java:211:setButtonStatus()]Button = Quiet mode ==> new status = 3, curStatus = 3
D/QuickSettingsHandler( 1678): [QuickSettingsHandler.java:178:getButtonContentDescription()]3, Quiet mode off
D/QuickSettingsHandler( 1678): [QuickSettingsHandler.java:158:setButtonStatus()]Quiet mode :Quiet mode off.
D/QuickSettingsButton( 1678): [QuickSettingsButton.java:332:onChanged()]Rotation, width= 80.0, buttonWidth - paddingWidth= 120.0, singleLine= true, isOverWidth= false
D/QuickSettingsButton( 1678): [QuickSettingsButton.java:211:setButtonStatus()]Button = Rotation ==> new status = 1, curStatus = 1
D/QuickSettingsHandler( 1678): [QuickSettingsHandler.java:178:getButtonContentDescription()]1, Rotation on
D/QuickSettingsHandler( 1678): [QuickSettingsHandler.java:158:setButtonStatus()]Rotation :Rotation on.
D/QuickSettingsButton( 1678): [QuickSettingsButton.java:332:onChanged()]Screen timeout, width= 143.0, buttonWidth - paddingWidth= 120.0, singleLine= false, isOverWidth= true
D/ScreenTimeoutHandler( 1678): [ScreenTimeoutHandler.java:145:configScreenTimeoutButton()]mEASPolicyEnable:false status:300000
D/QuickSettingsButton( 1678): [QuickSettingsButton.java:211:setButtonStatus()]Button = Screen timeout ==> new status = 3, curStatus = 3
D/ScreenTimeoutHandler( 1678): [ScreenTimeoutHandler.java:247:getButtonContentDescription()]3, Screen timeout 5 minutes
D/QuickSettingsHandler( 1678): [QuickSettingsHandler.java:158:setButtonStatus()]Screen timeout :Screen timeout 5 minutes.
D/QuickSettingsButton( 1678): [QuickSettingsButton.java:332:onChanged()]Vibrate, width= 67.0, buttonWidth - paddingWidth= 120.0, singleLine= true, isOverWidth= false
D/QuickSettingsButton( 1678): [QuickSettingsButton.java:211:setButtonStatus()]Button = Vibrate ==> new status = 1, curStatus = 1
D/SoundHandler( 1678): [SoundHandler.java:149:getButtonContentDescription()]1, Vibrate
D/QuickSettingsHandler( 1678): [QuickSettingsHandler.java:158:setButtonStatus()]Vibrate :Vibrate.
D/QuickSettingsButton( 1678): [QuickSettingsButton.java:332:onChanged()]Sync, width= 47.0, buttonWidth - paddingWidth= 120.0, singleLine= true, isOverWidth= false
D/QuickSettingsButton( 1678): [QuickSettingsButton.java:211:setButtonStatus()]Button = Sync ==> new status = 1, curStatus = 1
D/QuickSettingsHandler( 1678): [QuickSettingsHandler.java:178:getButtonContentDescription()]1, Sync on
D/QuickSettingsHandler( 1678): [QuickSettingsHandler.java:158:setButtonStatus()]Sync :Sync on.
D/QuickSettingsButton( 1678): [QuickSettingsButton.java:332:onChanged()]Wi-Fi, width= 52.0, buttonWidth - paddingWidth= 120.0, singleLine= true, isOverWidth= false
D/QuickSettingsButton( 1678): [QuickSettingsButton.java:211:setButtonStatus()]Button = Wi-Fi ==> new status = 3, curStatus = 3
D/QuickSettingsHandler( 1678): [QuickSettingsHandler.java:178:getButtonContentDescription()]3, Wi-Fi off
D/QuickSettingsHandler( 1678): [QuickSettingsHandler.java:158:setButtonStatus()]Wi-Fi :Wi-Fi off.
D/QuickSettingsButton( 1678): [QuickSettingsButton.java:332:onChanged()]Wireless storage, width= 158.0, buttonWidth - paddingWidth= 120.0, singleLine= false, isOverWidth= true
D/QuickSettingsButton( 1678): [QuickSettingsButton.java:211:setButtonStatus()]Button = Wireless storage ==> new status = 3, curStatus = 3
D/QuickSettingsHandler( 1678): [QuickSettingsHandler.java:178:getButtonContentDescription()]3, Wireless storage off
D/QuickSettingsHandler( 1678): [QuickSettingsHandler.java:158:setButtonStatus()]Wireless storage :Wireless storage off.
D/QuickSettingsButton( 1678): [QuickSettingsButton.java:332:onChanged()]Vibrate, width= 67.0, buttonWidth - paddingWidth= 120.0, singleLine= true, isOverWidth= false
D/QuickSettingsButton( 1678): [QuickSettingsButton.java:211:setButtonStatus()]Button = Vibrate ==> new status = 1, curStatus = 1
D/SoundHandler( 1678): [SoundHandler.java:149:getButtonContentDescription()]1, Vibrate
D/QuickSettingsHandler( 1678): [QuickSettingsHandler.java:158:setButtonStatus()]Vibrate :Vibrate.
D/DataHandler( 1678): [DataHandler.java:584:getStatusText()]getStatusText [label]Data
D/QuickSettingsButton( 1678): [QuickSettingsButton.java:211:setButtonStatus()]Button = Data ==> new status = 5, curStatus = 5
D/QuickSettingsHandler( 1678): [QuickSettingsHandler.java:178:getButtonContentDescription()]5, Data
D/QuickSettingsHandler( 1678): [QuickSettingsHandler.java:158:setButtonStatus()]Data :Data.
D/DataHandler( 1678): [DataHandler.java:140:onServiceStateChanged()]onServiceStateChanged()
D/DataHandler( 1678): [DataHandler.java:584:getStatusText()]getStatusText [label]Data
D/QuickSettingsButton( 1678): [QuickSettingsButton.java:332:onChanged()]Data, width= 43.0, buttonWidth - paddingWidth= 120.0, singleLine= true, isOverWidth= false
D/DataHandler( 1678): [DataHandler.java:584:getStatusText()]getStatusText [label]Data
D/QuickSettingsButton( 1678): [QuickSettingsButton.java:211:setButtonStatus()]Button = Data ==> new status = 5, curStatus = 5
D/QuickSettingsHandler( 1678): [QuickSettingsHandler.java:178:getButtonContentDescription()]5, Data
D/QuickSettingsHandler( 1678): [QuickSettingsHandler.java:158:setButtonStatus()]Data :Data.
D/QuickSettingsButton( 1678): [QuickSettingsButton.java:332:onChanged()]Miracast, width= 82.0, buttonWidth - paddingWidth= 120.0, singleLine= true, isOverWidth= false
D/QuickSettingsButton( 1678): [QuickSettingsButton.java:211:setButtonStatus()]Button = Miracast ==> new status = 3, curStatus = 3
D/QuickSettingsHandler( 1678): [QuickSettingsHandler.java:178:getButtonContentDescription()]3, Miracast off
D/QuickSettingsHandler( 1678): [QuickSettingsHandler.java:158:setButtonStatus()]Miracast :Miracast off.
D/dalvikvm( 1678): GC_CONCURRENT freed 2291K, 42% free 12887K/21964K, paused 2ms+3ms, total 55ms
D/QuickSettingsButton( 1678): [QuickSettingsButton.java:332:onChanged()]NFC, width= 40.0, buttonWidth - paddingWidth= 120.0, singleLine= true, isOverWidth= false
D/NFCHelper( 1678): [NFCHelper.java:127:getDefaultAdapter()]NFC service manager is not ready.
D/NFCHelper( 1678): [NFCHelper.java:131:getDefaultAdapter()]getDefaultAdapter(), NFCAdapter cann't be initialized.
D/NFCHelper( 1678): [NFCHelper.java:115:getStatus()]Unknown state, return OFF
D/QuickSettingsButton( 1678): [QuickSettingsButton.java:211:setButtonStatus()]Button = NFC ==> new status = 5, curStatus = 5
D/NFCHandler( 1678): [NFCHandler.java:273:getButtonContentDescription()]5, NFC off
D/QuickSettingsHandler( 1678): [QuickSettingsHandler.java:158:setButtonStatus()]NFC :NFC off.
I/Log     (30151): Engine initializing...
I/Log     (30151): Loading M3G file(New20080203/test3.m3g)...
D/dalvikvm(  929): GC_EXPLICIT freed 1292K, 31% free 25118K/36396K, paused 5ms+12ms, total 165ms
D/dalvikvm(30151): GC_CONCURRENT freed 1966K, 52% free 7163K/14912K, paused 2ms+4ms, total 26ms
I/Log     (30151): Loading M3G file: done
W/CellInfoLte( 1775): getCellIdentity: LteCellIdentitiy:android.telephony.CellIdentityLte@7fffff65 mMcc=2147483647 mMnc=2147483647 mCi=2147483647 mPci=2147483647 mTac=2147483647
W/CellInfoLte( 1775): writeToParcel(Parcel, int): CellInfoLte: mRegistered=NO mTimeStampType=unknown mTimeStamp=9223372036854775807ns, LteCellIdentitiy:android.telephony.CellIdentityLte@7fffff65 mMcc=2147483647 mMnc=2147483647 mCi=2147483647 mPci=2147483647 mTac=2147483647, CellSignalStrengthLte: ss=2147483647 rsrp=2147483647 rsrq=2147483647 rssnr=2147483647 cqi=2147483647 ta=2147483647
W/CellInfoLte(  929): CellInfoLte(Parcel): CellInfoLte: mRegistered=NO mTimeStampType=unknown mTimeStamp=9223372036854775807ns, LteCellIdentitiy:android.telephony.CellIdentityLte@7fffff65 mMcc=2147483647 mMnc=2147483647 mCi=2147483647 mPci=2147483647 mTac=2147483647, CellSignalStrengthLte: ss=2147483647 rsrp=2147483647 rsrq=2147483647 rssnr=2147483647 cqi=2147483647 ta=2147483647
W/CellInfoLte( 1775): writeToParcel(Parcel, int): CellInfoLte: mRegistered=NO mTimeStampType=unknown mTimeStamp=9223372036854775807ns, LteCellIdentitiy:android.telephony.CellIdentityLte@7fffff65 mMcc=2147483647 mMnc=2147483647 mCi=2147483647 mPci=2147483647 mTac=2147483647, CellSignalStrengthLte: ss=2147483647 rsrp=2147483647 rsrq=2147483647 rssnr=2147483647 cqi=2147483647 ta=2147483647
W/CellInfoLte(  929): CellInfoLte(Parcel): CellInfoLte: mRegistered=NO mTimeStampType=unknown mTimeStamp=9223372036854775807ns, LteCellIdentitiy:android.telephony.CellIdentityLte@7fffff65 mMcc=2147483647 mMnc=2147483647 mCi=2147483647 mPci=2147483647 mTac=2147483647, CellSignalStrengthLte: ss=2147483647 rsrp=2147483647 rsrq=2147483647 rssnr=2147483647 cqi=2147483647 ta=2147483647
W/CellInfoLte(  929): writeToParcel(Parcel, int): CellInfoLte: mRegistered=NO mTimeStampType=unknown mTimeStamp=9223372036854775807ns, LteCellIdentitiy:android.telephony.CellIdentityLte@7fffff65 mMcc=2147483647 mMnc=2147483647 mCi=2147483647 mPci=2147483647 mTac=2147483647, CellSignalStrengthLte: ss=2147483647 rsrp=2147483647 rsrq=2147483647 rssnr=2147483647 cqi=2147483647 ta=2147483647
W/CellInfoLte(  929): writeToParcel(Parcel, int): CellInfoLte: mRegistered=NO mTimeStampType=unknown mTimeStamp=9223372036854775807ns, LteCellIdentitiy:android.telephony.CellIdentityLte@7fffff65 mMcc=2147483647 mMnc=2147483647 mCi=2147483647 mPci=2147483647 mTac=2147483647, CellSignalStrengthLte: ss=2147483647 rsrp=2147483647 rsrq=2147483647 rssnr=2147483647 cqi=2147483647 ta=2147483647
W/CellInfoLte( 1963): CellInfoLte(Parcel): CellInfoLte: mRegistered=NO mTimeStampType=unknown mTimeStamp=9223372036854775807ns, LteCellIdentitiy:android.telephony.CellIdentityLte@7fffff65 mMcc=2147483647 mMnc=2147483647 mCi=2147483647 mPci=2147483647 mTac=2147483647, CellSignalStrengthLte: ss=2147483647 rsrp=2147483647 rsrq=2147483647 rssnr=2147483647 cqi=2147483647 ta=2147483647
W/CellInfoLte(27489): CellInfoLte(Parcel): CellInfoLte: mRegistered=NO mTimeStampType=unknown mTimeStamp=9223372036854775807ns, LteCellIdentitiy:android.telephony.CellIdentityLte@7fffff65 mMcc=2147483647 mMnc=2147483647 mCi=2147483647 mPci=2147483647 mTac=2147483647, CellSignalStrengthLte: ss=2147483647 rsrp=2147483647 rsrq=2147483647 rssnr=2147483647 cqi=2147483647 ta=2147483647
D/PhoneInterfaceManager( 1775): [PhoneIntfMgr] sigLevel = 0
D/LGPhoneStatusBarPolicy( 1678): [LGPhoneStatusBarPolicy.java:109:onReceive()]ACTION_SIGNAL_STRENGTH_CHANGED!!!
D/LGPhoneStatusBarPolicy( 1678): [LGPhoneStatusBarPolicy.java:109:onReceive()]ACTION_SIGNAL_STRENGTH_CHANGED!!!
D/StatusBar.MSimNetworkController( 1678): isSimInserted(0), SimInserted=false
D/StatusBar.MSimNetworkController( 1678): isSimInserted(0), SimInserted=false
D/StatusBar.MSimNetworkController( 1678): isSimInserted(0), SimInserted=false
D/StatusBar.MSimNetworkController( 1678): isSimInserted(0), SimInserted=false
I/StatusBarLinearLayout( 1678): [StatusBarLinearLayout.java:55:onLayout()]================================
I/StatusBarLinearLayout( 1678): [StatusBarLinearLayout.java:68:onLayout()]child = android.widget.LinearLayout{42420728 V.E..... ........ 9,0-743,38 #7f09007a app:id/notification_icon_area} ,w = 734
I/StatusBarLinearLayout( 1678): [StatusBarLinearLayout.java:68:onLayout()]child = android.widget.LinearLayout{42423f80 V.E..... ........ 743,0-779,38 #7f09007d app:id/statusIcons} ,w = 36
I/StatusBarLinearLayout( 1678): [StatusBarLinearLayout.java:68:onLayout()]child = android.widget.LinearLayout{42424898 V.E..... ......ID 779,0-951,38 #7f09007e app:id/system_icon_area} ,w = 172
I/StatusBarLinearLayout( 1678): [StatusBarLinearLayout.java:74:onLayout()]nTotalWidth = 942, r = 960
I/StatusBarLinearLayout( 1678): [StatusBarLinearLayout.java:77:onLayout()]sum = 942, mIconSize = 36
I/StatusBarLinearLayout( 1678): [StatusBarLinearLayout.java:78:onLayout()]Notification 734==> 734
I/StatusBarLinearLayout( 1678): [StatusBarLinearLayout.java:82:onLayout()]-----------------------
I/StatusBarLinearLayout( 1678): [StatusBarLinearLayout.java:123:onLayout()]child = android.widget.LinearLayout{4241c690 G.E..... ......ID 9,0-9,38 #7f090078 app:id/operator_layout} ,w = 0
I/StatusBarLinearLayout( 1678): [StatusBarLinearLayout.java:123:onLayout()]child = android.widget.LinearLayout{42420728 V.E..... ........ 9,0-743,38 #7f09007a app:id/notification_icon_area} ,w = 734
I/StatusBarLinearLayout( 1678): [StatusBarLinearLayout.java:123:onLayout()]child = android.widget.LinearLayout{42423f80 V.E..... ........ 743,0-779,38 #7f09007d app:id/statusIcons} ,w = 36
I/StatusBarLinearLayout( 1678): [StatusBarLinearLayout.java:123:onLayout()]child = android.widget.LinearLayout{42424898 V.E..... ......ID 779,0-951,38 #7f09007e app:id/system_icon_area} ,w = 172
I/StatusBarLinearLayout( 1678): [StatusBarLinearLayout.java:128:onLayout()]sum = 942
D/dalvikvm(30151): GC_CONCURRENT freed 2547K, 56% free 6583K/14912K, paused 3ms+2ms, total 29ms
D/dalvikvm(30151): GC_CONCURRENT freed 1946K, 56% free 6590K/14912K, paused 2ms+4ms, total 32ms
I/Log     (30151): Engine initializing: done
I/Log     (30151): Application::InitCurrentTest(GLBenchmark 2.1 Egypt Classic C16Z16 Texture compression: ETC1) loading time 11026 ms
D/StatusBar.MSimNetworkController( 1678): isSimInserted(0), SimInserted=false
D/StatusBar.MSimNetworkController( 1678): isSimInserted(0), SimInserted=false
W/CellInfoLte( 1775): getCellIdentity: LteCellIdentitiy:android.telephony.CellIdentityLte@7fffff65 mMcc=2147483647 mMnc=2147483647 mCi=2147483647 mPci=2147483647 mTac=2147483647
W/CellInfoLte( 1775): writeToParcel(Parcel, int): CellInfoLte: mRegistered=NO mTimeStampType=unknown mTimeStamp=9223372036854775807ns, LteCellIdentitiy:android.telephony.CellIdentityLte@7fffff65 mMcc=2147483647 mMnc=2147483647 mCi=2147483647 mPci=2147483647 mTac=2147483647, CellSignalStrengthLte: ss=2147483647 rsrp=2147483647 rsrq=2147483647 rssnr=2147483647 cqi=2147483647 ta=2147483647
W/CellInfoLte(  929): CellInfoLte(Parcel): CellInfoLte: mRegistered=NO mTimeStampType=unknown mTimeStamp=9223372036854775807ns, LteCellIdentitiy:android.telephony.CellIdentityLte@7fffff65 mMcc=2147483647 mMnc=2147483647 mCi=2147483647 mPci=2147483647 mTac=2147483647, CellSignalStrengthLte: ss=2147483647 rsrp=2147483647 rsrq=2147483647 rssnr=2147483647 cqi=2147483647 ta=2147483647
W/CellInfoLte( 1775): writeToParcel(Parcel, int): CellInfoLte: mRegistered=NO mTimeStampType=unknown mTimeStamp=9223372036854775807ns, LteCellIdentitiy:android.telephony.CellIdentityLte@7fffff65 mMcc=2147483647 mMnc=2147483647 mCi=2147483647 mPci=2147483647 mTac=2147483647, CellSignalStrengthLte: ss=2147483647 rsrp=2147483647 rsrq=2147483647 rssnr=2147483647 cqi=2147483647 ta=2147483647
W/CellInfoLte(  929): CellInfoLte(Parcel): CellInfoLte: mRegistered=NO mTimeStampType=unknown mTimeStamp=9223372036854775807ns, LteCellIdentitiy:android.telephony.CellIdentityLte@7fffff65 mMcc=2147483647 mMnc=2147483647 mCi=2147483647 mPci=2147483647 mTac=2147483647, CellSignalStrengthLte: ss=2147483647 rsrp=2147483647 rsrq=2147483647 rssnr=2147483647 cqi=2147483647 ta=2147483647
W/CellInfoLte(  929): writeToParcel(Parcel, int): CellInfoLte: mRegistered=NO mTimeStampType=unknown mTimeStamp=9223372036854775807ns, LteCellIdentitiy:android.telephony.CellIdentityLte@7fffff65 mMcc=2147483647 mMnc=2147483647 mCi=2147483647 mPci=2147483647 mTac=2147483647, CellSignalStrengthLte: ss=2147483647 rsrp=2147483647 rsrq=2147483647 rssnr=2147483647 cqi=2147483647 ta=2147483647
W/CellInfoLte(  929): writeToParcel(Parcel, int): CellInfoLte: mRegistered=NO mTimeStampType=unknown mTimeStamp=9223372036854775807ns, LteCellIdentitiy:android.telephony.CellIdentityLte@7fffff65 mMcc=2147483647 mMnc=2147483647 mCi=2147483647 mPci=2147483647 mTac=2147483647, CellSignalStrengthLte: ss=2147483647 rsrp=2147483647 rsrq=2147483647 rssnr=2147483647 cqi=2147483647 ta=2147483647
D/LGPhoneStatusBarPolicy( 1678): [LGPhoneStatusBarPolicy.java:109:onReceive()]ACTION_SIGNAL_STRENGTH_CHANGED!!!
W/CellInfoLte(27489): CellInfoLte(Parcel): CellInfoLte: mRegistered=NO mTimeStampType=unknown mTimeStamp=9223372036854775807ns, LteCellIdentitiy:android.telephony.CellIdentityLte@7fffff65 mMcc=2147483647 mMnc=2147483647 mCi=2147483647 mPci=2147483647 mTac=2147483647, CellSignalStrengthLte: ss=2147483647 rsrp=2147483647 rsrq=2147483647 rssnr=2147483647 cqi=2147483647 ta=2147483647
I/StatusBarLinearLayout( 1678): [StatusBarLinearLayout.java:55:onLayout()]================================
D/StatusBar.MSimNetworkController( 1678): isSimInserted(0), SimInserted=false
D/StatusBar.MSimNetworkController( 1678): isSimInserted(0), SimInserted=false
I/StatusBarLinearLayout( 1678): [StatusBarLinearLayout.java:68:onLayout()]child = android.widget.LinearLayout{42420728 V.E..... ........ 9,0-743,38 #7f09007a app:id/notification_icon_area} ,w = 734
I/StatusBarLinearLayout( 1678): [StatusBarLinearLayout.java:68:onLayout()]child = android.widget.LinearLayout{42423f80 V.E..... ........ 743,0-779,38 #7f09007d app:id/statusIcons} ,w = 36
I/StatusBarLinearLayout( 1678): [StatusBarLinearLayout.java:68:onLayout()]child = android.widget.LinearLayout{42424898 V.E..... ......ID 779,0-951,38 #7f09007e app:id/system_icon_area} ,w = 172
I/StatusBarLinearLayout( 1678): [StatusBarLinearLayout.java:74:onLayout()]nTotalWidth = 942, r = 960
I/StatusBarLinearLayout( 1678): [StatusBarLinearLayout.java:77:onLayout()]sum = 942, mIconSize = 36
I/StatusBarLinearLayout( 1678): [StatusBarLinearLayout.java:78:onLayout()]Notification 734==> 734
I/StatusBarLinearLayout( 1678): [StatusBarLinearLayout.java:82:onLayout()]-----------------------
I/StatusBarLinearLayout( 1678): [StatusBarLinearLayout.java:123:onLayout()]child = android.widget.LinearLayout{4241c690 G.E..... ......ID 9,0-9,38 #7f090078 app:id/operator_layout} ,w = 0
I/StatusBarLinearLayout( 1678): [StatusBarLinearLayout.java:123:onLayout()]child = android.widget.LinearLayout{42420728 V.E..... ........ 9,0-743,38 #7f09007a app:id/notification_icon_area} ,w = 734
I/StatusBarLinearLayout( 1678): [StatusBarLinearLayout.java:123:onLayout()]child = android.widget.LinearLayout{42423f80 V.E..... ........ 743,0-779,38 #7f09007d app:id/statusIcons} ,w = 36
I/StatusBarLinearLayout( 1678): [StatusBarLinearLayout.java:123:onLayout()]child = android.widget.LinearLayout{42424898 V.E..... ......ID 779,0-951,38 #7f09007e app:id/system_icon_area} ,w = 172
I/StatusBarLinearLayout( 1678): [StatusBarLinearLayout.java:128:onLayout()]sum = 942
D/PhoneInterfaceManager( 1775): [PhoneIntfMgr] sigLevel = 0
D/LGPhoneStatusBarPolicy( 1678): [LGPhoneStatusBarPolicy.java:109:onReceive()]ACTION_SIGNAL_STRENGTH_CHANGED!!!
W/CellInfoLte( 1963): CellInfoLte(Parcel): CellInfoLte: mRegistered=NO mTimeStampType=unknown mTimeStamp=9223372036854775807ns, LteCellIdentitiy:android.telephony.CellIdentityLte@7fffff65 mMcc=2147483647 mMnc=2147483647 mCi=2147483647 mPci=2147483647 mTac=2147483647, CellSignalStrengthLte: ss=2147483647 rsrp=2147483647 rsrq=2147483647 rssnr=2147483647 cqi=2147483647 ta=2147483647
D/KeyguardUpdateMonitor(  929): handleTimeUpdate
I/StatusBarLinearLayout( 1678): [StatusBarLinearLayout.java:55:onLayout()]================================
I/StatusBarLinearLayout( 1678): [StatusBarLinearLayout.java:68:onLayout()]child = android.widget.LinearLayout{42420728 V.E..... ........ 9,0-743,38 #7f09007a app:id/notification_icon_area} ,w = 734
I/StatusBarLinearLayout( 1678): [StatusBarLinearLayout.java:68:onLayout()]child = android.widget.LinearLayout{42423f80 V.E..... ........ 743,0-779,38 #7f09007d app:id/statusIcons} ,w = 36
I/StatusBarLinearLayout( 1678): [StatusBarLinearLayout.java:68:onLayout()]child = android.widget.LinearLayout{42424898 V.E..... ......ID 779,0-951,38 #7f09007e app:id/system_icon_area} ,w = 172
I/StatusBarLinearLayout( 1678): [StatusBarLinearLayout.java:74:onLayout()]nTotalWidth = 942, r = 960
I/StatusBarLinearLayout( 1678): [StatusBarLinearLayout.java:77:onLayout()]sum = 942, mIconSize = 36
I/StatusBarLinearLayout( 1678): [StatusBarLinearLayout.java:78:onLayout()]Notification 734==> 734
I/StatusBarLinearLayout( 1678): [StatusBarLinearLayout.java:82:onLayout()]-----------------------
I/StatusBarLinearLayout( 1678): [StatusBarLinearLayout.java:123:onLayout()]child = android.widget.LinearLayout{4241c690 G.E..... ......ID 9,0-9,38 #7f090078 app:id/operator_layout} ,w = 0
I/StatusBarLinearLayout( 1678): [StatusBarLinearLayout.java:123:onLayout()]child = android.widget.LinearLayout{42420728 V.E..... ........ 9,0-743,38 #7f09007a app:id/notification_icon_area} ,w = 734
I/StatusBarLinearLayout( 1678): [StatusBarLinearLayout.java:123:onLayout()]child = android.widget.LinearLayout{42423f80 V.E..... ........ 743,0-779,38 #7f09007d app:id/statusIcons} ,w = 36
I/StatusBarLinearLayout( 1678): [StatusBarLinearLayout.java:123:onLayout()]child = android.widget.LinearLayout{42424898 V.E..... ......ID 779,0-951,38 #7f09007e app:id/system_icon_area} ,w = 172
I/StatusBarLinearLayout( 1678): [StatusBarLinearLayout.java:128:onLayout()]sum = 942
D/WeatherService( 3344): 3 : TimeTick Intent has been received, Time(hour:min:sec) 5:1:0
D/WeatherService( 3344): 3 : TimeTick Intent And Screen On
D/WeatherService( 3344): 3 : SDK version : 17
D/WeatherQuickCover( 3344): 3 : quick cover state : opened : -1
D/Weather.Utils( 3344): 3 : Utils getTopActivity com.lge.launcher2 / false
D/Weather.Utils( 3344): 3 : Utils getTopActivity com.lge.easyhome / false
D/WeatherService( 3344): 3 : shouldTimeTickRegistered : false
D/WeatherService( 3344): 3 : TimeTick Receiver Unregister
D/WeatherService( 3344): 3 : TimeTick Intent has been processed, Time(hour:min:sec) 5:1:0
D/KeyguardUpdateMonitor(  929): handleBatteryUpdate (2) (64)
D/DockTangibleController( 1800): ACTION_BATTERY_CHANGED : 2
D/StatusBar.BatteryController( 1678): [BatteryController.java:126:onReceive()]level = 64 status = 2 isPlugged = true isCharging = true isFullCharged = false
I/LGPowerUI( 1678): [LGPowerUI.java:611:batteryThermNotification()]batteryThermNotification temperature : 317 isPlugged : true isCharging : true
I/LGPowerUI( 1678): [LGPowerUI.java:621:batteryThermNotification()]StopCharging degree: 550
D/PowerUI ( 1678): [PowerUI.java:231:onReceive()]chargingCurrent 0 --> 0
D/LGPowerUI( 1678): [LGPowerUI.java:953:handleMessage()]MSG_BATTERY_STATUS_THERM_DISMISS
I/EventLogService( 1997): Aggregate from 966667042 (log), 966667042 (data)
D/StatusBar.MSimNetworkController( 1678): isSimInserted(0), SimInserted=false
W/CellInfoLte( 1775): getCellIdentity: LteCellIdentitiy:android.telephony.CellIdentityLte@7fffff65 mMcc=2147483647 mMnc=2147483647 mCi=2147483647 mPci=2147483647 mTac=2147483647
W/CellInfoLte( 1775): writeToParcel(Parcel, int): CellInfoLte: mRegistered=NO mTimeStampType=unknown mTimeStamp=9223372036854775807ns, LteCellIdentitiy:android.telephony.CellIdentityLte@7fffff65 mMcc=2147483647 mMnc=2147483647 mCi=2147483647 mPci=2147483647 mTac=2147483647, CellSignalStrengthLte: ss=2147483647 rsrp=2147483647 rsrq=2147483647 rssnr=2147483647 cqi=2147483647 ta=2147483647
W/CellInfoLte(  929): CellInfoLte(Parcel): CellInfoLte: mRegistered=NO mTimeStampType=unknown mTimeStamp=9223372036854775807ns, LteCellIdentitiy:android.telephony.CellIdentityLte@7fffff65 mMcc=2147483647 mMnc=2147483647 mCi=2147483647 mPci=2147483647 mTac=2147483647, CellSignalStrengthLte: ss=2147483647 rsrp=2147483647 rsrq=2147483647 rssnr=2147483647 cqi=2147483647 ta=2147483647
W/CellInfoLte( 1775): writeToParcel(Parcel, int): CellInfoLte: mRegistered=NO mTimeStampType=unknown mTimeStamp=9223372036854775807ns, LteCellIdentitiy:android.telephony.CellIdentityLte@7fffff65 mMcc=2147483647 mMnc=2147483647 mCi=2147483647 mPci=2147483647 mTac=2147483647, CellSignalStrengthLte: ss=2147483647 rsrp=2147483647 rsrq=2147483647 rssnr=2147483647 cqi=2147483647 ta=2147483647
W/CellInfoLte(  929): CellInfoLte(Parcel): CellInfoLte: mRegistered=NO mTimeStampType=unknown mTimeStamp=9223372036854775807ns, LteCellIdentitiy:android.telephony.CellIdentityLte@7fffff65 mMcc=2147483647 mMnc=2147483647 mCi=2147483647 mPci=2147483647 mTac=2147483647, CellSignalStrengthLte: ss=2147483647 rsrp=2147483647 rsrq=2147483647 rssnr=2147483647 cqi=2147483647 ta=2147483647
W/CellInfoLte(  929): writeToParcel(Parcel, int): CellInfoLte: mRegistered=NO mTimeStampType=unknown mTimeStamp=9223372036854775807ns, LteCellIdentitiy:android.telephony.CellIdentityLte@7fffff65 mMcc=2147483647 mMnc=2147483647 mCi=2147483647 mPci=2147483647 mTac=2147483647, CellSignalStrengthLte: ss=2147483647 rsrp=2147483647 rsrq=2147483647 rssnr=2147483647 cqi=2147483647 ta=2147483647
W/CellInfoLte(  929): writeToParcel(Parcel, int): CellInfoLte: mRegistered=NO mTimeStampType=unknown mTimeStamp=9223372036854775807ns, LteCellIdentitiy:android.telephony.CellIdentityLte@7fffff65 mMcc=2147483647 mMnc=2147483647 mCi=2147483647 mPci=2147483647 mTac=2147483647, CellSignalStrengthLte: ss=2147483647 rsrp=2147483647 rsrq=2147483647 rssnr=2147483647 cqi=2147483647 ta=2147483647
W/CellInfoLte( 1963): CellInfoLte(Parcel): CellInfoLte: mRegistered=NO mTimeStampType=unknown mTimeStamp=9223372036854775807ns, LteCellIdentitiy:android.telephony.CellIdentityLte@7fffff65 mMcc=2147483647 mMnc=2147483647 mCi=2147483647 mPci=2147483647 mTac=2147483647, CellSignalStrengthLte: ss=2147483647 rsrp=2147483647 rsrq=2147483647 rssnr=2147483647 cqi=2147483647 ta=2147483647
W/CellInfoLte(27489): CellInfoLte(Parcel): CellInfoLte: mRegistered=NO mTimeStampType=unknown mTimeStamp=9223372036854775807ns, LteCellIdentitiy:android.telephony.CellIdentityLte@7fffff65 mMcc=2147483647 mMnc=2147483647 mCi=2147483647 mPci=2147483647 mTac=2147483647, CellSignalStrengthLte: ss=2147483647 rsrp=2147483647 rsrq=2147483647 rssnr=2147483647 cqi=2147483647 ta=2147483647
D/PhoneInterfaceManager( 1775): [PhoneIntfMgr] sigLevel = 0
D/StatusBar.MSimNetworkController( 1678): isSimInserted(0), SimInserted=false
D/StatusBar.MSimNetworkController( 1678): isSimInserted(0), SimInserted=false
D/LGPhoneStatusBarPolicy( 1678): [LGPhoneStatusBarPolicy.java:109:onReceive()]ACTION_SIGNAL_STRENGTH_CHANGED!!!
I/StatusBarLinearLayout( 1678): [StatusBarLinearLayout.java:55:onLayout()]================================
I/StatusBarLinearLayout( 1678): [StatusBarLinearLayout.java:68:onLayout()]child = android.widget.LinearLayout{42420728 V.E..... ........ 9,0-743,38 #7f09007a app:id/notification_icon_area} ,w = 734
I/StatusBarLinearLayout( 1678): [StatusBarLinearLayout.java:68:onLayout()]child = android.widget.LinearLayout{42423f80 V.E..... ........ 743,0-779,38 #7f09007d app:id/statusIcons} ,w = 36
I/StatusBarLinearLayout( 1678): [StatusBarLinearLayout.java:68:onLayout()]child = android.widget.LinearLayout{42424898 V.E..... ......ID 779,0-951,38 #7f09007e app:id/system_icon_area} ,w = 172
I/StatusBarLinearLayout( 1678): [StatusBarLinearLayout.java:74:onLayout()]nTotalWidth = 942, r = 960
I/StatusBarLinearLayout( 1678): [StatusBarLinearLayout.java:77:onLayout()]sum = 942, mIconSize = 36
D/StatusBar.MSimNetworkController( 1678): isSimInserted(0), SimInserted=false
I/StatusBarLinearLayout( 1678): [StatusBarLinearLayout.java:78:onLayout()]Notification 734==> 734
I/StatusBarLinearLayout( 1678): [StatusBarLinearLayout.java:82:onLayout()]-----------------------
I/StatusBarLinearLayout( 1678): [StatusBarLinearLayout.java:123:onLayout()]child = android.widget.LinearLayout{4241c690 G.E..... ......ID 9,0-9,38 #7f090078 app:id/operator_layout} ,w = 0
I/StatusBarLinearLayout( 1678): [StatusBarLinearLayout.java:123:onLayout()]child = android.widget.LinearLayout{42420728 V.E..... ........ 9,0-743,38 #7f09007a app:id/notification_icon_area} ,w = 734
I/StatusBarLinearLayout( 1678): [StatusBarLinearLayout.java:123:onLayout()]child = android.widget.LinearLayout{42423f80 V.E..... ........ 743,0-779,38 #7f09007d app:id/statusIcons} ,w = 36
I/StatusBarLinearLayout( 1678): [StatusBarLinearLayout.java:123:onLayout()]child = android.widget.LinearLayout{42424898 V.E..... ......ID 779,0-951,38 #7f09007e app:id/system_icon_area} ,w = 172
I/StatusBarLinearLayout( 1678): [StatusBarLinearLayout.java:128:onLayout()]sum = 942
D/LGPhoneStatusBarPolicy( 1678): [LGPhoneStatusBarPolicy.java:109:onReceive()]ACTION_SIGNAL_STRENGTH_CHANGED!!!
D/KeyguardUpdateMonitor(  929): handleBatteryUpdate (2) (64)
D/DockTangibleController( 1800): ACTION_BATTERY_CHANGED : 2
D/StatusBar.BatteryController( 1678): [BatteryController.java:126:onReceive()]level = 64 status = 2 isPlugged = true isCharging = true isFullCharged = false
I/LGPowerUI( 1678): [LGPowerUI.java:611:batteryThermNotification()]batteryThermNotification temperature : 320 isPlugged : true isCharging : true
I/LGPowerUI( 1678): [LGPowerUI.java:621:batteryThermNotification()]StopCharging degree: 550
D/PowerUI ( 1678): [PowerUI.java:231:onReceive()]chargingCurrent 0 --> 0
D/LGPowerUI( 1678): [LGPowerUI.java:953:handleMessage()]MSG_BATTERY_STATUS_THERM_DISMISS
D/DockTangibleController( 1800): ACTION_BATTERY_CHANGED : 2
D/StatusBar.BatteryController( 1678): [BatteryController.java:126:onReceive()]level = 64 status = 2 isPlugged = true isCharging = true isFullCharged = false
I/LGPowerUI( 1678): [LGPowerUI.java:611:batteryThermNotification()]batteryThermNotification temperature : 320 isPlugged : true isCharging : true
I/LGPowerUI( 1678): [LGPowerUI.java:621:batteryThermNotification()]StopCharging degree: 550
D/PowerUI ( 1678): [PowerUI.java:231:onReceive()]chargingCurrent 0 --> 0
D/LGPowerUI( 1678): [LGPowerUI.java:953:handleMessage()]MSG_BATTERY_STATUS_THERM_DISMISS
D/KeyguardUpdateMonitor(  929): handleBatteryUpdate (2) (64)
D/DockTangibleController( 1800): ACTION_BATTERY_CHANGED : 2
D/StatusBar.BatteryController( 1678): [BatteryController.java:126:onReceive()]level = 64 status = 2 isPlugged = true isCharging = true isFullCharged = false
I/LGPowerUI( 1678): [LGPowerUI.java:611:batteryThermNotification()]batteryThermNotification temperature : 319 isPlugged : true isCharging : true
I/LGPowerUI( 1678): [LGPowerUI.java:621:batteryThermNotification()]StopCharging degree: 550
D/PowerUI ( 1678): [PowerUI.java:231:onReceive()]chargingCurrent 0 --> 0
D/LGPowerUI( 1678): [LGPowerUI.java:953:handleMessage()]MSG_BATTERY_STATUS_THERM_DISMISS
D/KeyguardUpdateMonitor(  929): handleBatteryUpdate (2) (64)
D/DockTangibleController( 1800): ACTION_BATTERY_CHANGED : 2
D/StatusBar.BatteryController( 1678): [BatteryController.java:126:onReceive()]level = 64 status = 2 isPlugged = true isCharging = true isFullCharged = false
I/LGPowerUI( 1678): [LGPowerUI.java:611:batteryThermNotification()]batteryThermNotification temperature : 320 isPlugged : true isCharging : true
I/LGPowerUI( 1678): [LGPowerUI.java:621:batteryThermNotification()]StopCharging degree: 550
D/PowerUI ( 1678): [PowerUI.java:231:onReceive()]chargingCurrent 0 --> 0
D/LGPowerUI( 1678): [LGPowerUI.java:953:handleMessage()]MSG_BATTERY_STATUS_THERM_DISMISS
D/StatusBar.BatteryController( 1678): [BatteryController.java:126:onReceive()]level = 64 status = 2 isPlugged = true isCharging = true isFullCharged = false
I/LGPowerUI( 1678): [LGPowerUI.java:611:batteryThermNotification()]batteryThermNotification temperature : 318 isPlugged : true isCharging : true
D/DockTangibleController( 1800): ACTION_BATTERY_CHANGED : 2
D/KeyguardUpdateMonitor(  929): handleBatteryUpdate (2) (64)
I/LGPowerUI( 1678): [LGPowerUI.java:621:batteryThermNotification()]StopCharging degree: 550
D/PowerUI ( 1678): [PowerUI.java:231:onReceive()]chargingCurrent 0 --> 0
D/LGPowerUI( 1678): [LGPowerUI.java:953:handleMessage()]MSG_BATTERY_STATUS_THERM_DISMISS
D/KeyguardUpdateMonitor(  929): handleBatteryUpdate (2) (64)
D/DockTangibleController( 1800): ACTION_BATTERY_CHANGED : 2
D/StatusBar.BatteryController( 1678): [BatteryController.java:126:onReceive()]level = 64 status = 2 isPlugged = true isCharging = true isFullCharged = false
I/LGPowerUI( 1678): [LGPowerUI.java:611:batteryThermNotification()]batteryThermNotification temperature : 319 isPlugged : true isCharging : true
I/LGPowerUI( 1678): [LGPowerUI.java:621:batteryThermNotification()]StopCharging degree: 550
D/PowerUI ( 1678): [PowerUI.java:231:onReceive()]chargingCurrent 0 --> 0
D/LGPowerUI( 1678): [LGPowerUI.java:953:handleMessage()]MSG_BATTERY_STATUS_THERM_DISMISS
D/StatusBar.BatteryController( 1678): [BatteryController.java:126:onReceive()]level = 64 status = 2 isPlugged = true isCharging = true isFullCharged = false
I/LGPowerUI( 1678): [LGPowerUI.java:611:batteryThermNotification()]batteryThermNotification temperature : 320 isPlugged : true isCharging : true
D/DockTangibleController( 1800): ACTION_BATTERY_CHANGED : 2
D/KeyguardUpdateMonitor(  929): handleBatteryUpdate (2) (64)
I/LGPowerUI( 1678): [LGPowerUI.java:621:batteryThermNotification()]StopCharging degree: 550
D/PowerUI ( 1678): [PowerUI.java:231:onReceive()]chargingCurrent 0 --> 0
D/LGPowerUI( 1678): [LGPowerUI.java:953:handleMessage()]MSG_BATTERY_STATUS_THERM_DISMISS
D/KeyguardUpdateMonitor(  929): handleBatteryUpdate (2) (64)
D/StatusBar.BatteryController( 1678): [BatteryController.java:126:onReceive()]level = 64 status = 2 isPlugged = true isCharging = true isFullCharged = false
I/LGPowerUI( 1678): [LGPowerUI.java:611:batteryThermNotification()]batteryThermNotification temperature : 318 isPlugged : true isCharging : true
I/LGPowerUI( 1678): [LGPowerUI.java:621:batteryThermNotification()]StopCharging degree: 550
D/PowerUI ( 1678): [PowerUI.java:231:onReceive()]chargingCurrent 0 --> 0
D/LGPowerUI( 1678): [LGPowerUI.java:953:handleMessage()]MSG_BATTERY_STATUS_THERM_DISMISS
D/DockTangibleController( 1800): ACTION_BATTERY_CHANGED : 2
D/KeyguardUpdateMonitor(  929): handleBatteryUpdate (2) (64)
D/StatusBar.BatteryController( 1678): [BatteryController.java:126:onReceive()]level = 64 status = 2 isPlugged = true isCharging = true isFullCharged = false
I/LGPowerUI( 1678): [LGPowerUI.java:611:batteryThermNotification()]batteryThermNotification temperature : 319 isPlugged : true isCharging : true
I/LGPowerUI( 1678): [LGPowerUI.java:621:batteryThermNotification()]StopCharging degree: 550
D/DockTangibleController( 1800): ACTION_BATTERY_CHANGED : 2
D/PowerUI ( 1678): [PowerUI.java:231:onReceive()]chargingCurrent 0 --> 0
D/LGPowerUI( 1678): [LGPowerUI.java:953:handleMessage()]MSG_BATTERY_STATUS_THERM_DISMISS
D/StatusBar.BatteryController( 1678): [BatteryController.java:126:onReceive()]level = 64 status = 2 isPlugged = true isCharging = true isFullCharged = false
D/DockTangibleController( 1800): ACTION_BATTERY_CHANGED : 2
I/LGPowerUI( 1678): [LGPowerUI.java:611:batteryThermNotification()]batteryThermNotification temperature : 320 isPlugged : true isCharging : true
D/KeyguardUpdateMonitor(  929): handleBatteryUpdate (2) (64)
I/LGPowerUI( 1678): [LGPowerUI.java:621:batteryThermNotification()]StopCharging degree: 550
D/PowerUI ( 1678): [PowerUI.java:231:onReceive()]chargingCurrent 0 --> 0
D/LGPowerUI( 1678): [LGPowerUI.java:953:handleMessage()]MSG_BATTERY_STATUS_THERM_DISMISS
D/KeyguardUpdateMonitor(  929): handleBatteryUpdate (2) (64)
D/DockTangibleController( 1800): ACTION_BATTERY_CHANGED : 2
D/StatusBar.BatteryController( 1678): [BatteryController.java:126:onReceive()]level = 64 status = 2 isPlugged = true isCharging = true isFullCharged = false
I/LGPowerUI( 1678): [LGPowerUI.java:611:batteryThermNotification()]batteryThermNotification temperature : 318 isPlugged : true isCharging : true
I/LGPowerUI( 1678): [LGPowerUI.java:621:batteryThermNotification()]StopCharging degree: 550
D/PowerUI ( 1678): [PowerUI.java:231:onReceive()]chargingCurrent 0 --> 0
D/KeyguardUpdateMonitor(  929): handleBatteryUpdate (2) (64)
D/LGPowerUI( 1678): [LGPowerUI.java:953:handleMessage()]MSG_BATTERY_STATUS_THERM_DISMISS
D/DockTangibleController( 1800): ACTION_BATTERY_CHANGED : 2
D/StatusBar.BatteryController( 1678): [BatteryController.java:126:onReceive()]level = 64 status = 2 isPlugged = true isCharging = true isFullCharged = false
I/LGPowerUI( 1678): [LGPowerUI.java:611:batteryThermNotification()]batteryThermNotification temperature : 319 isPlugged : true isCharging : true
I/LGPowerUI( 1678): [LGPowerUI.java:621:batteryThermNotification()]StopCharging degree: 550
D/PowerUI ( 1678): [PowerUI.java:231:onReceive()]chargingCurrent 0 --> 0
D/LGPowerUI( 1678): [LGPowerUI.java:953:handleMessage()]MSG_BATTERY_STATUS_THERM_DISMISS
D/KeyguardUpdateMonitor(  929): handleBatteryUpdate (2) (64)
D/StatusBar.BatteryController( 1678): [BatteryController.java:126:onReceive()]level = 64 status = 2 isPlugged = true isCharging = true isFullCharged = false
D/DockTangibleController( 1800): ACTION_BATTERY_CHANGED : 2
I/LGPowerUI( 1678): [LGPowerUI.java:611:batteryThermNotification()]batteryThermNotification temperature : 320 isPlugged : true isCharging : true
I/LGPowerUI( 1678): [LGPowerUI.java:621:batteryThermNotification()]StopCharging degree: 550
D/PowerUI ( 1678): [PowerUI.java:231:onReceive()]chargingCurrent 0 --> 0
D/StatusBar.BatteryController( 1678): [BatteryController.java:126:onReceive()]level = 64 status = 2 isPlugged = true isCharging = true isFullCharged = false
D/DockTangibleController( 1800): ACTION_BATTERY_CHANGED : 2
D/LGPowerUI( 1678): [LGPowerUI.java:953:handleMessage()]MSG_BATTERY_STATUS_THERM_DISMISS
I/LGPowerUI( 1678): [LGPowerUI.java:611:batteryThermNotification()]batteryThermNotification temperature : 320 isPlugged : true isCharging : true
I/LGPowerUI( 1678): [LGPowerUI.java:621:batteryThermNotification()]StopCharging degree: 550
D/PowerUI ( 1678): [PowerUI.java:231:onReceive()]chargingCurrent 0 --> 0
D/LGPowerUI( 1678): [LGPowerUI.java:953:handleMessage()]MSG_BATTERY_STATUS_THERM_DISMISS
W/CellInfoLte( 1775): getCellIdentity: LteCellIdentitiy:android.telephony.CellIdentityLte@7fffff65 mMcc=2147483647 mMnc=2147483647 mCi=2147483647 mPci=2147483647 mTac=2147483647
W/CellInfoLte( 1775): writeToParcel(Parcel, int): CellInfoLte: mRegistered=NO mTimeStampType=unknown mTimeStamp=9223372036854775807ns, LteCellIdentitiy:android.telephony.CellIdentityLte@7fffff65 mMcc=2147483647 mMnc=2147483647 mCi=2147483647 mPci=2147483647 mTac=2147483647, CellSignalStrengthLte: ss=2147483647 rsrp=2147483647 rsrq=2147483647 rssnr=2147483647 cqi=2147483647 ta=2147483647
W/CellInfoLte(  929): CellInfoLte(Parcel): CellInfoLte: mRegistered=NO mTimeStampType=unknown mTimeStamp=9223372036854775807ns, LteCellIdentitiy:android.telephony.CellIdentityLte@7fffff65 mMcc=2147483647 mMnc=2147483647 mCi=2147483647 mPci=2147483647 mTac=2147483647, CellSignalStrengthLte: ss=2147483647 rsrp=2147483647 rsrq=2147483647 rssnr=2147483647 cqi=2147483647 ta=2147483647
