--------- beginning of /dev/log/system
D/StatusBar.MSimNetworkController( 1678): isSimInserted(0), SimInserted=false
D/StatusBar.MSimNetworkController( 1678): isSimInserted(0), SimInserted=false
D/StatusBar.MSimNetworkController( 1678): isSimInserted(0), SimInserted=false
D/StatusBar.MSimNetworkController( 1678): isSimInserted(0), SimInserted=false
I/ActivityManager(  929): Start proc com.google.android.apps.maps:GoogleLocationService for service com.google.android.apps.maps/com.google.android.location.internal.server.GoogleLocationService: pid=26983 uid=10016 gids={50016, 3003, 1015, 1028}
D/WifiService(  929): New client listening to asynchronous messages
I/ActivityManager(  929): Start proc com.lge.email for content provider com.lge.email/.providers.LGEmailContentProvider: pid=27014 uid=10043 gids={50043, 3003, 4002, 1015, 3001, 3002, 1028}
W/ActivityManager(  929): Unable to start service Intent { act=com.lge.email.engine.action.START_PROTOCOLS cmp=com.lge.email/.adapter.event.mgr.ProtocolStarterService } U=0: not found
D/WifiService(  929): acquireWifiLockLocked: WifiLock{NetworkLocationLocator type=2 binder=android.os.BinderProxy@4276f570}
I/ActivityManager(  929): Start proc com.google.android.apps.maps:FriendService for broadcast com.google.android.apps.maps/com.google.googlenav.friend.android.ServiceReceiver: pid=27040 uid=10016 gids={50016, 3003, 1015, 1028}
D/WifiService(  929): releaseWifiLockLocked: WifiLock{NetworkLocationLocator type=2 binder=android.os.BinderProxy@4276f570}
W/ActivityManager(  929): Permission denied: checkComponentPermission() owningUid=10007
W/BroadcastQueue(  929): Permission Denial: broadcasting Intent { act=com.google.android.location.internal.server.ACTION_RESTARTED flg=0x10 } from com.google.android.apps.maps (pid=26983, uid=10016) is not exported from uid 10007 due to receiver com.google.android.gms/com.google.android.location.reporting.service.ExternalChangeReceiver
I/ActivityManager(  929): Start proc com.google.android.apps.maps:LocationFriendService for broadcast com.google.android.apps.maps/com.google.googlenav.friend.reporting.LocationReportingIntentReceiver: pid=27057 uid=10016 gids={50016, 3003, 1015, 1028}
I/ActivityManager(  929): START u0 {act=android.intent.action.MAIN cat=[android.intent.category.LAUNCHER] flg=0x10200000 cmp=se.nena.nenamark1/.NenaMark1} from pid 6874
I/ActivityManager(  929): Start proc se.nena.nenamark1 for activity se.nena.nenamark1/.NenaMark1: pid=27098 uid=10134 gids={50134, 3003, 1028}
I/ActivityManager(  929): Config changes=480 {1.0 ?mcc?mnc en_US ldltr sw360dp w640dp h334dp 240dpi nrml long land finger -keyb/v/h -nav/h s.32-1fontTypeIndex}
D/ConnectivityService(  929): onUidRulesChanged(uid=10134, uidRules=0)
W/BroadcastQueue(  929): Permission Denial: receiving Intent { act=android.intent.action.THEME_PACKAGE_CHANGED flg=0x10 } to ProcessRecord{424c1a78 1741:com.lge.ime/u0a10041} (pid=1741, uid=10041) requires com.lge.permission.ACCESS_CLOCK_WIDGET due to sender com.lge.appwidget.clock (uid 10037)
W/BroadcastQueue(  929): Permission Denial: receiving Intent { act=android.intent.action.THEME_PACKAGE_CHANGED flg=0x10 } to ProcessRecord{424c0978 3344:com.lge.sizechangable.weather/u0a10077} (pid=3344, uid=10077) requires com.lge.permission.ACCESS_CLOCK_WIDGET due to sender com.lge.appwidget.clock (uid 10037)
W/BroadcastQueue(  929): Permission Denial: receiving Intent { act=android.intent.action.THEME_PACKAGE_CHANGED flg=0x10 } to ProcessRecord{424f96b0 25207:com.lge.sizechangable.musicwidget.widget/u0a10057} (pid=25207, uid=10057) requires com.lge.permission.ACCESS_CLOCK_WIDGET due to sender com.lge.appwidget.clock (uid 10037)
W/BroadcastQueue(  929): Permission Denial: receiving Intent { act=android.intent.action.THEME_PACKAGE_CHANGED flg=0x10 } to com.android.calendar/.widget.CalendarAppWidgetProvider requires com.lge.permission.ACCESS_CLOCK_WIDGET due to sender com.lge.appwidget.clock (uid 10037)
E/ActivityThread( 1775): Failed to find provider info for com.lge.lollipop.provider
W/ContextImpl( 6073): Calling a method in the system process without a qualified user: android.app.ContextImpl.sendBroadcast:1044 android.content.ContextWrapper.sendBroadcast:338 com.lge.lmk.widget.WidgetUpdater.changeWidgetTheme:66 com.lge.lmk.widget.WidgetUpdater.access$200:16 com.lge.lmk.widget.WidgetUpdater$1.onReceive:46 
I/ActivityManager(  929): Start proc com.lge.lockscreensettings for content provider com.lge.lockscreensettings/.LockSettingsProvider: pid=27115 uid=10052 gids={50052, 1028}
V/ActivityThread(27098): Benchmark is Detected, Dummy Info is set : se.nena.nenamark1
W/BroadcastQueue(  929): Permission Denial: receiving Intent { act=android.intent.action.THEME_PACKAGE_CHANGED flg=0x10 } to com.lge.email/.ui.widget.EmailWidgetProvider requires com.lge.permission.ACCESS_CLOCK_WIDGET due to sender com.lge.appwidget.clock (uid 10037)
W/BroadcastQueue(  929): Permission Denial: receiving Intent { act=android.intent.action.THEME_PACKAGE_CHANGED flg=0x10 } to com.lge.appwidget.flashlight/.FlashlightAppWidgetProvider requires com.lge.permission.ACCESS_CLOCK_WIDGET due to sender com.lge.appwidget.clock (uid 10037)
W/BroadcastQueue(  929): Permission Denial: receiving Intent { act=android.intent.action.THEME_PACKAGE_CHANGED flg=0x10 } to com.lge.lockscreensettings/.LockSettingsReceiver requires com.lge.permission.ACCESS_CLOCK_WIDGET due to sender com.lge.appwidget.clock (uid 10037)
W/BroadcastQueue(  929): Permission Denial: receiving Intent { act=android.intent.action.THEME_PACKAGE_CHANGED flg=0x10 } to com.lge.sizechangable.photoalbum/.PhotoAppWidgetReceiver requires com.lge.permission.ACCESS_CLOCK_WIDGET due to sender com.lge.appwidget.clock (uid 10037)
V/InputMethodManagerService(  929): SoftKeypad HIDE broadcast
W/ContextImpl(  929): Calling a method in the system process without a qualified user: android.app.ContextImpl.sendBroadcast:1044 com.android.server.InputMethodManagerService.hideCurrentInputLocked:1832 com.android.server.InputMethodManagerService.windowGainedFocus:1938 com.android.internal.view.IInputMethodManager$Stub.onTransact:224 com.android.server.InputMethodManagerService.onTransact:841 
D/ConnectivityService(  929): onUidRulesChanged(uid=10048, uidRules=0)
D/StatusBar.MSimNetworkController( 1678): isSimInserted(0), SimInserted=false
D/StatusBar.MSimNetworkController( 1678): isSimInserted(1), SimInserted=false
I/ActivityManager(  929): Start proc com.google.android.apps.maps for service com.google.android.apps.maps/com.google.googlenav.prefetch.android.PrefetcherService: pid=27165 uid=10016 gids={50016, 3003, 1015, 1028}
D/WifiService(  929): New client listening to asynchronous messages
D/StatusBar.MSimNetworkController( 1678): isSimInserted(0), SimInserted=false
D/StatusBar.MSimNetworkController( 1678): isSimInserted(0), SimInserted=false
D/StatusBar.MSimNetworkController( 1678): isSimInserted(0), SimInserted=false
D/StatusBar.MSimNetworkController( 1678): isSimInserted(0), SimInserted=false
D/StatusBar.MSimNetworkController( 1678): isSimInserted(0), SimInserted=false
D/StatusBar.MSimNetworkController( 1678): isSimInserted(0), SimInserted=false
D/StatusBar.MSimNetworkController( 1678): isSimInserted(0), SimInserted=false
D/StatusBar.MSimNetworkController( 1678): isSimInserted(0), SimInserted=false
V/InputMethodManagerService(  929): SoftKeypad HIDE broadcast
W/ContextImpl(  929): Calling a method in the system process without a qualified user: android.app.ContextImpl.sendBroadcast:1044 com.android.server.InputMethodManagerService.hideCurrentInputLocked:1832 com.android.server.InputMethodManagerService.windowGainedFocus:1938 com.android.internal.view.IInputMethodManager$Stub.onTransact:224 com.android.server.InputMethodManagerService.onTransact:841 
D/VolumeVibrator( 1813): clear
D/VolumeVibrator( 1813): clear
V/InputMethodManagerService(  929): SoftKeypad HIDE broadcast
W/ContextImpl(  929): Calling a method in the system process without a qualified user: android.app.ContextImpl.sendBroadcast:1044 com.android.server.InputMethodManagerService.hideCurrentInputLocked:1832 com.android.server.InputMethodManagerService.windowGainedFocus:1938 com.android.internal.view.IInputMethodManager$Stub.onTransact:224 com.android.server.InputMethodManagerService.onTransact:841 
D/VolumeVibrator( 1813): clear
I/ActivityManager(  929): Config changes=480 {1.0 ?mcc?mnc en_US ldltr sw360dp w360dp h614dp 240dpi nrml long port finger -keyb/v/h -nav/h s.33-1fontTypeIndex}
D/VolumeVibrator( 1813): clear
D/ConnectivityService(  929): onUidRulesChanged(uid=10048, uidRules=0)
W/BroadcastQueue(  929): Permission Denial: receiving Intent { act=android.intent.action.THEME_PACKAGE_CHANGED flg=0x10 } to ProcessRecord{424c1a78 1741:com.lge.ime/u0a10041} (pid=1741, uid=10041) requires com.lge.permission.ACCESS_CLOCK_WIDGET due to sender com.lge.appwidget.clock (uid 10037)
W/BroadcastQueue(  929): Permission Denial: receiving Intent { act=android.intent.action.THEME_PACKAGE_CHANGED flg=0x10 } to ProcessRecord{424c0978 3344:com.lge.sizechangable.weather/u0a10077} (pid=3344, uid=10077) requires com.lge.permission.ACCESS_CLOCK_WIDGET due to sender com.lge.appwidget.clock (uid 10037)
W/BroadcastQueue(  929): Permission Denial: receiving Intent { act=android.intent.action.THEME_PACKAGE_CHANGED flg=0x10 } to ProcessRecord{424f96b0 25207:com.lge.sizechangable.musicwidget.widget/u0a10057} (pid=25207, uid=10057) requires com.lge.permission.ACCESS_CLOCK_WIDGET due to sender com.lge.appwidget.clock (uid 10037)
E/ActivityThread( 1775): Failed to find provider info for com.lge.lollipop.provider
W/BroadcastQueue(  929): Permission Denial: receiving Intent { act=android.intent.action.THEME_PACKAGE_CHANGED flg=0x10 } to com.android.calendar/.widget.CalendarAppWidgetProvider requires com.lge.permission.ACCESS_CLOCK_WIDGET due to sender com.lge.appwidget.clock (uid 10037)
W/ContextImpl( 6073): Calling a method in the system process without a qualified user: android.app.ContextImpl.sendBroadcast:1044 android.content.ContextWrapper.sendBroadcast:338 com.lge.lmk.widget.WidgetUpdater.changeWidgetTheme:66 com.lge.lmk.widget.WidgetUpdater.access$200:16 com.lge.lmk.widget.WidgetUpdater$1.onReceive:46 
V/InputMethodManagerService(  929): SoftKeypad HIDE broadcast
W/ContextImpl(  929): Calling a method in the system process without a qualified user: android.app.ContextImpl.sendBroadcast:1044 com.android.server.InputMethodManagerService.hideCurrentInputLocked:1832 com.android.server.InputMethodManagerService.windowGainedFocus:1938 com.android.internal.view.IInputMethodManager$Stub.onTransact:224 com.android.server.InputMethodManagerService.onTransact:841 
W/BroadcastQueue(  929): Permission Denial: receiving Intent { act=android.intent.action.THEME_PACKAGE_CHANGED flg=0x10 } to com.lge.email/.ui.widget.EmailWidgetProvider requires com.lge.permission.ACCESS_CLOCK_WIDGET due to sender com.lge.appwidget.clock (uid 10037)
W/BroadcastQueue(  929): Permission Denial: receiving Intent { act=android.intent.action.THEME_PACKAGE_CHANGED flg=0x10 } to com.lge.appwidget.flashlight/.FlashlightAppWidgetProvider requires com.lge.permission.ACCESS_CLOCK_WIDGET due to sender com.lge.appwidget.clock (uid 10037)
W/BroadcastQueue(  929): Permission Denial: receiving Intent { act=android.intent.action.THEME_PACKAGE_CHANGED flg=0x10 } to com.lge.lockscreensettings/.LockSettingsReceiver requires com.lge.permission.ACCESS_CLOCK_WIDGET due to sender com.lge.appwidget.clock (uid 10037)
W/BroadcastQueue(  929): Permission Denial: receiving Intent { act=android.intent.action.THEME_PACKAGE_CHANGED flg=0x10 } to com.lge.sizechangable.photoalbum/.PhotoAppWidgetReceiver requires com.lge.permission.ACCESS_CLOCK_WIDGET due to sender com.lge.appwidget.clock (uid 10037)
D/VolumeVibrator( 1813): clear
D/StatusBar.MSimNetworkController( 1678): isSimInserted(0), SimInserted=false
D/StatusBar.MSimNetworkController( 1678): isSimInserted(1), SimInserted=false
D/ConnectivityService(  929): onUidRulesChanged(uid=10134, uidRules=0)
D/VolumeVibrator( 1813): clear
D/VolumeVibrator( 1813): clear
D/VolumeVibrator( 1813): clear
D/StatusBar.MSimNetworkController( 1678): isSimInserted(0), SimInserted=false
D/StatusBar.MSimNetworkController( 1678): isSimInserted(0), SimInserted=false
D/StatusBar.MSimNetworkController( 1678): isSimInserted(0), SimInserted=false
D/StatusBar.MSimNetworkController( 1678): isSimInserted(0), SimInserted=false
D/VolumeVibrator( 1813): clear
I/ActivityManager(  929): START u0 {act=com.android.systemui.recent.action.TOGGLE_RECENTS flg=0x10800000 cmp=com.android.systemui/.recent.RecentsActivity} from pid 1678
V/InputMethodManagerService(  929): SoftKeypad HIDE broadcast
W/ContextImpl(  929): Calling a method in the system process without a qualified user: android.app.ContextImpl.sendBroadcast:1044 com.android.server.InputMethodManagerService.hideCurrentInputLocked:1832 com.android.server.InputMethodManagerService.windowGainedFocus:1938 com.android.internal.view.IInputMethodManager$Stub.onTransact:224 com.android.server.InputMethodManagerService.onTransact:841 
D/ConnectivityService(  929): onUidRulesChanged(uid=10048, uidRules=0)
I/ActivityManager(  929): Killing 27098:se.nena.nenamark1/u0a10134: remove task
D/VolumeVibrator( 1813): clear
D/ConnectivityService(  929): onUidRulesChanged(uid=10048, uidRules=0)
V/InputMethodManagerService(  929): SoftKeypad HIDE broadcast
W/ContextImpl(  929): Calling a method in the system process without a qualified user: android.app.ContextImpl.sendBroadcast:1044 com.android.server.InputMethodManagerService.hideCurrentInputLocked:1832 com.android.server.InputMethodManagerService.windowGainedFocus:1938 com.android.internal.view.IInputMethodManager$Stub.onTransact:224 com.android.server.InputMethodManagerService.onTransact:841 
W/InputMethodManagerService(  929): Starting input on non-focused client com.android.internal.view.IInputMethodClient$Stub$Proxy@429f6c80 (uid=10069 pid=1678)
W/ProcessStats(  929): Skipping unknown process pid 27390
W/ProcessStats(  929): Skipping unknown process pid 27391
W/ProcessStats(  929): Skipping unknown process pid 27395
W/ProcessStats(  929): Skipping unknown process pid 27398
W/ContextImpl( 6073): Calling a method in the system process without a qualified user: android.app.ContextImpl.sendBroadcast:1044 android.content.ContextWrapper.sendBroadcast:338 android.media.MediaPlayer$A2dpHandler.handleMessage:2071 android.os.Handler.dispatchMessage:99 android.os.Looper.loop:137 
I/ActivityManager(  929): Killing proc 26896:android.process.acore/u0a10003: kill background
I/ActivityManager(  929):  removeProcessLocked app.persistent = false callerWillRestart = false
I/ActivityManager(  929): Killing proc 27040:com.google.android.apps.maps:FriendService/u0a10016: kill background
I/ActivityManager(  929):  removeProcessLocked app.persistent = false callerWillRestart = false
I/ActivityManager(  929): Killing proc 27057:com.google.android.apps.maps:LocationFriendService/u0a10016: kill background
I/ActivityManager(  929):  removeProcessLocked app.persistent = false callerWillRestart = false
I/ActivityManager(  929): Killing proc 26983:com.google.android.apps.maps:GoogleLocationService/u0a10016: kill background
W/ActivityManager(  929): Scheduling restart of crashed service com.google.android.apps.maps/com.google.android.location.internal.server.GoogleLocationService in 5000ms
I/ActivityManager(  929):  removeProcessLocked app.persistent = false callerWillRestart = false
I/ActivityManager(  929): Killing proc 27165:com.google.android.apps.maps/u0a10016: kill background
W/ActivityManager(  929): Scheduling restart of crashed service com.google.android.apps.maps/com.google.googlenav.prefetch.android.PrefetcherService in 59988ms
I/ActivityManager(  929):  removeProcessLocked app.persistent = false callerWillRestart = false
I/ActivityManager(  929): Killing proc 27014:com.lge.email/u0a10043: kill background
I/ActivityManager(  929):  removeProcessLocked app.persistent = false callerWillRestart = false
I/ActivityManager(  929): Killing proc 26856:com.android.mms/u0a10055: kill background
I/ActivityManager(  929):  removeProcessLocked app.persistent = false callerWillRestart = false
I/ActivityManager(  929): Killing proc 27115:com.lge.lockscreensettings/u0a10052: kill background
I/ActivityManager(  929):  removeProcessLocked app.persistent = false callerWillRestart = false
I/ActivityManager(  929): Killing proc 26950:com.lge.appwidget.flashlight/u0a10045: kill background
I/ActivityManager(  929):  removeProcessLocked app.persistent = false callerWillRestart = false
D/CountryDetector(  929): No listener is left
I/ActivityManager(  929): Start proc com.lge.email for content provider com.lge.email/.providers.LGEmailContentProvider: pid=27435 uid=10043 gids={50043, 3003, 4002, 1015, 3001, 3002, 1028}
W/ActivityManager(  929): Unable to start service Intent { act=com.lge.email.engine.action.START_PROTOCOLS cmp=com.lge.email/.adapter.event.mgr.ProtocolStarterService } U=0: not found
I/PowerManagerService(  929): Going to sleep by user request...
D/VolumeVibrator( 1813): clear
W/ContextImpl(  929): Calling a method in the system process without a qualified user: android.app.ContextImpl.sendBroadcast:1044 com.android.internal.policy.impl.PhoneWindowManager.interceptKeyBeforeQueueing:5115 com.android.server.wm.InputMonitor.interceptKeyBeforeQueueing:361 com.android.server.input.InputManagerService.interceptKeyBeforeQueueing:1322 dalvik.system.NativeStart.run:-2 
D/ConnectivityService(  929): onUidRulesChanged(uid=10048, uidRules=0)
I/EmotionalLed( 1813): getCurrentHighestLGLedRecord() start. mLedList.size=1
D/VolumeVibrator( 1813): clear
I/EmotionalLed( 1813): updateLightsLocked() start. mLedList.size=1
D/StatusBarManager(  929): StatusBarManager.disable(0x3000000) called from android
D/StatusBarManager(  929): DISABLE_SEARCH found, GlobalAccess(SearchPanel) will be disabled by android
I/StatusBarManager(  929): ===============================
I/StatusBarManager(  929): java.lang.RuntimeException: StatusBarManager.disable(0x3000000) Call Stack
I/StatusBarManager(  929): 	at android.app.StatusBarManager.disable(StatusBarManager.java:115)
I/StatusBarManager(  929): 	at com.android.internal.policy.impl.keyguard.KeyguardViewMediator.adjustStatusBarLocked(KeyguardViewMediator.java:2032)
I/StatusBarManager(  929): 	at com.android.internal.policy.impl.keyguard.KeyguardViewMediator.handleShow(KeyguardViewMediator.java:1923)
I/StatusBarManager(  929): 	at com.android.internal.policy.impl.keyguard.KeyguardViewMediator.access$3100(KeyguardViewMediator.java:110)
I/StatusBarManager(  929): 	at com.android.internal.policy.impl.keyguard.KeyguardViewMediator$5.handleMessage(KeyguardViewMediator.java:1714)
I/StatusBarManager(  929): 	at android.os.Handler.dispatchMessage(Handler.java:99)
I/StatusBarManager(  929): 	at android.os.Looper.loop(Looper.java:137)
I/StatusBarManager(  929): 	at android.os.HandlerThread.run(HandlerThread.java:60)
D/PhoneStatusBar( 1678): disable: < expand icons alerts ticker system_info back home RECENT* clock SEARCH* >
D/PhoneStatusBar( 1678): disable: < expand icons alerts ticker system_info BACK* HOME* RECENT clock SEARCH >
I/ActivityManager(  929): Start proc com.google.android.apps.maps:GoogleLocationService for service com.google.android.apps.maps/com.google.android.location.internal.server.GoogleLocationService: pid=27489 uid=10016 gids={50016, 3003, 1015, 1028}
D/WifiService(  929): New client listening to asynchronous messages
I/ActivityManager(  929): Start proc com.google.android.apps.maps:FriendService for broadcast com.google.android.apps.maps/com.google.googlenav.friend.android.ServiceReceiver: pid=27517 uid=10016 gids={50016, 3003, 1015, 1028}
D/WifiService(  929): acquireWifiLockLocked: WifiLock{NetworkLocationLocator type=2 binder=android.os.BinderProxy@425bc320}
D/WifiService(  929): releaseWifiLockLocked: WifiLock{NetworkLocationLocator type=2 binder=android.os.BinderProxy@425bc320}
W/ActivityManager(  929): Permission denied: checkComponentPermission() owningUid=10007
W/BroadcastQueue(  929): Permission Denial: broadcasting Intent { act=com.google.android.location.internal.server.ACTION_RESTARTED flg=0x10 } from com.google.android.apps.maps (pid=27489, uid=10016) is not exported from uid 10007 due to receiver com.google.android.gms/com.google.android.location.reporting.service.ExternalChangeReceiver
I/ActivityManager(  929): Start proc com.google.android.apps.maps:LocationFriendService for broadcast com.google.android.apps.maps/com.google.googlenav.friend.reporting.LocationReportingIntentReceiver: pid=27531 uid=10016 gids={50016, 3003, 1015, 1028}
D/StatusBar.MSimNetworkController( 1678): isSimInserted(0), SimInserted=false
D/StatusBar.MSimNetworkController( 1678): isSimInserted(0), SimInserted=false
D/StatusBar.MSimNetworkController( 1678): isSimInserted(0), SimInserted=false
D/StatusBar.MSimNetworkController( 1678): isSimInserted(0), SimInserted=false
D/StatusBar.MSimNetworkController( 1678): isSimInserted(0), SimInserted=false
D/StatusBar.MSimNetworkController( 1678): isSimInserted(0), SimInserted=false
D/StatusBar.MSimNetworkController( 1678): isSimInserted(0), SimInserted=false
D/StatusBar.MSimNetworkController( 1678): isSimInserted(0), SimInserted=false
I/EmotionalLed( 1813): getCurrentHighestLGLedRecord() start. mLedList.size=1
V/EmotionalLed( 1813): startInternal : pkg=batteryinfo, recordId=0 : LGLedRecord{4273c158 flags=0 patternId=3 color=0 priority=-1 recordId=0 pkg=batteryinfo mExceptional=false mNativeNotification=false whichLedPlay=0}
D/EmotionalLed( 1813): enqueuing start. mLedList.size()=0
I/EmotionalLed( 1813): updateLightsLocked() start. mLedList.size=1
D/EmotionalLed( 1813): enqueuing end. mLedList.size()=1
D/StatusBar.MSimNetworkController( 1678): isSimInserted(0), SimInserted=false
D/StatusBar.MSimNetworkController( 1678): isSimInserted(0), SimInserted=false
D/StatusBar.MSimNetworkController( 1678): isSimInserted(0), SimInserted=false
D/StatusBar.MSimNetworkController( 1678): isSimInserted(0), SimInserted=false
I/ActivityManager(  929): Start proc com.google.android.apps.maps for service com.google.android.apps.maps/com.google.googlenav.prefetch.android.PrefetcherService: pid=27693 uid=10016 gids={50016, 3003, 1015, 1028}
D/WifiService(  929): New client listening to asynchronous messages
D/StatusBar.MSimNetworkController( 1678): isSimInserted(0), SimInserted=false
D/StatusBar.MSimNetworkController( 1678): isSimInserted(0), SimInserted=false
D/StatusBar.MSimNetworkController( 1678): isSimInserted(0), SimInserted=false
D/StatusBar.MSimNetworkController( 1678): isSimInserted(0), SimInserted=false
D/StatusBar.MSimNetworkController( 1678): isSimInserted(0), SimInserted=false
D/StatusBar.MSimNetworkController( 1678): isSimInserted(0), SimInserted=false
D/StatusBar.MSimNetworkController( 1678): isSimInserted(0), SimInserted=false
D/StatusBar.MSimNetworkController( 1678): isSimInserted(0), SimInserted=false
D/StatusBar.MSimNetworkController( 1678): isSimInserted(0), SimInserted=false
D/StatusBar.MSimNetworkController( 1678): isSimInserted(0), SimInserted=false
D/StatusBar.MSimNetworkController( 1678): isSimInserted(0), SimInserted=false
D/StatusBar.MSimNetworkController( 1678): isSimInserted(0), SimInserted=false
D/StatusBar.MSimNetworkController( 1678): isSimInserted(0), SimInserted=false
D/StatusBar.MSimNetworkController( 1678): isSimInserted(0), SimInserted=false
D/StatusBar.MSimNetworkController( 1678): isSimInserted(0), SimInserted=false
D/StatusBar.MSimNetworkController( 1678): isSimInserted(0), SimInserted=false
D/StatusBar.MSimNetworkController( 1678): isSimInserted(0), SimInserted=false
D/StatusBar.MSimNetworkController( 1678): isSimInserted(0), SimInserted=false
D/StatusBar.MSimNetworkController( 1678): isSimInserted(0), SimInserted=false
D/StatusBar.MSimNetworkController( 1678): isSimInserted(0), SimInserted=false
D/StatusBar.MSimNetworkController( 1678): isSimInserted(0), SimInserted=false
D/StatusBar.MSimNetworkController( 1678): isSimInserted(0), SimInserted=false
D/StatusBar.MSimNetworkController( 1678): isSimInserted(0), SimInserted=false
D/StatusBar.MSimNetworkController( 1678): isSimInserted(0), SimInserted=false
D/StatusBar.MSimNetworkController( 1678): isSimInserted(0), SimInserted=false
D/StatusBar.MSimNetworkController( 1678): isSimInserted(0), SimInserted=false
D/StatusBar.MSimNetworkController( 1678): isSimInserted(0), SimInserted=false
D/StatusBar.MSimNetworkController( 1678): isSimInserted(0), SimInserted=false
D/StatusBar.MSimNetworkController( 1678): isSimInserted(0), SimInserted=false
D/StatusBar.MSimNetworkController( 1678): isSimInserted(0), SimInserted=false
D/StatusBar.MSimNetworkController( 1678): isSimInserted(0), SimInserted=false
D/StatusBar.MSimNetworkController( 1678): isSimInserted(0), SimInserted=false
D/StatusBar.MSimNetworkController( 1678): isSimInserted(0), SimInserted=false
D/StatusBar.MSimNetworkController( 1678): isSimInserted(0), SimInserted=false
D/StatusBar.MSimNetworkController( 1678): isSimInserted(0), SimInserted=false
D/StatusBar.MSimNetworkController( 1678): isSimInserted(0), SimInserted=false
D/StatusBar.MSimNetworkController( 1678): isSimInserted(0), SimInserted=false
D/StatusBar.MSimNetworkController( 1678): isSimInserted(0), SimInserted=false
D/StatusBar.MSimNetworkController( 1678): isSimInserted(0), SimInserted=false
D/StatusBar.MSimNetworkController( 1678): isSimInserted(0), SimInserted=false
W/ThrottleService(  929): unable to find stats for iface rmnet0
W/SocketClient(  300): write error (Broken pipe)
I/EmotionalLed( 1813): getCurrentHighestLGLedRecord() start. mLedList.size=1
V/EmotionalLed( 1813): startInternal : pkg=batteryinfo, recordId=0 : LGLedRecord{427b6d78 flags=0 patternId=3 color=0 priority=-1 recordId=0 pkg=batteryinfo mExceptional=false mNativeNotification=false whichLedPlay=0}
D/EmotionalLed( 1813): enqueuing start. mLedList.size()=0
I/EmotionalLed( 1813): updateLightsLocked() start. mLedList.size=1
D/EmotionalLed( 1813): enqueuing end. mLedList.size()=1
D/StatusBar.MSimNetworkController( 1678): isSimInserted(0), SimInserted=false
D/StatusBar.MSimNetworkController( 1678): isSimInserted(0), SimInserted=false
D/StatusBar.MSimNetworkController( 1678): isSimInserted(0), SimInserted=false
D/StatusBar.MSimNetworkController( 1678): isSimInserted(0), SimInserted=false
D/StatusBar.MSimNetworkController( 1678): isSimInserted(0), SimInserted=false
D/StatusBar.MSimNetworkController( 1678): isSimInserted(0), SimInserted=false
D/StatusBar.MSimNetworkController( 1678): isSimInserted(0), SimInserted=false
D/StatusBar.MSimNetworkController( 1678): isSimInserted(0), SimInserted=false
D/StatusBar.MSimNetworkController( 1678): isSimInserted(0), SimInserted=false
D/StatusBar.MSimNetworkController( 1678): isSimInserted(0), SimInserted=false
D/StatusBar.MSimNetworkController( 1678): isSimInserted(0), SimInserted=false
D/StatusBar.MSimNetworkController( 1678): isSimInserted(0), SimInserted=false
D/StatusBar.MSimNetworkController( 1678): isSimInserted(0), SimInserted=false
D/StatusBar.MSimNetworkController( 1678): isSimInserted(0), SimInserted=false
D/StatusBar.MSimNetworkController( 1678): isSimInserted(0), SimInserted=false
D/StatusBar.MSimNetworkController( 1678): isSimInserted(0), SimInserted=false
D/StatusBar.MSimNetworkController( 1678): isSimInserted(0), SimInserted=false
D/StatusBar.MSimNetworkController( 1678): isSimInserted(0), SimInserted=false
D/StatusBar.MSimNetworkController( 1678): isSimInserted(0), SimInserted=false
D/StatusBar.MSimNetworkController( 1678): isSimInserted(0), SimInserted=false
D/StatusBar.MSimNetworkController( 1678): isSimInserted(0), SimInserted=false
D/StatusBar.MSimNetworkController( 1678): isSimInserted(0), SimInserted=false
D/StatusBar.MSimNetworkController( 1678): isSimInserted(0), SimInserted=false
D/StatusBar.MSimNetworkController( 1678): isSimInserted(0), SimInserted=false
D/StatusBar.MSimNetworkController( 1678): isSimInserted(0), SimInserted=false
D/StatusBar.MSimNetworkController( 1678): isSimInserted(0), SimInserted=false
D/StatusBar.MSimNetworkController( 1678): isSimInserted(0), SimInserted=false
D/StatusBar.MSimNetworkController( 1678): isSimInserted(0), SimInserted=false
D/StatusBar.MSimNetworkController( 1678): isSimInserted(0), SimInserted=false
D/StatusBar.MSimNetworkController( 1678): isSimInserted(0), SimInserted=false
D/StatusBar.MSimNetworkController( 1678): isSimInserted(0), SimInserted=false
D/StatusBar.MSimNetworkController( 1678): isSimInserted(0), SimInserted=false
D/StatusBar.MSimNetworkController( 1678): isSimInserted(0), SimInserted=false
D/StatusBar.MSimNetworkController( 1678): isSimInserted(0), SimInserted=false
D/StatusBar.MSimNetworkController( 1678): isSimInserted(0), SimInserted=false
D/StatusBar.MSimNetworkController( 1678): isSimInserted(0), SimInserted=false
D/StatusBar.MSimNetworkController( 1678): isSimInserted(0), SimInserted=false
D/StatusBar.MSimNetworkController( 1678): isSimInserted(0), SimInserted=false
D/StatusBar.MSimNetworkController( 1678): isSimInserted(0), SimInserted=false
D/StatusBar.MSimNetworkController( 1678): isSimInserted(0), SimInserted=false
D/StatusBar.MSimNetworkController( 1678): isSimInserted(0), SimInserted=false
D/StatusBar.MSimNetworkController( 1678): isSimInserted(0), SimInserted=false
D/StatusBar.MSimNetworkController( 1678): isSimInserted(0), SimInserted=false
D/StatusBar.MSimNetworkController( 1678): isSimInserted(0), SimInserted=false
I/EmotionalLed( 1813): getCurrentHighestLGLedRecord() start. mLedList.size=1
V/EmotionalLed( 1813): startInternal : pkg=batteryinfo, recordId=0 : LGLedRecord{427b5ca0 flags=0 patternId=3 color=0 priority=-1 recordId=0 pkg=batteryinfo mExceptional=false mNativeNotification=false whichLedPlay=0}
D/EmotionalLed( 1813): enqueuing start. mLedList.size()=0
I/EmotionalLed( 1813): updateLightsLocked() start. mLedList.size=1
D/EmotionalLed( 1813): enqueuing end. mLedList.size()=1
D/StatusBar.MSimNetworkController( 1678): isSimInserted(0), SimInserted=false
D/StatusBar.MSimNetworkController( 1678): isSimInserted(0), SimInserted=false
D/StatusBar.MSimNetworkController( 1678): isSimInserted(0), SimInserted=false
D/StatusBar.MSimNetworkController( 1678): isSimInserted(0), SimInserted=false
D/StatusBar.MSimNetworkController( 1678): isSimInserted(0), SimInserted=false
D/StatusBar.MSimNetworkController( 1678): isSimInserted(0), SimInserted=false
D/StatusBar.MSimNetworkController( 1678): isSimInserted(0), SimInserted=false
D/StatusBar.MSimNetworkController( 1678): isSimInserted(0), SimInserted=false
D/StatusBar.MSimNetworkController( 1678): isSimInserted(0), SimInserted=false
D/StatusBar.MSimNetworkController( 1678): isSimInserted(0), SimInserted=false
D/StatusBar.MSimNetworkController( 1678): isSimInserted(0), SimInserted=false
D/StatusBar.MSimNetworkController( 1678): isSimInserted(0), SimInserted=false
D/StatusBar.MSimNetworkController( 1678): isSimInserted(0), SimInserted=false
D/StatusBar.MSimNetworkController( 1678): isSimInserted(0), SimInserted=false
D/StatusBar.MSimNetworkController( 1678): isSimInserted(0), SimInserted=false
D/StatusBar.MSimNetworkController( 1678): isSimInserted(0), SimInserted=false
D/StatusBar.MSimNetworkController( 1678): isSimInserted(0), SimInserted=false
D/StatusBar.MSimNetworkController( 1678): isSimInserted(0), SimInserted=false
D/StatusBar.MSimNetworkController( 1678): isSimInserted(0), SimInserted=false
D/StatusBar.MSimNetworkController( 1678): isSimInserted(0), SimInserted=false
D/StatusBar.MSimNetworkController( 1678): isSimInserted(0), SimInserted=false
D/StatusBar.MSimNetworkController( 1678): isSimInserted(0), SimInserted=false
D/StatusBar.MSimNetworkController( 1678): isSimInserted(0), SimInserted=false
D/StatusBar.MSimNetworkController( 1678): isSimInserted(0), SimInserted=false
D/StatusBar.MSimNetworkController( 1678): isSimInserted(0), SimInserted=false
D/StatusBar.MSimNetworkController( 1678): isSimInserted(0), SimInserted=false
D/StatusBar.MSimNetworkController( 1678): isSimInserted(0), SimInserted=false
D/StatusBar.MSimNetworkController( 1678): isSimInserted(0), SimInserted=false
I/ActivityManager(  929): No longer want com.lge.appbox.client (pid 23701): empty for 1854s
I/ActivityManager(  929): No longer want com.lge.appbox.client:AppBoxCommonService (pid 23686): empty for 1854s
I/ActivityManager(  929): No longer want com.google.android.music:main (pid 23737): empty for 1839s
W/ActivityManager(  929): Scheduling restart of crashed service com.google.android.music/.playback.MusicPlaybackService in 5000ms
I/ActivityManager(  929): Kill com.lge.appbox.client:AppBoxCommonService (pid 23686): provider com.lge.appbox.databases.AppBoxContentProvider in dying process com.lge.appbox.client
W/ActivityManager(  929): Scheduling restart of crashed service com.lge.appbox.client/com.lge.appbox.service.AppBoxCommonService in 14991ms
I/ActivityManager(  929): Start proc com.google.android.music:main for service com.google.android.music/.playback.MusicPlaybackService: pid=29081 uid=10083 gids={50083, 3003, 1015, 1028}
D/StatusBar.MSimNetworkController( 1678): isSimInserted(0), SimInserted=false
D/StatusBar.MSimNetworkController( 1678): isSimInserted(0), SimInserted=false
D/StatusBar.MSimNetworkController( 1678): isSimInserted(0), SimInserted=false
D/StatusBar.MSimNetworkController( 1678): isSimInserted(0), SimInserted=false
I/ActivityManager(  929): Start proc com.lge.appbox.client:AppBoxCommonService for service com.lge.appbox.client/com.lge.appbox.service.AppBoxCommonService: pid=29201 uid=10029 gids={50029, 3003, 1015, 2001, 1028}
I/ActivityManager(  929): Start proc com.lge.appbox.client for content provider com.lge.appbox.client/com.lge.appbox.databases.AppBoxContentProvider: pid=29220 uid=10029 gids={50029, 3003, 1015, 2001, 1028}
D/StatusBar.MSimNetworkController( 1678): isSimInserted(0), SimInserted=false
D/StatusBar.MSimNetworkController( 1678): isSimInserted(0), SimInserted=false
D/StatusBar.MSimNetworkController( 1678): isSimInserted(0), SimInserted=false
D/StatusBar.MSimNetworkController( 1678): isSimInserted(0), SimInserted=false
D/StatusBar.MSimNetworkController( 1678): isSimInserted(0), SimInserted=false
D/StatusBar.MSimNetworkController( 1678): isSimInserted(0), SimInserted=false
D/StatusBar.MSimNetworkController( 1678): isSimInserted(0), SimInserted=false
D/StatusBar.MSimNetworkController( 1678): isSimInserted(0), SimInserted=false
I/EmotionalLed( 1813): getCurrentHighestLGLedRecord() start. mLedList.size=1
V/EmotionalLed( 1813): startInternal : pkg=batteryinfo, recordId=0 : LGLedRecord{4275c5f0 flags=0 patternId=3 color=0 priority=-1 recordId=0 pkg=batteryinfo mExceptional=false mNativeNotification=false whichLedPlay=0}
D/EmotionalLed( 1813): enqueuing start. mLedList.size()=0
I/EmotionalLed( 1813): updateLightsLocked() start. mLedList.size=1
D/EmotionalLed( 1813): enqueuing end. mLedList.size()=1
D/StatusBar.MSimNetworkController( 1678): isSimInserted(0), SimInserted=false
D/StatusBar.MSimNetworkController( 1678): isSimInserted(0), SimInserted=false
D/StatusBar.MSimNetworkController( 1678): isSimInserted(0), SimInserted=false
D/StatusBar.MSimNetworkController( 1678): isSimInserted(0), SimInserted=false
D/StatusBar.MSimNetworkController( 1678): isSimInserted(0), SimInserted=false
D/StatusBar.MSimNetworkController( 1678): isSimInserted(0), SimInserted=false
D/StatusBar.MSimNetworkController( 1678): isSimInserted(0), SimInserted=false
D/StatusBar.MSimNetworkController( 1678): isSimInserted(0), SimInserted=false
D/StatusBar.MSimNetworkController( 1678): isSimInserted(0), SimInserted=false
D/StatusBar.MSimNetworkController( 1678): isSimInserted(0), SimInserted=false
D/StatusBar.MSimNetworkController( 1678): isSimInserted(0), SimInserted=false
D/StatusBar.MSimNetworkController( 1678): isSimInserted(0), SimInserted=false
D/StatusBar.MSimNetworkController( 1678): isSimInserted(0), SimInserted=false
D/StatusBar.MSimNetworkController( 1678): isSimInserted(0), SimInserted=false
D/StatusBar.MSimNetworkController( 1678): isSimInserted(0), SimInserted=false
D/StatusBar.MSimNetworkController( 1678): isSimInserted(0), SimInserted=false
D/StatusBar.MSimNetworkController( 1678): isSimInserted(0), SimInserted=false
D/StatusBar.MSimNetworkController( 1678): isSimInserted(0), SimInserted=false
D/StatusBar.MSimNetworkController( 1678): isSimInserted(0), SimInserted=false
D/StatusBar.MSimNetworkController( 1678): isSimInserted(0), SimInserted=false
D/StatusBar.MSimNetworkController( 1678): isSimInserted(0), SimInserted=false
D/StatusBar.MSimNetworkController( 1678): isSimInserted(0), SimInserted=false
D/StatusBar.MSimNetworkController( 1678): isSimInserted(0), SimInserted=false
D/StatusBar.MSimNetworkController( 1678): isSimInserted(0), SimInserted=false
D/StatusBar.MSimNetworkController( 1678): isSimInserted(0), SimInserted=false
D/StatusBar.MSimNetworkController( 1678): isSimInserted(0), SimInserted=false
D/StatusBar.MSimNetworkController( 1678): isSimInserted(0), SimInserted=false
D/StatusBar.MSimNetworkController( 1678): isSimInserted(0), SimInserted=false
W/ProcessStats(  929): Skipping unknown process pid 29695
W/ProcessStats(  929): Skipping unknown process pid 29696
D/StatusBar.MSimNetworkController( 1678): isSimInserted(0), SimInserted=false
D/StatusBar.MSimNetworkController( 1678): isSimInserted(0), SimInserted=false
D/StatusBar.MSimNetworkController( 1678): isSimInserted(0), SimInserted=false
D/StatusBar.MSimNetworkController( 1678): isSimInserted(0), SimInserted=false
D/StatusBar.MSimNetworkController( 1678): isSimInserted(0), SimInserted=false
D/StatusBar.MSimNetworkController( 1678): isSimInserted(0), SimInserted=false
D/StatusBar.MSimNetworkController( 1678): isSimInserted(0), SimInserted=false
D/StatusBar.MSimNetworkController( 1678): isSimInserted(0), SimInserted=false
W/ThrottleService(  929): unable to find stats for iface rmnet0
D/StatusBar.MSimNetworkController( 1678): isSimInserted(0), SimInserted=false
D/StatusBar.MSimNetworkController( 1678): isSimInserted(0), SimInserted=false
D/StatusBar.MSimNetworkController( 1678): isSimInserted(0), SimInserted=false
D/StatusBar.MSimNetworkController( 1678): isSimInserted(0), SimInserted=false
D/StatusBar.MSimNetworkController( 1678): isSimInserted(0), SimInserted=false
D/StatusBar.MSimNetworkController( 1678): isSimInserted(0), SimInserted=false
D/StatusBar.MSimNetworkController( 1678): isSimInserted(0), SimInserted=false
D/StatusBar.MSimNetworkController( 1678): isSimInserted(0), SimInserted=false
I/EmotionalLed( 1813): getCurrentHighestLGLedRecord() start. mLedList.size=1
V/EmotionalLed( 1813): startInternal : pkg=batteryinfo, recordId=0 : LGLedRecord{42919888 flags=0 patternId=3 color=0 priority=-1 recordId=0 pkg=batteryinfo mExceptional=false mNativeNotification=false whichLedPlay=0}
D/EmotionalLed( 1813): enqueuing start. mLedList.size()=0
I/EmotionalLed( 1813): updateLightsLocked() start. mLedList.size=1
D/EmotionalLed( 1813): enqueuing end. mLedList.size()=1
D/StatusBar.MSimNetworkController( 1678): isSimInserted(0), SimInserted=false
D/StatusBar.MSimNetworkController( 1678): isSimInserted(0), SimInserted=false
D/StatusBar.MSimNetworkController( 1678): isSimInserted(0), SimInserted=false
D/StatusBar.MSimNetworkController( 1678): isSimInserted(0), SimInserted=false
D/StatusBar.MSimNetworkController( 1678): isSimInserted(0), SimInserted=false
D/StatusBar.MSimNetworkController( 1678): isSimInserted(0), SimInserted=false
D/StatusBar.MSimNetworkController( 1678): isSimInserted(0), SimInserted=false
D/StatusBar.MSimNetworkController( 1678): isSimInserted(0), SimInserted=false
D/StatusBar.MSimNetworkController( 1678): isSimInserted(0), SimInserted=false
D/StatusBar.MSimNetworkController( 1678): isSimInserted(0), SimInserted=false
D/StatusBar.MSimNetworkController( 1678): isSimInserted(0), SimInserted=false
D/StatusBar.MSimNetworkController( 1678): isSimInserted(0), SimInserted=false
W/ContextImpl(  929): Calling a method in the system process without a qualified user: android.app.ContextImpl.sendBroadcast:1044 com.android.internal.policy.impl.PhoneWindowManager.interceptKeyBeforeQueueing:5115 com.android.server.wm.InputMonitor.interceptKeyBeforeQueueing:361 com.android.server.input.InputManagerService.interceptKeyBeforeQueueing:1322 dalvik.system.NativeStart.run:-2 
W/ContextImpl(  929): Calling a method in the system process without a qualified user: android.app.ContextImpl.sendBroadcast:1044 com.android.internal.policy.impl.PhoneWindowManager.interceptKeyBeforeQueueing:5120 com.android.server.wm.InputMonitor.interceptKeyBeforeQueueing:361 com.android.server.input.InputManagerService.interceptKeyBeforeQueueing:1322 dalvik.system.NativeStart.run:-2 
I/PowerManagerService(  929): Waking up from sleep...
I/WindowManager(  929): Lock screen displayed!
D/ConnectivityService(  929): onUidRulesChanged(uid=10048, uidRules=0)
I/EmotionalLed( 1813): getCurrentHighestLGLedRecord() start. mLedList.size=1
I/ActivityManager(  929): Start proc com.lge.appwidget.flashlight for broadcast com.lge.appwidget.flashlight/.FlashlightAppWidgetProvider: pid=30038 uid=10045 gids={50045, 1006, 1028}
W/ContextImpl( 6073): Calling a method in the system process without a qualified user: android.app.ContextImpl.sendBroadcast:1044 android.content.ContextWrapper.sendBroadcast:338 com.lge.lmk.widget.WidgetUpdater$UpdateThread.handleMessage:155 android.os.Handler.dispatchMessage:95 android.os.Looper.loop:137 
I/EmotionalLed( 1813): updateLightsLocked() start. mLedList.size=1
D/VolumeVibrator( 1813): clear
D/VolumeVibrator( 1813): clear
D/StatusBarManager(  929): StatusBarManager.disable(0x0) called from android
I/StatusBarManager(  929): ===============================
I/StatusBarManager(  929): java.lang.RuntimeException: StatusBarManager.disable(0x0) Call Stack
I/StatusBarManager(  929): 	at android.app.StatusBarManager.disable(StatusBarManager.java:115)
I/StatusBarManager(  929): 	at com.android.internal.policy.impl.keyguard.KeyguardViewMediator.adjustStatusBarLocked(KeyguardViewMediator.java:2032)
I/StatusBarManager(  929): 	at com.android.internal.policy.impl.keyguard.KeyguardViewMediator.handleHide(KeyguardViewMediator.java:1962)
I/StatusBarManager(  929): 	at com.android.internal.policy.impl.keyguard.KeyguardViewMediator.handleKeyguardDone(KeyguardViewMediator.java:1795)
I/StatusBarManager(  929): 	at com.android.internal.policy.impl.keyguard.KeyguardViewMediator.access$3900(KeyguardViewMediator.java:110)
I/StatusBarManager(  929): 	at com.android.internal.policy.impl.keyguard.KeyguardViewMediator$5.handleMessage(KeyguardViewMediator.java:1741)
I/StatusBarManager(  929): 	at android.os.Handler.dispatchMessage(Handler.java:99)
I/StatusBarManager(  929): 	at android.os.Looper.loop(Looper.java:137)
I/StatusBarManager(  929): 	at android.os.HandlerThread.run(HandlerThread.java:60)
D/PhoneStatusBar( 1678): disable: < expand icons alerts ticker system_info BACK HOME recent* clock search* >
W/InputMethodManagerService(  929): Window already focused, ignoring focus gain of: com.android.internal.view.IInputMethodClient$Stub$Proxy@439e3e78 attribute=android.view.inputmethod.EditorInfo@43866610, token = android.os.BinderProxy@42b13320
D/PhoneStatusBar( 1678): disable: < expand icons alerts ticker system_info back* home* recent clock search >
D/StatusBar.MSimNetworkController( 1678): isSimInserted(0), SimInserted=false
D/StatusBar.MSimNetworkController( 1678): isSimInserted(0), SimInserted=false
D/StatusBar.MSimNetworkController( 1678): isSimInserted(0), SimInserted=false
D/StatusBar.MSimNetworkController( 1678): isSimInserted(0), SimInserted=false
W/ContextImpl( 6073): Calling a method in the system process without a qualified user: android.app.ContextImpl.sendBroadcast:1044 android.content.ContextWrapper.sendBroadcast:338 com.lge.lmk.widget.WidgetUpdater$UpdateThread.handleMessage:155 android.os.Handler.dispatchMessage:95 android.os.Looper.loop:137 
I/ActivityManager(  929): START u0 {act=android.intent.action.MAIN cat=[android.intent.category.LAUNCHER] flg=0x10200000 cmp=com.glbenchmark.glbenchmark25/com.glbenchmark.activities.GLBenchmarkDownloaderActivity} from pid 6874
I/ActivityManager(  929): Start proc com.glbenchmark.glbenchmark25 for activity com.glbenchmark.glbenchmark25/com.glbenchmark.activities.GLBenchmarkDownloaderActivity: pid=30151 uid=10131 gids={50131, 3003, 1015, 1028}
D/ConnectivityService(  929): onUidRulesChanged(uid=10131, uidRules=0)
V/ActivityThread(30151): Benchmark is Detected, Dummy Info is set : com.glbenchmark.glbenchmark25
I/ActivityManager(  929): START u0 {cmp=com.glbenchmark.glbenchmark25/com.glbenchmark.activities.MainActivity (has extras)} from pid 30151
I/ActivityManager(  929): START u0 {cmp=com.glbenchmark.glbenchmark25/com.glbenchmark.activities.GetGLEGLInfo (has extras)} from pid 30151
I/ActivityManager(  929): Config changes=480 {1.0 ?mcc?mnc en_US ldltr sw360dp w640dp h334dp 240dpi nrml long land finger -keyb/v/h -nav/h s.34-1fontTypeIndex}
W/BroadcastQueue(  929): Permission Denial: receiving Intent { act=android.intent.action.THEME_PACKAGE_CHANGED flg=0x10 } to ProcessRecord{424c1a78 1741:com.lge.ime/u0a10041} (pid=1741, uid=10041) requires com.lge.permission.ACCESS_CLOCK_WIDGET due to sender com.lge.appwidget.clock (uid 10037)
W/BroadcastQueue(  929): Permission Denial: receiving Intent { act=android.intent.action.THEME_PACKAGE_CHANGED flg=0x10 } to ProcessRecord{424c0978 3344:com.lge.sizechangable.weather/u0a10077} (pid=3344, uid=10077) requires com.lge.permission.ACCESS_CLOCK_WIDGET due to sender com.lge.appwidget.clock (uid 10037)
W/BroadcastQueue(  929): Permission Denial: receiving Intent { act=android.intent.action.THEME_PACKAGE_CHANGED flg=0x10 } to ProcessRecord{424f96b0 25207:com.lge.sizechangable.musicwidget.widget/u0a10057} (pid=25207, uid=10057) requires com.lge.permission.ACCESS_CLOCK_WIDGET due to sender com.lge.appwidget.clock (uid 10037)
W/BroadcastQueue(  929): Permission Denial: receiving Intent { act=android.intent.action.THEME_PACKAGE_CHANGED flg=0x10 } to com.android.calendar/.widget.CalendarAppWidgetProvider requires com.lge.permission.ACCESS_CLOCK_WIDGET due to sender com.lge.appwidget.clock (uid 10037)
E/ActivityThread( 1775): Failed to find provider info for com.lge.lollipop.provider
W/ContextImpl( 6073): Calling a method in the system process without a qualified user: android.app.ContextImpl.sendBroadcast:1044 android.content.ContextWrapper.sendBroadcast:338 com.lge.lmk.widget.WidgetUpdater.changeWidgetTheme:66 com.lge.lmk.widget.WidgetUpdater.access$200:16 com.lge.lmk.widget.WidgetUpdater$1.onReceive:46 
I/ActivityManager(  929): Start proc com.lge.lockscreensettings for content provider com.lge.lockscreensettings/.LockSettingsProvider: pid=30188 uid=10052 gids={50052, 1028}
W/BroadcastQueue(  929): Permission Denial: receiving Intent { act=android.intent.action.THEME_PACKAGE_CHANGED flg=0x10 } to com.lge.email/.ui.widget.EmailWidgetProvider requires com.lge.permission.ACCESS_CLOCK_WIDGET due to sender com.lge.appwidget.clock (uid 10037)
W/BroadcastQueue(  929): Permission Denial: receiving Intent { act=android.intent.action.THEME_PACKAGE_CHANGED flg=0x10 } to com.lge.appwidget.flashlight/.FlashlightAppWidgetProvider requires com.lge.permission.ACCESS_CLOCK_WIDGET due to sender com.lge.appwidget.clock (uid 10037)
W/BroadcastQueue(  929): Permission Denial: receiving Intent { act=android.intent.action.THEME_PACKAGE_CHANGED flg=0x10 } to com.lge.lockscreensettings/.LockSettingsReceiver requires com.lge.permission.ACCESS_CLOCK_WIDGET due to sender com.lge.appwidget.clock (uid 10037)
W/BroadcastQueue(  929): Permission Denial: receiving Intent { act=android.intent.action.THEME_PACKAGE_CHANGED flg=0x10 } to com.lge.sizechangable.photoalbum/.PhotoAppWidgetReceiver requires com.lge.permission.ACCESS_CLOCK_WIDGET due to sender com.lge.appwidget.clock (uid 10037)
V/InputMethodManagerService(  929): SoftKeypad HIDE broadcast
W/ContextImpl(  929): Calling a method in the system process without a qualified user: android.app.ContextImpl.sendBroadcast:1044 com.android.server.InputMethodManagerService.hideCurrentInputLocked:1832 com.android.server.InputMethodManagerService.windowGainedFocus:1938 com.android.internal.view.IInputMethodManager$Stub.onTransact:224 com.android.server.InputMethodManagerService.onTransact:841 
D/ConnectivityService(  929): onUidRulesChanged(uid=10048, uidRules=0)
D/StatusBar.MSimNetworkController( 1678): isSimInserted(0), SimInserted=false
D/StatusBar.MSimNetworkController( 1678): isSimInserted(1), SimInserted=false
I/ActivityManager(  929): Config changes=480 {1.0 ?mcc?mnc en_US ldltr sw360dp w360dp h614dp 240dpi nrml long port finger -keyb/v/h -nav/h s.35-1fontTypeIndex}
E/ActivityThread( 1775): Failed to find provider info for com.lge.lollipop.provider
W/BroadcastQueue(  929): Permission Denial: receiving Intent { act=android.intent.action.THEME_PACKAGE_CHANGED flg=0x10 } to ProcessRecord{424c1a78 1741:com.lge.ime/u0a10041} (pid=1741, uid=10041) requires com.lge.permission.ACCESS_CLOCK_WIDGET due to sender com.lge.appwidget.clock (uid 10037)
W/BroadcastQueue(  929): Permission Denial: receiving Intent { act=android.intent.action.THEME_PACKAGE_CHANGED flg=0x10 } to ProcessRecord{424c0978 3344:com.lge.sizechangable.weather/u0a10077} (pid=3344, uid=10077) requires com.lge.permission.ACCESS_CLOCK_WIDGET due to sender com.lge.appwidget.clock (uid 10037)
