01-12 05:05:55.330 I/am_activity_launch_time(  929): [0,1111383376,com.glbenchmark.glbenchmark25/com.glbenchmark.activities.GLBenchmarkActivity,271,271]
01-12 05:05:55.330 V/InputMethodManagerService(  929): SoftKeypad HIDE broadcast
01-12 05:05:55.330 W/ContextImpl(  929): Calling a method in the system process without a qualified user: android.app.ContextImpl.sendBroadcast:1044 com.android.server.InputMethodManagerService.hideCurrentInputLocked:1832 com.android.server.InputMethodManagerService.windowGainedFocus:1938 com.android.internal.view.IInputMethodManager$Stub.onTransact:224 com.android.server.InputMethodManagerService.onTransact:841 
01-12 05:05:55.380 I/am_destroy_activity(  929): [0,1130627528,86,com.glbenchmark.glbenchmark25/com.glbenchmark.activities.TestSelectActivity,finish-imm]
01-12 05:05:55.440 D/StatusBar.MSimNetworkController( 1678): isSimInserted(0), SimInserted=false
01-12 05:05:55.440 D/StatusBar.MSimNetworkController( 1678): isSimInserted(1), SimInserted=false
01-12 05:06:05.040 I/battery_level(  929): [64,4039,335]
01-12 05:06:08.430 D/RILJ    ( 1775): [1767]> SIGNAL_STRENGTH [SUB1]
01-12 05:06:08.430 D/RILC    (  386): RIL onRequestComplete: Command channel closed
01-12 05:06:08.430 D/RILJ    ( 1775): [1767]< SIGNAL_STRENGTH SignalStrength: 0 0 0 0 0 0 0 0 0 0 0 0 0 cdma 0 [SUB1]
01-12 05:06:08.430 D/StatusBar.MSimNetworkController( 1678): isSimInserted(0), SimInserted=false
01-12 05:06:08.430 D/StatusBar.MSimNetworkController( 1678): isSimInserted(0), SimInserted=false
01-12 05:06:08.440 D/StatusBar.MSimNetworkController( 1678): isSimInserted(0), SimInserted=false
01-12 05:06:08.440 D/StatusBar.MSimNetworkController( 1678): isSimInserted(0), SimInserted=false
01-12 05:06:28.460 D/RILJ    ( 1775): [1768]> SIGNAL_STRENGTH [SUB1]
01-12 05:06:28.460 D/RILC    (  386): RIL onRequestComplete: Command channel closed
01-12 05:06:28.460 D/RILJ    ( 1775): [1768]< SIGNAL_STRENGTH SignalStrength: 0 0 0 0 0 0 0 0 0 0 0 0 0 cdma 0 [SUB1]
01-12 05:06:28.470 D/StatusBar.MSimNetworkController( 1678): isSimInserted(0), SimInserted=false
01-12 05:06:28.470 D/StatusBar.MSimNetworkController( 1678): isSimInserted(0), SimInserted=false
01-12 05:06:28.470 D/StatusBar.MSimNetworkController( 1678): isSimInserted(0), SimInserted=false
01-12 05:06:28.470 D/StatusBar.MSimNetworkController( 1678): isSimInserted(0), SimInserted=false
01-12 05:06:46.170 I/battery_level(  929): [64,4012,340]
01-12 05:06:46.210 I/battery_level(  929): [64,4014,339]
01-12 05:06:46.320 I/battery_level(  929): [64,4022,340]
01-12 05:06:46.360 I/battery_level(  929): [64,4007,340]
01-12 05:06:48.500 D/RILJ    ( 1775): [1769]> SIGNAL_STRENGTH [SUB1]
01-12 05:06:48.500 D/RILC    (  386): RIL onRequestComplete: Command channel closed
01-12 05:06:48.500 D/RILJ    ( 1775): [1769]< SIGNAL_STRENGTH SignalStrength: 0 0 0 0 0 0 0 0 0 0 0 0 0 cdma 0 [SUB1]
01-12 05:06:48.500 D/StatusBar.MSimNetworkController( 1678): isSimInserted(0), SimInserted=false
01-12 05:06:48.510 D/StatusBar.MSimNetworkController( 1678): isSimInserted(0), SimInserted=false
01-12 05:06:48.510 D/StatusBar.MSimNetworkController( 1678): isSimInserted(0), SimInserted=false
01-12 05:06:48.510 D/StatusBar.MSimNetworkController( 1678): isSimInserted(0), SimInserted=false
01-12 05:06:49.520 I/battery_level(  929): [64,4017,339]
01-12 05:07:05.200 I/battery_level(  929): [64,4014,341]
01-12 05:07:08.520 D/RILJ    ( 1775): [1770]> SIGNAL_STRENGTH [SUB1]
01-12 05:07:08.530 D/RILC    (  386): RIL onRequestComplete: Command channel closed
01-12 05:07:08.530 D/RILJ    ( 1775): [1770]< SIGNAL_STRENGTH SignalStrength: 0 0 0 0 0 0 0 0 0 0 0 0 0 cdma 0 [SUB1]
01-12 05:07:08.530 D/StatusBar.MSimNetworkController( 1678): isSimInserted(0), SimInserted=false
01-12 05:07:08.530 D/StatusBar.MSimNetworkController( 1678): isSimInserted(0), SimInserted=false
01-12 05:07:08.540 D/StatusBar.MSimNetworkController( 1678): isSimInserted(0), SimInserted=false
01-12 05:07:08.540 D/StatusBar.MSimNetworkController( 1678): isSimInserted(0), SimInserted=false
01-12 05:07:28.560 D/RILJ    ( 1775): [1771]> SIGNAL_STRENGTH [SUB1]
01-12 05:07:28.560 D/RILC    (  386): RIL onRequestComplete: Command channel closed
01-12 05:07:28.560 D/RILJ    ( 1775): [1771]< SIGNAL_STRENGTH SignalStrength: 0 0 0 0 0 0 0 0 0 0 0 0 0 cdma 0 [SUB1]
01-12 05:07:28.560 D/StatusBar.MSimNetworkController( 1678): isSimInserted(0), SimInserted=false
01-12 05:07:28.570 D/StatusBar.MSimNetworkController( 1678): isSimInserted(0), SimInserted=false
01-12 05:07:28.570 D/StatusBar.MSimNetworkController( 1678): isSimInserted(0), SimInserted=false
01-12 05:07:28.570 D/StatusBar.MSimNetworkController( 1678): isSimInserted(0), SimInserted=false
01-12 05:07:48.570 D/RILJ    ( 1775): [1772]> SIGNAL_STRENGTH [SUB1]
01-12 05:07:48.570 D/RILC    (  386): RIL onRequestComplete: Command channel closed
01-12 05:07:48.570 D/RILJ    ( 1775): [1772]< SIGNAL_STRENGTH SignalStrength: 0 0 0 0 0 0 0 0 0 0 0 0 0 cdma 0 [SUB1]
01-12 05:07:48.570 D/StatusBar.MSimNetworkController( 1678): isSimInserted(0), SimInserted=false
01-12 05:07:48.580 D/StatusBar.MSimNetworkController( 1678): isSimInserted(0), SimInserted=false
01-12 05:07:48.580 D/StatusBar.MSimNetworkController( 1678): isSimInserted(0), SimInserted=false
01-12 05:07:48.580 D/StatusBar.MSimNetworkController( 1678): isSimInserted(0), SimInserted=false
01-12 05:07:50.880 I/am_kill (  929): [0,25950,org.simalliance.openmobileapi.service:remote,9,old background process]
01-12 05:07:50.880 I/ActivityManager(  929): No longer want org.simalliance.openmobileapi.service:remote (pid 25950): empty for 1845s
01-12 05:07:50.890 W/ThrottleService(  929): unable to find stats for iface rmnet0
01-12 05:07:50.900 I/am_proc_died(  929): [0,25950,org.simalliance.openmobileapi.service:remote]
01-12 05:07:50.900 I/am_schedule_service_restart(  929): [0,org.simalliance.openmobileapi.service/.SmartcardService,5000]
01-12 05:07:50.900 W/ActivityManager(  929): Scheduling restart of crashed service org.simalliance.openmobileapi.service/.SmartcardService in 5000ms
01-12 05:07:55.920 I/am_proc_start(  929): [0,31877,10067,org.simalliance.openmobileapi.service:remote,service,org.simalliance.openmobileapi.service/.SmartcardService]
01-12 05:07:55.920 I/ActivityManager(  929): Start proc org.simalliance.openmobileapi.service:remote for service org.simalliance.openmobileapi.service/.SmartcardService: pid=31877 uid=10067 gids={50067, 1028}
01-12 05:07:55.930 I/am_proc_bound(  929): [0,31877,org.simalliance.openmobileapi.service:remote]
01-12 05:07:55.940 I/am_create_service(  929): [0,1117035960,org.simalliance.openmobileapi.service/.SmartcardService,31877]
01-12 05:07:59.330 I/am_create_activity(  929): [0,1112412056,86,com.glbenchmark.glbenchmark25/com.glbenchmark.activities.ResultsSender,NULL,NULL,NULL,0]
01-12 05:07:59.330 I/ActivityManager(  929): START u0 {cmp=com.glbenchmark.glbenchmark25/com.glbenchmark.activities.ResultsSender} from pid 30151
01-12 05:07:59.340 I/am_pause_activity(  929): [0,1111383376,com.glbenchmark.glbenchmark25/com.glbenchmark.activities.GLBenchmarkActivity]
01-12 05:07:59.350 I/am_finish_activity(  929): [0,1111383376,86,com.glbenchmark.glbenchmark25/com.glbenchmark.activities.GLBenchmarkActivity,app-request]
01-12 05:07:59.350 I/am_on_paused_called(30151): [0,com.glbenchmark.activities.GLBenchmarkActivity]
01-12 05:07:59.380 I/configuration_changed(  929): 1152
01-12 05:07:59.380 I/ActivityManager(  929): Config changes=480 {1.0 ?mcc?mnc en_US ldltr sw360dp w360dp h614dp 240dpi nrml long port finger -keyb/v/h -nav/h s.41-1fontTypeIndex}
01-12 05:07:59.410 I/binder_sample(26413): [android.hardware.display.IDisplayManager,1,14,com.lge.osp,2]
01-12 05:07:59.420 I/binder_sample(31877): [android.hardware.display.IDisplayManager,1,43,org.simalliance.openmobileapi.service:r,8]
01-12 05:07:59.430 I/binder_sample(31164): [android.hardware.display.IDisplayManager,1,25,com.lge.music,5]
01-12 05:07:59.440 I/am_restart_activity(  929): [0,1112412056,86,com.glbenchmark.glbenchmark25/com.glbenchmark.activities.ResultsSender]
01-12 05:07:59.450 E/ActivityThread( 1775): Failed to find provider info for com.lge.lollipop.provider
01-12 05:07:59.450 W/BroadcastQueue(  929): Permission Denial: receiving Intent { act=android.intent.action.THEME_PACKAGE_CHANGED flg=0x10 } to ProcessRecord{424c1a78 1741:com.lge.ime/u0a10041} (pid=1741, uid=10041) requires com.lge.permission.ACCESS_CLOCK_WIDGET due to sender com.lge.appwidget.clock (uid 10037)
01-12 05:07:59.450 W/BroadcastQueue(  929): Permission Denial: receiving Intent { act=android.intent.action.THEME_PACKAGE_CHANGED flg=0x10 } to ProcessRecord{424c0978 3344:com.lge.sizechangable.weather/u0a10077} (pid=3344, uid=10077) requires com.lge.permission.ACCESS_CLOCK_WIDGET due to sender com.lge.appwidget.clock (uid 10037)
01-12 05:07:59.450 W/BroadcastQueue(  929): Permission Denial: receiving Intent { act=android.intent.action.THEME_PACKAGE_CHANGED flg=0x10 } to ProcessRecord{42698778 31151:com.lge.sizechangable.musicwidget.widget/u0a10057} (pid=31151, uid=10057) requires com.lge.permission.ACCESS_CLOCK_WIDGET due to sender com.lge.appwidget.clock (uid 10037)
01-12 05:07:59.460 W/BroadcastQueue(  929): Permission Denial: receiving Intent { act=android.intent.action.THEME_PACKAGE_CHANGED flg=0x10 } to com.android.calendar/.widget.CalendarAppWidgetProvider requires com.lge.permission.ACCESS_CLOCK_WIDGET due to sender com.lge.appwidget.clock (uid 10037)
01-12 05:07:59.460 W/ContextImpl( 6073): Calling a method in the system process without a qualified user: android.app.ContextImpl.sendBroadcast:1044 android.content.ContextWrapper.sendBroadcast:338 com.lge.lmk.widget.WidgetUpdater.changeWidgetTheme:66 com.lge.lmk.widget.WidgetUpdater.access$200:16 com.lge.lmk.widget.WidgetUpdater$1.onReceive:46 
01-12 05:07:59.480 I/am_create_activity(  929): [0,1113046544,86,com.glbenchmark.glbenchmark25/com.glbenchmark.activities.ResultsActivity,NULL,NULL,NULL,0]
01-12 05:07:59.480 I/ActivityManager(  929): START u0 {cmp=com.glbenchmark.glbenchmark25/com.glbenchmark.activities.ResultsActivity} from pid 30151
--------- beginning of /dev/log/main
01-12 05:07:59.490 W/System.err( 1678): 	at android.view.LayoutInflater.rInflate(LayoutInflater.java:746)
01-12 05:07:59.490 W/System.err( 1678): 	at android.view.LayoutInflater.rInflate(LayoutInflater.java:749)
01-12 05:07:59.490 W/System.err( 1678): 	at android.view.LayoutInflater.rInflate(LayoutInflater.java:749)
01-12 05:07:59.490 W/System.err( 1678): 	at android.view.LayoutInflater.inflate(LayoutInflater.java:489)
01-12 05:07:59.490 W/System.err( 1678): 	at android.view.LayoutInflater.inflate(LayoutInflater.java:396)
01-12 05:07:59.490 W/System.err( 1678): 	at com.android.systemui.statusbar.BaseStatusBar.updateSearchPanel(BaseStatusBar.java:495)
01-12 05:07:59.490 W/System.err( 1678): 	at com.android.systemui.statusbar.phone.PhoneStatusBar.updateSearchPanel(PhoneStatusBar.java:998)
01-12 05:07:59.490 W/System.err( 1678): 	at com.android.systemui.statusbar.phone.PhoneStatusBar.updateGlobalAccess(PhoneStatusBar.java:3513)
01-12 05:07:59.490 W/System.err( 1678): 	at com.android.systemui.statusbar.phone.PhoneStatusBar.onConfigurationChanged(PhoneStatusBar.java:3503)
01-12 05:07:59.490 W/System.err( 1678): 	at com.android.systemui.SystemUIService.onConfigurationChanged(SystemUIService.java:138)
01-12 05:07:59.490 W/System.err( 1678): 	at android.app.ActivityThread.performConfigurationChanged(ActivityThread.java:3907)
01-12 05:07:59.490 W/System.err( 1678): 	at android.app.ActivityThread.handleConfigurationChanged(ActivityThread.java:4096)
01-12 05:07:59.490 W/System.err( 1678): 	at android.app.ActivityThread$H.handleMessage(ActivityThread.java:1362)
01-12 05:07:59.490 W/System.err( 1678): 	at android.os.Handler.dispatchMessage(Handler.java:99)
01-12 05:07:59.490 W/System.err( 1678): 	at android.os.Looper.loop(Looper.java:137)
01-12 05:07:59.490 W/System.err( 1678): 	at android.app.ActivityThread.main(ActivityThread.java:5235)
01-12 05:07:59.490 W/System.err( 1678): 	at java.lang.reflect.Method.invokeNative(Native Method)
01-12 05:07:59.490 W/System.err( 1678): 	at java.lang.reflect.Method.invoke(Method.java:511)
01-12 05:07:59.490 W/System.err( 1678): 	at com.android.internal.os.ZygoteInit$MethodAndArgsCaller.run(ZygoteInit.java:797)
01-12 05:07:59.490 W/System.err( 1678): 	at com.android.internal.os.ZygoteInit.main(ZygoteInit.java:564)
01-12 05:07:59.490 W/System.err( 1678): 	at dalvik.system.NativeStart.main(Native Method)
01-12 05:07:59.490 D/[LGHome]LGPlusHomeDBManager( 6874): [LGPlusHomeDBManager.java:478:logOccupied()]$$DBManger -- readItemsFromDatabase -- end
01-12 05:07:59.490 D/[LGHome]LGPlusHomeDBManager( 6874): [LGPlusHomeDBManager.java:488:logOccupied()]$$ X X X X 
01-12 05:07:59.490 D/UpdateThreadPoolManager( 3344): 3 : This is isUpdating : false
01-12 05:07:59.490 D/WeatherService( 3344): 3 : requestRefreshAppWidget, isUpdating : false
01-12 05:07:59.490 D/WeatherAncestor( 3344): 3 : buildUpdate, appWidgetId: 1
01-12 05:07:59.490 D/[LGHome]LGPlusHomeDBManager( 6874): [LGPlusHomeDBManager.java:488:logOccupied()]$$ X X X X 
01-12 05:07:59.490 I/MusicWidget(31151): 4x1_layoutId :: 0
01-12 05:07:59.490 I/MusicWidget(31151): setDefaultViewLayoutId()_4x1
01-12 05:07:59.490 I/am_pause_activity(  929): [0,1112412056,com.glbenchmark.glbenchmark25/com.glbenchmark.activities.ResultsSender]
01-12 05:07:59.490 I/am_finish_activity(  929): [0,1112412056,86,com.glbenchmark.glbenchmark25/com.glbenchmark.activities.ResultsSender,app-request]
01-12 05:07:59.500 D/[LGHome]LGPlusHomeDBManager( 6874): [LGPlusHomeDBManager.java:488:logOccupied()]$$ X X X X 
01-12 05:07:59.500 D/KeyguardModel(  929): handleShortcutListChanged...
01-12 05:07:59.500 D/WeatherReflect( 3344): 3 : Map key string is -2
01-12 05:07:59.510 V/GLBenchmark2JAVALog(30151): surfaceDestroyed
01-12 05:07:59.510 V/GLBenchmark2JAVALog(30151): surfaceDestroyed
01-12 05:07:59.510 I/MusicWidget(31151): appWidgetViewUpdate()_4x1
01-12 05:07:59.510 I/MusicWidget(31151): linkButtons()_4x1
01-12 05:07:59.510 D/lim     ( 3344): 3 : time = 05:07
01-12 05:07:59.510 I/WeatherReflect( 3344): Model Name : LG-D410
01-12 05:07:59.510 D/Theme   ( 1927): strTheme: com.lge.launcher2.theme.optimus
01-12 05:07:59.510 D/WeatherTheme( 3344): 3 : Theme is changed! refresh widgets.
01-12 05:07:59.510 D/[LGHome]LGPlusHomeDBManager( 6874): [LGPlusHomeDBManager.java:488:logOccupied()]$$ X X X X 
01-12 05:07:59.510 I/am_restart_activity(  929): [0,1113046544,86,com.glbenchmark.glbenchmark25/com.glbenchmark.activities.ResultsActivity]
01-12 05:07:59.520 D/Theme   ( 3344): 3 : strTheme: com.lge.launcher2.theme.optimus
01-12 05:07:59.520 D/[LGHome]LGPlusHomeDBManager( 6874): [LGPlusHomeDBManager.java:488:logOccupied()]$$ X X X X 
01-12 05:07:59.520 D/WeatherTheme( 3344): 3 : apk has found: /system/app/LGWeatherTheme.apk
01-12 05:07:59.520 I/MusicWidget(31151): pushUpdate()_4x1
01-12 05:07:59.530 D/Theme   ( 1927): strTheme: com.lge.launcher2.theme.optimus
01-12 05:07:59.530 D/WeatherReflect( 3344): 3 : apkPath: /system/app/LGWeatherTheme.apk, version: 4.1.10
01-12 05:07:59.530 D/Theme   ( 3344): strTheme: com.lge.launcher2.theme.optimus
01-12 05:07:59.530 I/MusicWidget(31151): _performViewUpdater handleMessage() msg.what::1
01-12 05:07:59.530 D/Theme   ( 1927): strTheme: com.lge.launcher2.theme.optimus
01-12 05:07:59.530 I/MusicWidget(31151): beingMusicWidget_4x2() result::false
01-12 05:07:59.530 I/MusicWidget(31151): beingMusicWidget_Lock() result::false
01-12 05:07:59.530 D/[LGHome]CreatePackageContext( 6874): [Launcher.java:8993:createPackageContext()]Package Name(com.lge.sizechangable.musicwidget.widget), Flags(4)
01-12 05:07:59.530 D/[LGHome]CreatePackageContext( 6874): [Launcher.java:8993:createPackageContext()]Package Name(com.lge.sizechangable.musicwidget.widget), Flags(4)
01-12 05:07:59.540 D/Theme   ( 1927): strTheme: com.lge.launcher2.theme.optimus
01-12 05:07:59.540 D/Theme   ( 1927): strTheme: com.lge.launcher2.theme.optimus
01-12 05:07:59.540 W/BroadcastQueue(  929): Permission Denial: receiving Intent { act=android.intent.action.THEME_PACKAGE_CHANGED flg=0x10 } to com.lge.email/.ui.widget.EmailWidgetProvider requires com.lge.permission.ACCESS_CLOCK_WIDGET due to sender com.lge.appwidget.clock (uid 10037)
01-12 05:07:59.540 W/BroadcastQueue(  929): Permission Denial: receiving Intent { act=android.intent.action.THEME_PACKAGE_CHANGED flg=0x10 } to com.lge.appwidget.flashlight/.FlashlightAppWidgetProvider requires com.lge.permission.ACCESS_CLOCK_WIDGET due to sender com.lge.appwidget.clock (uid 10037)
01-12 05:07:59.540 W/BroadcastQueue(  929): Permission Denial: receiving Intent { act=android.intent.action.THEME_PACKAGE_CHANGED flg=0x10 } to com.lge.lockscreensettings/.LockSettingsReceiver requires com.lge.permission.ACCESS_CLOCK_WIDGET due to sender com.lge.appwidget.clock (uid 10037)
01-12 05:07:59.550 I/Log     (30151): Result loading succeeded
01-12 05:07:59.550 I/Log     (30151): Result loading info: PrintableResultArray length is 1
01-12 05:07:59.550 I/(W)TaskManager( 6073): [Widget] Widget Update : free memory =  349 -f : false
01-12 05:07:59.550 I/am_on_resume_called(30151): [0,com.glbenchmark.activities.ResultsActivity]
01-12 05:07:59.550 W/BroadcastQueue(  929): Permission Denial: receiving Intent { act=android.intent.action.THEME_PACKAGE_CHANGED flg=0x10 } to com.lge.sizechangable.photoalbum/.PhotoAppWidgetReceiver requires com.lge.permission.ACCESS_CLOCK_WIDGET due to sender com.lge.appwidget.clock (uid 10037)
01-12 05:07:59.560 D/[LGHome]CreatePackageContext( 6874): [Launcher.java:8993:createPackageContext()]Package Name(com.lge.lmk), Flags(4)
01-12 05:07:59.560 D/[LGHome]CreatePackageContext( 6874): [Launcher.java:8993:createPackageContext()]Package Name(com.lge.lmk), Flags(4)
01-12 05:07:59.560 D/dalvikvm( 1678): GC_CONCURRENT freed 2026K, 40% free 13223K/21964K, paused 9ms+5ms, total 57ms
01-12 05:07:59.560 D/dalvikvm( 1678): WAIT_FOR_CONCURRENT_GC blocked 42ms
01-12 05:07:59.570 D/Utils   ( 1678): [Utils.java:260:getApplicationLabel_QMemo()]applicationLabelResourceId: 2131230720
01-12 05:07:59.570 D/Utils   ( 1678): [Utils.java:265:getApplicationLabel_QMemo()]applicationLabelResourceId: 2131230720, label: QuickMemo
01-12 05:07:59.570 D/Weather4x2_optimus( 3344): [[[[[[Theme package!!]]]]]] RemoteViews are created 1
01-12 05:07:59.570 D/Weather4x2_optimus( 3344): forecast size is 0
01-12 05:07:59.570 D/Theme   ( 3344): strTheme: com.lge.launcher2.theme.optimus
01-12 05:07:59.570 D/GlobalAccess( 1678): optimizeTargetDrawableItems(), newSize: 20
01-12 05:07:59.570 D/Theme   ( 3344): strTheme: com.lge.launcher2.theme.optimus
01-12 05:07:59.570 D/Theme   ( 3344): strTheme: com.lge.launcher2.theme.optimus
01-12 05:07:59.570 D/Theme   ( 3344): strTheme: com.lge.launcher2.theme.optimus
01-12 05:07:59.570 I/Theme_WeatherAncestor_optimus( 3344): WEATHER_CP_ACCU : 
01-12 05:07:59.570 I/Theme_WeatherAncestor_optimus( 3344): weather_logo_bg : 2130837577 weather_defatullogo_bg =  2130837577
01-12 05:07:59.570 D/Theme   ( 3344): strTheme: com.lge.launcher2.theme.optimus
01-12 05:07:59.570 D/Theme_WeatherAncestor_optimus( 3344): setTouchIntent, appWidgetId: 1
01-12 05:07:59.570 D/Theme_WeatherAncestor_optimus( 3344): url is : null
01-12 05:07:59.570 D/GlobalAccess( 1678): com.lge.systemui.widget.GlobalAccess@42af0088:
01-12 05:07:59.570 D/GlobalAccess( 1678): keepSearchOnCenter: false
01-12 05:07:59.570 D/GlobalAccess( 1678): checkTargetAvailability: false
01-12 05:07:59.570 D/GlobalAccess( 1678): mTargetDrawablesId: 2131230723
01-12 05:07:59.570 D/GlobalAccess( 1678): mTargetDrawables: 20, [com.android.internal.widget.multiwaveview.TargetDrawable@42629b88, com.android.internal.widget.multiwaveview.TargetDrawable@426263d8, com.android.internal.widget.multiwaveview.TargetDrawable@42780028, com.android.internal.widget.multiwaveview.TargetDrawable@42615ab0, com.android.internal.widget.multiwaveview.TargetDrawable@4260c930, com.android.internal.widget.multiwaveview.TargetDrawable@42547a90, com.android.internal.widget.multiwaveview.TargetDrawable@425fd180, com.android.internal.widget.multiwaveview.TargetDrawable@425d8598, com.android.internal.widget.multiwaveview.TargetDrawable@424a4c68, com.android.internal.widget.multiwaveview.TargetDrawable@425c9998, com.android.internal.widget.multiwaveview.TargetDrawable@42594ba8, com.android.internal.widget.multiwaveview.TargetDrawable@4258eee8, com.android.internal.widget.multiwaveview.TargetDrawable@4258c7c0, com.android.internal.widget.multiwaveview.TargetDrawable@4255b560, com.android.internal.widget.multiwaveview.TargetDrawable@42557cf0, com.android.internal.widget.multiwaveview.TargetDrawable@425518f0, com.android.internal.widget.multiwaveview.TargetDrawable@425516c8, com.android.internal.widget.multiwaveview.TargetDrawable@425514a0, com.android.internal.widget.multiwaveview.TargetDrawable@4254c518, com.android.internal.widget.multiwaveview.TargetDrawable@4254c2f0]
01-12 05:07:59.570 D/GlobalAccess( 1678): mTargetDescriptionsId: 2131230724
01-12 05:07:59.570 D/GlobalAccess( 1678): mTargetDescriptions: 20, [, , QuickMemo, , , Google, , , QVoice, , , , , , , , , , , ]
01-12 05:07:59.570 D/GlobalAccess( 1678): mDirectionDescriptionsId: 2131230725
01-12 05:07:59.570 D/GlobalAccess( 1678): mDirectionDescriptions: 20, [, , null, , , null, , , null, , , , , , , , , , , ]
01-12 05:07:59.570 D/GlobalAccess( 1678): isStabled():true
01-12 05:07:59.570 D/GlobalAccess( 1678): isReady():true
01-12 05:07:59.570 D/GlobalAccess( 1678): isGoogleSearchServiceEnabled():true
01-12 05:07:59.570 D/GlobalAccess( 1678): isSearchServiceEnabled():true
01-12 05:07:59.570 D/GlobalAccess( 1678): 
01-12 05:07:59.570 D/GlowPadView( 1678): changeTargets() succeeded. size: 20
01-12 05:07:59.580 D/WeatherService( 3344): 3 : onReceive has processed, action: android.intent.action.CONFIGURATION_CHANGED, Time(hour:min:sec) 5:7:59
01-12 05:07:59.580 D/[LGHome]CreatePackageContext( 6874): [Launcher.java:8993:createPackageContext()]Package Name(com.lge.sizechangable.weather.theme.optimus), Flags(4)
01-12 05:07:59.580 D/[LGHome]CreatePackageContext( 6874): [Launcher.java:8993:createPackageContext()]Package Name(com.lge.sizechangable.weather.theme.optimus), Flags(4)
01-12 05:07:59.640 I/ActivityManager(  929): Displayed com.glbenchmark.glbenchmark25/com.glbenchmark.activities.ResultsActivity: +127ms (total +290ms)
01-12 05:07:59.640 I/am_activity_launch_time(  929): [0,1113046544,com.glbenchmark.glbenchmark25/com.glbenchmark.activities.ResultsActivity,127,290]
01-12 05:07:59.640 V/InputMethodManagerService(  929): SoftKeypad HIDE broadcast
01-12 05:07:59.640 W/ContextImpl(  929): Calling a method in the system process without a qualified user: android.app.ContextImpl.sendBroadcast:1044 com.android.server.InputMethodManagerService.hideCurrentInputLocked:1832 com.android.server.InputMethodManagerService.windowGainedFocus:1938 com.android.internal.view.IInputMethodManager$Stub.onTransact:224 com.android.server.InputMethodManagerService.onTransact:841 
01-12 05:07:59.660 D/LgeImeImpl( 1741): [LgeImeImpl.java:3634:LgeImeImpl.onFinishInput()] [IN]onFinishInput
01-12 05:07:59.660 D/LgeImeImpl( 1741): [LgeImeImpl.java:3653:LgeImeImpl.onFinishInput()] [OUT]onFinishInput
01-12 05:07:59.660 D/LgeImeImpl( 1741): [LgeImeImpl.java:1153:LgeImeImpl.onStartInput()] [IN] onStartInput[restarting:false]
01-12 05:07:59.660 D/LgeImeImpl( 1741): [LgeImeImpl.java:1196:LgeImeImpl.parsePrivateImeOptions()] debug : parse private ime options - 
01-12 05:07:59.660 D/PrivateImeOptions( 1741): [PrivateImeOptions.java:94:PrivateImeOptions.parsePrivateImeOptions()] debug : parsing privateImeOptions - 
01-12 05:07:59.660 D/TtsHelper( 1741): [LgTtsHelper.java:101:LgTtsHelper.isOneTappingEnabled()] one_touch_input = 1
01-12 05:07:59.660 D/LgeImeImpl( 1741): [LgeImeImpl.java:9744:LgeImeImpl.dumpEditorInfo()] inputType=0x0 imeOptions=0x0 privateImeOptions=null actionLabel=null actionId=0 initialSelStart=-1 initialSelEnd=-1 initialCapsMode=0x0 hintText=null label=null packageName=com.glbenchmark.glbenchmark25 fieldId=2131165249 fieldName=null extras=null
01-12 05:07:59.660 I/LgeExtendRowKeyboardHelper( 1741): [LgeExtendRowKeyboardHelper.java:63:LgeExtendRowKeyboardHelper.isExtendRowKeyboardAvailable()] Not support extend row keyboard these system properties.
01-12 05:07:59.660 D/LgeImeImpl( 1741): [LgeImeImpl.java:1170:LgeImeImpl.onStartInput()] [OUT] onStartInput
01-12 05:07:59.670 I/am_destroy_activity(  929): [0,1111383376,86,com.glbenchmark.glbenchmark25/com.glbenchmark.activities.GLBenchmarkActivity,finish-imm]
01-12 05:07:59.670 I/am_destroy_activity(  929): [0,1112412056,86,com.glbenchmark.glbenchmark25/com.glbenchmark.activities.ResultsSender,finish-idle]
01-12 05:07:59.740 D/OperatorTextView( 1678): [OperatorTextView.java:96:onReceive()][ OperatorTextView ] intent action : android.intent.action.CONFIGURATION_CHANGED
01-12 05:07:59.740 D/OperatorTextView( 1678): [OperatorTextView.java:142:updateNetworkName()]updateNetworkName : plmn [ No service ],  networkOperator [ null,00000 ],  simOperator [  ]
01-12 05:07:59.740 D/LGPhoneStatusBar( 1678): [LGPhoneStatusBar.java:232:onReceive()]simtest  ACTION_CONFIGURATION_CHANGED action = android.intent.action.CONFIGURATION_CHANGED
01-12 05:07:59.740 W/MultiSIM( 1678): [MultiSIM.java:231:updateCarrierSimState()]Exception
01-12 05:07:59.740 D/MultiSIM( 1678): [MultiSIM.java:235:updateCarrierSimState()]updateCarrierSimState subscription = 0
01-12 05:07:59.740 D/MultiSIM( 1678): [MultiSIM.java:240:updateCarrierSimState()]updateCarrierSimState getPlmnNo service
01-12 05:07:59.740 D/MultiSIM( 1678): [MultiSIM.java:267:updateCarrierSimState()]CarrierLabel updateCarrierSimState something true
01-12 05:07:59.740 D/MultiSIM( 1678): [MultiSIM.java:429:needSimInfoUpdate()]CarrierLabel needSimInfoUpdate retValue = true
01-12 05:07:59.740 D/MultiSIM( 1678): [MultiSIM.java:270:updateCarrierSimState()]CarrierLabel_SIM updateCarrierSimState getSimInfoStringnull
01-12 05:07:59.740 D/MultiSIM( 1678): [MultiSIM.java:280:updateCarrierSimState()]CarrierLabel_SIM updateCarrierSimState View.GONE
01-12 05:07:59.740 W/MultiSIM( 1678): [MultiSIM.java:231:updateCarrierSimState()]Exception
01-12 05:07:59.740 D/MultiSIM( 1678): [MultiSIM.java:235:updateCarrierSimState()]updateCarrierSimState subscription = 1
01-12 05:07:59.740 D/MultiSIM( 1678): [MultiSIM.java:240:updateCarrierSimState()]updateCarrierSimState getPlmnSearching for Service
01-12 05:07:59.740 D/MultiSIM( 1678): [MultiSIM.java:267:updateCarrierSimState()]CarrierLabel updateCarrierSimState something true
01-12 05:07:59.740 D/MultiSIM( 1678): [MultiSIM.java:432:needSimInfoUpdate()]CarrierLabel needSimInfoUpdate retValue = false
01-12 05:07:59.740 D/MultiSIM( 1678): [MultiSIM.java:298:updateCarrierSimState()]CarrierLabel_DualSIM updateCarrierSimState toStringSearching for Service
01-12 05:07:59.740 D/StatusBar.MSimNetworkController( 1678): isSimInserted(0), SimInserted=false
01-12 05:07:59.740 D/StatusBar.MSimNetworkController( 1678): isSimInserted(1), SimInserted=false
01-12 05:07:59.750 D/MusicControl( 1678): [MusicControl.java:1024:onReceive()]BroadcastReceiver()Intent { act=android.intent.action.CONFIGURATION_CHANGED flg=0x70000010 }
01-12 05:07:59.800 I/StatusBarLinearLayout( 1678): [StatusBarLinearLayout.java:55:onLayout()]================================
01-12 05:07:59.800 I/StatusBarLinearLayout( 1678): [StatusBarLinearLayout.java:68:onLayout()]child = android.widget.LinearLayout{42420728 V.E..... ......I. 9,0-743,38 #7f09007a app:id/notification_icon_area} ,w = 314
01-12 05:07:59.800 I/StatusBarLinearLayout( 1678): [StatusBarLinearLayout.java:68:onLayout()]child = android.widget.LinearLayout{42423f80 V.E..... ......I. 743,0-779,38 #7f09007d app:id/statusIcons} ,w = 36
01-12 05:07:59.800 I/StatusBarLinearLayout( 1678): [StatusBarLinearLayout.java:68:onLayout()]child = android.widget.LinearLayout{42424898 V.E..... ......ID 779,0-951,38 #7f09007e app:id/system_icon_area} ,w = 172
01-12 05:07:59.800 I/StatusBarLinearLayout( 1678): [StatusBarLinearLayout.java:74:onLayout()]nTotalWidth = 522, r = 540
01-12 05:07:59.800 I/StatusBarLinearLayout( 1678): [StatusBarLinearLayout.java:77:onLayout()]sum = 522, mIconSize = 36
01-12 05:07:59.800 I/StatusBarLinearLayout( 1678): [StatusBarLinearLayout.java:78:onLayout()]Notification 314==> 314
01-12 05:07:59.800 I/StatusBarLinearLayout( 1678): [StatusBarLinearLayout.java:82:onLayout()]-----------------------
01-12 05:07:59.800 I/StatusBarLinearLayout( 1678): [StatusBarLinearLayout.java:123:onLayout()]child = android.widget.LinearLayout{4241c690 G.E..... ......ID 9,0-9,38 #7f090078 app:id/operator_layout} ,w = 0
01-12 05:07:59.800 I/StatusBarLinearLayout( 1678): [StatusBarLinearLayout.java:123:onLayout()]child = android.widget.LinearLayout{42420728 V.E..... ......I. 9,0-743,38 #7f09007a app:id/notification_icon_area} ,w = 314
01-12 05:07:59.810 I/StatusBarLinearLayout( 1678): [StatusBarLinearLayout.java:123:onLayout()]child = android.widget.LinearLayout{42423f80 V.E..... ......I. 743,0-779,38 #7f09007d app:id/statusIcons} ,w = 36
01-12 05:07:59.810 I/StatusBarLinearLayout( 1678): [StatusBarLinearLayout.java:123:onLayout()]child = android.widget.LinearLayout{42424898 V.E..... ......ID 779,0-951,38 #7f09007e app:id/system_icon_area} ,w = 172
01-12 05:07:59.810 I/StatusBarLinearLayout( 1678): [StatusBarLinearLayout.java:128:onLayout()]sum = 522
01-12 05:07:59.840 D/QuickSettingsHandler( 1678): [QuickSettingsHandler.java:96:onDestroy()]onDestroy() Name = QuickMemo
01-12 05:07:59.840 D/QuickSettingsHandler( 1678): [QuickSettingsHandler.java:98:onDestroy()]onDestroy() Name = QSlide
01-12 05:07:59.850 D/QuickSettingsHandler( 1678): [QuickSettingsHandler.java:98:onDestroy()]onDestroy() Name = Sound
01-12 05:07:59.850 D/QuickSettingsHandler( 1678): [QuickSettingsHandler.java:98:onDestroy()]onDestroy() Name = Data
01-12 05:07:59.880 D/QuickSettingsHandler( 1678): [QuickSettingsHandler.java:98:onDestroy()]onDestroy() Name = Wi-Fi
01-12 05:07:59.880 D/QuickSettingsHandler( 1678): [QuickSettingsHandler.java:98:onDestroy()]onDestroy() Name = Bluetooth
01-12 05:07:59.880 I/binder_sample( 1678): [android.content.IContentService,1,23,com.android.systemui,4]
01-12 05:07:59.890 D/QuickSettingsHandler( 1678): [QuickSettingsHandler.java:98:onDestroy()]onDestroy() Name = GPS
01-12 05:07:59.890 D/QuickSettingsHandler( 1678): [QuickSettingsHandler.java:98:onDestroy()]onDestroy() Name = NFC
01-12 05:07:59.900 D/QuickSettingsHandler( 1678): [QuickSettingsHandler.java:98:onDestroy()]onDestroy() Name = Sync
01-12 05:07:59.900 D/QuickSettingsHandler( 1678): [QuickSettingsHandler.java:98:onDestroy()]onDestroy() Name = Hotspot
01-12 05:07:59.900 D/QuickSettingsHandler( 1678): [QuickSettingsHandler.java:98:onDestroy()]onDestroy() Name = Miracast
01-12 05:07:59.900 D/QuickSettingsHandler( 1678): [QuickSettingsHandler.java:98:onDestroy()]onDestroy() Name = Battery saver
01-12 05:07:59.910 D/QuickSettingsHandler( 1678): [QuickSettingsHandler.java:98:onDestroy()]onDestroy() Name = Airplane
01-12 05:07:59.910 D/AirplaneHandler( 1678): [AirplaneHandler.java:393:onDestroy()]onDestroy() : onDestroy
01-12 05:07:59.910 D/QuickSettingsHandler( 1678): [QuickSettingsHandler.java:98:onDestroy()]onDestroy() Name = Quiet mode
01-12 05:07:59.910 D/QuickSettingsHandler( 1678): [QuickSettingsHandler.java:98:onDestroy()]onDestroy() Name = Screen timeout
01-12 05:07:59.920 D/QuickSettingsHandler( 1678): [QuickSettingsHandler.java:98:onDestroy()]onDestroy() Name = Wireless storage
01-12 05:07:59.930 D/QuickSettingsHandler( 1678): [QuickSettingsHandler.java:67:onCreate()]onCreate() Name = QuickMemo
01-12 05:07:59.930 D/QuickSettingsButton( 1678): [QuickSettingsButton.java:332:onChanged()]Quick
01-12 05:07:59.930 D/QuickSettingsButton( 1678): Memo, width= 114.0, buttonWidth - paddingWidth= 108.0, singleLine= false, isOverWidth= true
01-12 05:07:59.930 D/QuickSettingsButton( 1678): [QuickSettingsButton.java:332:onChanged()]Quick
01-12 05:07:59.930 D/QuickSettingsButton( 1678): Memo, width= 114.0, buttonWidth - paddingWidth= 108.0, singleLine= false, isOverWidth= true
01-12 05:07:59.940 D/QuickSettingsButton( 1678): [QuickSettingsButton.java:332:onChanged()]Quick
01-12 05:07:59.940 D/QuickSettingsButton( 1678): Memo, width= 114.0, buttonWidth - paddingWidth= 108.0, singleLine= false, isOverWidth= true
01-12 05:07:59.940 D/QMemoHandler( 1678): [QMemoHandler.java:92:updateButton()]updateButton()
01-12 05:07:59.940 D/QuickSettingsHandler( 1678): [QuickSettingsHandler.java:69:onCreate()]onCreate() Name = QSlide
01-12 05:07:59.940 D/QuickSettingsButton( 1678): [QuickSettingsButton.java:332:onChanged()]QSlide, width= 63.0, buttonWidth - paddingWidth= 108.0, singleLine= true, isOverWidth= false
01-12 05:07:59.950 D/SystemUIProvider(  929): [SystemUIProvider.java:40:call()]method=SET_USER, extras=Bundle[mParcelledData.dataSize=72]
01-12 05:07:59.950 D/SystemUIProvider(  929): [SystemUIProvider.java:216:getOrEstablishDatabase()]userHandle=0
01-12 05:07:59.950 D/SystemUIProvider(  929): [SystemUIProvider.java:40:call()]method=DATA_GET, extras=Bundle[mParcelledData.dataSize=60]
01-12 05:07:59.950 D/SystemUIProvider(  929): [SystemUIProvider.java:460:get()]1
01-12 05:07:59.960 D/SystemUIProvider(  929): [SystemUIProvider.java:115:call()]retValue = Bundle[{_return=1}]
01-12 05:07:59.960 D/SystemUIDB( 1678): [SystemUIDB.java:420:getString()]b=Bundle[mParcelledData.dataSize=40]
01-12 05:07:59.960 D/QuickSettingsButton( 1678): [QuickSettingsButton.java:332:onChanged()]QSlide, width= 63.0, buttonWidth - paddingWidth= 108.0, singleLine= true, isOverWidth= false
01-12 05:07:59.960 D/QuickSettingsHandler( 1678): [QuickSettingsHandler.java:178:getButtonContentDescription()]1, QSlide on
01-12 05:07:59.960 D/QuickSettingsHandler( 1678): [QuickSettingsHandler.java:158:setButtonStatus()]QSlide :QSlide on.
01-12 05:07:59.960 D/QuickSettingsButton( 1678): [QuickSettingsButton.java:332:onChanged()]QSlide, width= 63.0, buttonWidth - paddingWidth= 108.0, singleLine= true, isOverWidth= false
01-12 05:07:59.960 D/QuickSettingsButton( 1678): [QuickSettingsButton.java:332:onChanged()]QSlide, width= 63.0, buttonWidth - paddingWidth= 108.0, singleLine= true, isOverWidth= false
01-12 05:07:59.960 D/SystemUIProvider(  929): [SystemUIProvider.java:40:call()]method=SET_USER, extras=Bundle[mParcelledData.dataSize=72]
01-12 05:07:59.960 D/SystemUIProvider(  929): [SystemUIProvider.java:216:getOrEstablishDatabase()]userHandle=0
01-12 05:07:59.960 D/SystemUIProvider(  929): [SystemUIProvider.java:40:call()]method=DATA_GET, extras=Bundle[mParcelledData.dataSize=60]
01-12 05:07:59.970 D/SystemUIProvider(  929): [SystemUIProvider.java:460:get()]1
01-12 05:07:59.970 D/SystemUIProvider(  929): [SystemUIProvider.java:115:call()]retValue = Bundle[{_return=1}]
01-12 05:07:59.970 D/SystemUIDB( 1678): [SystemUIDB.java:420:getString()]b=Bundle[mParcelledData.dataSize=40]
01-12 05:07:59.980 D/QuickSettingsButton( 1678): [QuickSettingsButton.java:332:onChanged()]QSlide, width= 63.0, buttonWidth - paddingWidth= 108.0, singleLine= true, isOverWidth= false
01-12 05:07:59.980 D/QuickSettingsHandler( 1678): [QuickSettingsHandler.java:178:getButtonContentDescription()]1, QSlide on
01-12 05:07:59.980 D/QuickSettingsHandler( 1678): [QuickSettingsHandler.java:158:setButtonStatus()]QSlide :QSlide on.
01-12 05:07:59.980 D/QuickSettingsHandler( 1678): [QuickSettingsHandler.java:69:onCreate()]onCreate() Name = Sound
01-12 05:07:59.990 D/QuickSettingsButton( 1678): [QuickSettingsButton.java:332:onChanged()]Sound, width= 61.0, buttonWidth - paddingWidth= 108.0, singleLine= true, isOverWidth= false
01-12 05:07:59.990 D/QuickSettingsButton( 1678): [QuickSettingsButton.java:332:onChanged()]Sound, width= 61.0, buttonWidth - paddingWidth= 108.0, singleLine= true, isOverWidth= false
01-12 05:07:59.990 D/QuickSettingsButton( 1678): [QuickSettingsButton.java:332:onChanged()]Vibrate, width= 67.0, buttonWidth - paddingWidth= 108.0, singleLine= true, isOverWidth= false
01-12 05:07:59.990 D/SoundHandler( 1678): [SoundHandler.java:149:getButtonContentDescription()]1, Vibrate
01-12 05:07:59.990 D/QuickSettingsHandler( 1678): [QuickSettingsHandler.java:158:setButtonStatus()]Vibrate :Vibrate.
01-12 05:07:59.990 D/KeyguardUpdateMonitor(  929): handleTimeUpdate
01-12 05:08:00.000 D/QuickSettingsHandler( 1678): [QuickSettingsHandler.java:69:onCreate()]onCreate() Name = Data
01-12 05:08:00.010 V/TelephonyAutoProfiling(  929): [getValue] FEATURE key : vzw_roaming_state, value : null
01-12 05:08:00.010 V/TelephonyAutoProfiling(  929): [getValue] FEATURE key : vzw_roaming_state, value : null
01-12 05:08:00.010 V/TelephonyAutoProfiling( 1678): [getValue] FEATURE key : vzw_roaming_state, value : null
01-12 05:08:00.010 W/Settings( 1678): Setting data_roaming has moved from android.provider.Settings.Secure to android.provider.Settings.Global, returning global URI.
01-12 05:08:00.010 D/DataHandler( 1678): [DataHandler.java:584:getStatusText()]getStatusText [label]Data
01-12 05:08:00.010 D/QuickSettingsButton( 1678): [QuickSettingsButton.java:332:onChanged()]Data, width= 43.0, buttonWidth - paddingWidth= 108.0, singleLine= true, isOverWidth= false
01-12 05:08:00.010 D/DataHandler( 1678): [DataHandler.java:584:getStatusText()]getStatusText [label]Data
01-12 05:08:00.010 D/QuickSettingsButton( 1678): [QuickSettingsButton.java:332:onChanged()]Data, width= 43.0, buttonWidth - paddingWidth= 108.0, singleLine= true, isOverWidth= false
01-12 05:08:00.010 D/DataHandler( 1678): [DataHandler.java:584:getStatusText()]getStatusText [label]Data
01-12 05:08:00.010 D/QuickSettingsButton( 1678): [QuickSettingsButton.java:211:setButtonStatus()]Button = Data ==> new status = 5, curStatus = 5
01-12 05:08:00.010 D/QuickSettingsHandler( 1678): [QuickSettingsHandler.java:178:getButtonContentDescription()]5, Data
01-12 05:08:00.010 D/QuickSettingsHandler( 1678): [QuickSettingsHandler.java:158:setButtonStatus()]Data :Data.
01-12 05:08:00.020 D/DataHandler( 1678): [DataHandler.java:584:getStatusText()]getStatusText [label]Data
01-12 05:08:00.020 D/QuickSettingsHandler( 1678): [QuickSettingsHandler.java:69:onCreate()]onCreate() Name = Wi-Fi
01-12 05:08:00.030 D/QuickSettingsButton( 1678): [QuickSettingsButton.java:332:onChanged()]Wi-Fi, width= 52.0, buttonWidth - paddingWidth= 108.0, singleLine= true, isOverWidth= false
01-12 05:08:00.030 D/QuickSettingsButton( 1678): [QuickSettingsButton.java:332:onChanged()]Wi-Fi, width= 52.0, buttonWidth - paddingWidth= 108.0, singleLine= true, isOverWidth= false
01-12 05:08:00.030 D/QuickSettingsButton( 1678): [QuickSettingsButton.java:211:setButtonStatus()]Button = Wi-Fi ==> new status = 3, curStatus = 3
01-12 05:08:00.030 D/QuickSettingsHandler( 1678): [QuickSettingsHandler.java:178:getButtonContentDescription()]3, Wi-Fi off
01-12 05:08:00.030 D/QuickSettingsHandler( 1678): [QuickSettingsHandler.java:158:setButtonStatus()]Wi-Fi :Wi-Fi off.
01-12 05:08:00.030 D/QuickSettingsHandler( 1678): [QuickSettingsHandler.java:69:onCreate()]onCreate() Name = Bluetooth
01-12 05:08:00.040 D/QuickSettingsButton( 1678): [QuickSettingsButton.java:332:onChanged()]Bluetooth, width= 92.0, buttonWidth - paddingWidth= 108.0, singleLine= true, isOverWidth= false
01-12 05:08:00.040 D/QuickSettingsButton( 1678): [QuickSettingsButton.java:332:onChanged()]Bluetooth, width= 92.0, buttonWidth - paddingWidth= 108.0, singleLine= true, isOverWidth= false
01-12 05:08:00.040 D/BluetoothAdapter( 1678): 1113047472: getState() :  mService = null. Returning STATE_OFF
01-12 05:08:00.040 D/QuickSettingsButton( 1678): [QuickSettingsButton.java:211:setButtonStatus()]Button = Bluetooth ==> new status = 3, curStatus = 3
01-12 05:08:00.040 D/QuickSettingsHandler( 1678): [QuickSettingsHandler.java:178:getButtonContentDescription()]3, Bluetooth off
01-12 05:08:00.040 D/QuickSettingsHandler( 1678): [QuickSettingsHandler.java:158:setButtonStatus()]Bluetooth :Bluetooth off.
01-12 05:08:00.050 D/QuickSettingsHandler( 1678): [QuickSettingsHandler.java:69:onCreate()]onCreate() Name = GPS
01-12 05:08:00.050 D/QuickSettingsButton( 1678): [QuickSettingsButton.java:332:onChanged()]GPS, width= 40.0, buttonWidth - paddingWidth= 108.0, singleLine= true, isOverWidth= false
01-12 05:08:00.050 D/QuickSettingsButton( 1678): [QuickSettingsButton.java:332:onChanged()]GPS, width= 40.0, buttonWidth - paddingWidth= 108.0, singleLine= true, isOverWidth= false
01-12 05:08:00.050 D/GpsHandler( 1678): [GpsHandler.java:116:updateButton()]setGPSButton()
01-12 05:08:00.050 D/QuickSettingsButton( 1678): [QuickSettingsButton.java:332:onChanged()]GPS, width= 40.0, buttonWidth - paddingWidth= 108.0, singleLine= true, isOverWidth= false
01-12 05:08:00.050 D/QuickSettingsHandler( 1678): [QuickSettingsHandler.java:178:getButtonContentDescription()]1, GPS on
01-12 05:08:00.050 D/QuickSettingsHandler( 1678): [QuickSettingsHandler.java:158:setButtonStatus()]GPS :GPS on.
01-12 05:08:00.060 D/QuickSettingsHandler( 1678): [QuickSettingsHandler.java:69:onCreate()]onCreate() Name = NFC
01-12 05:08:00.060 D/QuickSettingsButton( 1678): [QuickSettingsButton.java:332:onChanged()]NFC, width= 40.0, buttonWidth - paddingWidth= 108.0, singleLine= true, isOverWidth= false
01-12 05:08:00.060 D/QuickSettingsButton( 1678): [QuickSettingsButton.java:332:onChanged()]NFC, width= 40.0, buttonWidth - paddingWidth= 108.0, singleLine= true, isOverWidth= false
01-12 05:08:00.070 D/NFCHelper( 1678): [NFCHelper.java:127:getDefaultAdapter()]NFC service manager is not ready.
01-12 05:08:00.070 D/NFCHelper( 1678): [NFCHelper.java:131:getDefaultAdapter()]getDefaultAdapter(), NFCAdapter cann't be initialized.
01-12 05:08:00.070 D/NFCHelper( 1678): [NFCHelper.java:115:getStatus()]Unknown state, return OFF
01-12 05:08:00.070 D/QuickSettingsButton( 1678): [QuickSettingsButton.java:211:setButtonStatus()]Button = NFC ==> new status = 5, curStatus = 5
01-12 05:08:00.070 D/NFCHandler( 1678): [NFCHandler.java:273:getButtonContentDescription()]5, NFC off
01-12 05:08:00.070 D/QuickSettingsHandler( 1678): [QuickSettingsHandler.java:158:setButtonStatus()]NFC :NFC off.
01-12 05:08:00.080 D/QuickSettingsHandler( 1678): [QuickSettingsHandler.java:69:onCreate()]onCreate() Name = Rotation
01-12 05:08:00.080 D/QuickSettingsButton( 1678): [QuickSettingsButton.java:332:onChanged()]Rotation, width= 80.0, buttonWidth - paddingWidth= 108.0, singleLine= true, isOverWidth= false
01-12 05:08:00.080 D/QuickSettingsButton( 1678): [QuickSettingsButton.java:332:onChanged()]Rotation, width= 80.0, buttonWidth - paddingWidth= 108.0, singleLine= true, isOverWidth= false
01-12 05:08:00.080 D/QuickSettingsHandler( 1678): [QuickSettingsHandler.java:178:getButtonContentDescription()]1, Rotation on
01-12 05:08:00.080 D/QuickSettingsHandler( 1678): [QuickSettingsHandler.java:158:setButtonStatus()]Rotation :Rotation on.
01-12 05:08:00.080 D/QuickSettingsButton( 1678): [QuickSettingsButton.java:211:setButtonStatus()]Button = Rotation ==> new status = 1, curStatus = 1
01-12 05:08:00.080 D/QuickSettingsButton( 1678): [QuickSettingsButton.java:332:onChanged()]Rotation, width= 80.0, buttonWidth - paddingWidth= 108.0, singleLine= true, isOverWidth= false
01-12 05:08:00.080 D/QuickSettingsButton( 1678): [QuickSettingsButton.java:211:setButtonStatus()]Button = Rotation ==> new status = 1, curStatus = 1
01-12 05:08:00.080 D/QuickSettingsHandler( 1678): [QuickSettingsHandler.java:178:getButtonContentDescription()]1, Rotation on
01-12 05:08:00.080 D/QuickSettingsHandler( 1678): [QuickSettingsHandler.java:158:setButtonStatus()]Rotation :Rotation on.
01-12 05:08:00.090 D/QuickSettingsHandler( 1678): [QuickSettingsHandler.java:69:onCreate()]onCreate() Name = Sync
01-12 05:08:00.090 D/QuickSettingsButton( 1678): [QuickSettingsButton.java:332:onChanged()]Sync, width= 47.0, buttonWidth - paddingWidth= 108.0, singleLine= true, isOverWidth= false
01-12 05:08:00.090 D/QuickSettingsButton( 1678): [QuickSettingsButton.java:332:onChanged()]Sync, width= 47.0, buttonWidth - paddingWidth= 108.0, singleLine= true, isOverWidth= false
01-12 05:08:00.090 D/QuickSettingsButton( 1678): [QuickSettingsButton.java:332:onChanged()]Sync, width= 47.0, buttonWidth - paddingWidth= 108.0, singleLine= true, isOverWidth= false
01-12 05:08:00.090 D/QuickSettingsHandler( 1678): [QuickSettingsHandler.java:178:getButtonContentDescription()]1, Sync on
01-12 05:08:00.090 D/QuickSettingsHandler( 1678): [QuickSettingsHandler.java:158:setButtonStatus()]Sync :Sync on.
01-12 05:08:00.100 D/QuickSettingsHandler( 1678): [QuickSettingsHandler.java:69:onCreate()]onCreate() Name = Hotspot
01-12 05:08:00.100 D/QuickSettingsButton( 1678): [QuickSettingsButton.java:332:onChanged()]Hotspot, width= 76.0, buttonWidth - paddingWidth= 108.0, singleLine= true, isOverWidth= false
01-12 05:08:00.110 D/HotspotHandler( 1678): [HotspotHandler.java:118:updateButton()]setHotspotButton:: !!!
01-12 05:08:00.110 D/QuickSettingsButton( 1678): [QuickSettingsButton.java:332:onChanged()]Hotspot, width= 76.0, buttonWidth - paddingWidth= 108.0, singleLine= true, isOverWidth= false
01-12 05:08:00.110 D/QuickSettingsButton( 1678): [QuickSettingsButton.java:211:setButtonStatus()]Button = Hotspot ==> new status = 3, curStatus = 3
01-12 05:08:00.110 D/QuickSettingsHandler( 1678): [QuickSettingsHandler.java:178:getButtonContentDescription()]3, Hotspot off
01-12 05:08:00.110 D/QuickSettingsHandler( 1678): [QuickSettingsHandler.java:158:setButtonStatus()]Hotspot :Hotspot off.
01-12 05:08:00.110 D/QuickSettingsHandler( 1678): [QuickSettingsHandler.java:69:onCreate()]onCreate() Name = Miracast
01-12 05:08:00.120 D/QuickSettingsButton( 1678): [QuickSettingsButton.java:332:onChanged()]Miracast, width= 82.0, buttonWidth - paddingWidth= 108.0, singleLine= true, isOverWidth= false
01-12 05:08:00.120 D/QuickSettingsButton( 1678): [QuickSettingsButton.java:332:onChanged()]Miracast, width= 82.0, buttonWidth - paddingWidth= 108.0, singleLine= true, isOverWidth= false
01-12 05:08:00.120 D/QuickSettingsButton( 1678): [QuickSettingsButton.java:211:setButtonStatus()]Button = Miracast ==> new status = 3, curStatus = 3
01-12 05:08:00.120 D/QuickSettingsHandler( 1678): [QuickSettingsHandler.java:178:getButtonContentDescription()]3, Miracast off
01-12 05:08:00.120 D/QuickSettingsHandler( 1678): [QuickSettingsHandler.java:158:setButtonStatus()]Miracast :Miracast off.
01-12 05:08:00.130 D/QuickSettingsHandler( 1678): [QuickSettingsHandler.java:69:onCreate()]onCreate() Name = Battery saver
01-12 05:08:00.130 D/QuickSettingsButton( 1678): [QuickSettingsButton.java:332:onChanged()]Battery saver, width= 123.0, buttonWidth - paddingWidth= 108.0, singleLine= false, isOverWidth= true
01-12 05:08:00.130 D/QuickSettingsButton( 1678): [QuickSettingsButton.java:332:onChanged()]Battery saver, width= 123.0, buttonWidth - paddingWidth= 108.0, singleLine= false, isOverWidth= true
01-12 05:08:00.130 D/PowerSaverHandler( 1678): [BatterySaverHandler.java:173:isPowerSaverEnabled()]Current content://settings/system/power_save_enabled : 0
01-12 05:08:00.130 D/PowerSaverHandler( 1678): [BatterySaverHandler.java:190:isPowerSaverReservedMode()]Current content://settings/system/power_save_mode : 30
01-12 05:08:00.130 D/QuickSettingsButton( 1678): [QuickSettingsButton.java:332:onChanged()]Battery saver, width= 123.0, buttonWidth - paddingWidth= 108.0, singleLine= false, isOverWidth= true
01-12 05:08:00.130 D/QuickSettingsHandler( 1678): [QuickSettingsHandler.java:178:getButtonContentDescription()]7, Battery saver
01-12 05:08:00.140 D/QuickSettingsHandler( 1678): [QuickSettingsHandler.java:158:setButtonStatus()]Battery saver :Battery saver.
01-12 05:08:00.140 D/QuickSettingsHandler( 1678): [QuickSettingsHandler.java:69:onCreate()]onCreate() Name = Airplane
01-12 05:08:00.140 V/TelephonyAutoProfiling(  929): [getValue] FEATURE key : vzw_roaming_state, value : null
01-12 05:08:00.140 V/TelephonyAutoProfiling(  929): [getValue] FEATURE key : vzw_roaming_state, value : null
01-12 05:08:00.140 V/TelephonyAutoProfiling( 1678): [getValue] FEATURE key : vzw_roaming_state, value : null
01-12 05:08:00.160 D/QuickSettingsButton( 1678): [QuickSettingsButton.java:332:onChanged()]Airplane, width= 78.0, buttonWidth - paddingWidth= 108.0, singleLine= true, isOverWidth= false
01-12 05:08:00.160 D/QuickSettingsButton( 1678): [QuickSettingsButton.java:332:onChanged()]Airplane, width= 78.0, buttonWidth - paddingWidth= 108.0, singleLine= true, isOverWidth= false
01-12 05:08:00.160 D/AirplaneHandler( 1678): [AirplaneHandler.java:175:updateButton()]setAirplaneButton!!!
01-12 05:08:00.160 D/QuickSettingsButton( 1678): [QuickSettingsButton.java:332:onChanged()]Airplane, width= 78.0, buttonWidth - paddingWidth= 108.0, singleLine= true, isOverWidth= false
01-12 05:08:00.160 D/QuickSettingsHandler( 1678): [QuickSettingsHandler.java:178:getButtonContentDescription()]3, Airplane off
01-12 05:08:00.160 D/QuickSettingsHandler( 1678): [QuickSettingsHandler.java:158:setButtonStatus()]Airplane :Airplane off.
01-12 05:08:00.170 D/QuickSettingsHandler( 1678): [QuickSettingsHandler.java:69:onCreate()]onCreate() Name = Quiet mode
01-12 05:08:00.180 D/QuickSettingsButton( 1678): [QuickSettingsButton.java:332:onChanged()]Quiet mode, width= 109.0, buttonWidth - paddingWidth= 108.0, singleLine= false, isOverWidth= true
01-12 05:08:00.180 D/QuickSettingsButton( 1678): [QuickSettingsButton.java:332:onChanged()]Quiet mode, width= 109.0, buttonWidth - paddingWidth= 108.0, singleLine= false, isOverWidth= true
