01-12 04:54:05.380 I/am_create_service(  929): [0,1131068400,com.google.android.music/.download.DownloadQueueService,29081]
01-12 04:54:06.450 D/RILJ    ( 1775): [1729]> SIGNAL_STRENGTH [SUB1]
01-12 04:54:06.450 D/RILC    (  386): RIL onRequestComplete: Command channel closed
01-12 04:54:06.460 D/RILJ    ( 1775): [1729]< SIGNAL_STRENGTH SignalStrength: 0 0 0 0 0 0 0 0 0 0 0 0 0 cdma 0 [SUB1]
01-12 04:54:06.470 D/StatusBar.MSimNetworkController( 1678): isSimInserted(0), SimInserted=false
01-12 04:54:06.470 D/StatusBar.MSimNetworkController( 1678): isSimInserted(0), SimInserted=false
01-12 04:54:06.500 D/StatusBar.MSimNetworkController( 1678): isSimInserted(0), SimInserted=false
01-12 04:54:06.500 D/StatusBar.MSimNetworkController( 1678): isSimInserted(0), SimInserted=false
01-12 04:54:10.470 I/am_create_service(  929): [0,1131499496,com.google.android.music/.leanback.AutoCacheSchedulingService,29081]
01-12 04:54:10.500 I/am_destroy_service(  929): [0,1131499496,29081]
01-12 04:54:15.170 I/am_proc_start(  929): [0,29201,10029,com.lge.appbox.client:AppBoxCommonService,service,com.lge.appbox.client/com.lge.appbox.service.AppBoxCommonService]
01-12 04:54:15.170 I/ActivityManager(  929): Start proc com.lge.appbox.client:AppBoxCommonService for service com.lge.appbox.client/com.lge.appbox.service.AppBoxCommonService: pid=29201 uid=10029 gids={50029, 3003, 1015, 2001, 1028}
01-12 04:54:15.200 I/am_proc_bound(  929): [0,29201,com.lge.appbox.client:AppBoxCommonService]
01-12 04:54:15.200 I/am_create_service(  929): [0,1112135560,com.lge.appbox.client/com.lge.appbox.service.AppBoxCommonService,29201]
01-12 04:54:15.200 I/force_gc(  929): Binder
01-12 04:54:15.360 I/binder_sample(29201): [android.hardware.display.IDisplayManager,3,163,<pre-initialized>,32]
01-12 04:54:15.400 I/am_proc_start(  929): [0,29220,10029,com.lge.appbox.client,content provider,com.lge.appbox.client/com.lge.appbox.databases.AppBoxContentProvider]
01-12 04:54:15.400 I/ActivityManager(  929): Start proc com.lge.appbox.client for content provider com.lge.appbox.client/com.lge.appbox.databases.AppBoxContentProvider: pid=29220 uid=10029 gids={50029, 3003, 1015, 2001, 1028}
01-12 04:54:15.410 I/am_proc_bound(  929): [0,29220,com.lge.appbox.client]
01-12 04:54:15.440 I/binder_sample(29201): [android.app.IActivityManager,29,55,com.lge.appbox.client:AppBoxCommonServi,11]
01-12 04:54:26.520 D/RILJ    ( 1775): [1730]> SIGNAL_STRENGTH [SUB1]
01-12 04:54:26.520 D/RILC    (  386): RIL onRequestComplete: Command channel closed
01-12 04:54:26.530 D/RILJ    ( 1775): [1730]< SIGNAL_STRENGTH SignalStrength: 0 0 0 0 0 0 0 0 0 0 0 0 0 cdma 0 [SUB1]
01-12 04:54:26.560 D/StatusBar.MSimNetworkController( 1678): isSimInserted(0), SimInserted=false
01-12 04:54:26.570 D/StatusBar.MSimNetworkController( 1678): isSimInserted(0), SimInserted=false
01-12 04:54:26.570 D/StatusBar.MSimNetworkController( 1678): isSimInserted(0), SimInserted=false
01-12 04:54:26.580 D/StatusBar.MSimNetworkController( 1678): isSimInserted(0), SimInserted=false
01-12 04:54:36.890 I/battery_level(  929): [62,4076,314]
01-12 04:54:36.940 I/battery_level(  929): [62,4061,315]
01-12 04:54:46.590 D/RILJ    ( 1775): [1731]> SIGNAL_STRENGTH [SUB1]
01-12 04:54:46.590 D/RILC    (  386): RIL onRequestComplete: Command channel closed
01-12 04:54:46.600 D/RILJ    ( 1775): [1731]< SIGNAL_STRENGTH SignalStrength: 0 0 0 0 0 0 0 0 0 0 0 0 0 cdma 0 [SUB1]
01-12 04:54:46.630 D/StatusBar.MSimNetworkController( 1678): isSimInserted(0), SimInserted=false
01-12 04:54:46.640 D/StatusBar.MSimNetworkController( 1678): isSimInserted(0), SimInserted=false
01-12 04:54:46.650 D/StatusBar.MSimNetworkController( 1678): isSimInserted(0), SimInserted=false
01-12 04:54:46.650 D/StatusBar.MSimNetworkController( 1678): isSimInserted(0), SimInserted=false
01-12 04:54:56.900 I/battery_level(  929): [63,4083,313]
01-12 04:54:56.920 I/EmotionalLed( 1813): getCurrentHighestLGLedRecord() start. mLedList.size=1
01-12 04:54:56.920 V/EmotionalLed( 1813): startInternal : pkg=batteryinfo, recordId=0 : LGLedRecord{4275c5f0 flags=0 patternId=3 color=0 priority=-1 recordId=0 pkg=batteryinfo mExceptional=false mNativeNotification=false whichLedPlay=0}
01-12 04:54:56.920 D/EmotionalLed( 1813): enqueuing start. mLedList.size()=0
01-12 04:54:56.920 I/EmotionalLed( 1813): updateLightsLocked() start. mLedList.size=1
01-12 04:54:56.920 D/EmotionalLed( 1813): enqueuing end. mLedList.size()=1
01-12 04:54:56.950 I/battery_level(  929): [63,4071,314]
01-12 04:55:03.280 I/battery_level(  929): [63,4078,313]
01-12 04:55:06.670 D/RILC    (  386): RIL onRequestComplete: Command channel closed
01-12 04:55:06.670 D/RILJ    ( 1775): [1732]< SIGNAL_STRENGTH SignalStrength: 0 0 0 0 0 0 0 0 0 0 0 0 0 cdma 0 [SUB1]
01-12 04:55:06.670 D/RILJ    ( 1775): [1732]> SIGNAL_STRENGTH [SUB1]
01-12 04:55:06.700 D/StatusBar.MSimNetworkController( 1678): isSimInserted(0), SimInserted=false
01-12 04:55:06.710 D/StatusBar.MSimNetworkController( 1678): isSimInserted(0), SimInserted=false
01-12 04:55:06.720 D/StatusBar.MSimNetworkController( 1678): isSimInserted(0), SimInserted=false
01-12 04:55:06.720 D/StatusBar.MSimNetworkController( 1678): isSimInserted(0), SimInserted=false
01-12 04:55:26.730 D/RILJ    ( 1775): [1733]> SIGNAL_STRENGTH [SUB1]
01-12 04:55:26.730 D/RILC    (  386): RIL onRequestComplete: Command channel closed
01-12 04:55:26.730 D/RILJ    ( 1775): [1733]< SIGNAL_STRENGTH SignalStrength: 0 0 0 0 0 0 0 0 0 0 0 0 0 cdma 0 [SUB1]
01-12 04:55:26.740 D/StatusBar.MSimNetworkController( 1678): isSimInserted(0), SimInserted=false
01-12 04:55:26.740 D/StatusBar.MSimNetworkController( 1678): isSimInserted(0), SimInserted=false
01-12 04:55:26.740 D/StatusBar.MSimNetworkController( 1678): isSimInserted(0), SimInserted=false
01-12 04:55:26.740 D/StatusBar.MSimNetworkController( 1678): isSimInserted(0), SimInserted=false
01-12 04:55:46.760 D/RILJ    ( 1775): [1734]> SIGNAL_STRENGTH [SUB1]
01-12 04:55:46.760 D/RILC    (  386): RIL onRequestComplete: Command channel closed
01-12 04:55:46.760 D/RILJ    ( 1775): [1734]< SIGNAL_STRENGTH SignalStrength: 0 0 0 0 0 0 0 0 0 0 0 0 0 cdma 0 [SUB1]
01-12 04:55:46.800 D/StatusBar.MSimNetworkController( 1678): isSimInserted(0), SimInserted=false
01-12 04:55:46.810 D/StatusBar.MSimNetworkController( 1678): isSimInserted(0), SimInserted=false
01-12 04:55:46.810 D/StatusBar.MSimNetworkController( 1678): isSimInserted(0), SimInserted=false
01-12 04:55:46.810 D/StatusBar.MSimNetworkController( 1678): isSimInserted(0), SimInserted=false
01-12 04:56:03.440 I/battery_level(  929): [63,4080,312]
01-12 04:56:06.830 D/RILJ    ( 1775): [1735]> SIGNAL_STRENGTH [SUB1]
01-12 04:56:06.830 D/RILC    (  386): RIL onRequestComplete: Command channel closed
01-12 04:56:06.830 D/RILJ    ( 1775): [1735]< SIGNAL_STRENGTH SignalStrength: 0 0 0 0 0 0 0 0 0 0 0 0 0 cdma 0 [SUB1]
01-12 04:56:06.870 D/StatusBar.MSimNetworkController( 1678): isSimInserted(0), SimInserted=false
01-12 04:56:06.870 D/StatusBar.MSimNetworkController( 1678): isSimInserted(0), SimInserted=false
01-12 04:56:06.880 D/StatusBar.MSimNetworkController( 1678): isSimInserted(0), SimInserted=false
01-12 04:56:06.880 D/StatusBar.MSimNetworkController( 1678): isSimInserted(0), SimInserted=false
01-12 04:56:26.900 D/RILJ    ( 1775): [1736]> SIGNAL_STRENGTH [SUB1]
01-12 04:56:26.900 D/RILC    (  386): RIL onRequestComplete: Command channel closed
01-12 04:56:26.900 D/RILJ    ( 1775): [1736]< SIGNAL_STRENGTH SignalStrength: 0 0 0 0 0 0 0 0 0 0 0 0 0 cdma 0 [SUB1]
01-12 04:56:26.940 D/StatusBar.MSimNetworkController( 1678): isSimInserted(0), SimInserted=false
01-12 04:56:26.950 D/StatusBar.MSimNetworkController( 1678): isSimInserted(0), SimInserted=false
01-12 04:56:26.960 D/StatusBar.MSimNetworkController( 1678): isSimInserted(0), SimInserted=false
01-12 04:56:26.960 D/StatusBar.MSimNetworkController( 1678): isSimInserted(0), SimInserted=false
01-12 04:56:46.970 D/RILJ    ( 1775): [1737]> SIGNAL_STRENGTH [SUB1]
01-12 04:56:46.980 D/RILC    (  386): RIL onRequestComplete: Command channel closed
01-12 04:56:46.990 D/RILJ    ( 1775): [1737]< SIGNAL_STRENGTH SignalStrength: 0 0 0 0 0 0 0 0 0 0 0 0 0 cdma 0 [SUB1]
01-12 04:56:47.040 D/StatusBar.MSimNetworkController( 1678): isSimInserted(0), SimInserted=false
01-12 04:56:47.040 D/StatusBar.MSimNetworkController( 1678): isSimInserted(0), SimInserted=false
01-12 04:56:47.040 D/StatusBar.MSimNetworkController( 1678): isSimInserted(0), SimInserted=false
01-12 04:56:47.040 D/StatusBar.MSimNetworkController( 1678): isSimInserted(0), SimInserted=false
01-12 04:57:03.610 I/battery_level(  929): [63,4082,310]
01-12 04:57:07.060 D/RILJ    ( 1775): [1738]> SIGNAL_STRENGTH [SUB1]
01-12 04:57:07.060 D/RILC    (  386): RIL onRequestComplete: Command channel closed
01-12 04:57:07.060 D/RILJ    ( 1775): [1738]< SIGNAL_STRENGTH SignalStrength: 0 0 0 0 0 0 0 0 0 0 0 0 0 cdma 0 [SUB1]
01-12 04:57:07.100 D/StatusBar.MSimNetworkController( 1678): isSimInserted(0), SimInserted=false
01-12 04:57:07.110 D/StatusBar.MSimNetworkController( 1678): isSimInserted(0), SimInserted=false
01-12 04:57:07.110 D/StatusBar.MSimNetworkController( 1678): isSimInserted(0), SimInserted=false
01-12 04:57:07.110 D/StatusBar.MSimNetworkController( 1678): isSimInserted(0), SimInserted=false
01-12 04:57:12.110 W/ProcessStats(  929): Skipping unknown process pid 29695
01-12 04:57:12.110 W/ProcessStats(  929): Skipping unknown process pid 29696
01-12 04:57:27.130 D/RILJ    ( 1775): [1739]> SIGNAL_STRENGTH [SUB1]
01-12 04:57:27.130 D/RILC    (  386): RIL onRequestComplete: Command channel closed
01-12 04:57:27.130 D/RILJ    ( 1775): [1739]< SIGNAL_STRENGTH SignalStrength: 0 0 0 0 0 0 0 0 0 0 0 0 0 cdma 0 [SUB1]
01-12 04:57:27.170 D/StatusBar.MSimNetworkController( 1678): isSimInserted(0), SimInserted=false
01-12 04:57:27.180 D/StatusBar.MSimNetworkController( 1678): isSimInserted(0), SimInserted=false
01-12 04:57:27.180 D/StatusBar.MSimNetworkController( 1678): isSimInserted(0), SimInserted=false
01-12 04:57:27.190 D/StatusBar.MSimNetworkController( 1678): isSimInserted(0), SimInserted=false
01-12 04:57:47.200 D/RILJ    ( 1775): [1740]> SIGNAL_STRENGTH [SUB1]
01-12 04:57:47.210 D/RILC    (  386): RIL onRequestComplete: Command channel closed
01-12 04:57:47.210 D/RILJ    ( 1775): [1740]< SIGNAL_STRENGTH SignalStrength: 0 0 0 0 0 0 0 0 0 0 0 0 0 cdma 0 [SUB1]
01-12 04:57:47.240 D/StatusBar.MSimNetworkController( 1678): isSimInserted(0), SimInserted=false
01-12 04:57:47.250 D/StatusBar.MSimNetworkController( 1678): isSimInserted(0), SimInserted=false
01-12 04:57:47.250 D/StatusBar.MSimNetworkController( 1678): isSimInserted(0), SimInserted=false
01-12 04:57:47.260 D/StatusBar.MSimNetworkController( 1678): isSimInserted(0), SimInserted=false
01-12 04:57:50.890 W/ThrottleService(  929): unable to find stats for iface rmnet0
01-12 04:58:03.760 I/battery_level(  929): [63,4085,309]
01-12 04:58:07.270 D/RILJ    ( 1775): [1741]> SIGNAL_STRENGTH [SUB1]
01-12 04:58:07.280 D/RILC    (  386): RIL onRequestComplete: Command channel closed
01-12 04:58:07.280 D/RILJ    ( 1775): [1741]< SIGNAL_STRENGTH SignalStrength: 0 0 0 0 0 0 0 0 0 0 0 0 0 cdma 0 [SUB1]
01-12 04:58:07.310 D/StatusBar.MSimNetworkController( 1678): isSimInserted(0), SimInserted=false
01-12 04:58:07.320 D/StatusBar.MSimNetworkController( 1678): isSimInserted(0), SimInserted=false
01-12 04:58:07.330 D/StatusBar.MSimNetworkController( 1678): isSimInserted(0), SimInserted=false
01-12 04:58:07.330 D/StatusBar.MSimNetworkController( 1678): isSimInserted(0), SimInserted=false
01-12 04:58:27.350 D/RILJ    ( 1775): [1742]> SIGNAL_STRENGTH [SUB1]
01-12 04:58:27.360 D/RILC    (  386): RIL onRequestComplete: Command channel closed
01-12 04:58:27.360 D/RILJ    ( 1775): [1742]< SIGNAL_STRENGTH SignalStrength: 0 0 0 0 0 0 0 0 0 0 0 0 0 cdma 0 [SUB1]
01-12 04:58:27.390 D/StatusBar.MSimNetworkController( 1678): isSimInserted(0), SimInserted=false
01-12 04:58:27.400 D/StatusBar.MSimNetworkController( 1678): isSimInserted(0), SimInserted=false
01-12 04:58:27.410 D/StatusBar.MSimNetworkController( 1678): isSimInserted(0), SimInserted=false
01-12 04:58:27.410 D/StatusBar.MSimNetworkController( 1678): isSimInserted(0), SimInserted=false
01-12 04:58:36.910 I/battery_level(  929): [64,4088,308]
01-12 04:58:36.920 I/EmotionalLed( 1813): getCurrentHighestLGLedRecord() start. mLedList.size=1
01-12 04:58:36.920 V/EmotionalLed( 1813): startInternal : pkg=batteryinfo, recordId=0 : LGLedRecord{42919888 flags=0 patternId=3 color=0 priority=-1 recordId=0 pkg=batteryinfo mExceptional=false mNativeNotification=false whichLedPlay=0}
01-12 04:58:36.930 D/EmotionalLed( 1813): enqueuing start. mLedList.size()=0
01-12 04:58:36.930 I/EmotionalLed( 1813): updateLightsLocked() start. mLedList.size=1
01-12 04:58:36.930 D/EmotionalLed( 1813): enqueuing end. mLedList.size()=1
01-12 04:58:36.940 I/battery_level(  929): [64,4073,309]
01-12 04:58:47.430 D/RILC    (  386): RIL onRequestComplete: Command channel closed
01-12 04:58:47.430 D/RILJ    ( 1775): [1743]< SIGNAL_STRENGTH SignalStrength: 0 0 0 0 0 0 0 0 0 0 0 0 0 cdma 0 [SUB1]
01-12 04:58:47.430 D/RILJ    ( 1775): [1743]> SIGNAL_STRENGTH [SUB1]
01-12 04:58:47.460 D/StatusBar.MSimNetworkController( 1678): isSimInserted(0), SimInserted=false
01-12 04:58:47.470 D/StatusBar.MSimNetworkController( 1678): isSimInserted(0), SimInserted=false
01-12 04:58:47.480 D/StatusBar.MSimNetworkController( 1678): isSimInserted(0), SimInserted=false
01-12 04:58:47.480 D/StatusBar.MSimNetworkController( 1678): isSimInserted(0), SimInserted=false
01-12 04:59:03.920 I/battery_level(  929): [64,4088,307]
01-12 04:59:07.500 D/RILJ    ( 1775): [1744]> SIGNAL_STRENGTH [SUB1]
01-12 04:59:07.510 D/RILC    (  386): RIL onRequestComplete: Command channel closed
01-12 04:59:07.510 D/RILJ    ( 1775): [1744]< SIGNAL_STRENGTH SignalStrength: 0 0 0 0 0 0 0 0 0 0 0 0 0 cdma 0 [SUB1]
01-12 04:59:07.540 D/StatusBar.MSimNetworkController( 1678): isSimInserted(0), SimInserted=false
01-12 04:59:07.550 D/StatusBar.MSimNetworkController( 1678): isSimInserted(0), SimInserted=false
01-12 04:59:07.560 D/StatusBar.MSimNetworkController( 1678): isSimInserted(0), SimInserted=false
01-12 04:59:07.560 D/StatusBar.MSimNetworkController( 1678): isSimInserted(0), SimInserted=false
01-12 04:59:27.580 D/RILJ    ( 1775): [1745]> SIGNAL_STRENGTH [SUB1]
01-12 04:59:27.580 D/RILC    (  386): RIL onRequestComplete: Command channel closed
01-12 04:59:27.580 D/RILJ    ( 1775): [1745]< SIGNAL_STRENGTH SignalStrength: 0 0 0 0 0 0 0 0 0 0 0 0 0 cdma 0 [SUB1]
01-12 04:59:27.620 D/StatusBar.MSimNetworkController( 1678): isSimInserted(0), SimInserted=false
01-12 04:59:27.620 D/StatusBar.MSimNetworkController( 1678): isSimInserted(0), SimInserted=false
01-12 04:59:27.630 D/StatusBar.MSimNetworkController( 1678): isSimInserted(0), SimInserted=false
01-12 04:59:27.630 D/StatusBar.MSimNetworkController( 1678): isSimInserted(0), SimInserted=false
01-12 04:59:36.210 I/power_screen_broadcast_send(  929): 1
01-12 04:59:36.210 I/power_screen_state(  929): [1,0,0,0]
01-12 04:59:36.210 I/screen_toggled(  929): 1
01-12 04:59:36.210 W/ContextImpl(  929): Calling a method in the system process without a qualified user: android.app.ContextImpl.sendBroadcast:1044 com.android.internal.policy.impl.PhoneWindowManager.interceptKeyBeforeQueueing:5115 com.android.server.wm.InputMonitor.interceptKeyBeforeQueueing:361 com.android.server.input.InputManagerService.interceptKeyBeforeQueueing:1322 dalvik.system.NativeStart.run:-2 
01-12 04:59:36.210 W/ContextImpl(  929): Calling a method in the system process without a qualified user: android.app.ContextImpl.sendBroadcast:1044 com.android.internal.policy.impl.PhoneWindowManager.interceptKeyBeforeQueueing:5120 com.android.server.wm.InputMonitor.interceptKeyBeforeQueueing:361 com.android.server.input.InputManagerService.interceptKeyBeforeQueueing:1322 dalvik.system.NativeStart.run:-2 
01-12 04:59:36.210 I/PowerManagerService(  929): Waking up from sleep...
01-12 04:59:36.780 I/dvm_lock_sample(  929): [system_server,0,android.server.ServerThread,545,DisplayManagerService.java,310,-,366,100]
01-12 04:59:36.780 I/am_resume_activity(  929): [0,1118711824,5,com.lge.launcher2/.Launcher]
01-12 04:59:36.790 I/dvm_lock_sample(  929): [system_server,1,Binder_3,526,DisplayManagerService.java,390,-,366,100]
01-12 04:59:36.790 I/dvm_lock_sample(  929): [system_server,0,UI,495,WindowManagerService.java,9779,-,4016,99]
01-12 04:59:36.790 I/binder_sample( 6874): [android.hardware.display.IDisplayManager,1,527,com.lge.launcher2,100]
01-12 04:59:36.790 I/WindowManager(  929): Lock screen displayed!
01-12 04:59:36.860 D/ConnectivityService(  929): onUidRulesChanged(uid=10048, uidRules=0)
01-12 04:59:36.900 I/EmotionalLed( 1813): getCurrentHighestLGLedRecord() start. mLedList.size=1
01-12 04:59:36.910 I/am_on_resume_called( 6874): [0,com.lge.launcher2.Launcher]
01-12 04:59:36.930 I/am_proc_start(  929): [0,30038,10045,com.lge.appwidget.flashlight,broadcast,com.lge.appwidget.flashlight/.FlashlightAppWidgetProvider]
01-12 04:59:36.930 I/ActivityManager(  929): Start proc com.lge.appwidget.flashlight for broadcast com.lge.appwidget.flashlight/.FlashlightAppWidgetProvider: pid=30038 uid=10045 gids={50045, 1006, 1028}
01-12 04:59:36.960 D/RILJ    ( 1775): [1746]> SCREEN_STATE: true [SUB0]
01-12 04:59:36.960 D/RILC    (  373): RIL onRequestComplete: Command channel closed
01-12 04:59:36.970 D/RILJ    ( 1775): [1747]> SCREEN_STATE: true [SUB1]
01-12 04:59:36.970 D/RILC    (  386): RIL onRequestComplete: Command channel closed
01-12 04:59:36.970 D/RILJ    ( 1775): [1747]< SCREEN_STATE  [SUB1]
01-12 04:59:36.970 D/RILJ    ( 1775): [1746]< SCREEN_STATE  [SUB0]
01-12 04:59:36.970 I/am_proc_bound(  929): [0,30038,com.lge.appwidget.flashlight]
01-12 04:59:36.980 D/CDMA    ( 1775): [MSimCdmaDCT:1] onReceive: action=android.intent.action.SCREEN_ON
01-12 04:59:36.980 D/CDMA    ( 1775): [MSimCdmaDCT:1] stopNetStatPoll
01-12 04:59:37.030 D/GSM     ( 1775): [MSimGsmDCT:0] onReceive: action=android.intent.action.SCREEN_ON
01-12 04:59:37.030 D/GSM     ( 1775): [MSimGsmDCT:0] stopNetStatPoll
01-12 04:59:37.030 D/GSM     ( 1775): [MSimGsmDCT:0] overall state is IDLE
01-12 04:59:37.050 I/power_screen_broadcast_done(  929): [1,841,1]
01-12 04:59:37.050 W/ContextImpl( 6073): Calling a method in the system process without a qualified user: android.app.ContextImpl.sendBroadcast:1044 android.content.ContextWrapper.sendBroadcast:338 com.lge.lmk.widget.WidgetUpdater$UpdateThread.handleMessage:155 android.os.Handler.dispatchMessage:95 android.os.Looper.loop:137 
01-12 04:59:37.300 I/EmotionalLed( 1813): updateLightsLocked() start. mLedList.size=1
01-12 04:59:37.560 D/VolumeVibrator( 1813): clear
01-12 04:59:37.560 D/VolumeVibrator( 1813): clear
01-12 04:59:38.130 I/screen_toggled(  929): 2
01-12 04:59:38.160 D/StatusBarManager(  929): StatusBarManager.disable(0x0) called from android
01-12 04:59:38.160 I/StatusBarManager(  929): ===============================
01-12 04:59:38.160 I/StatusBarManager(  929): java.lang.RuntimeException: StatusBarManager.disable(0x0) Call Stack
01-12 04:59:38.160 I/StatusBarManager(  929): 	at android.app.StatusBarManager.disable(StatusBarManager.java:115)
01-12 04:59:38.160 I/StatusBarManager(  929): 	at com.android.internal.policy.impl.keyguard.KeyguardViewMediator.adjustStatusBarLocked(KeyguardViewMediator.java:2032)
01-12 04:59:38.160 I/StatusBarManager(  929): 	at com.android.internal.policy.impl.keyguard.KeyguardViewMediator.handleHide(KeyguardViewMediator.java:1962)
01-12 04:59:38.160 I/StatusBarManager(  929): 	at com.android.internal.policy.impl.keyguard.KeyguardViewMediator.handleKeyguardDone(KeyguardViewMediator.java:1795)
01-12 04:59:38.160 I/StatusBarManager(  929): 	at com.android.internal.policy.impl.keyguard.KeyguardViewMediator.access$3900(KeyguardViewMediator.java:110)
01-12 04:59:38.160 I/StatusBarManager(  929): 	at com.android.internal.policy.impl.keyguard.KeyguardViewMediator$5.handleMessage(KeyguardViewMediator.java:1741)
01-12 04:59:38.160 I/StatusBarManager(  929): 	at android.os.Handler.dispatchMessage(Handler.java:99)
01-12 04:59:38.160 I/StatusBarManager(  929): 	at android.os.Looper.loop(Looper.java:137)
01-12 04:59:38.160 I/StatusBarManager(  929): 	at android.os.HandlerThread.run(HandlerThread.java:60)
01-12 04:59:38.160 D/PhoneStatusBar( 1678): disable: < expand icons alerts ticker system_info BACK HOME recent* clock search* >
01-12 04:59:38.190 W/InputMethodManagerService(  929): Window already focused, ignoring focus gain of: com.android.internal.view.IInputMethodClient$Stub$Proxy@439e3e78 attribute=android.view.inputmethod.EditorInfo@43866610, token = android.os.BinderProxy@42b13320
01-12 04:59:38.340 D/PhoneStatusBar( 1678): disable: < expand icons alerts ticker system_info back* home* recent clock search >
01-12 04:59:47.630 D/RILJ    ( 1775): [1748]> SIGNAL_STRENGTH [SUB1]
01-12 04:59:47.640 D/RILC    (  386): RIL onRequestComplete: Command channel closed
01-12 04:59:47.650 D/RILJ    ( 1775): [1748]< SIGNAL_STRENGTH SignalStrength: 0 0 0 0 0 0 0 0 0 0 0 0 0 cdma 0 [SUB1]
01-12 04:59:47.660 D/StatusBar.MSimNetworkController( 1678): isSimInserted(0), SimInserted=false
01-12 04:59:47.660 D/StatusBar.MSimNetworkController( 1678): isSimInserted(0), SimInserted=false
01-12 04:59:47.660 D/StatusBar.MSimNetworkController( 1678): isSimInserted(0), SimInserted=false
01-12 04:59:47.660 D/StatusBar.MSimNetworkController( 1678): isSimInserted(0), SimInserted=false
01-12 04:59:52.110 W/ContextImpl( 6073): Calling a method in the system process without a qualified user: android.app.ContextImpl.sendBroadcast:1044 android.content.ContextWrapper.sendBroadcast:338 com.lge.lmk.widget.WidgetUpdater$UpdateThread.handleMessage:155 android.os.Handler.dispatchMessage:95 android.os.Looper.loop:137 
01-12 05:00:04.080 I/battery_level(  929): [64,4064,311]
01-12 05:00:04.780 I/am_create_task(  929): [0,84]
01-12 05:00:04.780 I/am_create_activity(  929): [0,1123275536,84,com.glbenchmark.glbenchmark25/com.glbenchmark.activities.GLBenchmarkDownloaderActivity,android.intent.action.MAIN,NULL,NULL,270532608]
01-12 05:00:04.780 I/ActivityManager(  929): START u0 {act=android.intent.action.MAIN cat=[android.intent.category.LAUNCHER] flg=0x10200000 cmp=com.glbenchmark.glbenchmark25/com.glbenchmark.activities.GLBenchmarkDownloaderActivity} from pid 6874
01-12 05:00:04.820 I/am_pause_activity(  929): [0,1118711824,com.lge.launcher2/.Launcher]
01-12 05:00:04.830 I/am_on_paused_called( 6874): [0,com.lge.launcher2.Launcher]
01-12 05:00:04.840 I/am_proc_start(  929): [0,30151,10131,com.glbenchmark.glbenchmark25,activity,com.glbenchmark.glbenchmark25/com.glbenchmark.activities.GLBenchmarkDownloaderActivity]
01-12 05:00:04.840 I/ActivityManager(  929): Start proc com.glbenchmark.glbenchmark25 for activity com.glbenchmark.glbenchmark25/com.glbenchmark.activities.GLBenchmarkDownloaderActivity: pid=30151 uid=10131 gids={50131, 3003, 1015, 1028}
01-12 05:00:04.850 I/am_proc_bound(  929): [0,30151,com.glbenchmark.glbenchmark25]
01-12 05:00:04.860 I/am_restart_activity(  929): [0,1123275536,84,com.glbenchmark.glbenchmark25/com.glbenchmark.activities.GLBenchmarkDownloaderActivity]
01-12 05:00:04.860 D/ConnectivityService(  929): onUidRulesChanged(uid=10131, uidRules=0)
01-12 05:00:04.890 I/binder_sample(30151): [android.hardware.display.IDisplayManager,1,10,<pre-initialized>,2]
01-12 05:00:04.940 V/ActivityThread(30151): Benchmark is Detected, Dummy Info is set : com.glbenchmark.glbenchmark25
01-12 05:00:05.130 I/am_create_activity(  929): [0,1130670944,84,com.glbenchmark.glbenchmark25/com.glbenchmark.activities.MainActivity,NULL,NULL,NULL,0]
01-12 05:00:05.130 I/ActivityManager(  929): START u0 {cmp=com.glbenchmark.glbenchmark25/com.glbenchmark.activities.MainActivity (has extras)} from pid 30151
01-12 05:00:05.140 I/am_pause_activity(  929): [0,1123275536,com.glbenchmark.glbenchmark25/com.glbenchmark.activities.GLBenchmarkDownloaderActivity]
01-12 05:00:05.140 I/am_finish_activity(  929): [0,1123275536,84,com.glbenchmark.glbenchmark25/com.glbenchmark.activities.GLBenchmarkDownloaderActivity,app-request]
01-12 05:00:05.140 I/am_restart_activity(  929): [0,1130670944,84,com.glbenchmark.glbenchmark25/com.glbenchmark.activities.MainActivity]
01-12 05:00:05.400 I/am_create_activity(  929): [0,1130746624,84,com.glbenchmark.glbenchmark25/com.glbenchmark.activities.GetGLEGLInfo,NULL,NULL,NULL,0]
01-12 05:00:05.400 I/am_pause_activity(  929): [0,1130670944,com.glbenchmark.glbenchmark25/com.glbenchmark.activities.MainActivity]
01-12 05:00:05.400 I/am_on_resume_called(30151): [0,com.glbenchmark.activities.MainActivity]
01-12 05:00:05.400 I/am_on_paused_called(30151): [0,com.glbenchmark.activities.MainActivity]
01-12 05:00:05.400 I/ActivityManager(  929): START u0 {cmp=com.glbenchmark.glbenchmark25/com.glbenchmark.activities.GetGLEGLInfo (has extras)} from pid 30151
01-12 05:00:05.420 I/configuration_changed(  929): 1152
01-12 05:00:05.420 I/ActivityManager(  929): Config changes=480 {1.0 ?mcc?mnc en_US ldltr sw360dp w640dp h334dp 240dpi nrml long land finger -keyb/v/h -nav/h s.34-1fontTypeIndex}
01-12 05:00:05.440 I/binder_sample( 1678): [android.content.pm.IPackageManager,10,7,com.android.systemui,1]
01-12 05:00:05.450 I/binder_sample(26413): [android.hardware.display.IDisplayManager,1,14,com.lge.osp,2]
01-12 05:00:05.460 I/am_restart_activity(  929): [0,1130746624,84,com.glbenchmark.glbenchmark25/com.glbenchmark.activities.GetGLEGLInfo]
01-12 05:00:05.470 W/BroadcastQueue(  929): Permission Denial: receiving Intent { act=android.intent.action.THEME_PACKAGE_CHANGED flg=0x10 } to ProcessRecord{424c1a78 1741:com.lge.ime/u0a10041} (pid=1741, uid=10041) requires com.lge.permission.ACCESS_CLOCK_WIDGET due to sender com.lge.appwidget.clock (uid 10037)
01-12 05:00:05.470 W/BroadcastQueue(  929): Permission Denial: receiving Intent { act=android.intent.action.THEME_PACKAGE_CHANGED flg=0x10 } to ProcessRecord{424c0978 3344:com.lge.sizechangable.weather/u0a10077} (pid=3344, uid=10077) requires com.lge.permission.ACCESS_CLOCK_WIDGET due to sender com.lge.appwidget.clock (uid 10037)
01-12 05:00:05.470 W/BroadcastQueue(  929): Permission Denial: receiving Intent { act=android.intent.action.THEME_PACKAGE_CHANGED flg=0x10 } to ProcessRecord{424f96b0 25207:com.lge.sizechangable.musicwidget.widget/u0a10057} (pid=25207, uid=10057) requires com.lge.permission.ACCESS_CLOCK_WIDGET due to sender com.lge.appwidget.clock (uid 10037)
01-12 05:00:05.470 W/BroadcastQueue(  929): Permission Denial: receiving Intent { act=android.intent.action.THEME_PACKAGE_CHANGED flg=0x10 } to com.android.calendar/.widget.CalendarAppWidgetProvider requires com.lge.permission.ACCESS_CLOCK_WIDGET due to sender com.lge.appwidget.clock (uid 10037)
01-12 05:00:05.470 E/ActivityThread( 1775): Failed to find provider info for com.lge.lollipop.provider
01-12 05:00:05.470 W/ContextImpl( 6073): Calling a method in the system process without a qualified user: android.app.ContextImpl.sendBroadcast:1044 android.content.ContextWrapper.sendBroadcast:338 com.lge.lmk.widget.WidgetUpdater.changeWidgetTheme:66 com.lge.lmk.widget.WidgetUpdater.access$200:16 com.lge.lmk.widget.WidgetUpdater$1.onReceive:46 
01-12 05:00:05.480 I/am_on_resume_called(30151): [0,com.glbenchmark.activities.GetGLEGLInfo]
01-12 05:00:05.490 I/am_proc_start(  929): [0,30188,10052,com.lge.lockscreensettings,content provider,com.lge.lockscreensettings/.LockSettingsProvider]
01-12 05:00:05.490 I/ActivityManager(  929): Start proc com.lge.lockscreensettings for content provider com.lge.lockscreensettings/.LockSettingsProvider: pid=30188 uid=10052 gids={50052, 1028}
01-12 05:00:05.510 I/am_proc_bound(  929): [0,30188,com.lge.lockscreensettings]
01-12 05:00:05.560 W/BroadcastQueue(  929): Permission Denial: receiving Intent { act=android.intent.action.THEME_PACKAGE_CHANGED flg=0x10 } to com.lge.email/.ui.widget.EmailWidgetProvider requires com.lge.permission.ACCESS_CLOCK_WIDGET due to sender com.lge.appwidget.clock (uid 10037)
01-12 05:00:05.560 W/BroadcastQueue(  929): Permission Denial: receiving Intent { act=android.intent.action.THEME_PACKAGE_CHANGED flg=0x10 } to com.lge.appwidget.flashlight/.FlashlightAppWidgetProvider requires com.lge.permission.ACCESS_CLOCK_WIDGET due to sender com.lge.appwidget.clock (uid 10037)
01-12 05:00:05.560 W/BroadcastQueue(  929): Permission Denial: receiving Intent { act=android.intent.action.THEME_PACKAGE_CHANGED flg=0x10 } to com.lge.lockscreensettings/.LockSettingsReceiver requires com.lge.permission.ACCESS_CLOCK_WIDGET due to sender com.lge.appwidget.clock (uid 10037)
01-12 05:00:05.560 W/BroadcastQueue(  929): Permission Denial: receiving Intent { act=android.intent.action.THEME_PACKAGE_CHANGED flg=0x10 } to com.lge.sizechangable.photoalbum/.PhotoAppWidgetReceiver requires com.lge.permission.ACCESS_CLOCK_WIDGET due to sender com.lge.appwidget.clock (uid 10037)
01-12 05:00:05.570 I/content_query_sample(  929): [content://com.lge.lockscreensettings/shortcut,,,,5,,2]
01-12 05:00:05.590 I/binder_sample( 1678): [android.view.IWindowSession,5,7,com.android.systemui,1]
01-12 05:00:05.690 V/InputMethodManagerService(  929): SoftKeypad HIDE broadcast
01-12 05:00:05.700 W/ContextImpl(  929): Calling a method in the system process without a qualified user: android.app.ContextImpl.sendBroadcast:1044 com.android.server.InputMethodManagerService.hideCurrentInputLocked:1832 com.android.server.InputMethodManagerService.windowGainedFocus:1938 com.android.internal.view.IInputMethodManager$Stub.onTransact:224 com.android.server.InputMethodManagerService.onTransact:841 
01-12 05:00:05.720 I/am_activity_launch_time(  929): [0,1130746624,com.glbenchmark.glbenchmark25/com.glbenchmark.activities.GetGLEGLInfo,312,888]
01-12 05:00:05.740 I/am_destroy_activity(  929): [0,1123275536,84,com.glbenchmark.glbenchmark25/com.glbenchmark.activities.GLBenchmarkDownloaderActivity,finish-idle]
01-12 05:00:05.760 D/ConnectivityService(  929): onUidRulesChanged(uid=10048, uidRules=0)
01-12 05:00:05.910 I/am_finish_activity(  929): [0,1130746624,84,com.glbenchmark.glbenchmark25/com.glbenchmark.activities.GetGLEGLInfo,app-request]
01-12 05:00:05.920 D/StatusBar.MSimNetworkController( 1678): isSimInserted(0), SimInserted=false
01-12 05:00:05.920 D/StatusBar.MSimNetworkController( 1678): isSimInserted(1), SimInserted=false
01-12 05:00:05.930 I/am_pause_activity(  929): [0,1130746624,com.glbenchmark.glbenchmark25/com.glbenchmark.activities.GetGLEGLInfo]
01-12 05:00:05.930 I/am_on_paused_called(30151): [0,com.glbenchmark.activities.GetGLEGLInfo]
01-12 05:00:05.950 I/configuration_changed(  929): 1152
01-12 05:00:05.950 I/ActivityManager(  929): Config changes=480 {1.0 ?mcc?mnc en_US ldltr sw360dp w360dp h614dp 240dpi nrml long port finger -keyb/v/h -nav/h s.35-1fontTypeIndex}
01-12 05:00:05.980 I/am_resume_activity(  929): [0,1130670944,84,com.glbenchmark.glbenchmark25/com.glbenchmark.activities.MainActivity]
01-12 05:00:05.990 E/ActivityThread( 1775): Failed to find provider info for com.lge.lollipop.provider
01-12 05:00:05.990 W/BroadcastQueue(  929): Permission Denial: receiving Intent { act=android.intent.action.THEME_PACKAGE_CHANGED flg=0x10 } to ProcessRecord{424c1a78 1741:com.lge.ime/u0a10041} (pid=1741, uid=10041) requires com.lge.permission.ACCESS_CLOCK_WIDGET due to sender com.lge.appwidget.clock (uid 10037)
01-12 05:00:05.990 W/BroadcastQueue(  929): Permission Denial: receiving Intent { act=android.intent.action.THEME_PACKAGE_CHANGED flg=0x10 } to ProcessRecord{424c0978 3344:com.lge.sizechangable.weather/u0a10077} (pid=3344, uid=10077) requires com.lge.permission.ACCESS_CLOCK_WIDGET due to sender com.lge.appwidget.clock (uid 10037)
01-12 05:00:05.990 W/BroadcastQueue(  929): Permission Denial: receiving Intent { act=android.intent.action.THEME_PACKAGE_CHANGED flg=0x10 } to ProcessRecord{424f96b0 25207:com.lge.sizechangable.musicwidget.widget/u0a10057} (pid=25207, uid=10057) requires com.lge.permission.ACCESS_CLOCK_WIDGET due to sender com.lge.appwidget.clock (uid 10037)
01-12 05:00:05.990 W/BroadcastQueue(  929): Permission Denial: receiving Intent { act=android.intent.action.THEME_PACKAGE_CHANGED flg=0x10 } to com.android.calendar/.widget.CalendarAppWidgetProvider requires com.lge.permission.ACCESS_CLOCK_WIDGET due to sender com.lge.appwidget.clock (uid 10037)
01-12 05:00:05.990 W/ContextImpl( 6073): Calling a method in the system process without a qualified user: android.app.ContextImpl.sendBroadcast:1044 android.content.ContextWrapper.sendBroadcast:338 com.lge.lmk.widget.WidgetUpdater.changeWidgetTheme:66 com.lge.lmk.widget.WidgetUpdater.access$200:16 com.lge.lmk.widget.WidgetUpdater$1.onReceive:46 
01-12 05:00:06.020 I/am_on_resume_called(30151): [0,com.glbenchmark.activities.MainActivity]
01-12 05:00:06.070 W/BroadcastQueue(  929): Permission Denial: receiving Intent { act=android.intent.action.THEME_PACKAGE_CHANGED flg=0x10 } to com.lge.email/.ui.widget.EmailWidgetProvider requires com.lge.permission.ACCESS_CLOCK_WIDGET due to sender com.lge.appwidget.clock (uid 10037)
01-12 05:00:06.070 W/BroadcastQueue(  929): Permission Denial: receiving Intent { act=android.intent.action.THEME_PACKAGE_CHANGED flg=0x10 } to com.lge.appwidget.flashlight/.FlashlightAppWidgetProvider requires com.lge.permission.ACCESS_CLOCK_WIDGET due to sender com.lge.appwidget.clock (uid 10037)
01-12 05:00:06.070 W/BroadcastQueue(  929): Permission Denial: receiving Intent { act=android.intent.action.THEME_PACKAGE_CHANGED flg=0x10 } to com.lge.lockscreensettings/.LockSettingsReceiver requires com.lge.permission.ACCESS_CLOCK_WIDGET due to sender com.lge.appwidget.clock (uid 10037)
01-12 05:00:06.070 W/BroadcastQueue(  929): Permission Denial: receiving Intent { act=android.intent.action.THEME_PACKAGE_CHANGED flg=0x10 } to com.lge.sizechangable.photoalbum/.PhotoAppWidgetReceiver requires com.lge.permission.ACCESS_CLOCK_WIDGET due to sender com.lge.appwidget.clock (uid 10037)
01-12 05:00:06.200 I/am_activity_launch_time(  929): [0,1130670944,com.glbenchmark.glbenchmark25/com.glbenchmark.activities.MainActivity,1062,1062]
01-12 05:00:06.200 V/InputMethodManagerService(  929): SoftKeypad HIDE broadcast
01-12 05:00:06.200 W/ContextImpl(  929): Calling a method in the system process without a qualified user: android.app.ContextImpl.sendBroadcast:1044 com.android.server.InputMethodManagerService.hideCurrentInputLocked:1832 com.android.server.InputMethodManagerService.windowGainedFocus:1938 com.android.internal.view.IInputMethodManager$Stub.onTransact:224 com.android.server.InputMethodManagerService.onTransact:841 
01-12 05:00:06.240 I/am_destroy_activity(  929): [0,1130746624,84,com.glbenchmark.glbenchmark25/com.glbenchmark.activities.GetGLEGLInfo,finish-imm]
01-12 05:00:06.720 D/StatusBar.MSimNetworkController( 1678): isSimInserted(0), SimInserted=false
01-12 05:00:06.720 D/StatusBar.MSimNetworkController( 1678): isSimInserted(1), SimInserted=false
01-12 05:00:07.670 D/RILJ    ( 1775): [1749]> SIGNAL_STRENGTH [SUB1]
01-12 05:00:07.670 D/RILC    (  386): RIL onRequestComplete: Command channel closed
01-12 05:00:07.670 D/RILJ    ( 1775): [1749]< SIGNAL_STRENGTH SignalStrength: 0 0 0 0 0 0 0 0 0 0 0 0 0 cdma 0 [SUB1]
01-12 05:00:07.680 D/StatusBar.MSimNetworkController( 1678): isSimInserted(0), SimInserted=false
01-12 05:00:07.680 D/StatusBar.MSimNetworkController( 1678): isSimInserted(0), SimInserted=false
01-12 05:00:07.680 D/StatusBar.MSimNetworkController( 1678): isSimInserted(0), SimInserted=false
01-12 05:00:07.680 D/StatusBar.MSimNetworkController( 1678): isSimInserted(0), SimInserted=false
01-12 05:00:10.830 I/am_create_activity(  929): [0,1111385760,84,com.glbenchmark.glbenchmark25/com.glbenchmark.activities.TestSelectActivity,NULL,NULL,NULL,0]
01-12 05:00:10.830 I/ActivityManager(  929): START u0 {cmp=com.glbenchmark.glbenchmark25/com.glbenchmark.activities.TestSelectActivity (has extras)} from pid 30151
01-12 05:00:10.840 I/am_pause_activity(  929): [0,1130670944,com.glbenchmark.glbenchmark25/com.glbenchmark.activities.MainActivity]
01-12 05:00:10.850 I/am_on_paused_called(30151): [0,com.glbenchmark.activities.MainActivity]
01-12 05:00:10.860 I/am_restart_activity(  929): [0,1111385760,84,com.glbenchmark.glbenchmark25/com.glbenchmark.activities.TestSelectActivity]
01-12 05:00:10.930 I/am_on_resume_called(30151): [0,com.glbenchmark.activities.TestSelectActivity]
01-12 05:00:11.230 I/am_activity_launch_time(  929): [0,1111385760,com.glbenchmark.glbenchmark25/com.glbenchmark.activities.TestSelectActivity,377,377]
01-12 05:00:11.240 V/InputMethodManagerService(  929): SoftKeypad HIDE broadcast
01-12 05:00:11.240 W/ContextImpl(  929): Calling a method in the system process without a qualified user: android.app.ContextImpl.sendBroadcast:1044 com.android.server.InputMethodManagerService.hideCurrentInputLocked:1832 com.android.server.InputMethodManagerService.windowGainedFocus:1938 com.android.internal.view.IInputMethodManager$Stub.onTransact:224 com.android.server.InputMethodManagerService.onTransact:841 
01-12 05:00:14.930 I/backup_data_changed(  929): android
01-12 05:00:14.930 I/backup_data_changed(  929): android
01-12 05:00:18.900 I/am_create_activity(  929): [0,1112428040,84,com.glbenchmark.glbenchmark25/com.glbenchmark.activities.GLBenchmarkActivity,NULL,NULL,NULL,0]
01-12 05:00:18.900 I/ActivityManager(  929): START u0 {cmp=com.glbenchmark.glbenchmark25/com.glbenchmark.activities.GLBenchmarkActivity (has extras)} from pid 30151
01-12 05:00:18.920 I/am_pause_activity(  929): [0,1111385760,com.glbenchmark.glbenchmark25/com.glbenchmark.activities.TestSelectActivity]
01-12 05:00:18.920 I/am_finish_activity(  929): [0,1111385760,84,com.glbenchmark.glbenchmark25/com.glbenchmark.activities.TestSelectActivity,app-request]
01-12 05:00:18.930 I/am_on_paused_called(30151): [0,com.glbenchmark.activities.TestSelectActivity]
01-12 05:00:18.950 I/configuration_changed(  929): 1152
01-12 05:00:18.950 I/ActivityManager(  929): Config changes=480 {1.0 ?mcc?mnc en_US ldltr sw360dp w640dp h334dp 240dpi nrml long land finger -keyb/v/h -nav/h s.36-1fontTypeIndex}
01-12 05:00:19.000 I/am_restart_activity(  929): [0,1112428040,84,com.glbenchmark.glbenchmark25/com.glbenchmark.activities.GLBenchmarkActivity]
01-12 05:00:19.060 I/binder_sample(30151): [android.app.IActivityManager,19,131,com.glbenchmark.glbenchmark25,26]
01-12 05:00:19.060 E/ActivityThread( 1775): Failed to find provider info for com.lge.lollipop.provider
01-12 05:00:19.060 W/BroadcastQueue(  929): Permission Denial: receiving Intent { act=android.intent.action.THEME_PACKAGE_CHANGED flg=0x10 } to ProcessRecord{424c1a78 1741:com.lge.ime/u0a10041} (pid=1741, uid=10041) requires com.lge.permission.ACCESS_CLOCK_WIDGET due to sender com.lge.appwidget.clock (uid 10037)
01-12 05:00:19.060 W/BroadcastQueue(  929): Permission Denial: receiving Intent { act=android.intent.action.THEME_PACKAGE_CHANGED flg=0x10 } to ProcessRecord{424c0978 3344:com.lge.sizechangable.weather/u0a10077} (pid=3344, uid=10077) requires com.lge.permission.ACCESS_CLOCK_WIDGET due to sender com.lge.appwidget.clock (uid 10037)
01-12 05:00:19.080 I/binder_sample(30188): [android.hardware.display.IDisplayManager,1,71,com.lge.lockscreensettings,14]
01-12 05:00:19.080 I/binder_sample(25207): [com.android.internal.appwidget.IAppWidgetService,25,9,com.lge.sizechangable.musicwidget.widge,1]
01-12 05:00:19.080 W/BroadcastQueue(  929): Permission Denial: receiving Intent { act=android.intent.action.THEME_PACKAGE_CHANGED flg=0x10 } to ProcessRecord{424f96b0 25207:com.lge.sizechangable.musicwidget.widget/u0a10057} (pid=25207, uid=10057) requires com.lge.permission.ACCESS_CLOCK_WIDGET due to sender com.lge.appwidget.clock (uid 10037)
01-12 05:00:19.080 W/BroadcastQueue(  929): Permission Denial: receiving Intent { act=android.intent.action.THEME_PACKAGE_CHANGED flg=0x10 } to com.android.calendar/.widget.CalendarAppWidgetProvider requires com.lge.permission.ACCESS_CLOCK_WIDGET due to sender com.lge.appwidget.clock (uid 10037)
01-12 05:00:19.080 W/ContextImpl( 6073): Calling a method in the system process without a qualified user: android.app.ContextImpl.sendBroadcast:1044 android.content.ContextWrapper.sendBroadcast:338 com.lge.lmk.widget.WidgetUpdater.changeWidgetTheme:66 com.lge.lmk.widget.WidgetUpdater.access$200:16 com.lge.lmk.widget.WidgetUpdater$1.onReceive:46 
01-12 05:00:19.110 I/am_on_resume_called(30151): [0,com.glbenchmark.activities.GLBenchmarkActivity]
01-12 05:00:19.170 W/BroadcastQueue(  929): Permission Denial: receiving Intent { act=android.intent.action.THEME_PACKAGE_CHANGED flg=0x10 } to com.lge.email/.ui.widget.EmailWidgetProvider requires com.lge.permission.ACCESS_CLOCK_WIDGET due to sender com.lge.appwidget.clock (uid 10037)
01-12 05:00:19.180 W/BroadcastQueue(  929): Permission Denial: receiving Intent { act=android.intent.action.THEME_PACKAGE_CHANGED flg=0x10 } to com.lge.appwidget.flashlight/.FlashlightAppWidgetProvider requires com.lge.permission.ACCESS_CLOCK_WIDGET due to sender com.lge.appwidget.clock (uid 10037)
01-12 05:00:19.180 W/BroadcastQueue(  929): Permission Denial: receiving Intent { act=android.intent.action.THEME_PACKAGE_CHANGED flg=0x10 } to com.lge.lockscreensettings/.LockSettingsReceiver requires com.lge.permission.ACCESS_CLOCK_WIDGET due to sender com.lge.appwidget.clock (uid 10037)
01-12 05:00:19.180 W/BroadcastQueue(  929): Permission Denial: receiving Intent { act=android.intent.action.THEME_PACKAGE_CHANGED flg=0x10 } to com.lge.sizechangable.photoalbum/.PhotoAppWidgetReceiver requires com.lge.permission.ACCESS_CLOCK_WIDGET due to sender com.lge.appwidget.clock (uid 10037)
01-12 05:00:19.240 V/InputMethodManagerService(  929): SoftKeypad HIDE broadcast
01-12 05:00:19.240 W/ContextImpl(  929): Calling a method in the system process without a qualified user: android.app.ContextImpl.sendBroadcast:1044 com.android.server.InputMethodManagerService.hideCurrentInputLocked:1832 com.android.server.InputMethodManagerService.windowGainedFocus:1938 com.android.internal.view.IInputMethodManager$Stub.onTransact:224 com.android.server.InputMethodManagerService.onTransact:841 
01-12 05:00:19.260 I/am_activity_launch_time(  929): [0,1112428040,com.glbenchmark.glbenchmark25/com.glbenchmark.activities.GLBenchmarkActivity,331,331]
01-12 05:00:19.280 I/am_destroy_activity(  929): [0,1111385760,84,com.glbenchmark.glbenchmark25/com.glbenchmark.activities.TestSelectActivity,finish-imm]
01-12 05:00:19.340 D/StatusBar.MSimNetworkController( 1678): isSimInserted(0), SimInserted=false
01-12 05:00:19.340 D/StatusBar.MSimNetworkController( 1678): isSimInserted(1), SimInserted=false
01-12 05:00:27.690 D/RILJ    ( 1775): [1750]> SIGNAL_STRENGTH [SUB1]
01-12 05:00:27.690 D/RILC    (  386): RIL onRequestComplete: Command channel closed
01-12 05:00:27.690 D/RILJ    ( 1775): [1750]< SIGNAL_STRENGTH SignalStrength: 0 0 0 0 0 0 0 0 0 0 0 0 0 cdma 0 [SUB1]
01-12 05:00:27.700 D/StatusBar.MSimNetworkController( 1678): isSimInserted(0), SimInserted=false
01-12 05:00:27.700 D/StatusBar.MSimNetworkController( 1678): isSimInserted(0), SimInserted=false
01-12 05:00:27.700 D/StatusBar.MSimNetworkController( 1678): isSimInserted(0), SimInserted=false
01-12 05:00:27.700 D/StatusBar.MSimNetworkController( 1678): isSimInserted(0), SimInserted=false
01-12 05:00:47.720 D/RILJ    ( 1775): [1751]> SIGNAL_STRENGTH [SUB1]
01-12 05:00:47.720 D/RILC    (  386): RIL onRequestComplete: Command channel closed
01-12 05:00:47.720 D/RILJ    ( 1775): [1751]< SIGNAL_STRENGTH SignalStrength: 0 0 0 0 0 0 0 0 0 0 0 0 0 cdma 0 [SUB1]
01-12 05:00:47.730 D/StatusBar.MSimNetworkController( 1678): isSimInserted(0), SimInserted=false
01-12 05:00:47.730 D/StatusBar.MSimNetworkController( 1678): isSimInserted(0), SimInserted=false
01-12 05:00:47.740 D/StatusBar.MSimNetworkController( 1678): isSimInserted(0), SimInserted=false
01-12 05:00:47.740 D/StatusBar.MSimNetworkController( 1678): isSimInserted(0), SimInserted=false
01-12 05:00:50.140 I/free_storage_changed(  929): 4072050688
01-12 05:01:04.240 I/battery_level(  929): [64,4035,317]
01-12 05:01:07.070 I/am_create_service(  929): [0,1136816464,com.google.android.gsf/.checkin.EventLogService,1997]
01-12 05:01:07.080 I/aggregation( 1997): 968467092
01-12 05:01:07.120 I/am_destroy_service(  929): [0,1136816464,1997]
01-12 05:01:07.780 D/RILJ    ( 1775): [1752]> SIGNAL_STRENGTH [SUB1]
01-12 05:01:07.780 D/RILC    (  386): RIL onRequestComplete: Command channel closed
01-12 05:01:07.780 D/RILJ    ( 1775): [1752]< SIGNAL_STRENGTH SignalStrength: 0 0 0 0 0 0 0 0 0 0 0 0 0 cdma 0 [SUB1]
01-12 05:01:07.780 D/StatusBar.MSimNetworkController( 1678): isSimInserted(0), SimInserted=false
01-12 05:01:07.790 D/StatusBar.MSimNetworkController( 1678): isSimInserted(0), SimInserted=false
01-12 05:01:07.790 D/StatusBar.MSimNetworkController( 1678): isSimInserted(0), SimInserted=false
01-12 05:01:07.800 D/StatusBar.MSimNetworkController( 1678): isSimInserted(0), SimInserted=false
01-12 05:01:16.320 I/battery_level(  929): [64,4003,320]
01-12 05:01:16.380 I/battery_level(  929): [64,4007,320]
01-12 05:01:16.540 I/battery_level(  929): [64,4029,319]
01-12 05:01:16.590 I/battery_level(  929): [64,4015,320]
01-12 05:01:16.660 I/battery_level(  929): [64,4028,318]
01-12 05:01:16.710 I/battery_level(  929): [64,4010,319]
01-12 05:01:16.740 I/battery_level(  929): [64,4015,320]
01-12 05:01:16.780 I/battery_level(  929): [64,4041,318]
01-12 05:01:16.810 I/battery_level(  929): [64,4014,319]
01-12 05:01:16.810 I/battery_level(  929): [64,4005,320]
01-12 05:01:16.890 I/battery_level(  929): [64,4040,318]
01-12 05:01:16.900 I/battery_level(  929): [64,4018,319]
01-12 05:01:25.190 I/battery_level(  929): [64,4034,320]
01-12 05:01:25.200 I/battery_level(  929): [64,4025,320]
01-12 05:01:27.810 D/RILJ    ( 1775): [1753]> SIGNAL_STRENGTH [SUB1]
01-12 05:01:27.810 D/RILC    (  386): RIL onRequestComplete: Command channel closed
01-12 05:01:27.810 D/RILJ    ( 1775): [1753]< SIGNAL_STRENGTH SignalStrength: 0 0 0 0 0 0 0 0 0 0 0 0 0 cdma 0 [SUB1]
01-12 05:01:27.810 D/StatusBar.MSimNetworkController( 1678): isSimInserted(0), SimInserted=false
01-12 05:01:27.810 D/StatusBar.MSimNetworkController( 1678): isSimInserted(0), SimInserted=false
01-12 05:01:27.810 D/StatusBar.MSimNetworkController( 1678): isSimInserted(0), SimInserted=false
01-12 05:01:27.820 D/StatusBar.MSimNetworkController( 1678): isSimInserted(0), SimInserted=false
01-12 05:01:47.850 D/RILJ    ( 1775): [1754]> SIGNAL_STRENGTH [SUB1]
01-12 05:01:47.850 D/RILC    (  386): RIL onRequestComplete: Command channel closed
01-12 05:01:47.860 D/RILJ    ( 1775): [1754]< SIGNAL_STRENGTH SignalStrength: 0 0 0 0 0 0 0 0 0 0 0 0 0 cdma 0 [SUB1]
01-12 05:01:47.860 D/StatusBar.MSimNetworkController( 1678): isSimInserted(0), SimInserted=false
01-12 05:01:47.880 D/StatusBar.MSimNetworkController( 1678): isSimInserted(0), SimInserted=false
01-12 05:01:47.900 D/StatusBar.MSimNetworkController( 1678): isSimInserted(0), SimInserted=false
01-12 05:01:47.900 D/StatusBar.MSimNetworkController( 1678): isSimInserted(0), SimInserted=false
01-12 05:02:04.400 I/battery_level(  929): [64,4011,325]
01-12 05:02:07.900 D/RILJ    ( 1775): [1755]> SIGNAL_STRENGTH [SUB1]
01-12 05:02:07.900 D/RILC    (  386): RIL onRequestComplete: Command channel closed
01-12 05:02:07.900 D/RILJ    ( 1775): [1755]< SIGNAL_STRENGTH SignalStrength: 0 0 0 0 0 0 0 0 0 0 0 0 0 cdma 0 [SUB1]
01-12 05:02:07.900 D/StatusBar.MSimNetworkController( 1678): isSimInserted(0), SimInserted=false
01-12 05:02:07.900 D/StatusBar.MSimNetworkController( 1678): isSimInserted(0), SimInserted=false
01-12 05:02:07.920 D/StatusBar.MSimNetworkController( 1678): isSimInserted(0), SimInserted=false
01-12 05:02:07.920 D/StatusBar.MSimNetworkController( 1678): isSimInserted(0), SimInserted=false
01-12 05:02:25.100 I/am_create_activity(  929): [0,1113046544,84,com.glbenchmark.glbenchmark25/com.glbenchmark.activities.ResultsSender,NULL,NULL,NULL,0]
01-12 05:02:25.100 I/ActivityManager(  929): START u0 {cmp=com.glbenchmark.glbenchmark25/com.glbenchmark.activities.ResultsSender} from pid 30151
01-12 05:02:25.120 I/am_pause_activity(  929): [0,1112428040,com.glbenchmark.glbenchmark25/com.glbenchmark.activities.GLBenchmarkActivity]
01-12 05:02:25.120 I/am_finish_activity(  929): [0,1112428040,84,com.glbenchmark.glbenchmark25/com.glbenchmark.activities.GLBenchmarkActivity,app-request]
01-12 05:02:25.120 I/am_on_paused_called(30151): [0,com.glbenchmark.activities.GLBenchmarkActivity]
01-12 05:02:25.120 I/am_restart_activity(  929): [0,1113046544,84,com.glbenchmark.glbenchmark25/com.glbenchmark.activities.ResultsSender]
01-12 05:02:25.140 I/am_create_activity(  929): [0,1114621992,84,com.glbenchmark.glbenchmark25/com.glbenchmark.activities.ResultsActivity,NULL,NULL,NULL,0]
01-12 05:02:25.140 I/am_pause_activity(  929): [0,1113046544,com.glbenchmark.glbenchmark25/com.glbenchmark.activities.ResultsSender]
01-12 05:02:25.140 I/am_finish_activity(  929): [0,1113046544,84,com.glbenchmark.glbenchmark25/com.glbenchmark.activities.ResultsSender,app-request]
01-12 05:02:25.140 I/am_restart_activity(  929): [0,1114621992,84,com.glbenchmark.glbenchmark25/com.glbenchmark.activities.ResultsActivity]
01-12 05:02:25.140 I/ActivityManager(  929): START u0 {cmp=com.glbenchmark.glbenchmark25/com.glbenchmark.activities.ResultsActivity} from pid 30151
01-12 05:02:25.170 I/am_on_resume_called(30151): [0,com.glbenchmark.activities.ResultsActivity]
