--------- beginning of /dev/log/radio
01-12 04:02:40.430 D/RILJ    ( 1775): [1552]< SIGNAL_STRENGTH SignalStrength: 0 0 0 0 0 0 0 0 0 0 0 0 0 cdma 0 [SUB1]
01-12 04:03:00.460 D/RILJ    ( 1775): [1553]> SIGNAL_STRENGTH [SUB1]
01-12 04:03:00.460 D/RILC    (  386): RIL onRequestComplete: Command channel closed
01-12 04:03:00.460 D/RILJ    ( 1775): [1553]< SIGNAL_STRENGTH SignalStrength: 0 0 0 0 0 0 0 0 0 0 0 0 0 cdma 0 [SUB1]
01-12 04:03:20.490 D/RILJ    ( 1775): [1554]> SIGNAL_STRENGTH [SUB1]
01-12 04:03:20.490 D/RILC    (  386): RIL onRequestComplete: Command channel closed
01-12 04:03:20.490 D/RILJ    ( 1775): [1554]< SIGNAL_STRENGTH SignalStrength: 0 0 0 0 0 0 0 0 0 0 0 0 0 cdma 0 [SUB1]
01-12 04:03:40.520 D/RILJ    ( 1775): [1555]> SIGNAL_STRENGTH [SUB1]
01-12 04:03:40.520 D/RILC    (  386): RIL onRequestComplete: Command channel closed
01-12 04:03:40.520 D/RILJ    ( 1775): [1555]< SIGNAL_STRENGTH SignalStrength: 0 0 0 0 0 0 0 0 0 0 0 0 0 cdma 0 [SUB1]
01-12 04:04:00.550 D/RILJ    ( 1775): [1556]> SIGNAL_STRENGTH [SUB1]
01-12 04:04:00.550 D/RILC    (  386): RIL onRequestComplete: Command channel closed
01-12 04:04:00.550 D/RILJ    ( 1775): [1556]< SIGNAL_STRENGTH SignalStrength: 0 0 0 0 0 0 0 0 0 0 0 0 0 cdma 0 [SUB1]
01-12 04:04:20.580 D/RILJ    ( 1775): [1557]> SIGNAL_STRENGTH [SUB1]
01-12 04:04:20.580 D/RILC    (  386): RIL onRequestComplete: Command channel closed
01-12 04:04:20.580 D/RILJ    ( 1775): [1557]< SIGNAL_STRENGTH SignalStrength: 0 0 0 0 0 0 0 0 0 0 0 0 0 cdma 0 [SUB1]
01-12 04:04:40.610 D/RILJ    ( 1775): [1558]> SIGNAL_STRENGTH [SUB1]
01-12 04:04:40.610 D/RILC    (  386): RIL onRequestComplete: Command channel closed
01-12 04:04:40.610 D/RILJ    ( 1775): [1558]< SIGNAL_STRENGTH SignalStrength: 0 0 0 0 0 0 0 0 0 0 0 0 0 cdma 0 [SUB1]
01-12 04:05:00.640 D/RILJ    ( 1775): [1559]> SIGNAL_STRENGTH [SUB1]
01-12 04:05:00.640 D/RILC    (  386): RIL onRequestComplete: Command channel closed
01-12 04:05:00.640 D/RILJ    ( 1775): [1559]< SIGNAL_STRENGTH SignalStrength: 0 0 0 0 0 0 0 0 0 0 0 0 0 cdma 0 [SUB1]
01-12 04:05:20.670 D/RILJ    ( 1775): [1560]> SIGNAL_STRENGTH [SUB1]
01-12 04:05:20.820 D/RILC    (  386): RIL onRequestComplete: Command channel closed
01-12 04:05:20.820 D/RILJ    ( 1775): [1560]< SIGNAL_STRENGTH SignalStrength: 0 0 0 0 0 0 0 0 0 0 0 0 0 cdma 0 [SUB1]
01-12 04:05:40.850 D/RILJ    ( 1775): [1561]> SIGNAL_STRENGTH [SUB1]
01-12 04:05:40.850 D/RILC    (  386): RIL onRequestComplete: Command channel closed
01-12 04:05:40.850 D/RILJ    ( 1775): [1561]< SIGNAL_STRENGTH SignalStrength: 0 0 0 0 0 0 0 0 0 0 0 0 0 cdma 0 [SUB1]
01-12 04:06:00.880 D/RILJ    ( 1775): [1562]> SIGNAL_STRENGTH [SUB1]
01-12 04:06:00.880 D/RILC    (  386): RIL onRequestComplete: Command channel closed
01-12 04:06:00.880 D/RILJ    ( 1775): [1562]< SIGNAL_STRENGTH SignalStrength: 0 0 0 0 0 0 0 0 0 0 0 0 0 cdma 0 [SUB1]
01-12 04:06:05.500 D/RILJ    ( 1775): [1563]> SCREEN_STATE: true [SUB0]
01-12 04:06:05.500 D/RILC    (  373): RIL onRequestComplete: Command channel closed
01-12 04:06:05.500 D/RILJ    ( 1775): [1563]< SCREEN_STATE  [SUB0]
01-12 04:06:05.500 D/RILJ    ( 1775): [1564]> SCREEN_STATE: true [SUB1]
01-12 04:06:05.500 D/RILC    (  386): RIL onRequestComplete: Command channel closed
01-12 04:06:05.500 D/RILJ    ( 1775): [1564]< SCREEN_STATE  [SUB1]
01-12 04:06:05.500 D/CDMA    ( 1775): [MSimCdmaDCT:1] onReceive: action=android.intent.action.SCREEN_ON
01-12 04:06:05.500 D/CDMA    ( 1775): [MSimCdmaDCT:1] stopNetStatPoll
01-12 04:06:05.540 D/GSM     ( 1775): [MSimGsmDCT:0] onReceive: action=android.intent.action.SCREEN_ON
01-12 04:06:05.540 D/GSM     ( 1775): [MSimGsmDCT:0] stopNetStatPoll
01-12 04:06:05.540 D/GSM     ( 1775): [MSimGsmDCT:0] overall state is IDLE
01-12 04:06:20.900 D/RILJ    ( 1775): [1565]> SIGNAL_STRENGTH [SUB1]
01-12 04:06:20.900 D/RILC    (  386): RIL onRequestComplete: Command channel closed
01-12 04:06:20.900 D/RILJ    ( 1775): [1565]< SIGNAL_STRENGTH SignalStrength: 0 0 0 0 0 0 0 0 0 0 0 0 0 cdma 0 [SUB1]
01-12 04:06:40.190 V/RILJ    ( 1775): [UNSL]< UNSOL_OEM_HOOK_RAW 5155414c434f4d4def0308000100000002 [SUB0]
01-12 04:06:40.190 D/RILJ    ( 1775): Oem ID in RIL_UNSOL_OEM_HOOK_RAW is QUALCOMM
01-12 04:06:40.190 D/RILJ    ( 1775): OEM ID check Passed
01-12 04:06:40.190 D/RILJ    ( 1775): Response ID in RIL_UNSOL_OEM_HOOK_RAW is 525295
01-12 04:06:40.190 D/RILJ    ( 1775): Response ID 525295 is not served in this process.
01-12 04:06:40.190 E/RILQ    (  373): (0/373): RIL[0][event] qcril_qmi_nas_report_restricted_details: .. reporting 2
01-12 04:06:40.190 V/RILJ    ( 1775): [UNSL]< UNSOL_RESTRICTED_STATE_CHANGED {2} [SUB0]
01-12 04:06:40.190 D/GSM     ( 1775): [MSimGsmSST] [SUB : 0] EVENT_RESTRICTED_STATE_CHANGED
01-12 04:06:40.190 D/GSM     ( 1775): [MSimGsmSST] [SUB : 0] onRestrictedStateChanged: E rs Restricted State CS: none PS:false
01-12 04:06:40.190 D/GSM     ( 1775): [MSimGsmSST] [SUB : 0] onRestrictedStateChanged: new rs Restricted State CS: none PS:false
01-12 04:06:40.190 D/GSM     ( 1775): [MSimGsmSST] [SUB : 0] onRestrictedStateChanged: X rs Restricted State CS: none PS:false
01-12 04:06:40.190 V/RILJ    ( 1775): [UNSL]< UNSOL_OEM_HOOK_RAW 5155414c434f4d4def0308000100000002 [SUB0]
01-12 04:06:40.190 D/RILJ    ( 1775): Oem ID in RIL_UNSOL_OEM_HOOK_RAW is QUALCOMM
01-12 04:06:40.190 D/RILJ    ( 1775): OEM ID check Passed
01-12 04:06:40.190 D/RILJ    ( 1775): Response ID in RIL_UNSOL_OEM_HOOK_RAW is 525295
01-12 04:06:40.190 D/RILJ    ( 1775): Response ID 525295 is not served in this process.
01-12 04:06:40.190 D/RILJ    ( 1775): [UNSL]< UNSOL_RESPONSE_VOICE_NETWORK_STATE_CHANGED [SUB0]
01-12 04:06:40.190 D/RILJ    ( 1775): [1566]> OPERATOR [SUB0]
01-12 04:06:40.190 D/RILJ    ( 1775): [1567]> DATA_REGISTRATION_STATE [SUB0]
01-12 04:06:40.200 D/RILJ    ( 1775): [1568]> VOICE_REGISTRATION_STATE [SUB0]
01-12 04:06:40.200 D/RILC    (  373): RIL onRequestComplete: Command channel closed
01-12 04:06:40.200 D/RILJ    ( 1775): [1569]> QUERY_NETWORK_SELECTION_MODE [SUB0]
01-12 04:06:40.200 D/RILJ    ( 1775): [1566]< OPERATOR {null, null, null} [SUB0]
01-12 04:06:40.200 D/RILC    (  373): RIL onRequestComplete: Command channel closed
01-12 04:06:40.200 E/RILQ    (  373): (0/373): RIL[0][main] qcril_qmi_nas_report_restricted_details: .. reporting 2
01-12 04:06:40.200 D/RILJ    ( 1775): [1568]< VOICE_REGISTRATION_STATE {12, null, null, 0, null, null, null, 0, null, null, null, null, null, 0, 60} [SUB0]
01-12 04:06:40.200 V/RILJ    ( 1775): [UNSL]< UNSOL_RESTRICTED_STATE_CHANGED {2} [SUB0]
01-12 04:06:40.200 D/GSM     ( 1775): [MSimGsmSST] [SUB : 0] EVENT_RESTRICTED_STATE_CHANGED
01-12 04:06:40.200 D/GSM     ( 1775): [MSimGsmSST] [SUB : 0] onRestrictedStateChanged: E rs Restricted State CS: none PS:false
01-12 04:06:40.200 D/GSM     ( 1775): [MSimGsmSST] [SUB : 0] onRestrictedStateChanged: new rs Restricted State CS: none PS:false
01-12 04:06:40.200 D/GSM     ( 1775): [MSimGsmSST] [SUB : 0] onRestrictedStateChanged: X rs Restricted State CS: none PS:false
01-12 04:06:40.200 D/RILC    (  373): RIL onRequestComplete: Command channel closed
01-12 04:06:40.200 D/RILJ    ( 1775): [1567]< DATA_REGISTRATION_STATE {0, null, null, null, 0, 20, null, null, null, null, null} [SUB0]
01-12 04:06:40.200 D/GSM     ( 1775): [MSimGsmSST] [SUB : 0] handlePollStateResult: EVENT_POLL_STATE_GPRS states.length=11 states=[Ljava.lang.String;@42550b60
01-12 04:06:40.200 E/GSM     ( 1775): [MSimGsmSST] [SUB : 0] handlePollStateResult: bad mcc operatorNumeric=null ex=java.lang.NullPointerException
01-12 04:06:40.200 E/GSM     ( 1775): [MSimGsmSST] [SUB : 0] handlePollStateResult: bad mnc operatorNumeric= e=java.lang.StringIndexOutOfBoundsException: length=0; index=3
01-12 04:06:40.200 E/GSM     ( 1775): [MSimGsmSST] [SUB : 0] handlePollStateResult: bad tac states[6]=null e=java.lang.NullPointerException
01-12 04:06:40.200 E/GSM     ( 1775): [MSimGsmSST] [SUB : 0] handlePollStateResultMessage: bad pci states[7]=null e=java.lang.NullPointerException
01-12 04:06:40.200 E/GSM     ( 1775): [MSimGsmSST] [SUB : 0] handlePollStateResultMessage: bad eci states[8]=null e=java.lang.NullPointerException
01-12 04:06:40.200 D/GSM     ( 1775): [MSimGsmSST] [SUB : 0] handlePollStateResult: mNewLteCellIdentity=LteCellIdentitiy:android.telephony.CellIdentityLte@7fffff65 mMcc=2147483647 mMnc=2147483647 mCi=2147483647 mPci=2147483647 mTac=2147483647
01-12 04:06:40.200 D/RILC    (  373): RIL onRequestComplete: Command channel closed
01-12 04:06:40.200 D/RILJ    ( 1775): [1569]< QUERY_NETWORK_SELECTION_MODE {0} [SUB0]
01-12 04:06:40.210 D/GSM     ( 1775): [MSimGsmSST] [SUB : 0] Poll ServiceState done:  oldSS=[1 home   null null null  Unknown CSS not supported -1 -1 mDataState=1 RoamInd=-1 DefRoamInd=-1 EmergOnly=false] newSS=[1 home   null null null  Unknown CSS not supported -1 -1 mDataState=1 RoamInd=-1 DefRoamInd=-1 EmergOnly=true] oldGprs=1 newData=1 oldMaxDataCalls=20 mNewMaxDataCalls=20 oldReasonDataDenied=-1 mNewReasonDataDenied=-1 oldType=Unknown newType=Unknown
01-12 04:06:40.210 D/GSM     ( 1775): [MSimGsmSST] [SUB : 0] updateSpnDisplay: radio is on but out of service, set plmn='Emergency calls only'
01-12 04:06:40.210 D/GSM     ( 1775): [MSimGsmSST] [SUB : 0] updateSpnDisplay: changed sending intent rule=0 showPlmn='true' plmn='Emergency calls only' showSpn='false' spn=''
01-12 04:06:40.210 D/GSM     ( 1775): [MSimGsmSST] [SUB : 0] operatorNumeric is null
01-12 04:06:40.260 D/RILJ    ( 1775): [1570]> REQUEST_GET_NEIGHBORING_CELL_IDS [SUB0]
01-12 04:06:40.260 D/RILC    (  373): RIL onRequestComplete: Command channel closed
01-12 04:06:40.260 D/RILJ    ( 1775): [1570]< REQUEST_GET_NEIGHBORING_CELL_IDS   [SUB0]
01-12 04:06:40.260 D/RILJ    ( 1775): [1571]> REQUEST_GET_NEIGHBORING_CELL_IDS [SUB0]
01-12 04:06:40.270 E/PHONE   ( 1775): Settings Exception Reading Dual Sim Data Call Values
01-12 04:06:40.270 D/RILC    (  373): RIL onRequestComplete: Command channel closed
01-12 04:06:40.270 D/RILJ    ( 1775): [1571]< REQUEST_GET_NEIGHBORING_CELL_IDS   [SUB0]
01-12 04:06:40.270 E/PHONE   ( 1775): Settings Exception Reading Dual Sim Data Call Values
01-12 04:06:40.280 D/RILJ    ( 1775): [1572]> REQUEST_GET_NEIGHBORING_CELL_IDS [SUB0]
01-12 04:06:40.290 D/RILC    (  373): RIL onRequestComplete: Command channel closed
01-12 04:06:40.290 D/RILJ    ( 1775): [1572]< REQUEST_GET_NEIGHBORING_CELL_IDS   [SUB0]
01-12 04:06:40.910 D/RILJ    ( 1775): [1573]> SIGNAL_STRENGTH [SUB1]
01-12 04:06:40.910 D/RILC    (  386): RIL onRequestComplete: Command channel closed
01-12 04:06:40.910 D/RILJ    ( 1775): [1573]< SIGNAL_STRENGTH SignalStrength: 0 0 0 0 0 0 0 0 0 0 0 0 0 cdma 0 [SUB1]
01-12 04:07:00.940 D/RILJ    ( 1775): [1574]> SIGNAL_STRENGTH [SUB1]
01-12 04:07:00.940 D/RILC    (  386): RIL onRequestComplete: Command channel closed
01-12 04:07:00.940 D/RILJ    ( 1775): [1574]< SIGNAL_STRENGTH SignalStrength: 0 0 0 0 0 0 0 0 0 0 0 0 0 cdma 0 [SUB1]
01-12 04:07:20.960 D/RILJ    ( 1775): [1575]> SIGNAL_STRENGTH [SUB1]
01-12 04:07:20.960 D/RILC    (  386): RIL onRequestComplete: Command channel closed
01-12 04:07:20.960 D/RILJ    ( 1775): [1575]< SIGNAL_STRENGTH SignalStrength: 0 0 0 0 0 0 0 0 0 0 0 0 0 cdma 0 [SUB1]
01-12 04:07:26.480 E/RILQ    (  373): (0/373): RIL[0][event] qcril_qmi_nas_report_restricted_details: .. reporting 0
01-12 04:07:26.480 V/RILJ    ( 1775): [UNSL]< UNSOL_RESTRICTED_STATE_CHANGED {0} [SUB0]
01-12 04:07:26.480 D/GSM     ( 1775): [MSimGsmSST] [SUB : 0] EVENT_RESTRICTED_STATE_CHANGED
01-12 04:07:26.480 D/GSM     ( 1775): [MSimGsmSST] [SUB : 0] onRestrictedStateChanged: E rs Restricted State CS: none PS:false
01-12 04:07:26.480 D/GSM     ( 1775): [MSimGsmSST] [SUB : 0] onRestrictedStateChanged: new rs Restricted State CS: none PS:false
01-12 04:07:26.480 D/GSM     ( 1775): [MSimGsmSST] [SUB : 0] onRestrictedStateChanged: X rs Restricted State CS: none PS:false
01-12 04:07:26.480 D/RILJ    ( 1775): [UNSL]< UNSOL_RESPONSE_VOICE_NETWORK_STATE_CHANGED [SUB0]
01-12 04:07:26.480 D/RILJ    ( 1775): [1576]> OPERATOR [SUB0]
01-12 04:07:26.480 D/RILJ    ( 1775): [1577]> DATA_REGISTRATION_STATE [SUB0]
01-12 04:07:26.480 D/RILJ    ( 1775): [1578]> VOICE_REGISTRATION_STATE [SUB0]
01-12 04:07:26.480 D/RILC    (  373): RIL onRequestComplete: Command channel closed
01-12 04:07:26.480 D/RILJ    ( 1775): [1576]< OPERATOR {null, null, null} [SUB0]
01-12 04:07:26.480 D/RILJ    ( 1775): [1579]> QUERY_NETWORK_SELECTION_MODE [SUB0]
01-12 04:07:26.490 D/RILC    (  373): RIL onRequestComplete: Command channel closed
01-12 04:07:26.490 D/RILJ    ( 1775): [1579]< QUERY_NETWORK_SELECTION_MODE {0} [SUB0]
01-12 04:07:26.490 D/RILC    (  373): RIL onRequestComplete: Command channel closed
01-12 04:07:26.490 D/RILJ    ( 1775): [1577]< DATA_REGISTRATION_STATE {0, null, null, null, 0, 20, null, null, null, null, null} [SUB0]
01-12 04:07:26.490 D/GSM     ( 1775): [MSimGsmSST] [SUB : 0] handlePollStateResult: EVENT_POLL_STATE_GPRS states.length=11 states=[Ljava.lang.String;@42487f50
01-12 04:07:26.490 E/GSM     ( 1775): [MSimGsmSST] [SUB : 0] handlePollStateResult: bad mcc operatorNumeric=null ex=java.lang.NullPointerException
01-12 04:07:26.490 E/GSM     ( 1775): [MSimGsmSST] [SUB : 0] handlePollStateResult: bad mnc operatorNumeric= e=java.lang.StringIndexOutOfBoundsException: length=0; index=3
01-12 04:07:26.490 E/GSM     ( 1775): [MSimGsmSST] [SUB : 0] handlePollStateResult: bad tac states[6]=null e=java.lang.NullPointerException
01-12 04:07:26.490 E/GSM     ( 1775): [MSimGsmSST] [SUB : 0] handlePollStateResultMessage: bad pci states[7]=null e=java.lang.NullPointerException
01-12 04:07:26.490 E/GSM     ( 1775): [MSimGsmSST] [SUB : 0] handlePollStateResultMessage: bad eci states[8]=null e=java.lang.NullPointerException
01-12 04:07:26.490 D/GSM     ( 1775): [MSimGsmSST] [SUB : 0] handlePollStateResult: mNewLteCellIdentity=LteCellIdentitiy:android.telephony.CellIdentityLte@7fffff65 mMcc=2147483647 mMnc=2147483647 mCi=2147483647 mPci=2147483647 mTac=2147483647
01-12 04:07:26.490 D/RILC    (  373): RIL onRequestComplete: Command channel closed
01-12 04:07:26.490 E/RILQ    (  373): (0/373): RIL[0][main] qcril_qmi_nas_report_restricted_details: .. reporting 0
01-12 04:07:26.490 D/RILJ    ( 1775): [1578]< VOICE_REGISTRATION_STATE {2, null, null, 0, null, null, null, 0, null, null, null, null, null, 0, null} [SUB0]
01-12 04:07:26.490 D/GSM     ( 1775): [MSimGsmSST] [SUB : 0] Poll ServiceState done:  oldSS=[1 home   null null null  Unknown CSS not supported -1 -1 mDataState=1 RoamInd=-1 DefRoamInd=-1 EmergOnly=true] newSS=[1 home   null null null  Unknown CSS not supported -1 -1 mDataState=1 RoamInd=-1 DefRoamInd=-1 EmergOnly=false] oldGprs=1 newData=1 oldMaxDataCalls=20 mNewMaxDataCalls=20 oldReasonDataDenied=-1 mNewReasonDataDenied=-1 oldType=Unknown newType=Unknown
01-12 04:07:26.490 D/GSM     ( 1775): [MSimGsmSST] [SUB : 0] updateSpnDisplay: radio is on but out of service, set plmn='No service'
01-12 04:07:26.490 D/GSM     ( 1775): [MSimGsmSST] [SUB : 0] updateSpnDisplay: changed sending intent rule=0 showPlmn='true' plmn='No service' showSpn='false' spn=''
01-12 04:07:26.490 V/RILJ    ( 1775): [UNSL]< UNSOL_RESTRICTED_STATE_CHANGED {0} [SUB0]
01-12 04:07:26.500 D/GSM     ( 1775): [MSimGsmSST] [SUB : 0] operatorNumeric is null
01-12 04:07:26.520 D/GSM     ( 1775): [MSimGsmSST] [SUB : 0] EVENT_RESTRICTED_STATE_CHANGED
01-12 04:07:26.520 D/GSM     ( 1775): [MSimGsmSST] [SUB : 0] onRestrictedStateChanged: E rs Restricted State CS: none PS:false
01-12 04:07:26.520 D/GSM     ( 1775): [MSimGsmSST] [SUB : 0] onRestrictedStateChanged: new rs Restricted State CS: none PS:false
01-12 04:07:26.520 D/GSM     ( 1775): [MSimGsmSST] [SUB : 0] onRestrictedStateChanged: X rs Restricted State CS: none PS:false
01-12 04:07:26.540 E/PHONE   ( 1775): Settings Exception Reading Dual Sim Data Call Values
01-12 04:07:26.540 E/PHONE   ( 1775): Settings Exception Reading Dual Sim Data Call Values
01-12 04:07:40.990 D/RILJ    ( 1775): [1580]> SIGNAL_STRENGTH [SUB1]
01-12 04:07:40.990 D/RILC    (  386): RIL onRequestComplete: Command channel closed
01-12 04:07:40.990 D/RILJ    ( 1775): [1580]< SIGNAL_STRENGTH SignalStrength: 0 0 0 0 0 0 0 0 0 0 0 0 0 cdma 0 [SUB1]
01-12 04:08:01.020 D/RILJ    ( 1775): [1581]> SIGNAL_STRENGTH [SUB1]
01-12 04:08:01.020 D/RILC    (  386): RIL onRequestComplete: Command channel closed
01-12 04:08:01.020 D/RILJ    ( 1775): [1581]< SIGNAL_STRENGTH SignalStrength: 0 0 0 0 0 0 0 0 0 0 0 0 0 cdma 0 [SUB1]
01-12 04:08:21.050 D/RILJ    ( 1775): [1582]> SIGNAL_STRENGTH [SUB1]
01-12 04:08:21.050 D/RILC    (  386): RIL onRequestComplete: Command channel closed
01-12 04:08:21.050 D/RILJ    ( 1775): [1582]< SIGNAL_STRENGTH SignalStrength: 0 0 0 0 0 0 0 0 0 0 0 0 0 cdma 0 [SUB1]
01-12 04:08:41.080 D/RILJ    ( 1775): [1583]> SIGNAL_STRENGTH [SUB1]
01-12 04:08:41.080 D/RILC    (  386): RIL onRequestComplete: Command channel closed
01-12 04:08:41.080 D/RILJ    ( 1775): [1583]< SIGNAL_STRENGTH SignalStrength: 0 0 0 0 0 0 0 0 0 0 0 0 0 cdma 0 [SUB1]
01-12 04:08:48.790 D/RILJ    ( 1775): [1584]> SCREEN_STATE: false [SUB0]
01-12 04:08:48.790 D/RILC    (  373): RIL onRequestComplete: Command channel closed
01-12 04:08:48.790 D/RILJ    ( 1775): [1584]< SCREEN_STATE  [SUB0]
01-12 04:08:48.800 D/RILJ    ( 1775): [1585]> SCREEN_STATE: false [SUB1]
01-12 04:08:48.800 D/RILC    (  386): RIL onRequestComplete: Command channel closed
01-12 04:08:48.800 D/RILJ    ( 1775): [1585]< SCREEN_STATE  [SUB1]
01-12 04:08:48.800 D/CDMA    ( 1775): [MSimCdmaDCT:1] onReceive: action=android.intent.action.SCREEN_OFF
01-12 04:08:48.800 D/CDMA    ( 1775): [MSimCdmaDCT:1] stopNetStatPoll
01-12 04:08:48.830 D/GSM     ( 1775): [MSimGsmDCT:0] onReceive: action=android.intent.action.SCREEN_OFF
01-12 04:08:48.830 D/GSM     ( 1775): [MSimGsmDCT:0] stopNetStatPoll
01-12 04:08:48.830 D/GSM     ( 1775): [MSimGsmDCT:0] overall state is IDLE
01-12 04:09:01.100 D/RILJ    ( 1775): [1586]> SIGNAL_STRENGTH [SUB1]
01-12 04:09:01.100 D/RILC    (  386): RIL onRequestComplete: Command channel closed
01-12 04:09:01.100 D/RILJ    ( 1775): [1586]< SIGNAL_STRENGTH SignalStrength: 0 0 0 0 0 0 0 0 0 0 0 0 0 cdma 0 [SUB1]
01-12 04:09:21.130 D/RILJ    ( 1775): [1587]> SIGNAL_STRENGTH [SUB1]
01-12 04:09:21.130 D/RILC    (  386): RIL onRequestComplete: Command channel closed
01-12 04:09:21.130 D/RILJ    ( 1775): [1587]< SIGNAL_STRENGTH SignalStrength: 0 0 0 0 0 0 0 0 0 0 0 0 0 cdma 0 [SUB1]
01-12 04:09:41.160 D/RILJ    ( 1775): [1588]> SIGNAL_STRENGTH [SUB1]
01-12 04:09:41.160 D/RILC    (  386): RIL onRequestComplete: Command channel closed
01-12 04:09:41.160 D/RILJ    ( 1775): [1588]< SIGNAL_STRENGTH SignalStrength: 0 0 0 0 0 0 0 0 0 0 0 0 0 cdma 0 [SUB1]
01-12 04:10:01.190 D/RILJ    ( 1775): [1589]> SIGNAL_STRENGTH [SUB1]
01-12 04:10:01.190 D/RILC    (  386): RIL onRequestComplete: Command channel closed
01-12 04:10:01.190 D/RILJ    ( 1775): [1589]< SIGNAL_STRENGTH SignalStrength: 0 0 0 0 0 0 0 0 0 0 0 0 0 cdma 0 [SUB1]
01-12 04:10:21.210 D/RILJ    ( 1775): [1590]> SIGNAL_STRENGTH [SUB1]
01-12 04:10:21.210 D/RILC    (  386): RIL onRequestComplete: Command channel closed
01-12 04:10:21.210 D/RILJ    ( 1775): [1590]< SIGNAL_STRENGTH SignalStrength: 0 0 0 0 0 0 0 0 0 0 0 0 0 cdma 0 [SUB1]
01-12 04:10:41.240 D/RILJ    ( 1775): [1591]> SIGNAL_STRENGTH [SUB1]
01-12 04:10:41.240 D/RILC    (  386): RIL onRequestComplete: Command channel closed
01-12 04:10:41.240 D/RILJ    ( 1775): [1591]< SIGNAL_STRENGTH SignalStrength: 0 0 0 0 0 0 0 0 0 0 0 0 0 cdma 0 [SUB1]
01-12 04:11:01.260 D/RILJ    ( 1775): [1592]> SIGNAL_STRENGTH [SUB1]
01-12 04:11:01.270 D/RILC    (  386): RIL onRequestComplete: Command channel closed
01-12 04:11:01.270 D/RILJ    ( 1775): [1592]< SIGNAL_STRENGTH SignalStrength: 0 0 0 0 0 0 0 0 0 0 0 0 0 cdma 0 [SUB1]
01-12 04:11:06.990 D/RILJ    ( 1775): [UNSL]< UNSOL_RESPONSE_VOICE_NETWORK_STATE_CHANGED [SUB0]
01-12 04:11:06.990 D/RILJ    ( 1775): [1593]> OPERATOR [SUB0]
01-12 04:11:06.990 D/RILJ    ( 1775): [1594]> DATA_REGISTRATION_STATE [SUB0]
01-12 04:11:06.990 D/RILJ    ( 1775): [1595]> VOICE_REGISTRATION_STATE [SUB0]
01-12 04:11:06.990 D/RILC    (  373): RIL onRequestComplete: Command channel closed
01-12 04:11:06.990 D/RILJ    ( 1775): [1593]< OPERATOR {null, null, null} [SUB0]
01-12 04:11:06.990 D/RILJ    ( 1775): [1596]> QUERY_NETWORK_SELECTION_MODE [SUB0]
01-12 04:11:06.990 D/RILC    (  373): RIL onRequestComplete: Command channel closed
01-12 04:11:06.990 D/RILJ    ( 1775): [1596]< QUERY_NETWORK_SELECTION_MODE {0} [SUB0]
01-12 04:11:06.990 D/RILC    (  373): RIL onRequestComplete: Command channel closed
01-12 04:11:06.990 D/RILJ    ( 1775): [1594]< DATA_REGISTRATION_STATE {0, null, null, null, 0, 20, null, null, null, null, null} [SUB0]
01-12 04:11:06.990 D/GSM     ( 1775): [MSimGsmSST] [SUB : 0] handlePollStateResult: EVENT_POLL_STATE_GPRS states.length=11 states=[Ljava.lang.String;@426ffc00
01-12 04:11:06.990 E/GSM     ( 1775): [MSimGsmSST] [SUB : 0] handlePollStateResult: bad mcc operatorNumeric=null ex=java.lang.NullPointerException
01-12 04:11:06.990 E/GSM     ( 1775): [MSimGsmSST] [SUB : 0] handlePollStateResult: bad mnc operatorNumeric= e=java.lang.StringIndexOutOfBoundsException: length=0; index=3
01-12 04:11:06.990 E/GSM     ( 1775): [MSimGsmSST] [SUB : 0] handlePollStateResult: bad tac states[6]=null e=java.lang.NullPointerException
01-12 04:11:06.990 E/GSM     ( 1775): [MSimGsmSST] [SUB : 0] handlePollStateResultMessage: bad pci states[7]=null e=java.lang.NullPointerException
01-12 04:11:06.990 E/GSM     ( 1775): [MSimGsmSST] [SUB : 0] handlePollStateResultMessage: bad eci states[8]=null e=java.lang.NullPointerException
01-12 04:11:06.990 D/GSM     ( 1775): [MSimGsmSST] [SUB : 0] handlePollStateResult: mNewLteCellIdentity=LteCellIdentitiy:android.telephony.CellIdentityLte@7fffff65 mMcc=2147483647 mMnc=2147483647 mCi=2147483647 mPci=2147483647 mTac=2147483647
01-12 04:11:06.990 D/RILC    (  373): RIL onRequestComplete: Command channel closed
01-12 04:11:06.990 D/RILJ    ( 1775): [1595]< VOICE_REGISTRATION_STATE {0, null, null, 0, null, null, null, 0, null, null, null, null, null, 0, null} [SUB0]
01-12 04:11:07.000 D/GSM     ( 1775): [MSimGsmSST] [SUB : 0] Poll ServiceState done:  oldSS=[1 home   null null null  Unknown CSS not supported -1 -1 mDataState=1 RoamInd=-1 DefRoamInd=-1 EmergOnly=false] newSS=[1 home   null null null  Unknown CSS not supported -1 -1 mDataState=1 RoamInd=-1 DefRoamInd=-1 EmergOnly=false] oldGprs=1 newData=1 oldMaxDataCalls=20 mNewMaxDataCalls=20 oldReasonDataDenied=-1 mNewReasonDataDenied=-1 oldType=Unknown newType=Unknown
01-12 04:11:21.290 D/RILJ    ( 1775): [1597]> SIGNAL_STRENGTH [SUB1]
01-12 04:11:21.290 D/RILC    (  386): RIL onRequestComplete: Command channel closed
01-12 04:11:21.290 D/RILJ    ( 1775): [1597]< SIGNAL_STRENGTH SignalStrength: 0 0 0 0 0 0 0 0 0 0 0 0 0 cdma 0 [SUB1]
01-12 04:11:41.320 D/RILJ    ( 1775): [1598]> SIGNAL_STRENGTH [SUB1]
01-12 04:11:41.320 D/RILC    (  386): RIL onRequestComplete: Command channel closed
01-12 04:11:41.320 D/RILJ    ( 1775): [1598]< SIGNAL_STRENGTH SignalStrength: 0 0 0 0 0 0 0 0 0 0 0 0 0 cdma 0 [SUB1]
01-12 04:12:01.350 D/RILJ    ( 1775): [1599]> SIGNAL_STRENGTH [SUB1]
01-12 04:12:01.350 D/RILC    (  386): RIL onRequestComplete: Command channel closed
01-12 04:12:01.350 D/RILJ    ( 1775): [1599]< SIGNAL_STRENGTH SignalStrength: 0 0 0 0 0 0 0 0 0 0 0 0 0 cdma 0 [SUB1]
01-12 04:12:21.380 D/RILJ    ( 1775): [1600]> SIGNAL_STRENGTH [SUB1]
01-12 04:12:21.380 D/RILC    (  386): RIL onRequestComplete: Command channel closed
01-12 04:12:21.380 D/RILJ    ( 1775): [1600]< SIGNAL_STRENGTH SignalStrength: 0 0 0 0 0 0 0 0 0 0 0 0 0 cdma 0 [SUB1]
01-12 04:12:41.410 D/RILJ    ( 1775): [1601]> SIGNAL_STRENGTH [SUB1]
01-12 04:12:41.410 D/RILC    (  386): RIL onRequestComplete: Command channel closed
01-12 04:12:41.410 D/RILJ    ( 1775): [1601]< SIGNAL_STRENGTH SignalStrength: 0 0 0 0 0 0 0 0 0 0 0 0 0 cdma 0 [SUB1]
01-12 04:13:01.440 D/RILJ    ( 1775): [1602]> SIGNAL_STRENGTH [SUB1]
01-12 04:13:01.440 D/RILJ    ( 1775): [1602]< SIGNAL_STRENGTH SignalStrength: 0 0 0 0 0 0 0 0 0 0 0 0 0 cdma 0 [SUB1]
01-12 04:13:01.440 D/RILC    (  386): RIL onRequestComplete: Command channel closed
01-12 04:13:21.470 D/RILJ    ( 1775): [1603]> SIGNAL_STRENGTH [SUB1]
01-12 04:13:21.470 D/RILC    (  386): RIL onRequestComplete: Command channel closed
01-12 04:13:21.470 D/RILJ    ( 1775): [1603]< SIGNAL_STRENGTH SignalStrength: 0 0 0 0 0 0 0 0 0 0 0 0 0 cdma 0 [SUB1]
01-12 04:13:41.500 D/RILJ    ( 1775): [1604]> SIGNAL_STRENGTH [SUB1]
01-12 04:13:41.500 D/RILC    (  386): RIL onRequestComplete: Command channel closed
01-12 04:13:41.500 D/RILJ    ( 1775): [1604]< SIGNAL_STRENGTH SignalStrength: 0 0 0 0 0 0 0 0 0 0 0 0 0 cdma 0 [SUB1]
01-12 04:14:01.530 D/RILJ    ( 1775): [1605]> SIGNAL_STRENGTH [SUB1]
01-12 04:14:01.530 D/RILC    (  386): RIL onRequestComplete: Command channel closed
01-12 04:14:01.530 D/RILJ    ( 1775): [1605]< SIGNAL_STRENGTH SignalStrength: 0 0 0 0 0 0 0 0 0 0 0 0 0 cdma 0 [SUB1]
01-12 04:14:21.550 D/RILJ    ( 1775): [1606]> SIGNAL_STRENGTH [SUB1]
01-12 04:14:21.550 D/RILC    (  386): RIL onRequestComplete: Command channel closed
01-12 04:14:21.550 D/RILJ    ( 1775): [1606]< SIGNAL_STRENGTH SignalStrength: 0 0 0 0 0 0 0 0 0 0 0 0 0 cdma 0 [SUB1]
01-12 04:14:41.580 D/RILJ    ( 1775): [1607]> SIGNAL_STRENGTH [SUB1]
01-12 04:14:41.580 D/RILC    (  386): RIL onRequestComplete: Command channel closed
01-12 04:14:41.580 D/RILJ    ( 1775): [1607]< SIGNAL_STRENGTH SignalStrength: 0 0 0 0 0 0 0 0 0 0 0 0 0 cdma 0 [SUB1]
01-12 04:15:01.610 D/RILJ    ( 1775): [1608]> SIGNAL_STRENGTH [SUB1]
01-12 04:15:01.610 D/RILC    (  386): RIL onRequestComplete: Command channel closed
01-12 04:15:01.610 D/RILJ    ( 1775): [1608]< SIGNAL_STRENGTH SignalStrength: 0 0 0 0 0 0 0 0 0 0 0 0 0 cdma 0 [SUB1]
01-12 04:15:21.640 D/RILJ    ( 1775): [1609]> SIGNAL_STRENGTH [SUB1]
01-12 04:15:21.640 D/RILC    (  386): RIL onRequestComplete: Command channel closed
01-12 04:15:21.640 D/RILJ    ( 1775): [1609]< SIGNAL_STRENGTH SignalStrength: 0 0 0 0 0 0 0 0 0 0 0 0 0 cdma 0 [SUB1]
01-12 04:15:41.660 D/RILJ    ( 1775): [1610]> SIGNAL_STRENGTH [SUB1]
01-12 04:15:41.670 D/RILC    (  386): RIL onRequestComplete: Command channel closed
01-12 04:15:41.670 D/RILJ    ( 1775): [1610]< SIGNAL_STRENGTH SignalStrength: 0 0 0 0 0 0 0 0 0 0 0 0 0 cdma 0 [SUB1]
01-12 04:16:01.700 D/RILJ    ( 1775): [1611]> SIGNAL_STRENGTH [SUB1]
01-12 04:16:01.700 D/RILC    (  386): RIL onRequestComplete: Command channel closed
01-12 04:16:01.700 D/RILJ    ( 1775): [1611]< SIGNAL_STRENGTH SignalStrength: 0 0 0 0 0 0 0 0 0 0 0 0 0 cdma 0 [SUB1]
01-12 04:16:21.730 D/RILJ    ( 1775): [1612]> SIGNAL_STRENGTH [SUB1]
01-12 04:16:21.730 D/RILC    (  386): RIL onRequestComplete: Command channel closed
01-12 04:16:21.730 D/RILJ    ( 1775): [1612]< SIGNAL_STRENGTH SignalStrength: 0 0 0 0 0 0 0 0 0 0 0 0 0 cdma 0 [SUB1]
01-12 04:16:41.760 D/RILJ    ( 1775): [1613]> SIGNAL_STRENGTH [SUB1]
01-12 04:16:41.760 D/RILC    (  386): RIL onRequestComplete: Command channel closed
01-12 04:16:41.760 D/RILJ    ( 1775): [1613]< SIGNAL_STRENGTH SignalStrength: 0 0 0 0 0 0 0 0 0 0 0 0 0 cdma 0 [SUB1]
01-12 04:17:01.790 D/RILJ    ( 1775): [1614]> SIGNAL_STRENGTH [SUB1]
01-12 04:17:01.790 D/RILC    (  386): RIL onRequestComplete: Command channel closed
01-12 04:17:01.790 D/RILJ    ( 1775): [1614]< SIGNAL_STRENGTH SignalStrength: 0 0 0 0 0 0 0 0 0 0 0 0 0 cdma 0 [SUB1]
01-12 04:17:21.820 D/RILJ    ( 1775): [1615]> SIGNAL_STRENGTH [SUB1]
01-12 04:17:21.820 D/RILC    (  386): RIL onRequestComplete: Command channel closed
01-12 04:17:21.820 D/RILJ    ( 1775): [1615]< SIGNAL_STRENGTH SignalStrength: 0 0 0 0 0 0 0 0 0 0 0 0 0 cdma 0 [SUB1]
01-12 04:17:41.840 D/RILJ    ( 1775): [1616]> SIGNAL_STRENGTH [SUB1]
01-12 04:17:41.840 D/RILC    (  386): RIL onRequestComplete: Command channel closed
01-12 04:17:41.840 D/RILJ    ( 1775): [1616]< SIGNAL_STRENGTH SignalStrength: 0 0 0 0 0 0 0 0 0 0 0 0 0 cdma 0 [SUB1]
01-12 04:18:01.870 D/RILJ    ( 1775): [1617]> SIGNAL_STRENGTH [SUB1]
01-12 04:18:01.870 D/RILC    (  386): RIL onRequestComplete: Command channel closed
01-12 04:18:01.870 D/RILJ    ( 1775): [1617]< SIGNAL_STRENGTH SignalStrength: 0 0 0 0 0 0 0 0 0 0 0 0 0 cdma 0 [SUB1]
01-12 04:18:21.900 D/RILJ    ( 1775): [1618]> SIGNAL_STRENGTH [SUB1]
01-12 04:18:21.900 D/RILJ    ( 1775): [1618]< SIGNAL_STRENGTH SignalStrength: 0 0 0 0 0 0 0 0 0 0 0 0 0 cdma 0 [SUB1]
01-12 04:18:21.900 D/RILC    (  386): RIL onRequestComplete: Command channel closed
01-12 04:18:41.930 D/RILJ    ( 1775): [1619]> SIGNAL_STRENGTH [SUB1]
01-12 04:18:41.930 D/RILC    (  386): RIL onRequestComplete: Command channel closed
01-12 04:18:41.930 D/RILJ    ( 1775): [1619]< SIGNAL_STRENGTH SignalStrength: 0 0 0 0 0 0 0 0 0 0 0 0 0 cdma 0 [SUB1]
01-12 04:19:01.940 D/RILJ    ( 1775): [1620]> SIGNAL_STRENGTH [SUB1]
01-12 04:19:01.940 D/RILC    (  386): RIL onRequestComplete: Command channel closed
01-12 04:19:01.940 D/RILJ    ( 1775): [1620]< SIGNAL_STRENGTH SignalStrength: 0 0 0 0 0 0 0 0 0 0 0 0 0 cdma 0 [SUB1]
01-12 04:19:21.970 D/RILJ    ( 1775): [1621]> SIGNAL_STRENGTH [SUB1]
01-12 04:19:21.970 D/RILC    (  386): RIL onRequestComplete: Command channel closed
01-12 04:19:21.970 D/RILJ    ( 1775): [1621]< SIGNAL_STRENGTH SignalStrength: 0 0 0 0 0 0 0 0 0 0 0 0 0 cdma 0 [SUB1]
01-12 04:19:42.000 D/RILJ    ( 1775): [1622]> SIGNAL_STRENGTH [SUB1]
01-12 04:19:42.000 D/RILC    (  386): RIL onRequestComplete: Command channel closed
01-12 04:19:42.000 D/RILJ    ( 1775): [1622]< SIGNAL_STRENGTH SignalStrength: 0 0 0 0 0 0 0 0 0 0 0 0 0 cdma 0 [SUB1]
01-12 04:20:02.020 D/RILJ    ( 1775): [1623]> SIGNAL_STRENGTH [SUB1]
01-12 04:20:02.020 D/RILC    (  386): RIL onRequestComplete: Command channel closed
01-12 04:20:02.020 D/RILJ    ( 1775): [1623]< SIGNAL_STRENGTH SignalStrength: 0 0 0 0 0 0 0 0 0 0 0 0 0 cdma 0 [SUB1]
01-12 04:20:22.050 D/RILJ    ( 1775): [1624]> SIGNAL_STRENGTH [SUB1]
01-12 04:20:22.050 D/RILC    (  386): RIL onRequestComplete: Command channel closed
01-12 04:20:22.050 D/RILJ    ( 1775): [1624]< SIGNAL_STRENGTH SignalStrength: 0 0 0 0 0 0 0 0 0 0 0 0 0 cdma 0 [SUB1]
01-12 04:20:42.080 D/RILJ    ( 1775): [1625]> SIGNAL_STRENGTH [SUB1]
01-12 04:20:42.080 D/RILC    (  386): RIL onRequestComplete: Command channel closed
01-12 04:20:42.080 D/RILJ    ( 1775): [1625]< SIGNAL_STRENGTH SignalStrength: 0 0 0 0 0 0 0 0 0 0 0 0 0 cdma 0 [SUB1]
01-12 04:21:02.110 D/RILJ    ( 1775): [1626]> SIGNAL_STRENGTH [SUB1]
01-12 04:21:02.110 D/RILC    (  386): RIL onRequestComplete: Command channel closed
01-12 04:21:02.110 D/RILJ    ( 1775): [1626]< SIGNAL_STRENGTH SignalStrength: 0 0 0 0 0 0 0 0 0 0 0 0 0 cdma 0 [SUB1]
01-12 04:21:22.140 D/RILJ    ( 1775): [1627]> SIGNAL_STRENGTH [SUB1]
01-12 04:21:22.140 D/RILC    (  386): RIL onRequestComplete: Command channel closed
01-12 04:21:22.140 D/RILJ    ( 1775): [1627]< SIGNAL_STRENGTH SignalStrength: 0 0 0 0 0 0 0 0 0 0 0 0 0 cdma 0 [SUB1]
01-12 04:21:42.170 D/RILC    (  386): RIL onRequestComplete: Command channel closed
01-12 04:21:42.170 D/RILJ    ( 1775): [1628]< SIGNAL_STRENGTH SignalStrength: 0 0 0 0 0 0 0 0 0 0 0 0 0 cdma 0 [SUB1]
01-12 04:21:42.170 D/RILJ    ( 1775): [1628]> SIGNAL_STRENGTH [SUB1]
01-12 04:22:02.200 D/RILJ    ( 1775): [1629]> SIGNAL_STRENGTH [SUB1]
01-12 04:22:02.200 D/RILC    (  386): RIL onRequestComplete: Command channel closed
01-12 04:22:02.200 D/RILJ    ( 1775): [1629]< SIGNAL_STRENGTH SignalStrength: 0 0 0 0 0 0 0 0 0 0 0 0 0 cdma 0 [SUB1]
01-12 04:22:22.230 D/RILJ    ( 1775): [1630]> SIGNAL_STRENGTH [SUB1]
01-12 04:22:22.230 D/RILC    (  386): RIL onRequestComplete: Command channel closed
01-12 04:22:22.230 D/RILJ    ( 1775): [1630]< SIGNAL_STRENGTH SignalStrength: 0 0 0 0 0 0 0 0 0 0 0 0 0 cdma 0 [SUB1]
01-12 04:22:42.260 D/RILJ    ( 1775): [1631]> SIGNAL_STRENGTH [SUB1]
01-12 04:22:42.260 D/RILC    (  386): RIL onRequestComplete: Command channel closed
01-12 04:22:42.260 D/RILJ    ( 1775): [1631]< SIGNAL_STRENGTH SignalStrength: 0 0 0 0 0 0 0 0 0 0 0 0 0 cdma 0 [SUB1]
01-12 04:23:02.280 D/RILJ    ( 1775): [1632]> SIGNAL_STRENGTH [SUB1]
01-12 04:23:02.280 D/RILC    (  386): RIL onRequestComplete: Command channel closed
01-12 04:23:02.280 D/RILJ    ( 1775): [1632]< SIGNAL_STRENGTH SignalStrength: 0 0 0 0 0 0 0 0 0 0 0 0 0 cdma 0 [SUB1]
--------- beginning of /dev/log/events
01-12 04:23:15.100 I/am_create_service(  929): [0,1132340048,com.google.android.music/.preferences.MusicPreferenceService$MusicPreferenceServiceBinder,23737]
01-12 04:23:15.110 I/am_create_service(  929): [0,1134867472,com.google.android.music/.net.NetworkMonitor,23737]
01-12 04:23:15.120 I/am_create_service(  929): [0,1132692064,com.google.android.music/.store.MediaStoreImportService,23737]
01-12 04:23:15.120 I/am_create_service(  929): [0,1132105200,com.google.android.music/.store.StoreService$StoreServiceBinder,23737]
01-12 04:23:15.140 I/am_create_service(  929): [0,1132818168,com.google.android.music/.download.cache.CacheService,23737]
01-12 04:23:15.140 I/am_create_service(  929): [0,1131229952,com.google.android.music/.download.DownloadQueueService,23737]
01-12 04:23:20.160 I/am_create_service(  929): [0,1130970392,com.google.android.music/.leanback.AutoCacheSchedulingService,23737]
01-12 04:23:20.180 I/am_destroy_service(  929): [0,1130970392,23737]
01-12 04:23:22.310 D/RILJ    ( 1775): [1633]> SIGNAL_STRENGTH [SUB1]
01-12 04:23:22.310 D/RILC    (  386): RIL onRequestComplete: Command channel closed
01-12 04:23:22.310 D/RILJ    ( 1775): [1633]< SIGNAL_STRENGTH SignalStrength: 0 0 0 0 0 0 0 0 0 0 0 0 0 cdma 0 [SUB1]
01-12 04:23:42.340 D/RILJ    ( 1775): [1634]> SIGNAL_STRENGTH [SUB1]
01-12 04:23:42.340 D/RILC    (  386): RIL onRequestComplete: Command channel closed
01-12 04:23:42.340 D/RILJ    ( 1775): [1634]< SIGNAL_STRENGTH SignalStrength: 0 0 0 0 0 0 0 0 0 0 0 0 0 cdma 0 [SUB1]
01-12 04:23:58.320 I/battery_level(  929): [57,4018,315]
01-12 04:24:02.370 D/RILJ    ( 1775): [1635]> SIGNAL_STRENGTH [SUB1]
01-12 04:24:02.370 D/RILC    (  386): RIL onRequestComplete: Command channel closed
01-12 04:24:02.370 D/RILJ    ( 1775): [1635]< SIGNAL_STRENGTH SignalStrength: 0 0 0 0 0 0 0 0 0 0 0 0 0 cdma 0 [SUB1]
01-12 04:24:22.400 D/RILJ    ( 1775): [1636]> SIGNAL_STRENGTH [SUB1]
01-12 04:24:22.400 D/RILC    (  386): RIL onRequestComplete: Command channel closed
01-12 04:24:22.400 D/RILJ    ( 1775): [1636]< SIGNAL_STRENGTH SignalStrength: 0 0 0 0 0 0 0 0 0 0 0 0 0 cdma 0 [SUB1]
01-12 04:24:42.430 D/RILC    (  386): RIL onRequestComplete: Command channel closed
01-12 04:24:42.430 D/RILJ    ( 1775): [1637]< SIGNAL_STRENGTH SignalStrength: 0 0 0 0 0 0 0 0 0 0 0 0 0 cdma 0 [SUB1]
01-12 04:24:42.430 D/RILJ    ( 1775): [1637]> SIGNAL_STRENGTH [SUB1]
01-12 04:24:58.480 I/battery_level(  929): [57,4022,314]
01-12 04:25:02.450 D/RILJ    ( 1775): [1638]> SIGNAL_STRENGTH [SUB1]
01-12 04:25:02.450 D/RILC    (  386): RIL onRequestComplete: Command channel closed
01-12 04:25:02.450 D/RILJ    ( 1775): [1638]< SIGNAL_STRENGTH SignalStrength: 0 0 0 0 0 0 0 0 0 0 0 0 0 cdma 0 [SUB1]
01-12 04:25:22.480 D/RILJ    ( 1775): [1639]> SIGNAL_STRENGTH [SUB1]
01-12 04:25:22.480 D/RILC    (  386): RIL onRequestComplete: Command channel closed
01-12 04:25:22.480 D/RILJ    ( 1775): [1639]< SIGNAL_STRENGTH SignalStrength: 0 0 0 0 0 0 0 0 0 0 0 0 0 cdma 0 [SUB1]
01-12 04:25:42.500 D/RILJ    ( 1775): [1640]> SIGNAL_STRENGTH [SUB1]
01-12 04:25:42.510 D/RILC    (  386): RIL onRequestComplete: Command channel closed
01-12 04:25:42.510 D/RILJ    ( 1775): [1640]< SIGNAL_STRENGTH SignalStrength: 0 0 0 0 0 0 0 0 0 0 0 0 0 cdma 0 [SUB1]
01-12 04:25:58.640 I/battery_level(  929): [57,4021,313]
01-12 04:26:02.540 D/RILJ    ( 1775): [1641]> SIGNAL_STRENGTH [SUB1]
01-12 04:26:02.540 D/RILC    (  386): RIL onRequestComplete: Command channel closed
01-12 04:26:02.540 D/RILJ    ( 1775): [1641]< SIGNAL_STRENGTH SignalStrength: 0 0 0 0 0 0 0 0 0 0 0 0 0 cdma 0 [SUB1]
01-12 04:26:16.880 I/battery_level(  929): [58,4025,313]
01-12 04:26:16.890 I/battery_level(  929): [58,4012,313]
01-12 04:26:22.560 D/RILJ    ( 1775): [1642]> SIGNAL_STRENGTH [SUB1]
01-12 04:26:22.560 D/RILC    (  386): RIL onRequestComplete: Command channel closed
01-12 04:26:22.560 D/RILJ    ( 1775): [1642]< SIGNAL_STRENGTH SignalStrength: 0 0 0 0 0 0 0 0 0 0 0 0 0 cdma 0 [SUB1]
01-12 04:26:42.590 D/RILJ    ( 1775): [1643]> SIGNAL_STRENGTH [SUB1]
01-12 04:26:42.590 D/RILC    (  386): RIL onRequestComplete: Command channel closed
01-12 04:26:42.590 D/RILJ    ( 1775): [1643]< SIGNAL_STRENGTH SignalStrength: 0 0 0 0 0 0 0 0 0 0 0 0 0 cdma 0 [SUB1]
01-12 04:26:58.800 I/battery_level(  929): [58,4026,312]
01-12 04:27:02.620 D/RILJ    ( 1775): [1644]> SIGNAL_STRENGTH [SUB1]
01-12 04:27:02.620 D/RILC    (  386): RIL onRequestComplete: Command channel closed
01-12 04:27:02.620 D/RILJ    ( 1775): [1644]< SIGNAL_STRENGTH SignalStrength: 0 0 0 0 0 0 0 0 0 0 0 0 0 cdma 0 [SUB1]
01-12 04:27:22.650 D/RILJ    ( 1775): [1645]> SIGNAL_STRENGTH [SUB1]
01-12 04:27:22.650 D/RILC    (  386): RIL onRequestComplete: Command channel closed
01-12 04:27:22.650 D/RILJ    ( 1775): [1645]< SIGNAL_STRENGTH SignalStrength: 0 0 0 0 0 0 0 0 0 0 0 0 0 cdma 0 [SUB1]
01-12 04:27:42.680 D/RILJ    ( 1775): [1646]> SIGNAL_STRENGTH [SUB1]
01-12 04:27:42.680 D/RILC    (  386): RIL onRequestComplete: Command channel closed
01-12 04:27:42.680 D/RILJ    ( 1775): [1646]< SIGNAL_STRENGTH SignalStrength: 0 0 0 0 0 0 0 0 0 0 0 0 0 cdma 0 [SUB1]
01-12 04:27:50.870 I/am_kill (  929): [0,19988,com.google.android.talk,13,old background process]
01-12 04:27:50.870 I/am_kill (  929): [0,20004,com.google.android.gms,15,old background process]
01-12 04:27:50.870 I/am_kill (  929): [0,20033,com.google.android.gsf.login,15,old background process]
01-12 04:27:50.870 I/am_kill (  929): [0,19872,com.google.android.apps.maps:LocationFriendService,15,old background process]
01-12 04:27:50.870 I/am_kill (  929): [0,19859,com.google.android.apps.maps:FriendService,15,old background process]
01-12 04:27:50.880 I/am_kill (  929): [0,19835,com.google.android.apps.maps:GoogleLocationService,15,old background process]
01-12 04:27:50.880 I/am_proc_died(  929): [0,19859,com.google.android.apps.maps:FriendService]
01-12 04:27:50.880 I/am_proc_died(  929): [0,20033,com.google.android.gsf.login]
01-12 04:27:50.890 I/am_proc_died(  929): [0,20004,com.google.android.gms]
01-12 04:27:50.890 I/am_proc_died(  929): [0,19872,com.google.android.apps.maps:LocationFriendService]
01-12 04:27:50.890 I/am_proc_died(  929): [0,19988,com.google.android.talk]
01-12 04:27:50.900 I/am_proc_died(  929): [0,19835,com.google.android.apps.maps:GoogleLocationService]
01-12 04:27:50.900 I/am_schedule_service_restart(  929): [0,com.google.android.apps.maps/com.google.android.location.internal.server.GoogleLocationService,5000]
01-12 04:27:55.910 I/am_proc_start(  929): [0,24407,10016,com.google.android.apps.maps:GoogleLocationService,service,com.google.android.apps.maps/com.google.android.location.internal.server.GoogleLocationService]
01-12 04:27:55.920 I/am_proc_bound(  929): [0,24407,com.google.android.apps.maps:GoogleLocationService]
01-12 04:27:55.920 I/am_create_service(  929): [0,1118239608,com.google.android.apps.maps/com.google.android.location.internal.server.GoogleLocationService,24407]
01-12 04:27:56.450 I/am_proc_start(  929): [0,24429,10016,com.google.android.apps.maps:FriendService,broadcast,com.google.android.apps.maps/com.google.googlenav.friend.android.ServiceReceiver]
01-12 04:27:56.470 I/am_proc_bound(  929): [0,24429,com.google.android.apps.maps:FriendService]
01-12 04:27:56.530 I/am_proc_start(  929): [0,24442,10016,com.google.android.apps.maps:LocationFriendService,broadcast,com.google.android.apps.maps/com.google.googlenav.friend.reporting.LocationReportingIntentReceiver]
01-12 04:27:56.530 I/dvm_lock_sample(  929): [system_server,1,Binder_10,10,ActivityManagerService.java,6774,BroadcastQueue.java,471,2]
01-12 04:27:56.550 I/am_proc_bound(  929): [0,24442,com.google.android.apps.maps:LocationFriendService]
01-12 04:27:56.600 I/content_query_sample(24442): [content://com.google.settings/partner,value,name=?,,2,com.google.android.apps.maps:LocationFriendService,1]
01-12 04:27:58.960 I/battery_level(  929): [58,4027,312]
01-12 04:28:02.710 D/RILJ    ( 1775): [1647]> SIGNAL_STRENGTH [SUB1]
01-12 04:28:02.710 D/RILC    (  386): RIL onRequestComplete: Command channel closed
01-12 04:28:02.710 D/RILJ    ( 1775): [1647]< SIGNAL_STRENGTH SignalStrength: 0 0 0 0 0 0 0 0 0 0 0 0 0 cdma 0 [SUB1]
01-12 04:28:22.740 D/RILJ    ( 1775): [1648]> SIGNAL_STRENGTH [SUB1]
01-12 04:28:22.740 D/RILC    (  386): RIL onRequestComplete: Command channel closed
01-12 04:28:22.740 D/RILJ    ( 1775): [1648]< SIGNAL_STRENGTH SignalStrength: 0 0 0 0 0 0 0 0 0 0 0 0 0 cdma 0 [SUB1]
01-12 04:28:36.860 I/battery_level(  929): [58,4029,312]
01-12 04:28:36.890 I/battery_level(  929): [58,4028,312]
01-12 04:28:42.770 D/RILJ    ( 1775): [1649]> SIGNAL_STRENGTH [SUB1]
01-12 04:28:42.770 D/RILC    (  386): RIL onRequestComplete: Command channel closed
01-12 04:28:42.770 D/RILJ    ( 1775): [1649]< SIGNAL_STRENGTH SignalStrength: 0 0 0 0 0 0 0 0 0 0 0 0 0 cdma 0 [SUB1]
01-12 04:28:59.120 I/battery_level(  929): [58,4030,312]
01-12 04:29:02.800 D/RILJ    ( 1775): [1650]> SIGNAL_STRENGTH [SUB1]
01-12 04:29:02.800 D/RILC    (  386): RIL onRequestComplete: Command channel closed
01-12 04:29:02.800 D/RILJ    ( 1775): [1650]< SIGNAL_STRENGTH SignalStrength: 0 0 0 0 0 0 0 0 0 0 0 0 0 cdma 0 [SUB1]
01-12 04:29:22.820 D/RILJ    ( 1775): [1651]> SIGNAL_STRENGTH [SUB1]
01-12 04:29:22.820 I/force_gc(  929): Binder
01-12 04:29:22.980 D/RILC    (  386): RIL onRequestComplete: Command channel closed
01-12 04:29:22.980 D/RILJ    ( 1775): [1651]< SIGNAL_STRENGTH SignalStrength: 0 0 0 0 0 0 0 0 0 0 0 0 0 cdma 0 [SUB1]
01-12 04:29:43.010 D/RILJ    ( 1775): [1652]> SIGNAL_STRENGTH [SUB1]
01-12 04:29:43.010 D/RILC    (  386): RIL onRequestComplete: Command channel closed
01-12 04:29:43.010 D/RILJ    ( 1775): [1652]< SIGNAL_STRENGTH SignalStrength: 0 0 0 0 0 0 0 0 0 0 0 0 0 cdma 0 [SUB1]
01-12 04:29:59.280 I/battery_level(  929): [58,4032,312]
01-12 04:30:03.040 D/RILJ    ( 1775): [1653]> SIGNAL_STRENGTH [SUB1]
01-12 04:30:03.040 D/RILC    (  386): RIL onRequestComplete: Command channel closed
01-12 04:30:03.040 D/RILJ    ( 1775): [1653]< SIGNAL_STRENGTH SignalStrength: 0 0 0 0 0 0 0 0 0 0 0 0 0 cdma 0 [SUB1]
01-12 04:30:23.080 D/RILJ    ( 1775): [1654]> SIGNAL_STRENGTH [SUB1]
01-12 04:30:23.080 D/RILC    (  386): RIL onRequestComplete: Command channel closed
01-12 04:30:23.080 D/RILJ    ( 1775): [1654]< SIGNAL_STRENGTH SignalStrength: 0 0 0 0 0 0 0 0 0 0 0 0 0 cdma 0 [SUB1]
01-12 04:30:36.880 I/battery_level(  929): [59,4032,311]
01-12 04:30:36.890 I/battery_level(  929): [59,4004,311]
01-12 04:30:43.110 D/RILJ    ( 1775): [1655]> SIGNAL_STRENGTH [SUB1]
01-12 04:30:43.110 D/RILC    (  386): RIL onRequestComplete: Command channel closed
01-12 04:30:43.110 D/RILJ    ( 1775): [1655]< SIGNAL_STRENGTH SignalStrength: 0 0 0 0 0 0 0 0 0 0 0 0 0 cdma 0 [SUB1]
01-12 04:30:59.440 I/battery_level(  929): [59,4033,311]
01-12 04:31:03.130 D/RILJ    ( 1775): [1656]> SIGNAL_STRENGTH [SUB1]
01-12 04:31:03.130 D/RILC    (  386): RIL onRequestComplete: Command channel closed
01-12 04:31:03.130 D/RILJ    ( 1775): [1656]< SIGNAL_STRENGTH SignalStrength: 0 0 0 0 0 0 0 0 0 0 0 0 0 cdma 0 [SUB1]
01-12 04:31:07.030 I/am_create_service(  929): [0,1135202632,com.google.android.gsf/.checkin.EventLogService,1997]
01-12 04:31:07.030 I/aggregation( 1997): 966667042
01-12 04:31:07.070 I/am_destroy_service(  929): [0,1135202632,1997]
01-12 04:31:23.160 D/RILJ    ( 1775): [1657]> SIGNAL_STRENGTH [SUB1]
01-12 04:31:23.160 D/RILC    (  386): RIL onRequestComplete: Command channel closed
01-12 04:31:23.160 D/RILJ    ( 1775): [1657]< SIGNAL_STRENGTH SignalStrength: 0 0 0 0 0 0 0 0 0 0 0 0 0 cdma 0 [SUB1]
01-12 04:31:43.190 D/RILJ    ( 1775): [1658]> SIGNAL_STRENGTH [SUB1]
01-12 04:31:43.190 D/RILC    (  386): RIL onRequestComplete: Command channel closed
01-12 04:31:43.190 D/RILJ    ( 1775): [1658]< SIGNAL_STRENGTH SignalStrength: 0 0 0 0 0 0 0 0 0 0 0 0 0 cdma 0 [SUB1]
01-12 04:31:59.600 I/battery_level(  929): [59,4034,310]
01-12 04:32:03.220 D/RILJ    ( 1775): [1659]> SIGNAL_STRENGTH [SUB1]
01-12 04:32:03.220 D/RILC    (  386): RIL onRequestComplete: Command channel closed
01-12 04:32:03.220 D/RILJ    ( 1775): [1659]< SIGNAL_STRENGTH SignalStrength: 0 0 0 0 0 0 0 0 0 0 0 0 0 cdma 0 [SUB1]
01-12 04:32:23.250 D/RILJ    ( 1775): [1660]> SIGNAL_STRENGTH [SUB1]
01-12 04:32:23.250 D/RILC    (  386): RIL onRequestComplete: Command channel closed
01-12 04:32:23.250 D/RILJ    ( 1775): [1660]< SIGNAL_STRENGTH SignalStrength: 0 0 0 0 0 0 0 0 0 0 0 0 0 cdma 0 [SUB1]
01-12 04:32:43.280 D/RILJ    ( 1775): [1661]> SIGNAL_STRENGTH [SUB1]
01-12 04:32:43.280 D/RILC    (  386): RIL onRequestComplete: Command channel closed
01-12 04:32:43.280 D/RILJ    ( 1775): [1661]< SIGNAL_STRENGTH SignalStrength: 0 0 0 0 0 0 0 0 0 0 0 0 0 cdma 0 [SUB1]
01-12 04:32:59.760 I/battery_level(  929): [59,4037,310]
01-12 04:33:03.310 D/RILJ    ( 1775): [1662]> SIGNAL_STRENGTH [SUB1]
01-12 04:33:03.310 D/RILC    (  386): RIL onRequestComplete: Command channel closed
01-12 04:33:03.310 D/RILJ    ( 1775): [1662]< SIGNAL_STRENGTH SignalStrength: 0 0 0 0 0 0 0 0 0 0 0 0 0 cdma 0 [SUB1]
01-12 04:33:16.120 I/power_screen_broadcast_send(  929): 1
01-12 04:33:16.120 I/power_screen_state(  929): [1,0,0,0]
01-12 04:33:16.120 I/screen_toggled(  929): 1
01-12 04:33:16.200 I/am_kill (  929): [0,20872,com.lge.smartshare.provider,15,old background process]
01-12 04:33:16.200 I/am_kill (  929): [0,20842,com.lge.smartshare.service,9,old background process]
01-12 04:33:16.200 I/am_kill (  929): [0,20770,android.process.media,9,old background process]
01-12 04:33:16.200 I/am_kill (  929): [0,20825,com.lge.music,9,old background process]
01-12 04:33:16.200 I/am_kill (  929): [0,20812,com.lge.sizechangable.musicwidget.widget,9,old background process]
01-12 04:33:16.680 I/dvm_lock_sample(  929): [system_server,0,android.server.ServerThread,477,DisplayManagerService.java,310,-,366,95]
01-12 04:33:16.680 I/dvm_lock_sample(  929): [system_server,1,Binder_6,473,DisplayManagerService.java,441,-,366,94]
01-12 04:33:16.680 I/am_resume_activity(  929): [0,1111383376,80,se.nena.nenamark2/.NenaMark2]
01-12 04:33:16.680 I/dvm_lock_sample(  929): [system_server,1,Binder_A,461,DisplayManagerService.java,441,-,366,92]
01-12 04:33:16.680 I/dvm_lock_sample(  929): [system_server,1,Binder_D,473,ActivityManagerService.java,866,-,7252,94]
01-12 04:33:16.680 I/dvm_lock_sample(  929): [system_server,0,UI,433,WindowManagerService.java,9779,-,4016,86]
01-12 04:33:16.680 I/am_proc_died(  929): [0,20872,com.lge.smartshare.provider]
01-12 04:33:16.680 I/dvm_lock_sample(  929): [system_server,1,Binder_F,458,DisplayManagerService.java,441,-,366,91]
01-12 04:33:16.680 I/dvm_lock_sample(  929): [system_server,1,Binder_E,454,DisplayManagerService.java,441,-,366,90]
01-12 04:33:16.680 I/dvm_lock_sample(  929): [system_server,1,Binder_8,453,DisplayManagerService.java,441,-,366,90]
01-12 04:33:16.690 I/dvm_lock_sample(  929): [system_server,1,Binder_9,424,WindowManagerService.java,2806,-,4016,84]
01-12 04:33:16.690 I/binder_sample(18412): [android.view.IWindowSession,6,430,se.nena.nenamark2,86]
01-12 04:33:16.690 I/dvm_lock_sample(  929): [system_server,1,Binder_3,471,ActivityManagerService.java,866,-,7252,94]
01-12 04:33:16.690 I/am_proc_died(  929): [0,20825,com.lge.music]
01-12 04:33:16.700 I/am_destroy_service(  929): [0,1112871432,20842]
01-12 04:33:16.710 I/am_schedule_service_restart(  929): [0,com.lge.music/.MediaPlaybackService,5000]
01-12 04:33:16.710 I/dvm_lock_sample(  929): [system_server,1,Binder_C,482,ActivityManagerService.java,866,-,7252,96]
01-12 04:33:16.710 I/am_proc_died(  929): [0,20842,com.lge.smartshare.service]
01-12 04:33:16.710 I/dvm_lock_sample(  929): [system_server,1,Binder_7,479,ActivityManagerService.java,866,-,7252,95]
01-12 04:33:16.710 I/am_proc_died(  929): [0,20812,com.lge.sizechangable.musicwidget.widget]
01-12 04:33:16.710 I/am_destroy_service(  929): [0,1118325264,-1]
01-12 04:33:16.710 I/am_schedule_service_restart(  929): [0,com.lge.sizechangable.musicwidget.widget/.service.MusicWidgetUpdaterService,5000]
01-12 04:33:16.710 I/dvm_lock_sample(  929): [system_server,1,Binder_2,480,ActivityManagerService.java,866,-,7252,96]
01-12 04:33:16.710 I/am_proc_died(  929): [0,20770,android.process.media]
01-12 04:33:16.710 I/am_schedule_service_restart(  929): [0,com.android.providers.media/.MtpService,14998]
01-12 04:33:16.770 I/am_on_resume_called(18412): [0,se.nena.nenamark2.NenaMark2]
01-12 04:33:16.800 D/RILJ    ( 1775): [1663]> SCREEN_STATE: true [SUB0]
01-12 04:33:16.800 D/RILC    (  373): RIL onRequestComplete: Command channel closed
01-12 04:33:16.800 D/RILJ    ( 1775): [1663]< SCREEN_STATE  [SUB0]
01-12 04:33:16.830 D/RILJ    ( 1775): [1664]> SCREEN_STATE: true [SUB1]
01-12 04:33:16.830 D/RILC    (  386): RIL onRequestComplete: Command channel closed
01-12 04:33:16.830 D/RILJ    ( 1775): [1664]< SCREEN_STATE  [SUB1]
01-12 04:33:16.840 D/CDMA    ( 1775): [MSimCdmaDCT:1] onReceive: action=android.intent.action.SCREEN_ON
01-12 04:33:16.840 D/CDMA    ( 1775): [MSimCdmaDCT:1] stopNetStatPoll
01-12 04:33:16.880 D/GSM     ( 1775): [MSimGsmDCT:0] onReceive: action=android.intent.action.SCREEN_ON
