01-12 05:08:00.180 D/QuickSettingsButton( 1678): [QuickSettingsButton.java:332:onChanged()]Quiet mode, width= 109.0, buttonWidth - paddingWidth= 108.0, singleLine= false, isOverWidth= true
01-12 05:08:00.180 D/QuickSettingsHandler( 1678): [QuickSettingsHandler.java:178:getButtonContentDescription()]3, Quiet mode off
01-12 05:08:00.180 D/QuickSettingsHandler( 1678): [QuickSettingsHandler.java:158:setButtonStatus()]Quiet mode :Quiet mode off.
01-12 05:08:00.200 D/QuickSettingsHandler( 1678): [QuickSettingsHandler.java:69:onCreate()]onCreate() Name = Screen timeout
01-12 05:08:00.200 D/ScreenTimeoutHandler( 1678): [ScreenTimeoutHandler.java:128:checkEASPolicy()]startCheckEASPolicy() start
01-12 05:08:00.210 D/QuickSettingsButton( 1678): [QuickSettingsButton.java:332:onChanged()]Screen timeout, width= 143.0, buttonWidth - paddingWidth= 108.0, singleLine= false, isOverWidth= true
01-12 05:08:00.210 D/ScreenTimeoutHandler( 1678): [ScreenTimeoutHandler.java:145:configScreenTimeoutButton()]mEASPolicyEnable:false status:300000
01-12 05:08:00.210 D/QuickSettingsButton( 1678): [QuickSettingsButton.java:332:onChanged()]Screen timeout, width= 143.0, buttonWidth - paddingWidth= 108.0, singleLine= false, isOverWidth= true
01-12 05:08:00.210 D/ScreenTimeoutHandler( 1678): [ScreenTimeoutHandler.java:247:getButtonContentDescription()]3, Screen timeout 5 minutes
01-12 05:08:00.210 D/QuickSettingsHandler( 1678): [QuickSettingsHandler.java:158:setButtonStatus()]Screen timeout :Screen timeout 5 minutes.
01-12 05:08:00.220 D/QuickSettingsButton( 1678): [QuickSettingsButton.java:332:onChanged()]Screen timeout, width= 143.0, buttonWidth - paddingWidth= 108.0, singleLine= false, isOverWidth= true
01-12 05:08:00.220 D/QuickSettingsButton( 1678): [QuickSettingsButton.java:332:onChanged()]Screen timeout, width= 143.0, buttonWidth - paddingWidth= 108.0, singleLine= false, isOverWidth= true
01-12 05:08:00.220 D/ScreenTimeoutHandler( 1678): [ScreenTimeoutHandler.java:145:configScreenTimeoutButton()]mEASPolicyEnable:false status:300000
01-12 05:08:00.230 D/QuickSettingsButton( 1678): [QuickSettingsButton.java:332:onChanged()]Screen timeout, width= 143.0, buttonWidth - paddingWidth= 108.0, singleLine= false, isOverWidth= true
01-12 05:08:00.230 D/ScreenTimeoutHandler( 1678): [ScreenTimeoutHandler.java:247:getButtonContentDescription()]3, Screen timeout 5 minutes
01-12 05:08:00.230 D/QuickSettingsHandler( 1678): [QuickSettingsHandler.java:158:setButtonStatus()]Screen timeout :Screen timeout 5 minutes.
01-12 05:08:00.240 D/QuickSettingsHandler( 1678): [QuickSettingsHandler.java:69:onCreate()]onCreate() Name = Wireless storage
01-12 05:08:00.250 D/QuickSettingsButton( 1678): [QuickSettingsButton.java:332:onChanged()]Wireless storage, width= 158.0, buttonWidth - paddingWidth= 108.0, singleLine= false, isOverWidth= true
01-12 05:08:00.250 D/QuickSettingsButton( 1678): [QuickSettingsButton.java:332:onChanged()]Wireless storage, width= 158.0, buttonWidth - paddingWidth= 108.0, singleLine= false, isOverWidth= true
01-12 05:08:00.250 D/QuickSettingsHandler( 1678): [QuickSettingsHandler.java:178:getButtonContentDescription()]3, Wireless storage off
01-12 05:08:00.250 D/QuickSettingsHandler( 1678): [QuickSettingsHandler.java:158:setButtonStatus()]Wireless storage :Wireless storage off.
01-12 05:08:00.260 D/QuickSettingsButton( 1678): [QuickSettingsButton.java:211:setButtonStatus()]Button = Wireless storage ==> new status = 3, curStatus = 3
01-12 05:08:00.260 D/QuickSettingsButton( 1678): [QuickSettingsButton.java:332:onChanged()]Wireless storage, width= 158.0, buttonWidth - paddingWidth= 108.0, singleLine= false, isOverWidth= true
01-12 05:08:00.260 D/QuickSettingsButton( 1678): [QuickSettingsButton.java:211:setButtonStatus()]Button = Wireless storage ==> new status = 3, curStatus = 3
01-12 05:08:00.260 D/QuickSettingsHandler( 1678): [QuickSettingsHandler.java:178:getButtonContentDescription()]3, Wireless storage off
01-12 05:08:00.260 D/QuickSettingsHandler( 1678): [QuickSettingsHandler.java:158:setButtonStatus()]Wireless storage :Wireless storage off.
01-12 05:08:00.280 D/QuickSettingsHandler( 1678): [QuickSettingsHandler.java:69:onCreate()]onCreate() Name = Edit
01-12 05:08:00.280 D/QuickSettingsButton( 1678): [QuickSettingsButton.java:332:onChanged()]Edit, width= 37.0, buttonWidth - paddingWidth= 108.0, singleLine= true, isOverWidth= true
01-12 05:08:00.280 D/QuickSettingsButton( 1678): [QuickSettingsButton.java:332:onChanged()]Edit, width= 37.0, buttonWidth - paddingWidth= 108.0, singleLine= true, isOverWidth= true
01-12 05:08:00.280 D/QuickSettingsButton( 1678): [QuickSettingsButton.java:211:setButtonStatus()]Button = Edit ==> new status = 0, curStatus = 0
01-12 05:08:00.290 D/Utils   ( 1678): [Utils.java:260:getApplicationLabel_QMemo()]applicationLabelResourceId: 2131230720
01-12 05:08:00.290 D/Utils   ( 1678): [Utils.java:265:getApplicationLabel_QMemo()]applicationLabelResourceId: 2131230720, label: QuickMemo
01-12 05:08:00.290 W/System.err( 1678): android.content.pm.PackageManager$NameNotFoundException: com.lge.pa
01-12 05:08:00.290 W/System.err( 1678): 	at android.app.ApplicationPackageManager.getApplicationInfo(ApplicationPackageManager.java:210)
01-12 05:08:00.290 W/System.err( 1678): 	at com.lge.systemui.Utils.getApplicationLabel(Utils.java:230)
01-12 05:08:00.290 W/System.err( 1678): 	at com.lge.systemui.Utils.getApplicationLabel_QVoice(Utils.java:288)
01-12 05:08:00.290 W/System.err( 1678): 	at com.lge.quicksettings.QuickSettingsItemList.updateQVoiceLabel(QuickSettingsItemList.java:894)
01-12 05:08:00.300 W/System.err( 1678): 	at com.lge.quicksettings.QuickSettingsItemList.updateButtons(QuickSettingsItemList.java:92)
01-12 05:08:00.300 W/System.err( 1678): 	at com.lge.quicksettings.QuickSettings.updateButtons(QuickSettings.java:217)
01-12 05:08:00.300 W/System.err( 1678): 	at com.lge.systemui.LGPhoneStatusBar.updateResources(LGPhoneStatusBar.java:749)
01-12 05:08:00.300 W/System.err( 1678): 	at com.android.systemui.statusbar.phone.PhoneStatusBar.updateResources(PhoneStatusBar.java:3175)
01-12 05:08:00.300 W/System.err( 1678): 	at com.android.systemui.statusbar.phone.PhoneStatusBar$32.handleMessage(PhoneStatusBar.java:3068)
01-12 05:08:00.300 W/System.err( 1678): 	at android.os.Handler.dispatchMessage(Handler.java:99)
01-12 05:08:00.300 W/System.err( 1678): 	at android.os.Looper.loop(Looper.java:137)
01-12 05:08:00.300 W/System.err( 1678): 	at android.app.ActivityThread.main(ActivityThread.java:5235)
01-12 05:08:00.300 W/System.err( 1678): 	at java.lang.reflect.Method.invokeNative(Native Method)
01-12 05:08:00.300 W/System.err( 1678): 	at java.lang.reflect.Method.invoke(Method.java:511)
01-12 05:08:00.300 W/System.err( 1678): 	at com.android.internal.os.ZygoteInit$MethodAndArgsCaller.run(ZygoteInit.java:797)
01-12 05:08:00.300 W/System.err( 1678): 	at com.android.internal.os.ZygoteInit.main(ZygoteInit.java:564)
01-12 05:08:00.300 W/System.err( 1678): 	at dalvik.system.NativeStart.main(Native Method)
01-12 05:08:00.300 D/QuickSettingsButton( 1678): [QuickSettingsButton.java:332:onChanged()]Airplane, width= 78.0, buttonWidth - paddingWidth= 108.0, singleLine= true, isOverWidth= false
01-12 05:08:00.300 D/AirplaneHandler( 1678): [AirplaneHandler.java:175:updateButton()]setAirplaneButton!!!
01-12 05:08:00.300 D/QuickSettingsButton( 1678): [QuickSettingsButton.java:211:setButtonStatus()]Button = Airplane ==> new status = 3, curStatus = 3
01-12 05:08:00.320 D/dalvikvm( 1678): GC_CONCURRENT freed 2330K, 40% free 13256K/21964K, paused 5ms+5ms, total 62ms
01-12 05:08:00.320 D/dalvikvm( 1678): WAIT_FOR_CONCURRENT_GC blocked 19ms
01-12 05:08:00.320 D/QuickSettingsHandler( 1678): [QuickSettingsHandler.java:178:getButtonContentDescription()]3, Airplane off
01-12 05:08:00.320 D/QuickSettingsHandler( 1678): [QuickSettingsHandler.java:158:setButtonStatus()]Airplane :Airplane off.
01-12 05:08:00.320 D/QuickSettingsButton( 1678): [QuickSettingsButton.java:332:onChanged()]Battery saver, width= 123.0, buttonWidth - paddingWidth= 108.0, singleLine= false, isOverWidth= true
01-12 05:08:00.320 D/PowerSaverHandler( 1678): [BatterySaverHandler.java:173:isPowerSaverEnabled()]Current content://settings/system/power_save_enabled : 0
01-12 05:08:00.320 D/PowerSaverHandler( 1678): [BatterySaverHandler.java:190:isPowerSaverReservedMode()]Current content://settings/system/power_save_mode : 30
01-12 05:08:00.320 D/QuickSettingsButton( 1678): [QuickSettingsButton.java:211:setButtonStatus()]Button = Battery saver ==> new status = 7, curStatus = 7
01-12 05:08:00.320 D/QuickSettingsHandler( 1678): [QuickSettingsHandler.java:178:getButtonContentDescription()]7, Battery saver
01-12 05:08:00.320 D/QuickSettingsHandler( 1678): [QuickSettingsHandler.java:158:setButtonStatus()]Battery saver :Battery saver.
01-12 05:08:00.330 D/QuickSettingsButton( 1678): [QuickSettingsButton.java:332:onChanged()]Bluetooth, width= 92.0, buttonWidth - paddingWidth= 108.0, singleLine= true, isOverWidth= false
01-12 05:08:00.330 D/BluetoothAdapter( 1678): 1113047472: getState() :  mService = null. Returning STATE_OFF
01-12 05:08:00.330 D/QuickSettingsButton( 1678): [QuickSettingsButton.java:211:setButtonStatus()]Button = Bluetooth ==> new status = 3, curStatus = 3
01-12 05:08:00.330 D/QuickSettingsHandler( 1678): [QuickSettingsHandler.java:178:getButtonContentDescription()]3, Bluetooth off
01-12 05:08:00.330 D/QuickSettingsHandler( 1678): [QuickSettingsHandler.java:158:setButtonStatus()]Bluetooth :Bluetooth off.
01-12 05:08:00.330 D/DataHandler( 1678): [DataHandler.java:584:getStatusText()]getStatusText [label]Data
01-12 05:08:00.330 D/QuickSettingsButton( 1678): [QuickSettingsButton.java:332:onChanged()]Data, width= 43.0, buttonWidth - paddingWidth= 108.0, singleLine= true, isOverWidth= false
01-12 05:08:00.330 D/DataHandler( 1678): [DataHandler.java:584:getStatusText()]getStatusText [label]Data
01-12 05:08:00.330 D/QuickSettingsButton( 1678): [QuickSettingsButton.java:211:setButtonStatus()]Button = Data ==> new status = 5, curStatus = 5
01-12 05:08:00.330 D/QuickSettingsHandler( 1678): [QuickSettingsHandler.java:178:getButtonContentDescription()]5, Data
01-12 05:08:00.330 D/QuickSettingsHandler( 1678): [QuickSettingsHandler.java:158:setButtonStatus()]Data :Data.
01-12 05:08:00.330 D/QuickSettingsButton( 1678): [QuickSettingsButton.java:332:onChanged()]GPS, width= 40.0, buttonWidth - paddingWidth= 108.0, singleLine= true, isOverWidth= false
01-12 05:08:00.330 D/GpsHandler( 1678): [GpsHandler.java:116:updateButton()]setGPSButton()
01-12 05:08:00.330 D/QuickSettingsButton( 1678): [QuickSettingsButton.java:211:setButtonStatus()]Button = GPS ==> new status = 1, curStatus = 1
01-12 05:08:00.330 D/QuickSettingsHandler( 1678): [QuickSettingsHandler.java:178:getButtonContentDescription()]1, GPS on
01-12 05:08:00.340 D/QuickSettingsHandler( 1678): [QuickSettingsHandler.java:158:setButtonStatus()]GPS :GPS on.
01-12 05:08:00.340 D/HotspotHandler( 1678): [HotspotHandler.java:118:updateButton()]setHotspotButton:: !!!
01-12 05:08:00.340 D/QuickSettingsButton( 1678): [QuickSettingsButton.java:332:onChanged()]Hotspot, width= 76.0, buttonWidth - paddingWidth= 108.0, singleLine= true, isOverWidth= false
01-12 05:08:00.340 D/QuickSettingsButton( 1678): [QuickSettingsButton.java:211:setButtonStatus()]Button = Hotspot ==> new status = 3, curStatus = 3
01-12 05:08:00.340 D/QuickSettingsHandler( 1678): [QuickSettingsHandler.java:178:getButtonContentDescription()]3, Hotspot off
01-12 05:08:00.340 D/QuickSettingsHandler( 1678): [QuickSettingsHandler.java:158:setButtonStatus()]Hotspot :Hotspot off.
01-12 05:08:00.340 D/QuickSettingsButton( 1678): [QuickSettingsButton.java:332:onChanged()]Miracast, width= 82.0, buttonWidth - paddingWidth= 108.0, singleLine= true, isOverWidth= false
01-12 05:08:00.340 D/QuickSettingsButton( 1678): [QuickSettingsButton.java:211:setButtonStatus()]Button = Miracast ==> new status = 3, curStatus = 3
01-12 05:08:00.340 D/QuickSettingsHandler( 1678): [QuickSettingsHandler.java:178:getButtonContentDescription()]3, Miracast off
01-12 05:08:00.340 D/QuickSettingsHandler( 1678): [QuickSettingsHandler.java:158:setButtonStatus()]Miracast :Miracast off.
01-12 05:08:00.340 D/QuickSettingsButton( 1678): [QuickSettingsButton.java:332:onChanged()]NFC, width= 40.0, buttonWidth - paddingWidth= 108.0, singleLine= true, isOverWidth= false
01-12 05:08:00.340 D/NFCHelper( 1678): [NFCHelper.java:127:getDefaultAdapter()]NFC service manager is not ready.
01-12 05:08:00.340 D/NFCHelper( 1678): [NFCHelper.java:131:getDefaultAdapter()]getDefaultAdapter(), NFCAdapter cann't be initialized.
01-12 05:08:00.340 D/NFCHelper( 1678): [NFCHelper.java:115:getStatus()]Unknown state, return OFF
01-12 05:08:00.340 D/QuickSettingsButton( 1678): [QuickSettingsButton.java:211:setButtonStatus()]Button = NFC ==> new status = 5, curStatus = 5
01-12 05:08:00.340 D/NFCHandler( 1678): [NFCHandler.java:273:getButtonContentDescription()]5, NFC off
01-12 05:08:00.340 D/QuickSettingsHandler( 1678): [QuickSettingsHandler.java:158:setButtonStatus()]NFC :NFC off.
01-12 05:08:00.340 D/QuickSettingsButton( 1678): [QuickSettingsButton.java:332:onChanged()]Quick
01-12 05:08:00.340 D/QuickSettingsButton( 1678): Memo, width= 114.0, buttonWidth - paddingWidth= 108.0, singleLine= false, isOverWidth= true
01-12 05:08:00.350 D/QuickSettingsButton( 1678): [QuickSettingsButton.java:211:setButtonStatus()]Button = QuickMemo ==> new status = 3, curStatus = 3
01-12 05:08:00.350 D/QMemoHandler( 1678): [QMemoHandler.java:92:updateButton()]updateButton()
01-12 05:08:00.350 D/QuickSettingsButton( 1678): [QuickSettingsButton.java:332:onChanged()]QSlide, width= 63.0, buttonWidth - paddingWidth= 108.0, singleLine= true, isOverWidth= false
01-12 05:08:00.350 D/SystemUIProvider(  929): [SystemUIProvider.java:40:call()]method=SET_USER, extras=Bundle[mParcelledData.dataSize=72]
01-12 05:08:00.350 D/SystemUIProvider(  929): [SystemUIProvider.java:216:getOrEstablishDatabase()]userHandle=0
01-12 05:08:00.350 D/SystemUIProvider(  929): [SystemUIProvider.java:40:call()]method=DATA_GET, extras=Bundle[mParcelledData.dataSize=60]
01-12 05:08:00.350 D/SystemUIProvider(  929): [SystemUIProvider.java:460:get()]1
01-12 05:08:00.350 D/SystemUIProvider(  929): [SystemUIProvider.java:115:call()]retValue = Bundle[{_return=1}]
01-12 05:08:00.360 D/SystemUIDB( 1678): [SystemUIDB.java:420:getString()]b=Bundle[mParcelledData.dataSize=40]
01-12 05:08:00.360 D/QuickSettingsButton( 1678): [QuickSettingsButton.java:211:setButtonStatus()]Button = QSlide ==> new status = 1, curStatus = 1
01-12 05:08:00.360 D/QuickSettingsHandler( 1678): [QuickSettingsHandler.java:178:getButtonContentDescription()]1, QSlide on
01-12 05:08:00.360 D/QuickSettingsHandler( 1678): [QuickSettingsHandler.java:158:setButtonStatus()]QSlide :QSlide on.
01-12 05:08:00.360 D/QuickSettingsButton( 1678): [QuickSettingsButton.java:332:onChanged()]Quiet mode, width= 109.0, buttonWidth - paddingWidth= 108.0, singleLine= false, isOverWidth= true
01-12 05:08:00.360 D/QuickSettingsButton( 1678): [QuickSettingsButton.java:211:setButtonStatus()]Button = Quiet mode ==> new status = 3, curStatus = 3
01-12 05:08:00.360 D/QuickSettingsHandler( 1678): [QuickSettingsHandler.java:178:getButtonContentDescription()]3, Quiet mode off
01-12 05:08:00.360 D/QuickSettingsHandler( 1678): [QuickSettingsHandler.java:158:setButtonStatus()]Quiet mode :Quiet mode off.
01-12 05:08:00.360 D/QuickSettingsButton( 1678): [QuickSettingsButton.java:332:onChanged()]Rotation, width= 80.0, buttonWidth - paddingWidth= 108.0, singleLine= true, isOverWidth= false
01-12 05:08:00.360 D/QuickSettingsButton( 1678): [QuickSettingsButton.java:211:setButtonStatus()]Button = Rotation ==> new status = 1, curStatus = 1
01-12 05:08:00.360 D/QuickSettingsHandler( 1678): [QuickSettingsHandler.java:178:getButtonContentDescription()]1, Rotation on
01-12 05:08:00.360 D/QuickSettingsHandler( 1678): [QuickSettingsHandler.java:158:setButtonStatus()]Rotation :Rotation on.
01-12 05:08:00.360 D/QuickSettingsButton( 1678): [QuickSettingsButton.java:332:onChanged()]Screen timeout, width= 143.0, buttonWidth - paddingWidth= 108.0, singleLine= false, isOverWidth= true
01-12 05:08:00.360 D/ScreenTimeoutHandler( 1678): [ScreenTimeoutHandler.java:145:configScreenTimeoutButton()]mEASPolicyEnable:false status:300000
01-12 05:08:00.360 D/QuickSettingsButton( 1678): [QuickSettingsButton.java:211:setButtonStatus()]Button = Screen timeout ==> new status = 3, curStatus = 3
01-12 05:08:00.360 D/ScreenTimeoutHandler( 1678): [ScreenTimeoutHandler.java:247:getButtonContentDescription()]3, Screen timeout 5 minutes
01-12 05:08:00.360 D/QuickSettingsHandler( 1678): [QuickSettingsHandler.java:158:setButtonStatus()]Screen timeout :Screen timeout 5 minutes.
01-12 05:08:00.360 D/QuickSettingsButton( 1678): [QuickSettingsButton.java:332:onChanged()]Vibrate, width= 67.0, buttonWidth - paddingWidth= 108.0, singleLine= true, isOverWidth= false
01-12 05:08:00.360 D/QuickSettingsButton( 1678): [QuickSettingsButton.java:211:setButtonStatus()]Button = Vibrate ==> new status = 1, curStatus = 1
01-12 05:08:00.360 D/SoundHandler( 1678): [SoundHandler.java:149:getButtonContentDescription()]1, Vibrate
01-12 05:08:00.360 D/QuickSettingsHandler( 1678): [QuickSettingsHandler.java:158:setButtonStatus()]Vibrate :Vibrate.
01-12 05:08:00.360 D/QuickSettingsButton( 1678): [QuickSettingsButton.java:332:onChanged()]Sync, width= 47.0, buttonWidth - paddingWidth= 108.0, singleLine= true, isOverWidth= false
01-12 05:08:00.370 D/QuickSettingsButton( 1678): [QuickSettingsButton.java:211:setButtonStatus()]Button = Sync ==> new status = 1, curStatus = 1
01-12 05:08:00.370 D/QuickSettingsHandler( 1678): [QuickSettingsHandler.java:178:getButtonContentDescription()]1, Sync on
01-12 05:08:00.370 D/QuickSettingsHandler( 1678): [QuickSettingsHandler.java:158:setButtonStatus()]Sync :Sync on.
01-12 05:08:00.370 D/QuickSettingsButton( 1678): [QuickSettingsButton.java:332:onChanged()]Wi-Fi, width= 52.0, buttonWidth - paddingWidth= 108.0, singleLine= true, isOverWidth= false
01-12 05:08:00.370 D/QuickSettingsButton( 1678): [QuickSettingsButton.java:211:setButtonStatus()]Button = Wi-Fi ==> new status = 3, curStatus = 3
01-12 05:08:00.370 D/QuickSettingsHandler( 1678): [QuickSettingsHandler.java:178:getButtonContentDescription()]3, Wi-Fi off
01-12 05:08:00.370 D/QuickSettingsHandler( 1678): [QuickSettingsHandler.java:158:setButtonStatus()]Wi-Fi :Wi-Fi off.
01-12 05:08:00.370 D/QuickSettingsButton( 1678): [QuickSettingsButton.java:332:onChanged()]Wireless storage, width= 158.0, buttonWidth - paddingWidth= 108.0, singleLine= false, isOverWidth= true
01-12 05:08:00.370 D/QuickSettingsButton( 1678): [QuickSettingsButton.java:211:setButtonStatus()]Button = Wireless storage ==> new status = 3, curStatus = 3
01-12 05:08:00.370 D/QuickSettingsHandler( 1678): [QuickSettingsHandler.java:178:getButtonContentDescription()]3, Wireless storage off
01-12 05:08:00.370 D/QuickSettingsHandler( 1678): [QuickSettingsHandler.java:158:setButtonStatus()]Wireless storage :Wireless storage off.
01-12 05:08:00.370 I/Choreographer( 1678): Skipped 31 frames!  The application may be doing too much work on its main thread.
01-12 05:08:00.380 D/QuickSettingsButton( 1678): [QuickSettingsButton.java:332:onChanged()]Vibrate, width= 67.0, buttonWidth - paddingWidth= 108.0, singleLine= true, isOverWidth= false
01-12 05:08:00.380 D/QuickSettingsButton( 1678): [QuickSettingsButton.java:211:setButtonStatus()]Button = Vibrate ==> new status = 1, curStatus = 1
01-12 05:08:00.380 D/SoundHandler( 1678): [SoundHandler.java:149:getButtonContentDescription()]1, Vibrate
01-12 05:08:00.380 D/QuickSettingsHandler( 1678): [QuickSettingsHandler.java:158:setButtonStatus()]Vibrate :Vibrate.
01-12 05:08:00.380 D/DataHandler( 1678): [DataHandler.java:584:getStatusText()]getStatusText [label]Data
01-12 05:08:00.380 D/QuickSettingsButton( 1678): [QuickSettingsButton.java:211:setButtonStatus()]Button = Data ==> new status = 5, curStatus = 5
01-12 05:08:00.380 D/QuickSettingsHandler( 1678): [QuickSettingsHandler.java:178:getButtonContentDescription()]5, Data
01-12 05:08:00.380 D/QuickSettingsHandler( 1678): [QuickSettingsHandler.java:158:setButtonStatus()]Data :Data.
01-12 05:08:00.380 D/DataHandler( 1678): [DataHandler.java:140:onServiceStateChanged()]onServiceStateChanged()
01-12 05:08:00.380 D/DataHandler( 1678): [DataHandler.java:584:getStatusText()]getStatusText [label]Data
01-12 05:08:00.390 D/QuickSettingsButton( 1678): [QuickSettingsButton.java:332:onChanged()]Data, width= 43.0, buttonWidth - paddingWidth= 108.0, singleLine= true, isOverWidth= false
01-12 05:08:00.390 D/DataHandler( 1678): [DataHandler.java:584:getStatusText()]getStatusText [label]Data
01-12 05:08:00.390 D/QuickSettingsButton( 1678): [QuickSettingsButton.java:211:setButtonStatus()]Button = Data ==> new status = 5, curStatus = 5
01-12 05:08:00.390 D/QuickSettingsHandler( 1678): [QuickSettingsHandler.java:178:getButtonContentDescription()]5, Data
01-12 05:08:00.390 D/QuickSettingsHandler( 1678): [QuickSettingsHandler.java:158:setButtonStatus()]Data :Data.
01-12 05:08:00.390 D/QuickSettingsButton( 1678): [QuickSettingsButton.java:332:onChanged()]Miracast, width= 82.0, buttonWidth - paddingWidth= 108.0, singleLine= true, isOverWidth= false
01-12 05:08:00.390 D/QuickSettingsButton( 1678): [QuickSettingsButton.java:211:setButtonStatus()]Button = Miracast ==> new status = 3, curStatus = 3
01-12 05:08:00.390 D/QuickSettingsHandler( 1678): [QuickSettingsHandler.java:178:getButtonContentDescription()]3, Miracast off
01-12 05:08:00.390 D/QuickSettingsHandler( 1678): [QuickSettingsHandler.java:158:setButtonStatus()]Miracast :Miracast off.
01-12 05:08:00.390 I/StatusBarLinearLayout( 1678): [StatusBarLinearLayout.java:55:onLayout()]================================
01-12 05:08:00.390 I/StatusBarLinearLayout( 1678): [StatusBarLinearLayout.java:68:onLayout()]child = android.widget.LinearLayout{42420728 V.E..... ........ 9,0-323,38 #7f09007a app:id/notification_icon_area} ,w = 314
01-12 05:08:00.390 I/StatusBarLinearLayout( 1678): [StatusBarLinearLayout.java:68:onLayout()]child = android.widget.LinearLayout{42423f80 V.E..... ........ 323,0-359,38 #7f09007d app:id/statusIcons} ,w = 36
01-12 05:08:00.390 I/StatusBarLinearLayout( 1678): [StatusBarLinearLayout.java:68:onLayout()]child = android.widget.LinearLayout{42424898 V.E..... ......ID 359,0-531,38 #7f09007e app:id/system_icon_area} ,w = 172
01-12 05:08:00.390 I/StatusBarLinearLayout( 1678): [StatusBarLinearLayout.java:74:onLayout()]nTotalWidth = 522, r = 540
01-12 05:08:00.390 I/StatusBarLinearLayout( 1678): [StatusBarLinearLayout.java:77:onLayout()]sum = 522, mIconSize = 36
01-12 05:08:00.400 I/StatusBarLinearLayout( 1678): [StatusBarLinearLayout.java:78:onLayout()]Notification 314==> 314
01-12 05:08:00.400 I/StatusBarLinearLayout( 1678): [StatusBarLinearLayout.java:82:onLayout()]-----------------------
01-12 05:08:00.400 I/StatusBarLinearLayout( 1678): [StatusBarLinearLayout.java:123:onLayout()]child = android.widget.LinearLayout{4241c690 G.E..... ......ID 9,0-9,38 #7f090078 app:id/operator_layout} ,w = 0
01-12 05:08:00.400 I/StatusBarLinearLayout( 1678): [StatusBarLinearLayout.java:123:onLayout()]child = android.widget.LinearLayout{42420728 V.E..... ........ 9,0-323,38 #7f09007a app:id/notification_icon_area} ,w = 314
01-12 05:08:00.400 I/StatusBarLinearLayout( 1678): [StatusBarLinearLayout.java:123:onLayout()]child = android.widget.LinearLayout{42423f80 V.E..... ........ 323,0-359,38 #7f09007d app:id/statusIcons} ,w = 36
01-12 05:08:00.400 I/StatusBarLinearLayout( 1678): [StatusBarLinearLayout.java:123:onLayout()]child = android.widget.LinearLayout{42424898 V.E..... ......ID 359,0-531,38 #7f09007e app:id/system_icon_area} ,w = 172
01-12 05:08:00.400 I/StatusBarLinearLayout( 1678): [StatusBarLinearLayout.java:128:onLayout()]sum = 522
01-12 05:08:01.070 D/QuickSettingsButton( 1678): [QuickSettingsButton.java:332:onChanged()]NFC, width= 40.0, buttonWidth - paddingWidth= 108.0, singleLine= true, isOverWidth= false
01-12 05:08:01.080 D/NFCHelper( 1678): [NFCHelper.java:127:getDefaultAdapter()]NFC service manager is not ready.
01-12 05:08:01.080 D/NFCHelper( 1678): [NFCHelper.java:131:getDefaultAdapter()]getDefaultAdapter(), NFCAdapter cann't be initialized.
01-12 05:08:01.080 D/NFCHelper( 1678): [NFCHelper.java:115:getStatus()]Unknown state, return OFF
01-12 05:08:01.080 D/QuickSettingsButton( 1678): [QuickSettingsButton.java:211:setButtonStatus()]Button = NFC ==> new status = 5, curStatus = 5
01-12 05:08:01.080 D/NFCHandler( 1678): [NFCHandler.java:273:getButtonContentDescription()]5, NFC off
01-12 05:08:01.080 D/QuickSettingsHandler( 1678): [QuickSettingsHandler.java:158:setButtonStatus()]NFC :NFC off.
01-12 05:08:02.060 D/dalvikvm(  929): GC_EXPLICIT freed 1262K, 31% free 25159K/36396K, paused 5ms+12ms, total 197ms
01-12 05:08:05.370 I/battery_level(  929): [64,4047,343]
01-12 05:08:05.380 D/KeyguardUpdateMonitor(  929): handleBatteryUpdate (2) (64)
01-12 05:08:05.380 D/DockTangibleController( 1800): ACTION_BATTERY_CHANGED : 2
01-12 05:08:05.390 D/StatusBar.BatteryController( 1678): [BatteryController.java:126:onReceive()]level = 64 status = 2 isPlugged = true isCharging = true isFullCharged = false
01-12 05:08:05.390 I/LGPowerUI( 1678): [LGPowerUI.java:611:batteryThermNotification()]batteryThermNotification temperature : 343 isPlugged : true isCharging : true
01-12 05:08:05.390 I/LGPowerUI( 1678): [LGPowerUI.java:621:batteryThermNotification()]StopCharging degree: 550
01-12 05:08:05.390 D/PowerUI ( 1678): [PowerUI.java:231:onReceive()]chargingCurrent 0 --> 0
01-12 05:08:05.390 D/LGPowerUI( 1678): [LGPowerUI.java:953:handleMessage()]MSG_BATTERY_STATUS_THERM_DISMISS
01-12 05:08:08.590 D/RILJ    ( 1775): [1773]> SIGNAL_STRENGTH [SUB1]
01-12 05:08:08.600 D/RILC    (  386): RIL onRequestComplete: Command channel closed
01-12 05:08:08.600 D/RILJ    ( 1775): [1773]< SIGNAL_STRENGTH SignalStrength: 0 0 0 0 0 0 0 0 0 0 0 0 0 cdma 0 [SUB1]
01-12 05:08:08.620 W/CellInfoLte( 1775): getCellIdentity: LteCellIdentitiy:android.telephony.CellIdentityLte@7fffff65 mMcc=2147483647 mMnc=2147483647 mCi=2147483647 mPci=2147483647 mTac=2147483647
01-12 05:08:08.620 W/CellInfoLte( 1775): writeToParcel(Parcel, int): CellInfoLte: mRegistered=NO mTimeStampType=unknown mTimeStamp=9223372036854775807ns, LteCellIdentitiy:android.telephony.CellIdentityLte@7fffff65 mMcc=2147483647 mMnc=2147483647 mCi=2147483647 mPci=2147483647 mTac=2147483647, CellSignalStrengthLte: ss=2147483647 rsrp=2147483647 rsrq=2147483647 rssnr=2147483647 cqi=2147483647 ta=2147483647
01-12 05:08:08.620 W/CellInfoLte(  929): CellInfoLte(Parcel): CellInfoLte: mRegistered=NO mTimeStampType=unknown mTimeStamp=9223372036854775807ns, LteCellIdentitiy:android.telephony.CellIdentityLte@7fffff65 mMcc=2147483647 mMnc=2147483647 mCi=2147483647 mPci=2147483647 mTac=2147483647, CellSignalStrengthLte: ss=2147483647 rsrp=2147483647 rsrq=2147483647 rssnr=2147483647 cqi=2147483647 ta=2147483647
01-12 05:08:08.630 W/CellInfoLte( 1775): writeToParcel(Parcel, int): CellInfoLte: mRegistered=NO mTimeStampType=unknown mTimeStamp=9223372036854775807ns, LteCellIdentitiy:android.telephony.CellIdentityLte@7fffff65 mMcc=2147483647 mMnc=2147483647 mCi=2147483647 mPci=2147483647 mTac=2147483647, CellSignalStrengthLte: ss=2147483647 rsrp=2147483647 rsrq=2147483647 rssnr=2147483647 cqi=2147483647 ta=2147483647
01-12 05:08:08.630 W/CellInfoLte(  929): CellInfoLte(Parcel): CellInfoLte: mRegistered=NO mTimeStampType=unknown mTimeStamp=9223372036854775807ns, LteCellIdentitiy:android.telephony.CellIdentityLte@7fffff65 mMcc=2147483647 mMnc=2147483647 mCi=2147483647 mPci=2147483647 mTac=2147483647, CellSignalStrengthLte: ss=2147483647 rsrp=2147483647 rsrq=2147483647 rssnr=2147483647 cqi=2147483647 ta=2147483647
01-12 05:08:08.630 W/CellInfoLte(  929): writeToParcel(Parcel, int): CellInfoLte: mRegistered=NO mTimeStampType=unknown mTimeStamp=9223372036854775807ns, LteCellIdentitiy:android.telephony.CellIdentityLte@7fffff65 mMcc=2147483647 mMnc=2147483647 mCi=2147483647 mPci=2147483647 mTac=2147483647, CellSignalStrengthLte: ss=2147483647 rsrp=2147483647 rsrq=2147483647 rssnr=2147483647 cqi=2147483647 ta=2147483647
01-12 05:08:08.630 W/CellInfoLte( 1963): CellInfoLte(Parcel): CellInfoLte: mRegistered=NO mTimeStampType=unknown mTimeStamp=9223372036854775807ns, LteCellIdentitiy:android.telephony.CellIdentityLte@7fffff65 mMcc=2147483647 mMnc=2147483647 mCi=2147483647 mPci=2147483647 mTac=2147483647, CellSignalStrengthLte: ss=2147483647 rsrp=2147483647 rsrq=2147483647 rssnr=2147483647 cqi=2147483647 ta=2147483647
01-12 05:08:08.630 D/StatusBar.MSimNetworkController( 1678): isSimInserted(0), SimInserted=false
01-12 05:08:08.640 W/CellInfoLte(  929): writeToParcel(Parcel, int): CellInfoLte: mRegistered=NO mTimeStampType=unknown mTimeStamp=9223372036854775807ns, LteCellIdentitiy:android.telephony.CellIdentityLte@7fffff65 mMcc=2147483647 mMnc=2147483647 mCi=2147483647 mPci=2147483647 mTac=2147483647, CellSignalStrengthLte: ss=2147483647 rsrp=2147483647 rsrq=2147483647 rssnr=2147483647 cqi=2147483647 ta=2147483647
01-12 05:08:08.640 W/CellInfoLte(27489): CellInfoLte(Parcel): CellInfoLte: mRegistered=NO mTimeStampType=unknown mTimeStamp=9223372036854775807ns, LteCellIdentitiy:android.telephony.CellIdentityLte@7fffff65 mMcc=2147483647 mMnc=2147483647 mCi=2147483647 mPci=2147483647 mTac=2147483647, CellSignalStrengthLte: ss=2147483647 rsrp=2147483647 rsrq=2147483647 rssnr=2147483647 cqi=2147483647 ta=2147483647
01-12 05:08:08.640 D/PhoneInterfaceManager( 1775): [PhoneIntfMgr] sigLevel = 0
01-12 05:08:08.640 D/StatusBar.MSimNetworkController( 1678): isSimInserted(0), SimInserted=false
01-12 05:08:08.650 D/LGPhoneStatusBarPolicy( 1678): [LGPhoneStatusBarPolicy.java:109:onReceive()]ACTION_SIGNAL_STRENGTH_CHANGED!!!
01-12 05:08:08.650 D/LGPhoneStatusBarPolicy( 1678): [LGPhoneStatusBarPolicy.java:109:onReceive()]ACTION_SIGNAL_STRENGTH_CHANGED!!!
01-12 05:08:08.650 I/StatusBarLinearLayout( 1678): [StatusBarLinearLayout.java:55:onLayout()]================================
01-12 05:08:08.650 I/StatusBarLinearLayout( 1678): [StatusBarLinearLayout.java:68:onLayout()]child = android.widget.LinearLayout{42420728 V.E..... ........ 9,0-323,38 #7f09007a app:id/notification_icon_area} ,w = 314
01-12 05:08:08.650 I/StatusBarLinearLayout( 1678): [StatusBarLinearLayout.java:68:onLayout()]child = android.widget.LinearLayout{42423f80 V.E..... ........ 323,0-359,38 #7f09007d app:id/statusIcons} ,w = 36
01-12 05:08:08.650 I/StatusBarLinearLayout( 1678): [StatusBarLinearLayout.java:68:onLayout()]child = android.widget.LinearLayout{42424898 V.E..... ......ID 359,0-531,38 #7f09007e app:id/system_icon_area} ,w = 172
01-12 05:08:08.650 I/StatusBarLinearLayout( 1678): [StatusBarLinearLayout.java:74:onLayout()]nTotalWidth = 522, r = 540
01-12 05:08:08.650 D/StatusBar.MSimNetworkController( 1678): isSimInserted(0), SimInserted=false
01-12 05:08:08.650 D/StatusBar.MSimNetworkController( 1678): isSimInserted(0), SimInserted=false
01-12 05:08:08.660 I/StatusBarLinearLayout( 1678): [StatusBarLinearLayout.java:77:onLayout()]sum = 522, mIconSize = 36
01-12 05:08:08.660 I/StatusBarLinearLayout( 1678): [StatusBarLinearLayout.java:78:onLayout()]Notification 314==> 314
01-12 05:08:08.660 I/StatusBarLinearLayout( 1678): [StatusBarLinearLayout.java:82:onLayout()]-----------------------
01-12 05:08:08.660 I/StatusBarLinearLayout( 1678): [StatusBarLinearLayout.java:123:onLayout()]child = android.widget.LinearLayout{4241c690 G.E..... ......ID 9,0-9,38 #7f090078 app:id/operator_layout} ,w = 0
01-12 05:08:08.660 I/StatusBarLinearLayout( 1678): [StatusBarLinearLayout.java:123:onLayout()]child = android.widget.LinearLayout{42420728 V.E..... ........ 9,0-323,38 #7f09007a app:id/notification_icon_area} ,w = 314
01-12 05:08:08.660 I/StatusBarLinearLayout( 1678): [StatusBarLinearLayout.java:123:onLayout()]child = android.widget.LinearLayout{42423f80 V.E..... ........ 323,0-359,38 #7f09007d app:id/statusIcons} ,w = 36
01-12 05:08:08.660 I/StatusBarLinearLayout( 1678): [StatusBarLinearLayout.java:123:onLayout()]child = android.widget.LinearLayout{42424898 V.E..... ......ID 359,0-531,38 #7f09007e app:id/system_icon_area} ,w = 172
01-12 05:08:08.660 I/StatusBarLinearLayout( 1678): [StatusBarLinearLayout.java:128:onLayout()]sum = 522
