01-02 02:29:22.959: D/StatusBar.MSimNetworkController(1016): isSimInserted(0), SimInserted=false
01-02 02:29:23.029: D/StatusBar.MSimNetworkController(1016): isSimInserted(0), SimInserted=false
01-02 02:29:23.029: D/StatusBar.MSimNetworkController(1016): isSimInserted(0), SimInserted=false
01-02 02:29:23.179: D/LGPhoneStatusBarPolicy(1016): [LGPhoneStatusBarPolicy.java:109:onReceive()]ACTION_SIGNAL_STRENGTH_CHANGED!!!
01-02 02:29:23.179: D/LGPhoneStatusBarPolicy(1016): [LGPhoneStatusBarPolicy.java:109:onReceive()]ACTION_SIGNAL_STRENGTH_CHANGED!!!
01-02 02:29:23.379: I/StatusBarLinearLayout(1016): [StatusBarLinearLayout.java:55:onLayout()]================================
01-02 02:29:23.379: I/StatusBarLinearLayout(1016): [StatusBarLinearLayout.java:68:onLayout()]child = android.widget.LinearLayout{4198a998 V.E..... ........ 9,0-359,38 #7f09007a app:id/notification_icon_area} ,w = 350
01-02 02:29:23.379: I/StatusBarLinearLayout(1016): [StatusBarLinearLayout.java:68:onLayout()]child = android.widget.LinearLayout{4198e1f0 V.E..... ........ 359,0-359,38 #7f09007d app:id/statusIcons} ,w = 0
01-02 02:29:23.379: I/StatusBarLinearLayout(1016): [StatusBarLinearLayout.java:68:onLayout()]child = android.widget.LinearLayout{4198eb08 V.E..... ......ID 359,0-531,38 #7f09007e app:id/system_icon_area} ,w = 172
01-02 02:29:23.379: I/StatusBarLinearLayout(1016): [StatusBarLinearLayout.java:74:onLayout()]nTotalWidth = 522, r = 540
01-02 02:29:23.389: I/StatusBarLinearLayout(1016): [StatusBarLinearLayout.java:77:onLayout()]sum = 522, mIconSize = 36
01-02 02:29:23.389: I/StatusBarLinearLayout(1016): [StatusBarLinearLayout.java:78:onLayout()]Notification 350==> 350
01-02 02:29:23.389: I/StatusBarLinearLayout(1016): [StatusBarLinearLayout.java:82:onLayout()]-----------------------
01-02 02:29:23.389: I/StatusBarLinearLayout(1016): [StatusBarLinearLayout.java:123:onLayout()]child = android.widget.LinearLayout{41986900 G.E..... ......I. 9,0-9,38 #7f090078 app:id/operator_layout} ,w = 0
01-02 02:29:23.389: I/StatusBarLinearLayout(1016): [StatusBarLinearLayout.java:123:onLayout()]child = android.widget.LinearLayout{4198a998 V.E..... ........ 9,0-359,38 #7f09007a app:id/notification_icon_area} ,w = 350
01-02 02:29:23.389: I/StatusBarLinearLayout(1016): [StatusBarLinearLayout.java:123:onLayout()]child = android.widget.LinearLayout{4198e1f0 V.E..... ........ 359,0-359,38 #7f09007d app:id/statusIcons} ,w = 0
01-02 02:29:23.389: I/StatusBarLinearLayout(1016): [StatusBarLinearLayout.java:123:onLayout()]child = android.widget.LinearLayout{4198eb08 V.E..... ......ID 359,0-531,38 #7f09007e app:id/system_icon_area} ,w = 172
01-02 02:29:23.389: I/StatusBarLinearLayout(1016): [StatusBarLinearLayout.java:128:onLayout()]sum = 522
01-02 02:29:30.969: D/StatusBar.BatteryController(1016): [BatteryController.java:126:onReceive()]level = 83 status = 2 isPlugged = true isCharging = true isFullCharged = false
01-02 02:29:30.969: D/KeyguardUpdateMonitor(796): handleBatteryUpdate (0) (83)
01-02 02:29:30.979: W/Settings(796): Setting stay_on_while_plugged_in has moved from android.provider.Settings.System to android.provider.Settings.Global, returning read-only value.
01-02 02:29:30.979: W/Settings(796): Setting wifi_sleep_policy has moved from android.provider.Settings.System to android.provider.Settings.Global, returning read-only value.
01-02 02:29:30.979: D/WifiService(796): ACTION_BATTERY_CHANGED pluggedType: 0
01-02 02:29:31.029: I/LGPowerUI(1016): [LGPowerUI.java:611:batteryThermNotification()]batteryThermNotification temperature : 325 isPlugged : false isCharging : true
01-02 02:29:31.029: I/LGPowerUI(1016): [LGPowerUI.java:621:batteryThermNotification()]StopCharging degree: 550
01-02 02:29:31.029: D/PowerUI(1016): [PowerUI.java:231:onReceive()]chargingCurrent 0 --> 0
01-02 02:29:31.029: D/LGPowerUI(1016): [LGPowerUI.java:953:handleMessage()]MSG_BATTERY_STATUS_THERM_DISMISS
01-02 02:29:31.029: D/DockTangibleController(1164): ACTION_BATTERY_CHANGED : 0
01-02 02:29:43.039: D/StatusBar.MSimNetworkController(1016): isSimInserted(0), SimInserted=false
01-02 02:29:43.039: D/StatusBar.MSimNetworkController(1016): isSimInserted(0), SimInserted=false
01-02 02:29:43.049: W/CellInfoLte(1145): getCellIdentity: LteCellIdentitiy:android.telephony.CellIdentityLte@7fffffa3 mMcc=0 mMnc=0 mCi=2147483647 mPci=2147483647 mTac=2147483647
01-02 02:29:43.049: W/CellInfoLte(1145): writeToParcel(Parcel, int): CellInfoLte: mRegistered=NO mTimeStampType=unknown mTimeStamp=9223372036854775807ns, LteCellIdentitiy:android.telephony.CellIdentityLte@7fffffa3 mMcc=0 mMnc=0 mCi=2147483647 mPci=2147483647 mTac=2147483647, CellSignalStrengthLte: ss=2147483647 rsrp=2147483647 rsrq=2147483647 rssnr=2147483647 cqi=2147483647 ta=2147483647
01-02 02:29:43.049: W/CellInfoLte(796): CellInfoLte(Parcel): CellInfoLte: mRegistered=NO mTimeStampType=unknown mTimeStamp=9223372036854775807ns, LteCellIdentitiy:android.telephony.CellIdentityLte@7fffffa3 mMcc=0 mMnc=0 mCi=2147483647 mPci=2147483647 mTac=2147483647, CellSignalStrengthLte: ss=2147483647 rsrp=2147483647 rsrq=2147483647 rssnr=2147483647 cqi=2147483647 ta=2147483647
01-02 02:29:43.049: W/CellInfoLte(1145): writeToParcel(Parcel, int): CellInfoLte: mRegistered=NO mTimeStampType=unknown mTimeStamp=9223372036854775807ns, LteCellIdentitiy:android.telephony.CellIdentityLte@7fffffa3 mMcc=0 mMnc=0 mCi=2147483647 mPci=2147483647 mTac=2147483647, CellSignalStrengthLte: ss=2147483647 rsrp=2147483647 rsrq=2147483647 rssnr=2147483647 cqi=2147483647 ta=2147483647
01-02 02:29:43.049: W/CellInfoLte(796): CellInfoLte(Parcel): CellInfoLte: mRegistered=NO mTimeStampType=unknown mTimeStamp=9223372036854775807ns, LteCellIdentitiy:android.telephony.CellIdentityLte@7fffffa3 mMcc=0 mMnc=0 mCi=2147483647 mPci=2147483647 mTac=2147483647, CellSignalStrengthLte: ss=2147483647 rsrp=2147483647 rsrq=2147483647 rssnr=2147483647 cqi=2147483647 ta=2147483647
01-02 02:29:43.049: W/CellInfoLte(796): writeToParcel(Parcel, int): CellInfoLte: mRegistered=NO mTimeStampType=unknown mTimeStamp=9223372036854775807ns, LteCellIdentitiy:android.telephony.CellIdentityLte@7fffffa3 mMcc=0 mMnc=0 mCi=2147483647 mPci=2147483647 mTac=2147483647, CellSignalStrengthLte: ss=2147483647 rsrp=2147483647 rsrq=2147483647 rssnr=2147483647 cqi=2147483647 ta=2147483647
01-02 02:29:43.049: W/CellInfoLte(796): writeToParcel(Parcel, int): CellInfoLte: mRegistered=NO mTimeStampType=unknown mTimeStamp=9223372036854775807ns, LteCellIdentitiy:android.telephony.CellIdentityLte@7fffffa3 mMcc=0 mMnc=0 mCi=2147483647 mPci=2147483647 mTac=2147483647, CellSignalStrengthLte: ss=2147483647 rsrp=2147483647 rsrq=2147483647 rssnr=2147483647 cqi=2147483647 ta=2147483647
01-02 02:29:43.049: W/CellInfoLte(1256): CellInfoLte(Parcel): CellInfoLte: mRegistered=NO mTimeStampType=unknown mTimeStamp=9223372036854775807ns, LteCellIdentitiy:android.telephony.CellIdentityLte@7fffffa3 mMcc=0 mMnc=0 mCi=2147483647 mPci=2147483647 mTac=2147483647, CellSignalStrengthLte: ss=2147483647 rsrp=2147483647 rsrq=2147483647 rssnr=2147483647 cqi=2147483647 ta=2147483647
01-02 02:29:43.049: D/PhoneInterfaceManager(1145): [PhoneIntfMgr] sigLevel = 0
01-02 02:29:43.049: W/CellInfoLte(27948): CellInfoLte(Parcel): CellInfoLte: mRegistered=NO mTimeStampType=unknown mTimeStamp=9223372036854775807ns, LteCellIdentitiy:android.telephony.CellIdentityLte@7fffffa3 mMcc=0 mMnc=0 mCi=2147483647 mPci=2147483647 mTac=2147483647, CellSignalStrengthLte: ss=2147483647 rsrp=2147483647 rsrq=2147483647 rssnr=2147483647 cqi=2147483647 ta=2147483647
01-02 02:29:43.149: D/StatusBar.MSimNetworkController(1016): isSimInserted(0), SimInserted=false
01-02 02:29:43.149: D/LGPhoneStatusBarPolicy(1016): [LGPhoneStatusBarPolicy.java:109:onReceive()]ACTION_SIGNAL_STRENGTH_CHANGED!!!
01-02 02:29:43.149: D/LGPhoneStatusBarPolicy(1016): [LGPhoneStatusBarPolicy.java:109:onReceive()]ACTION_SIGNAL_STRENGTH_CHANGED!!!
01-02 02:29:43.149: D/StatusBar.MSimNetworkController(1016): isSimInserted(0), SimInserted=false
01-02 02:29:43.289: I/StatusBarLinearLayout(1016): [StatusBarLinearLayout.java:55:onLayout()]================================
01-02 02:29:43.289: I/StatusBarLinearLayout(1016): [StatusBarLinearLayout.java:68:onLayout()]child = android.widget.LinearLayout{4198a998 V.E..... ........ 9,0-359,38 #7f09007a app:id/notification_icon_area} ,w = 350
01-02 02:29:43.299: I/StatusBarLinearLayout(1016): [StatusBarLinearLayout.java:68:onLayout()]child = android.widget.LinearLayout{4198e1f0 V.E..... ........ 359,0-359,38 #7f09007d app:id/statusIcons} ,w = 0
01-02 02:29:43.299: I/StatusBarLinearLayout(1016): [StatusBarLinearLayout.java:68:onLayout()]child = android.widget.LinearLayout{4198eb08 V.E..... ......ID 359,0-531,38 #7f09007e app:id/system_icon_area} ,w = 172
01-02 02:29:43.299: I/StatusBarLinearLayout(1016): [StatusBarLinearLayout.java:74:onLayout()]nTotalWidth = 522, r = 540
01-02 02:29:43.299: I/StatusBarLinearLayout(1016): [StatusBarLinearLayout.java:77:onLayout()]sum = 522, mIconSize = 36
01-02 02:29:43.299: I/StatusBarLinearLayout(1016): [StatusBarLinearLayout.java:78:onLayout()]Notification 350==> 350
01-02 02:29:43.299: I/StatusBarLinearLayout(1016): [StatusBarLinearLayout.java:82:onLayout()]-----------------------
01-02 02:29:43.299: I/StatusBarLinearLayout(1016): [StatusBarLinearLayout.java:123:onLayout()]child = android.widget.LinearLayout{41986900 G.E..... ......I. 9,0-9,38 #7f090078 app:id/operator_layout} ,w = 0
01-02 02:29:43.299: I/StatusBarLinearLayout(1016): [StatusBarLinearLayout.java:123:onLayout()]child = android.widget.LinearLayout{4198a998 V.E..... ........ 9,0-359,38 #7f09007a app:id/notification_icon_area} ,w = 350
01-02 02:29:43.309: I/StatusBarLinearLayout(1016): [StatusBarLinearLayout.java:123:onLayout()]child = android.widget.LinearLayout{4198e1f0 V.E..... ........ 359,0-359,38 #7f09007d app:id/statusIcons} ,w = 0
01-02 02:29:43.309: I/StatusBarLinearLayout(1016): [StatusBarLinearLayout.java:123:onLayout()]child = android.widget.LinearLayout{4198eb08 V.E..... ......ID 359,0-531,38 #7f09007e app:id/system_icon_area} ,w = 172
01-02 02:29:43.309: I/StatusBarLinearLayout(1016): [StatusBarLinearLayout.java:128:onLayout()]sum = 522
01-02 02:29:46.719: I/ActivityManager(796): Start proc com.google.android.talk for service com.google.android.talk/com.google.android.apps.babel.realtimechat.RealTimeChatService$AlarmWrapperService: pid=31844 uid=10026 gids={50026, 3003, 1015, 1006, 3002, 1028}
01-02 02:29:48.299: W/Settings(31844): Setting airplane_mode_on has moved from android.provider.Settings.System to android.provider.Settings.Global, returning read-only value.
01-02 02:29:48.749: D/dalvikvm(1282): GC_EXPLICIT freed 136K, 57% free 6493K/14912K, paused 3ms+23ms, total 400ms
01-02 02:29:48.779: W/GCM(1282): DIR: /data/data/com.google.android.gms/app_APP /data/data/com.google.android.gsf
01-02 02:29:48.789: W/GCM(1282): DIR: /data/data/com.google.android.gms/app_APP /data/data/com.google.android.gsf
01-02 02:29:48.809: E/GCM(1282): Missing token, falling back to GSF
01-02 02:29:48.839: W/Bundle(1282): Key GOOG.USER_SERIAL expected String but value was a java.lang.Integer.  The default value <null> was returned.
01-02 02:29:48.849: W/Bundle(1282): Attempt to cast generated internal exception:
01-02 02:29:48.849: W/Bundle(1282): java.lang.ClassCastException: java.lang.Integer cannot be cast to java.lang.String
01-02 02:29:48.849: W/Bundle(1282): 	at android.os.Bundle.getString(Bundle.java:1069)
01-02 02:29:48.849: W/Bundle(1282): 	at com.google.android.gsf.gtalkservice.PushMessagingRegistrar.register(PushMessagingRegistrar.java:378)
01-02 02:29:48.849: W/Bundle(1282): 	at com.google.android.gsf.gtalkservice.PushMessagingRegistrar.onHandleIntent(PushMessagingRegistrar.java:827)
01-02 02:29:48.849: W/Bundle(1282): 	at android.app.IntentService$ServiceHandler.handleMessage(IntentService.java:65)
01-02 02:29:48.849: W/Bundle(1282): 	at android.os.Handler.dispatchMessage(Handler.java:99)
01-02 02:29:48.849: W/Bundle(1282): 	at android.os.Looper.loop(Looper.java:137)
01-02 02:29:48.849: W/Bundle(1282): 	at android.os.HandlerThread.run(HandlerThread.java:60)
01-02 02:29:48.899: I/Babel(31844): [GcmIntentService] gcm error: AUTHENTICATION_FAILED
01-02 02:29:48.919: W/GCM(1282): DIR: /data/data/com.google.android.gms/app_APP /data/data/com.google.android.gsf
01-02 02:29:48.929: W/GCM(1282): DIR: /data/data/com.google.android.gms/app_APP /data/data/com.google.android.gsf
01-02 02:29:48.939: E/GCM(1282): Missing token, falling back to GSF
01-02 02:29:48.959: W/Bundle(1282): Key GOOG.USER_SERIAL expected String but value was a java.lang.Integer.  The default value <null> was returned.
01-02 02:29:48.969: W/Bundle(1282): Attempt to cast generated internal exception:
01-02 02:29:48.969: W/Bundle(1282): java.lang.ClassCastException: java.lang.Integer cannot be cast to java.lang.String
01-02 02:29:48.969: W/Bundle(1282): 	at android.os.Bundle.getString(Bundle.java:1069)
01-02 02:29:48.969: W/Bundle(1282): 	at com.google.android.gsf.gtalkservice.PushMessagingRegistrar.register(PushMessagingRegistrar.java:378)
01-02 02:29:48.969: W/Bundle(1282): 	at com.google.android.gsf.gtalkservice.PushMessagingRegistrar.onHandleIntent(PushMessagingRegistrar.java:827)
01-02 02:29:48.969: W/Bundle(1282): 	at android.app.IntentService$ServiceHandler.handleMessage(IntentService.java:65)
01-02 02:29:48.969: W/Bundle(1282): 	at android.os.Handler.dispatchMessage(Handler.java:99)
01-02 02:29:48.969: W/Bundle(1282): 	at android.os.Looper.loop(Looper.java:137)
01-02 02:29:48.969: W/Bundle(1282): 	at android.os.HandlerThread.run(HandlerThread.java:60)
01-02 02:29:48.989: I/Babel(31844): [GcmIntentService] gcm error: AUTHENTICATION_FAILED
01-02 02:29:54.109: I/AnTuTuBenchmarkScore(31208): memory : 1692
01-02 02:29:54.109: I/AnTuTuBenchmarkScore(31208): integer : 3076
01-02 02:29:54.109: I/AnTuTuBenchmarkScore(31208): float : 3061
01-02 02:29:54.109: I/AnTuTuBenchmarkScore(31208): 2d : 1029
01-02 02:29:54.109: I/AnTuTuBenchmarkScore(31208): 3d : 4464
01-02 02:29:54.109: I/AnTuTuBenchmarkScore(31208): database : 550
01-02 02:29:54.109: I/AnTuTuBenchmarkScore(31208): sdwrite : 150
01-02 02:29:54.109: I/AnTuTuBenchmarkScore(31208): sdread : 191
01-02 02:29:54.109: I/AnTuTuBenchmarkScore(31208): score : 14213
01-02 02:29:54.169: D/dalvikvm(31208): GC_EXPLICIT freed 962K, 42% free 8768K/14912K, paused 3ms+4ms, total 75ms
