01-02 02:27:02.469: I/StatusBarLinearLayout(1016): [StatusBarLinearLayout.java:82:onLayout()]-----------------------
01-02 02:27:02.479: I/StatusBarLinearLayout(1016): [StatusBarLinearLayout.java:123:onLayout()]child = android.widget.LinearLayout{41986900 G.E..... ......I. 9,0-9,38 #7f090078 app:id/operator_layout} ,w = 0
01-02 02:27:02.479: I/StatusBarLinearLayout(1016): [StatusBarLinearLayout.java:123:onLayout()]child = android.widget.LinearLayout{4198a998 V.E..... ........ 9,0-359,38 #7f09007a app:id/notification_icon_area} ,w = 350
01-02 02:27:02.479: I/StatusBarLinearLayout(1016): [StatusBarLinearLayout.java:123:onLayout()]child = android.widget.LinearLayout{4198e1f0 V.E..... ........ 359,0-359,38 #7f09007d app:id/statusIcons} ,w = 0
01-02 02:27:02.479: I/StatusBarLinearLayout(1016): [StatusBarLinearLayout.java:123:onLayout()]child = android.widget.LinearLayout{4198eb08 V.E..... ......ID 359,0-531,38 #7f09007e app:id/system_icon_area} ,w = 172
01-02 02:27:02.489: I/StatusBarLinearLayout(1016): [StatusBarLinearLayout.java:128:onLayout()]sum = 522
01-02 02:27:13.569: D/KeyguardUpdateMonitor(796): Received SPN update on sub :0
01-02 02:27:13.569: D/KeyguardUpdateMonitor(796): handleCarrierInfoUpdate: plmn = Emergency calls only, spn = null, subscription = 0
01-02 02:27:13.569: D/OperatorTextView(1016): [OperatorTextView.java:96:onReceive()][ OperatorTextView ] intent action : android.provider.Telephony.SPN_STRINGS_UPDATED
01-02 02:27:13.569: D/OperatorTextView(1016): [OperatorTextView.java:142:updateNetworkName()]updateNetworkName : plmn [ Emergency calls only ],  networkOperator [ null,00000 ],  simOperator [  ]
01-02 02:27:13.569: D/StatusBar.MSimNetworkController(1016): [MSimNetworkController.java:527:onReceive()]Received SPN update on sub : 0
01-02 02:27:13.569: V/TelephonyAutoProfiling(1145): [getValue] FEATURE key : vzw_roaming_state, value : null
01-02 02:27:13.569: V/TelephonyAutoProfiling(796): [getValue] FEATURE key : vzw_roaming_state, value : null
01-02 02:27:13.569: V/TelephonyAutoProfiling(796): [getValue] FEATURE key : vzw_roaming_state, value : null
01-02 02:27:13.569: V/TelephonyAutoProfiling(796): [getValue] FEATURE key : vzw_roaming_state, value : null
01-02 02:27:13.569: V/TelephonyAutoProfiling(796): [getValue] FEATURE key : vzw_roaming_state, value : null
01-02 02:27:13.569: D/LGPhoneStatusBar(1016): [LGPhoneStatusBar.java:212:onReceive()]SPN_STRINGS_UPDATED_ACTION
01-02 02:27:13.569: D/LGPhoneStatusBar(1016): [LGPhoneStatusBar.java:213:onReceive()]SPN_STRINGS_UPDATED_ACTION slotId  = 0
01-02 02:27:13.569: V/TelephonyAutoProfiling(1016): [getValue] FEATURE key : vzw_roaming_state, value : null
01-02 02:27:13.569: D/KeyguardModel(796): SIM Index : 0, IsEmergencyOnly : true, currentServiceState : 1
01-02 02:27:13.569: V/TelephonyAutoProfiling(796): [getValue] FEATURE key : vzw_roaming_state, value : null
01-02 02:27:13.569: V/TelephonyAutoProfiling(796): [getValue] FEATURE key : vzw_roaming_state, value : null
01-02 02:27:13.569: D/StatusBar.MSimNetworkController(1016): updateNetworkName(0), mNetworkName = Emergency calls only
01-02 02:27:13.569: D/StatusBar.MSimNetworkController(1016): isSimInserted(0), SimInserted=false
01-02 02:27:13.569: I/MSimTelephonyRegistry(796): notifyServiceState: 1 home   null null null  Unknown CSS not supported -1 -1 mDataState=1 RoamInd=-1 DefRoamInd=-1 EmergOnly=true
01-02 02:27:13.579: W/MultiSIM(1016): [MultiSIM.java:231:updateCarrierSimState()]Exception
01-02 02:27:13.579: D/MultiSIM(1016): [MultiSIM.java:235:updateCarrierSimState()]updateCarrierSimState subscription = 0
01-02 02:27:13.579: V/TelephonyAutoProfiling(1145): [getValue] FEATURE key : vzw_roaming_state, value : null
01-02 02:27:13.579: D/MultiSIM(1016): [MultiSIM.java:240:updateCarrierSimState()]updateCarrierSimState getPlmnEmergency calls only
01-02 02:27:13.579: D/MultiSIM(1016): [MultiSIM.java:267:updateCarrierSimState()]CarrierLabel updateCarrierSimState something true
01-02 02:27:13.579: V/TelephonyAutoProfiling(796): [getValue] FEATURE key : vzw_roaming_state, value : null
01-02 02:27:13.579: V/TelephonyAutoProfiling(29983): [getValue] FEATURE key : vzw_roaming_state, value : null
01-02 02:27:13.579: V/TelephonyAutoProfiling(1145): [getValue] FEATURE key : vzw_roaming_state, value : null
01-02 02:27:13.579: V/TelephonyAutoProfiling(796): [getValue] FEATURE key : vzw_roaming_state, value : null
01-02 02:27:13.579: V/TelephonyAutoProfiling(796): [getValue] FEATURE key : vzw_roaming_state, value : null
01-02 02:27:13.579: V/TelephonyAutoProfiling(796): [getValue] FEATURE key : vzw_roaming_state, value : null
01-02 02:27:13.579: V/TelephonyAutoProfiling(796): [getValue] FEATURE key : vzw_roaming_state, value : null
01-02 02:27:13.579: V/TelephonyAutoProfiling(1016): [getValue] FEATURE key : vzw_roaming_state, value : null
01-02 02:27:13.579: V/TelephonyAutoProfiling(796): [getValue] FEATURE key : vzw_roaming_state, value : null
01-02 02:27:13.579: V/TelephonyAutoProfiling(796): [getValue] FEATURE key : vzw_roaming_state, value : null
01-02 02:27:13.579: V/TelephonyAutoProfiling(1016): [getValue] FEATURE key : vzw_roaming_state, value : null
01-02 02:27:13.589: V/TelephonyAutoProfiling(796): [getValue] FEATURE key : vzw_roaming_state, value : null
01-02 02:27:13.589: V/TelephonyAutoProfiling(796): [getValue] FEATURE key : vzw_roaming_state, value : null
01-02 02:27:13.589: V/TelephonyAutoProfiling(1016): [getValue] FEATURE key : vzw_roaming_state, value : null
01-02 02:27:13.589: V/TelephonyAutoProfiling(796): [getValue] FEATURE key : vzw_roaming_state, value : null
01-02 02:27:13.589: V/TelephonyAutoProfiling(796): [getValue] FEATURE key : vzw_roaming_state, value : null
01-02 02:27:13.589: V/TelephonyAutoProfiling(1016): [getValue] FEATURE key : vzw_roaming_state, value : null
01-02 02:27:13.589: D/MultiSIM(1016): [MultiSIM.java:429:needSimInfoUpdate()]CarrierLabel needSimInfoUpdate retValue = true
01-02 02:27:13.589: V/TelephonyAutoProfiling(796): [getValue] FEATURE key : vzw_roaming_state, value : null
01-02 02:27:13.589: D/MultiSIM(1016): [MultiSIM.java:270:updateCarrierSimState()]CarrierLabel_SIM updateCarrierSimState getSimInfoStringnull
01-02 02:27:13.589: V/TelephonyAutoProfiling(29983): [getValue] FEATURE key : vzw_roaming_state, value : null
01-02 02:27:13.639: W/CellInfoLte(1145): getCellIdentity: LteCellIdentitiy:android.telephony.CellIdentityLte@7fffff65 mMcc=2147483647 mMnc=2147483647 mCi=2147483647 mPci=2147483647 mTac=2147483647
01-02 02:27:13.639: W/CellInfoLte(1145): writeToParcel(Parcel, int): CellInfoLte: mRegistered=NO mTimeStampType=unknown mTimeStamp=9223372036854775807ns, LteCellIdentitiy:android.telephony.CellIdentityLte@7fffff65 mMcc=2147483647 mMnc=2147483647 mCi=2147483647 mPci=2147483647 mTac=2147483647, CellSignalStrengthLte: ss=2147483647 rsrp=2147483647 rsrq=2147483647 rssnr=2147483647 cqi=2147483647 ta=2147483647
01-02 02:27:13.639: D/MultiSIM(1016): [MultiSIM.java:280:updateCarrierSimState()]CarrierLabel_SIM updateCarrierSimState View.GONE
01-02 02:27:13.639: W/CellInfoLte(796): CellInfoLte(Parcel): CellInfoLte: mRegistered=NO mTimeStampType=unknown mTimeStamp=9223372036854775807ns, LteCellIdentitiy:android.telephony.CellIdentityLte@7fffff65 mMcc=2147483647 mMnc=2147483647 mCi=2147483647 mPci=2147483647 mTac=2147483647, CellSignalStrengthLte: ss=2147483647 rsrp=2147483647 rsrq=2147483647 rssnr=2147483647 cqi=2147483647 ta=2147483647
01-02 02:27:13.639: W/CellInfoLte(1145): writeToParcel(Parcel, int): CellInfoLte: mRegistered=NO mTimeStampType=unknown mTimeStamp=9223372036854775807ns, LteCellIdentitiy:android.telephony.CellIdentityLte@7fffff65 mMcc=2147483647 mMnc=2147483647 mCi=2147483647 mPci=2147483647 mTac=2147483647, CellSignalStrengthLte: ss=2147483647 rsrp=2147483647 rsrq=2147483647 rssnr=2147483647 cqi=2147483647 ta=2147483647
01-02 02:27:13.639: W/CellInfoLte(796): CellInfoLte(Parcel): CellInfoLte: mRegistered=NO mTimeStampType=unknown mTimeStamp=9223372036854775807ns, LteCellIdentitiy:android.telephony.CellIdentityLte@7fffff65 mMcc=2147483647 mMnc=2147483647 mCi=2147483647 mPci=2147483647 mTac=2147483647, CellSignalStrengthLte: ss=2147483647 rsrp=2147483647 rsrq=2147483647 rssnr=2147483647 cqi=2147483647 ta=2147483647
01-02 02:27:13.639: I/StatusBarLinearLayout(1016): [StatusBarLinearLayout.java:55:onLayout()]================================
01-02 02:27:13.639: I/StatusBarLinearLayout(1016): [StatusBarLinearLayout.java:68:onLayout()]child = android.widget.LinearLayout{4198a998 V.E..... ........ 9,0-359,38 #7f09007a app:id/notification_icon_area} ,w = 350
01-02 02:27:13.639: W/CellInfoLte(796): writeToParcel(Parcel, int): CellInfoLte: mRegistered=NO mTimeStampType=unknown mTimeStamp=9223372036854775807ns, LteCellIdentitiy:android.telephony.CellIdentityLte@7fffff65 mMcc=2147483647 mMnc=2147483647 mCi=2147483647 mPci=2147483647 mTac=2147483647, CellSignalStrengthLte: ss=2147483647 rsrp=2147483647 rsrq=2147483647 rssnr=2147483647 cqi=2147483647 ta=2147483647
01-02 02:27:13.639: I/StatusBarLinearLayout(1016): [StatusBarLinearLayout.java:68:onLayout()]child = android.widget.LinearLayout{4198e1f0 V.E..... ........ 359,0-359,38 #7f09007d app:id/statusIcons} ,w = 0
01-02 02:27:13.639: I/StatusBarLinearLayout(1016): [StatusBarLinearLayout.java:68:onLayout()]child = android.widget.LinearLayout{4198eb08 V.E..... ........ 359,0-531,38 #7f09007e app:id/system_icon_area} ,w = 172
01-02 02:27:13.649: I/StatusBarLinearLayout(1016): [StatusBarLinearLayout.java:74:onLayout()]nTotalWidth = 522, r = 540
01-02 02:27:13.649: I/StatusBarLinearLayout(1016): [StatusBarLinearLayout.java:77:onLayout()]sum = 522, mIconSize = 36
01-02 02:27:13.649: I/StatusBarLinearLayout(1016): [StatusBarLinearLayout.java:78:onLayout()]Notification 350==> 350
01-02 02:27:13.649: I/StatusBarLinearLayout(1016): [StatusBarLinearLayout.java:82:onLayout()]-----------------------
01-02 02:27:13.659: I/StatusBarLinearLayout(1016): [StatusBarLinearLayout.java:123:onLayout()]child = android.widget.LinearLayout{41986900 G.E..... ......I. 9,0-9,38 #7f090078 app:id/operator_layout} ,w = 0
01-02 02:27:13.659: I/StatusBarLinearLayout(1016): [StatusBarLinearLayout.java:123:onLayout()]child = android.widget.LinearLayout{4198a998 V.E..... ........ 9,0-359,38 #7f09007a app:id/notification_icon_area} ,w = 350
01-02 02:27:13.659: I/StatusBarLinearLayout(1016): [StatusBarLinearLayout.java:123:onLayout()]child = android.widget.LinearLayout{4198e1f0 V.E..... ........ 359,0-359,38 #7f09007d app:id/statusIcons} ,w = 0
01-02 02:27:13.659: I/StatusBarLinearLayout(1016): [StatusBarLinearLayout.java:123:onLayout()]child = android.widget.LinearLayout{4198eb08 V.E..... ........ 359,0-531,38 #7f09007e app:id/system_icon_area} ,w = 172
01-02 02:27:13.659: I/StatusBarLinearLayout(1016): [StatusBarLinearLayout.java:128:onLayout()]sum = 522
01-02 02:27:13.659: W/CellInfoLte(796): writeToParcel(Parcel, int): CellInfoLte: mRegistered=NO mTimeStampType=unknown mTimeStamp=9223372036854775807ns, LteCellIdentitiy:android.telephony.CellIdentityLte@7fffff65 mMcc=2147483647 mMnc=2147483647 mCi=2147483647 mPci=2147483647 mTac=2147483647, CellSignalStrengthLte: ss=2147483647 rsrp=2147483647 rsrq=2147483647 rssnr=2147483647 cqi=2147483647 ta=2147483647
01-02 02:27:13.659: W/CellInfoLte(1256): CellInfoLte(Parcel): CellInfoLte: mRegistered=NO mTimeStampType=unknown mTimeStamp=9223372036854775807ns, LteCellIdentitiy:android.telephony.CellIdentityLte@7fffff65 mMcc=2147483647 mMnc=2147483647 mCi=2147483647 mPci=2147483647 mTac=2147483647, CellSignalStrengthLte: ss=2147483647 rsrp=2147483647 rsrq=2147483647 rssnr=2147483647 cqi=2147483647 ta=2147483647
01-02 02:27:13.659: D/CallManager(1145):  handleMessage (EVENT_SERVICE_STATE_CHANGED)
01-02 02:27:13.659: V/MSimPhoneGlobals(1145): Action intent recieved:android.intent.action.SERVICE_STATE
01-02 02:27:13.659: W/CellInfoLte(27948): CellInfoLte(Parcel): CellInfoLte: mRegistered=NO mTimeStampType=unknown mTimeStamp=9223372036854775807ns, LteCellIdentitiy:android.telephony.CellIdentityLte@7fffff65 mMcc=2147483647 mMnc=2147483647 mCi=2147483647 mPci=2147483647 mTac=2147483647, CellSignalStrengthLte: ss=2147483647 rsrp=2147483647 rsrq=2147483647 rssnr=2147483647 cqi=2147483647 ta=2147483647
01-02 02:27:13.659: V/TelephonyAutoProfiling(1145): [getValue] FEATURE key : vzw_roaming_state, value : null
01-02 02:27:13.659: D/NotificationMgr(1145): updateNetworkSelection()...state = 1 new network 
01-02 02:27:13.659: D/NotificationMgr(1145): cancelNetworkSelection()...
01-02 02:27:13.659: V/MSimPhoneGlobals(1145): Action intent recieved:android.intent.action.SERVICE_STATE
01-02 02:27:13.659: V/TelephonyAutoProfiling(1145): [getValue] FEATURE key : vzw_roaming_state, value : null
01-02 02:27:13.659: D/NotificationMgr(1145): updateNetworkSelection()...state = 1 new network 
01-02 02:27:13.659: D/NotificationMgr(1145): cancelNetworkSelection()...
01-02 02:27:13.659: D/CallUIManager(1145): handlLCDStateForQuickCoverWindow
01-02 02:27:13.669: D/StatusBar.MSimNetworkController(1016): isSimInserted(0), SimInserted=false
01-02 02:27:13.739: V/SmsReceiverService(29983): onStart: #1 mResultCode: -1 = Activity.RESULT_OK
01-02 02:27:13.739: V/SmsReceiverService(29983): onStart: #2 mResultCode: -1 = Activity.RESULT_OK
01-02 02:27:13.789: D/StatusBar.MSimNetworkController(1016): isSimInserted(0), SimInserted=false
01-02 02:27:13.789: D/StatusBar.MSimNetworkController(1016): isSimInserted(0), SimInserted=false
01-02 02:27:13.839: D/StatusBar.MSimNetworkController(1016): updateDataNetType subscription =0tempDataNetType =0
01-02 02:27:13.839: D/StatusBar.MSimNetworkController(1016): updateDataIcon subscription = 0
01-02 02:27:13.839: D/StatusBar.MSimNetworkController(1016): updateDataIcon when mMSimDataConnected = false
01-02 02:27:13.839: D/LGPhoneStatusBarPolicy(1016): [LGPhoneStatusBarPolicy.java:101:onReceive()]ACTION_SERVICE_STATE_CHANGED!!!
01-02 02:27:13.839: D/OperatorTextView(1016): [OperatorTextView.java:142:updateNetworkName()]updateNetworkName : plmn [ Emergency calls only ],  networkOperator [ null,00000 ],  simOperator [  ]
01-02 02:27:13.839: D/DataHandler(1016): [DataHandler.java:140:onServiceStateChanged()]onServiceStateChanged()
01-02 02:27:13.839: D/DataHandler(1016): [DataHandler.java:584:getStatusText()]getStatusText [label]Data
01-02 02:27:13.839: D/QuickSettingsButton(1016): [QuickSettingsButton.java:332:onChanged()]Data, width= 43.0, buttonWidth - paddingWidth= 108.0, singleLine= true, isOverWidth= false
01-02 02:27:13.839: D/StatusBar.MSimNetworkController(1016): isSimInserted(0), SimInserted=false
01-02 02:27:13.849: D/DataHandler(1016): [DataHandler.java:584:getStatusText()]getStatusText [label]Data
01-02 02:27:13.849: D/QuickSettingsButton(1016): [QuickSettingsButton.java:211:setButtonStatus()]Button = Data ==> new status = 5, curStatus = 5
01-02 02:27:13.849: D/QuickSettingsHandler(1016): [QuickSettingsHandler.java:178:getButtonContentDescription()]5, Data
01-02 02:27:13.849: D/QuickSettingsHandler(1016): [QuickSettingsHandler.java:158:setButtonStatus()]Data :Data.
01-02 02:27:13.849: D/LGPhoneStatusBarPolicy(1016): [LGPhoneStatusBarPolicy.java:101:onReceive()]ACTION_SERVICE_STATE_CHANGED!!!
01-02 02:27:13.849: I/StatusBarLinearLayout(1016): [StatusBarLinearLayout.java:55:onLayout()]================================
01-02 02:27:13.849: I/StatusBarLinearLayout(1016): [StatusBarLinearLayout.java:68:onLayout()]child = android.widget.LinearLayout{4198a998 V.E..... ........ 9,0-359,38 #7f09007a app:id/notification_icon_area} ,w = 350
01-02 02:27:13.849: I/StatusBarLinearLayout(1016): [StatusBarLinearLayout.java:68:onLayout()]child = android.widget.LinearLayout{4198e1f0 V.E..... ........ 359,0-359,38 #7f09007d app:id/statusIcons} ,w = 0
01-02 02:27:13.849: I/StatusBarLinearLayout(1016): [StatusBarLinearLayout.java:68:onLayout()]child = android.widget.LinearLayout{4198eb08 V.E..... ......ID 359,0-531,38 #7f09007e app:id/system_icon_area} ,w = 172
01-02 02:27:13.849: I/StatusBarLinearLayout(1016): [StatusBarLinearLayout.java:74:onLayout()]nTotalWidth = 522, r = 540
01-02 02:27:13.849: I/StatusBarLinearLayout(1016): [StatusBarLinearLayout.java:77:onLayout()]sum = 522, mIconSize = 36
01-02 02:27:13.849: I/StatusBarLinearLayout(1016): [StatusBarLinearLayout.java:78:onLayout()]Notification 350==> 350
01-02 02:27:13.849: I/StatusBarLinearLayout(1016): [StatusBarLinearLayout.java:82:onLayout()]-----------------------
01-02 02:27:13.849: I/StatusBarLinearLayout(1016): [StatusBarLinearLayout.java:123:onLayout()]child = android.widget.LinearLayout{41986900 G.E..... ......I. 9,0-9,38 #7f090078 app:id/operator_layout} ,w = 0
01-02 02:27:13.849: I/StatusBarLinearLayout(1016): [StatusBarLinearLayout.java:123:onLayout()]child = android.widget.LinearLayout{4198a998 V.E..... ........ 9,0-359,38 #7f09007a app:id/notification_icon_area} ,w = 350
01-02 02:27:13.849: I/StatusBarLinearLayout(1016): [StatusBarLinearLayout.java:123:onLayout()]child = android.widget.LinearLayout{4198e1f0 V.E..... ........ 359,0-359,38 #7f09007d app:id/statusIcons} ,w = 0
01-02 02:27:13.879: I/StatusBarLinearLayout(1016): [StatusBarLinearLayout.java:123:onLayout()]child = android.widget.LinearLayout{4198eb08 V.E..... ......ID 359,0-531,38 #7f09007e app:id/system_icon_area} ,w = 172
01-02 02:27:13.879: I/StatusBarLinearLayout(1016): [StatusBarLinearLayout.java:128:onLayout()]sum = 522
01-02 02:27:13.959: D/SmsReceiverService(29983): [LGE] ACTION_SERVICE_STATE_CHANGED received
01-02 02:27:14.029: E/CellState(1256): Error parsing MCC/MNC from operator "null,00000"
01-02 02:27:14.029: E/CellState(1256): java.lang.NumberFormatException: Invalid int: "nul"
01-02 02:27:14.029: E/CellState(1256): 	at java.lang.Integer.invalidInt(Integer.java:138)
01-02 02:27:14.029: E/CellState(1256): 	at java.lang.Integer.parse(Integer.java:375)
01-02 02:27:14.029: E/CellState(1256): 	at java.lang.Integer.parseInt(Integer.java:366)
01-02 02:27:14.029: E/CellState(1256): 	at java.lang.Integer.parseInt(Integer.java:332)
01-02 02:27:14.029: E/CellState(1256): 	at com.google.android.location.os.real.RealCellState.<init>(RealCellState.java:74)
01-02 02:27:14.029: E/CellState(1256): 	at com.google.android.location.os.real.CallbackRunner$MyHandler.handleMessage(CallbackRunner.java:140)
01-02 02:27:14.029: E/CellState(1256): 	at android.os.Handler.dispatchMessage(Handler.java:99)
01-02 02:27:14.029: E/CellState(1256): 	at android.os.Looper.loop(Looper.java:137)
01-02 02:27:14.029: E/CellState(1256): 	at com.google.android.location.os.real.CallbackRunner$MyRunnable.run(CallbackRunner.java:468)
01-02 02:27:14.029: E/CellState(1256): 	at java.lang.Thread.run(Thread.java:856)
01-02 02:27:14.369: V/TelephonyAutoProfiling(29983): [getValue] FEATURE key : vzw_roaming_state, value : null
01-02 02:27:14.369: D/MultiSimWrapper(29983): [getIccdataValue]mIccImsi[0] : sim1
01-02 02:27:15.139: D/SmsReceiverService(29983): [LGE] ACTION_SERVICE_STATE_CHANGED received
01-02 02:27:15.149: V/TelephonyAutoProfiling(29983): [getValue] FEATURE key : vzw_roaming_state, value : null
01-02 02:27:15.179: E/MultiSimWrapper(29983): [getIccdataValue]invalid dataSubscription : -1
01-02 02:27:22.449: W/CellInfoLte(1145): getCellIdentity: LteCellIdentitiy:android.telephony.CellIdentityLte@7fffffa3 mMcc=0 mMnc=0 mCi=2147483647 mPci=2147483647 mTac=2147483647
01-02 02:27:22.449: W/CellInfoLte(1145): writeToParcel(Parcel, int): CellInfoLte: mRegistered=NO mTimeStampType=unknown mTimeStamp=9223372036854775807ns, LteCellIdentitiy:android.telephony.CellIdentityLte@7fffffa3 mMcc=0 mMnc=0 mCi=2147483647 mPci=2147483647 mTac=2147483647, CellSignalStrengthLte: ss=2147483647 rsrp=2147483647 rsrq=2147483647 rssnr=2147483647 cqi=2147483647 ta=2147483647
01-02 02:27:22.449: W/CellInfoLte(796): CellInfoLte(Parcel): CellInfoLte: mRegistered=NO mTimeStampType=unknown mTimeStamp=9223372036854775807ns, LteCellIdentitiy:android.telephony.CellIdentityLte@7fffffa3 mMcc=0 mMnc=0 mCi=2147483647 mPci=2147483647 mTac=2147483647, CellSignalStrengthLte: ss=2147483647 rsrp=2147483647 rsrq=2147483647 rssnr=2147483647 cqi=2147483647 ta=2147483647
01-02 02:27:22.449: D/StatusBar.MSimNetworkController(1016): isSimInserted(0), SimInserted=false
01-02 02:27:22.449: D/StatusBar.MSimNetworkController(1016): isSimInserted(0), SimInserted=false
01-02 02:27:22.459: W/CellInfoLte(1145): writeToParcel(Parcel, int): CellInfoLte: mRegistered=NO mTimeStampType=unknown mTimeStamp=9223372036854775807ns, LteCellIdentitiy:android.telephony.CellIdentityLte@7fffffa3 mMcc=0 mMnc=0 mCi=2147483647 mPci=2147483647 mTac=2147483647, CellSignalStrengthLte: ss=2147483647 rsrp=2147483647 rsrq=2147483647 rssnr=2147483647 cqi=2147483647 ta=2147483647
01-02 02:27:22.459: D/LGPhoneStatusBarPolicy(1016): [LGPhoneStatusBarPolicy.java:109:onReceive()]ACTION_SIGNAL_STRENGTH_CHANGED!!!
01-02 02:27:22.459: D/LGPhoneStatusBarPolicy(1016): [LGPhoneStatusBarPolicy.java:109:onReceive()]ACTION_SIGNAL_STRENGTH_CHANGED!!!
01-02 02:27:22.459: W/CellInfoLte(796): CellInfoLte(Parcel): CellInfoLte: mRegistered=NO mTimeStampType=unknown mTimeStamp=9223372036854775807ns, LteCellIdentitiy:android.telephony.CellIdentityLte@7fffffa3 mMcc=0 mMnc=0 mCi=2147483647 mPci=2147483647 mTac=2147483647, CellSignalStrengthLte: ss=2147483647 rsrp=2147483647 rsrq=2147483647 rssnr=2147483647 cqi=2147483647 ta=2147483647
01-02 02:27:22.459: W/CellInfoLte(796): writeToParcel(Parcel, int): CellInfoLte: mRegistered=NO mTimeStampType=unknown mTimeStamp=9223372036854775807ns, LteCellIdentitiy:android.telephony.CellIdentityLte@7fffffa3 mMcc=0 mMnc=0 mCi=2147483647 mPci=2147483647 mTac=2147483647, CellSignalStrengthLte: ss=2147483647 rsrp=2147483647 rsrq=2147483647 rssnr=2147483647 cqi=2147483647 ta=2147483647
01-02 02:27:22.459: W/CellInfoLte(1256): CellInfoLte(Parcel): CellInfoLte: mRegistered=NO mTimeStampType=unknown mTimeStamp=9223372036854775807ns, LteCellIdentitiy:android.telephony.CellIdentityLte@7fffffa3 mMcc=0 mMnc=0 mCi=2147483647 mPci=2147483647 mTac=2147483647, CellSignalStrengthLte: ss=2147483647 rsrp=2147483647 rsrq=2147483647 rssnr=2147483647 cqi=2147483647 ta=2147483647
01-02 02:27:22.459: W/CellInfoLte(796): writeToParcel(Parcel, int): CellInfoLte: mRegistered=NO mTimeStampType=unknown mTimeStamp=9223372036854775807ns, LteCellIdentitiy:android.telephony.CellIdentityLte@7fffffa3 mMcc=0 mMnc=0 mCi=2147483647 mPci=2147483647 mTac=2147483647, CellSignalStrengthLte: ss=2147483647 rsrp=2147483647 rsrq=2147483647 rssnr=2147483647 cqi=2147483647 ta=2147483647
01-02 02:27:22.459: W/CellInfoLte(27948): CellInfoLte(Parcel): CellInfoLte: mRegistered=NO mTimeStampType=unknown mTimeStamp=9223372036854775807ns, LteCellIdentitiy:android.telephony.CellIdentityLte@7fffffa3 mMcc=0 mMnc=0 mCi=2147483647 mPci=2147483647 mTac=2147483647, CellSignalStrengthLte: ss=2147483647 rsrp=2147483647 rsrq=2147483647 rssnr=2147483647 cqi=2147483647 ta=2147483647
01-02 02:27:22.459: D/PhoneInterfaceManager(1145): [PhoneIntfMgr] sigLevel = 0
01-02 02:27:22.459: D/StatusBar.MSimNetworkController(1016): isSimInserted(0), SimInserted=false
01-02 02:27:22.459: D/StatusBar.MSimNetworkController(1016): isSimInserted(0), SimInserted=false
01-02 02:27:22.469: I/StatusBarLinearLayout(1016): [StatusBarLinearLayout.java:55:onLayout()]================================
01-02 02:27:22.469: I/StatusBarLinearLayout(1016): [StatusBarLinearLayout.java:68:onLayout()]child = android.widget.LinearLayout{4198a998 V.E..... ........ 9,0-359,38 #7f09007a app:id/notification_icon_area} ,w = 350
01-02 02:27:22.469: I/StatusBarLinearLayout(1016): [StatusBarLinearLayout.java:68:onLayout()]child = android.widget.LinearLayout{4198e1f0 V.E..... ........ 359,0-359,38 #7f09007d app:id/statusIcons} ,w = 0
01-02 02:27:22.479: I/StatusBarLinearLayout(1016): [StatusBarLinearLayout.java:68:onLayout()]child = android.widget.LinearLayout{4198eb08 V.E..... ......ID 359,0-531,38 #7f09007e app:id/system_icon_area} ,w = 172
01-02 02:27:22.479: I/StatusBarLinearLayout(1016): [StatusBarLinearLayout.java:74:onLayout()]nTotalWidth = 522, r = 540
01-02 02:27:22.479: I/StatusBarLinearLayout(1016): [StatusBarLinearLayout.java:77:onLayout()]sum = 522, mIconSize = 36
01-02 02:27:22.479: I/StatusBarLinearLayout(1016): [StatusBarLinearLayout.java:78:onLayout()]Notification 350==> 350
01-02 02:27:22.479: I/StatusBarLinearLayout(1016): [StatusBarLinearLayout.java:82:onLayout()]-----------------------
01-02 02:27:22.479: I/StatusBarLinearLayout(1016): [StatusBarLinearLayout.java:123:onLayout()]child = android.widget.LinearLayout{41986900 G.E..... ......I. 9,0-9,38 #7f090078 app:id/operator_layout} ,w = 0
01-02 02:27:22.479: I/StatusBarLinearLayout(1016): [StatusBarLinearLayout.java:123:onLayout()]child = android.widget.LinearLayout{4198a998 V.E..... ........ 9,0-359,38 #7f09007a app:id/notification_icon_area} ,w = 350
01-02 02:27:22.479: I/StatusBarLinearLayout(1016): [StatusBarLinearLayout.java:123:onLayout()]child = android.widget.LinearLayout{4198e1f0 V.E..... ........ 359,0-359,38 #7f09007d app:id/statusIcons} ,w = 0
01-02 02:27:22.479: I/StatusBarLinearLayout(1016): [StatusBarLinearLayout.java:123:onLayout()]child = android.widget.LinearLayout{4198eb08 V.E..... ......ID 359,0-531,38 #7f09007e app:id/system_icon_area} ,w = 172
01-02 02:27:22.479: I/StatusBarLinearLayout(1016): [StatusBarLinearLayout.java:128:onLayout()]sum = 522
01-02 02:27:30.569: D/KeyguardUpdateMonitor(796): handleBatteryUpdate (0) (83)
01-02 02:27:30.569: D/StatusBar.BatteryController(1016): [BatteryController.java:126:onReceive()]level = 83 status = 2 isPlugged = true isCharging = true isFullCharged = false
01-02 02:27:30.569: I/LGPowerUI(1016): [LGPowerUI.java:611:batteryThermNotification()]batteryThermNotification temperature : 309 isPlugged : false isCharging : true
01-02 02:27:30.569: I/LGPowerUI(1016): [LGPowerUI.java:621:batteryThermNotification()]StopCharging degree: 550
01-02 02:27:30.569: D/PowerUI(1016): [PowerUI.java:231:onReceive()]chargingCurrent 0 --> 0
01-02 02:27:30.569: D/DockTangibleController(1164): ACTION_BATTERY_CHANGED : 0
01-02 02:27:30.569: W/Settings(796): Setting stay_on_while_plugged_in has moved from android.provider.Settings.System to android.provider.Settings.Global, returning read-only value.
01-02 02:27:30.569: W/Settings(796): Setting wifi_sleep_policy has moved from android.provider.Settings.System to android.provider.Settings.Global, returning read-only value.
01-02 02:27:30.569: D/LGPowerUI(1016): [LGPowerUI.java:953:handleMessage()]MSG_BATTERY_STATUS_THERM_DISMISS
01-02 02:27:30.569: D/WifiService(796): ACTION_BATTERY_CHANGED pluggedType: 0
01-02 02:27:42.479: W/CellInfoLte(1145): getCellIdentity: LteCellIdentitiy:android.telephony.CellIdentityLte@7fffffa3 mMcc=0 mMnc=0 mCi=2147483647 mPci=2147483647 mTac=2147483647
01-02 02:27:42.479: W/CellInfoLte(1145): writeToParcel(Parcel, int): CellInfoLte: mRegistered=NO mTimeStampType=unknown mTimeStamp=9223372036854775807ns, LteCellIdentitiy:android.telephony.CellIdentityLte@7fffffa3 mMcc=0 mMnc=0 mCi=2147483647 mPci=2147483647 mTac=2147483647, CellSignalStrengthLte: ss=2147483647 rsrp=2147483647 rsrq=2147483647 rssnr=2147483647 cqi=2147483647 ta=2147483647
01-02 02:27:42.479: W/CellInfoLte(796): CellInfoLte(Parcel): CellInfoLte: mRegistered=NO mTimeStampType=unknown mTimeStamp=9223372036854775807ns, LteCellIdentitiy:android.telephony.CellIdentityLte@7fffffa3 mMcc=0 mMnc=0 mCi=2147483647 mPci=2147483647 mTac=2147483647, CellSignalStrengthLte: ss=2147483647 rsrp=2147483647 rsrq=2147483647 rssnr=2147483647 cqi=2147483647 ta=2147483647
01-02 02:27:42.479: W/CellInfoLte(1145): writeToParcel(Parcel, int): CellInfoLte: mRegistered=NO mTimeStampType=unknown mTimeStamp=9223372036854775807ns, LteCellIdentitiy:android.telephony.CellIdentityLte@7fffffa3 mMcc=0 mMnc=0 mCi=2147483647 mPci=2147483647 mTac=2147483647, CellSignalStrengthLte: ss=2147483647 rsrp=2147483647 rsrq=2147483647 rssnr=2147483647 cqi=2147483647 ta=2147483647
01-02 02:27:42.479: W/CellInfoLte(796): CellInfoLte(Parcel): CellInfoLte: mRegistered=NO mTimeStampType=unknown mTimeStamp=9223372036854775807ns, LteCellIdentitiy:android.telephony.CellIdentityLte@7fffffa3 mMcc=0 mMnc=0 mCi=2147483647 mPci=2147483647 mTac=2147483647, CellSignalStrengthLte: ss=2147483647 rsrp=2147483647 rsrq=2147483647 rssnr=2147483647 cqi=2147483647 ta=2147483647
01-02 02:27:42.479: D/StatusBar.MSimNetworkController(1016): isSimInserted(0), SimInserted=false
01-02 02:27:42.479: D/StatusBar.MSimNetworkController(1016): isSimInserted(0), SimInserted=false
01-02 02:27:42.479: D/StatusBar.MSimNetworkController(1016): isSimInserted(0), SimInserted=false
01-02 02:27:42.489: W/CellInfoLte(796): writeToParcel(Parcel, int): CellInfoLte: mRegistered=NO mTimeStampType=unknown mTimeStamp=9223372036854775807ns, LteCellIdentitiy:android.telephony.CellIdentityLte@7fffffa3 mMcc=0 mMnc=0 mCi=2147483647 mPci=2147483647 mTac=2147483647, CellSignalStrengthLte: ss=2147483647 rsrp=2147483647 rsrq=2147483647 rssnr=2147483647 cqi=2147483647 ta=2147483647
01-02 02:27:42.489: W/CellInfoLte(1256): CellInfoLte(Parcel): CellInfoLte: mRegistered=NO mTimeStampType=unknown mTimeStamp=9223372036854775807ns, LteCellIdentitiy:android.telephony.CellIdentityLte@7fffffa3 mMcc=0 mMnc=0 mCi=2147483647 mPci=2147483647 mTac=2147483647, CellSignalStrengthLte: ss=2147483647 rsrp=2147483647 rsrq=2147483647 rssnr=2147483647 cqi=2147483647 ta=2147483647
01-02 02:27:42.489: D/LGPhoneStatusBarPolicy(1016): [LGPhoneStatusBarPolicy.java:109:onReceive()]ACTION_SIGNAL_STRENGTH_CHANGED!!!
01-02 02:27:42.489: D/LGPhoneStatusBarPolicy(1016): [LGPhoneStatusBarPolicy.java:109:onReceive()]ACTION_SIGNAL_STRENGTH_CHANGED!!!
01-02 02:27:42.489: W/CellInfoLte(796): writeToParcel(Parcel, int): CellInfoLte: mRegistered=NO mTimeStampType=unknown mTimeStamp=9223372036854775807ns, LteCellIdentitiy:android.telephony.CellIdentityLte@7fffffa3 mMcc=0 mMnc=0 mCi=2147483647 mPci=2147483647 mTac=2147483647, CellSignalStrengthLte: ss=2147483647 rsrp=2147483647 rsrq=2147483647 rssnr=2147483647 cqi=2147483647 ta=2147483647
01-02 02:27:42.489: D/PhoneInterfaceManager(1145): [PhoneIntfMgr] sigLevel = 0
01-02 02:27:42.489: W/CellInfoLte(27948): CellInfoLte(Parcel): CellInfoLte: mRegistered=NO mTimeStampType=unknown mTimeStamp=9223372036854775807ns, LteCellIdentitiy:android.telephony.CellIdentityLte@7fffffa3 mMcc=0 mMnc=0 mCi=2147483647 mPci=2147483647 mTac=2147483647, CellSignalStrengthLte: ss=2147483647 rsrp=2147483647 rsrq=2147483647 rssnr=2147483647 cqi=2147483647 ta=2147483647
01-02 02:27:42.489: I/StatusBarLinearLayout(1016): [StatusBarLinearLayout.java:55:onLayout()]================================
01-02 02:27:42.489: I/StatusBarLinearLayout(1016): [StatusBarLinearLayout.java:68:onLayout()]child = android.widget.LinearLayout{4198a998 V.E..... ........ 9,0-359,38 #7f09007a app:id/notification_icon_area} ,w = 350
01-02 02:27:42.489: I/StatusBarLinearLayout(1016): [StatusBarLinearLayout.java:68:onLayout()]child = android.widget.LinearLayout{4198e1f0 V.E..... ........ 359,0-359,38 #7f09007d app:id/statusIcons} ,w = 0
01-02 02:27:42.489: D/StatusBar.MSimNetworkController(1016): isSimInserted(0), SimInserted=false
01-02 02:27:42.499: I/StatusBarLinearLayout(1016): [StatusBarLinearLayout.java:68:onLayout()]child = android.widget.LinearLayout{4198eb08 V.E..... ......ID 359,0-531,38 #7f09007e app:id/system_icon_area} ,w = 172
01-02 02:27:42.499: I/StatusBarLinearLayout(1016): [StatusBarLinearLayout.java:74:onLayout()]nTotalWidth = 522, r = 540
01-02 02:27:42.499: I/StatusBarLinearLayout(1016): [StatusBarLinearLayout.java:77:onLayout()]sum = 522, mIconSize = 36
01-02 02:27:42.499: I/StatusBarLinearLayout(1016): [StatusBarLinearLayout.java:78:onLayout()]Notification 350==> 350
01-02 02:27:42.499: I/StatusBarLinearLayout(1016): [StatusBarLinearLayout.java:82:onLayout()]-----------------------
01-02 02:27:42.509: I/StatusBarLinearLayout(1016): [StatusBarLinearLayout.java:123:onLayout()]child = android.widget.LinearLayout{41986900 G.E..... ......I. 9,0-9,38 #7f090078 app:id/operator_layout} ,w = 0
01-02 02:27:42.509: I/StatusBarLinearLayout(1016): [StatusBarLinearLayout.java:123:onLayout()]child = android.widget.LinearLayout{4198a998 V.E..... ........ 9,0-359,38 #7f09007a app:id/notification_icon_area} ,w = 350
01-02 02:27:42.509: I/StatusBarLinearLayout(1016): [StatusBarLinearLayout.java:123:onLayout()]child = android.widget.LinearLayout{4198e1f0 V.E..... ........ 359,0-359,38 #7f09007d app:id/statusIcons} ,w = 0
01-02 02:27:42.529: I/StatusBarLinearLayout(1016): [StatusBarLinearLayout.java:123:onLayout()]child = android.widget.LinearLayout{4198eb08 V.E..... ......ID 359,0-531,38 #7f09007e app:id/system_icon_area} ,w = 172
01-02 02:27:42.529: I/StatusBarLinearLayout(1016): [StatusBarLinearLayout.java:128:onLayout()]sum = 522
01-02 02:27:45.059: D/KeyguardUpdateMonitor(796): handleBatteryUpdate (0) (83)
01-02 02:27:45.059: W/Settings(796): Setting stay_on_while_plugged_in has moved from android.provider.Settings.System to android.provider.Settings.Global, returning read-only value.
01-02 02:27:45.059: W/Settings(796): Setting wifi_sleep_policy has moved from android.provider.Settings.System to android.provider.Settings.Global, returning read-only value.
01-02 02:27:45.059: D/DockTangibleController(1164): ACTION_BATTERY_CHANGED : 0
01-02 02:27:45.059: D/StatusBar.BatteryController(1016): [BatteryController.java:126:onReceive()]level = 83 status = 2 isPlugged = true isCharging = true isFullCharged = false
01-02 02:27:45.059: I/LGPowerUI(1016): [LGPowerUI.java:611:batteryThermNotification()]batteryThermNotification temperature : 310 isPlugged : false isCharging : true
01-02 02:27:45.059: I/LGPowerUI(1016): [LGPowerUI.java:621:batteryThermNotification()]StopCharging degree: 550
01-02 02:27:45.059: D/WifiService(796): ACTION_BATTERY_CHANGED pluggedType: 0
01-02 02:27:45.069: D/PowerUI(1016): [PowerUI.java:231:onReceive()]chargingCurrent 0 --> 0
01-02 02:27:45.069: D/LGPowerUI(1016): [LGPowerUI.java:953:handleMessage()]MSG_BATTERY_STATUS_THERM_DISMISS
01-02 02:27:45.069: D/DockTangibleController(1164): ACTION_BATTERY_CHANGED : 0
01-02 02:27:45.069: D/StatusBar.BatteryController(1016): [BatteryController.java:126:onReceive()]level = 83 status = 2 isPlugged = true isCharging = true isFullCharged = false
01-02 02:27:45.069: W/Settings(796): Setting stay_on_while_plugged_in has moved from android.provider.Settings.System to android.provider.Settings.Global, returning read-only value.
01-02 02:27:45.069: W/Settings(796): Setting wifi_sleep_policy has moved from android.provider.Settings.System to android.provider.Settings.Global, returning read-only value.
01-02 02:27:45.069: D/KeyguardUpdateMonitor(796): handleBatteryUpdate (0) (83)
01-02 02:27:45.069: I/LGPowerUI(1016): [LGPowerUI.java:611:batteryThermNotification()]batteryThermNotification temperature : 311 isPlugged : false isCharging : true
01-02 02:27:45.069: D/WifiService(796): ACTION_BATTERY_CHANGED pluggedType: 0
01-02 02:27:45.079: I/LGPowerUI(1016): [LGPowerUI.java:621:batteryThermNotification()]StopCharging degree: 550
01-02 02:27:45.079: D/PowerUI(1016): [PowerUI.java:231:onReceive()]chargingCurrent 0 --> 0
01-02 02:27:45.079: D/LGPowerUI(1016): [LGPowerUI.java:953:handleMessage()]MSG_BATTERY_STATUS_THERM_DISMISS
01-02 02:27:45.369: D/KeyguardUpdateMonitor(796): Received SPN update on sub :0
01-02 02:27:45.369: D/OperatorTextView(1016): [OperatorTextView.java:96:onReceive()][ OperatorTextView ] intent action : android.provider.Telephony.SPN_STRINGS_UPDATED
01-02 02:27:45.369: D/KeyguardUpdateMonitor(796): handleCarrierInfoUpdate: plmn = No service, spn = null, subscription = 0
01-02 02:27:45.369: D/OperatorTextView(1016): [OperatorTextView.java:142:updateNetworkName()]updateNetworkName : plmn [ No service ],  networkOperator [ null,00000 ],  simOperator [  ]
01-02 02:27:45.369: V/TelephonyAutoProfiling(1145): [getValue] FEATURE key : vzw_roaming_state, value : null
01-02 02:27:45.369: D/StatusBar.MSimNetworkController(1016): [MSimNetworkController.java:527:onReceive()]Received SPN update on sub : 0
01-02 02:27:45.369: V/TelephonyAutoProfiling(796): [getValue] FEATURE key : vzw_roaming_state, value : null
01-02 02:27:45.369: D/StatusBar.MSimNetworkController(1016): updateNetworkName(0), mNetworkName = No service
01-02 02:27:45.369: D/StatusBar.MSimNetworkController(1016): isSimInserted(0), SimInserted=false
01-02 02:27:45.379: D/LGPhoneStatusBar(1016): [LGPhoneStatusBar.java:212:onReceive()]SPN_STRINGS_UPDATED_ACTION
01-02 02:27:45.379: D/LGPhoneStatusBar(1016): [LGPhoneStatusBar.java:213:onReceive()]SPN_STRINGS_UPDATED_ACTION slotId  = 0
01-02 02:27:45.379: W/MultiSIM(1016): [MultiSIM.java:231:updateCarrierSimState()]Exception
01-02 02:27:45.379: D/MultiSIM(1016): [MultiSIM.java:235:updateCarrierSimState()]updateCarrierSimState subscription = 0
01-02 02:27:45.379: V/TelephonyAutoProfiling(796): [getValue] FEATURE key : vzw_roaming_state, value : null
01-02 02:27:45.379: V/TelephonyAutoProfiling(796): [getValue] FEATURE key : vzw_roaming_state, value : null
01-02 02:27:45.379: V/TelephonyAutoProfiling(796): [getValue] FEATURE key : vzw_roaming_state, value : null
01-02 02:27:45.379: D/MultiSIM(1016): [MultiSIM.java:240:updateCarrierSimState()]updateCarrierSimState getPlmnNo service
01-02 02:27:45.379: D/KeyguardModel(796): SIM Index : 0, IsEmergencyOnly : false, currentServiceState : 1
01-02 02:27:45.379: D/MultiSIM(1016): [MultiSIM.java:267:updateCarrierSimState()]CarrierLabel updateCarrierSimState something true
01-02 02:27:45.379: V/TelephonyAutoProfiling(1016): [getValue] FEATURE key : vzw_roaming_state, value : null
01-02 02:27:45.379: D/MultiSIM(1016): [MultiSIM.java:429:needSimInfoUpdate()]CarrierLabel needSimInfoUpdate retValue = true
01-02 02:27:45.379: V/TelephonyAutoProfiling(796): [getValue] FEATURE key : vzw_roaming_state, value : null
01-02 02:27:45.379: V/TelephonyAutoProfiling(796): [getValue] FEATURE key : vzw_roaming_state, value : null
01-02 02:27:45.379: V/TelephonyAutoProfiling(1145): [getValue] FEATURE key : vzw_roaming_state, value : null
01-02 02:27:45.379: V/TelephonyAutoProfiling(796): [getValue] FEATURE key : vzw_roaming_state, value : null
01-02 02:27:45.379: D/MultiSIM(1016): [MultiSIM.java:270:updateCarrierSimState()]CarrierLabel_SIM updateCarrierSimState getSimInfoStringnull
01-02 02:27:45.379: D/MultiSIM(1016): [MultiSIM.java:280:updateCarrierSimState()]CarrierLabel_SIM updateCarrierSimState View.GONE
01-02 02:27:45.379: I/MSimTelephonyRegistry(796): notifyServiceState: 1 home   null null null  Unknown CSS not supported -1 -1 mDataState=1 RoamInd=-1 DefRoamInd=-1 EmergOnly=false
01-02 02:27:45.389: V/TelephonyAutoProfiling(1145): [getValue] FEATURE key : vzw_roaming_state, value : null
01-02 02:27:45.389: V/TelephonyAutoProfiling(796): [getValue] FEATURE key : vzw_roaming_state, value : null
01-02 02:27:45.389: V/TelephonyAutoProfiling(796): [getValue] FEATURE key : vzw_roaming_state, value : null
01-02 02:27:45.389: V/TelephonyAutoProfiling(29983): [getValue] FEATURE key : vzw_roaming_state, value : null
01-02 02:27:45.389: V/TelephonyAutoProfiling(796): [getValue] FEATURE key : vzw_roaming_state, value : null
01-02 02:27:45.389: V/TelephonyAutoProfiling(796): [getValue] FEATURE key : vzw_roaming_state, value : null
01-02 02:27:45.389: V/TelephonyAutoProfiling(796): [getValue] FEATURE key : vzw_roaming_state, value : null
01-02 02:27:45.389: V/TelephonyAutoProfiling(796): [getValue] FEATURE key : vzw_roaming_state, value : null
01-02 02:27:45.389: V/TelephonyAutoProfiling(1016): [getValue] FEATURE key : vzw_roaming_state, value : null
01-02 02:27:45.389: V/TelephonyAutoProfiling(796): [getValue] FEATURE key : vzw_roaming_state, value : null
01-02 02:27:45.389: V/TelephonyAutoProfiling(796): [getValue] FEATURE key : vzw_roaming_state, value : null
01-02 02:27:45.389: V/TelephonyAutoProfiling(1016): [getValue] FEATURE key : vzw_roaming_state, value : null
01-02 02:27:45.389: V/TelephonyAutoProfiling(1016): [getValue] FEATURE key : vzw_roaming_state, value : null
01-02 02:27:45.389: V/TelephonyAutoProfiling(796): [getValue] FEATURE key : vzw_roaming_state, value : null
01-02 02:27:45.389: V/TelephonyAutoProfiling(796): [getValue] FEATURE key : vzw_roaming_state, value : null
01-02 02:27:45.389: V/TelephonyAutoProfiling(1016): [getValue] FEATURE key : vzw_roaming_state, value : null
01-02 02:27:45.389: I/StatusBarLinearLayout(1016): [StatusBarLinearLayout.java:55:onLayout()]================================
01-02 02:27:45.399: I/StatusBarLinearLayout(1016): [StatusBarLinearLayout.java:68:onLayout()]child = android.widget.LinearLayout{4198a998 V.E..... ........ 9,0-359,38 #7f09007a app:id/notification_icon_area} ,w = 350
01-02 02:27:45.399: V/TelephonyAutoProfiling(796): [getValue] FEATURE key : vzw_roaming_state, value : null
01-02 02:27:45.399: I/StatusBarLinearLayout(1016): [StatusBarLinearLayout.java:68:onLayout()]child = android.widget.LinearLayout{4198e1f0 V.E..... ........ 359,0-359,38 #7f09007d app:id/statusIcons} ,w = 0
01-02 02:27:45.399: I/StatusBarLinearLayout(1016): [StatusBarLinearLayout.java:68:onLayout()]child = android.widget.LinearLayout{4198eb08 V.E..... ........ 359,0-531,38 #7f09007e app:id/system_icon_area} ,w = 172
01-02 02:27:45.399: I/StatusBarLinearLayout(1016): [StatusBarLinearLayout.java:74:onLayout()]nTotalWidth = 522, r = 540
01-02 02:27:45.399: I/StatusBarLinearLayout(1016): [StatusBarLinearLayout.java:77:onLayout()]sum = 522, mIconSize = 36
01-02 02:27:45.399: I/StatusBarLinearLayout(1016): [StatusBarLinearLayout.java:78:onLayout()]Notification 350==> 350
01-02 02:27:45.399: I/StatusBarLinearLayout(1016): [StatusBarLinearLayout.java:82:onLayout()]-----------------------
01-02 02:27:45.399: I/StatusBarLinearLayout(1016): [StatusBarLinearLayout.java:123:onLayout()]child = android.widget.LinearLayout{41986900 G.E..... ......I. 9,0-9,38 #7f090078 app:id/operator_layout} ,w = 0
01-02 02:27:45.399: I/StatusBarLinearLayout(1016): [StatusBarLinearLayout.java:123:onLayout()]child = android.widget.LinearLayout{4198a998 V.E..... ........ 9,0-359,38 #7f09007a app:id/notification_icon_area} ,w = 350
01-02 02:27:45.399: I/StatusBarLinearLayout(1016): [StatusBarLinearLayout.java:123:onLayout()]child = android.widget.LinearLayout{4198e1f0 V.E..... ........ 359,0-359,38 #7f09007d app:id/statusIcons} ,w = 0
01-02 02:27:45.399: V/SmsReceiverService(29983): onStart: #1 mResultCode: -1 = Activity.RESULT_OK
01-02 02:27:45.409: I/StatusBarLinearLayout(1016): [StatusBarLinearLayout.java:123:onLayout()]child = android.widget.LinearLayout{4198eb08 V.E..... ........ 359,0-531,38 #7f09007e app:id/system_icon_area} ,w = 172
01-02 02:27:45.409: I/StatusBarLinearLayout(1016): [StatusBarLinearLayout.java:128:onLayout()]sum = 522
01-02 02:27:45.409: D/SmsReceiverService(29983): [LGE] ACTION_SERVICE_STATE_CHANGED received
01-02 02:27:45.409: W/CellInfoLte(1145): getCellIdentity: LteCellIdentitiy:android.telephony.CellIdentityLte@7fffff65 mMcc=2147483647 mMnc=2147483647 mCi=2147483647 mPci=2147483647 mTac=2147483647
01-02 02:27:45.409: V/TelephonyAutoProfiling(29983): [getValue] FEATURE key : vzw_roaming_state, value : null
01-02 02:27:45.409: W/CellInfoLte(1145): writeToParcel(Parcel, int): CellInfoLte: mRegistered=NO mTimeStampType=unknown mTimeStamp=9223372036854775807ns, LteCellIdentitiy:android.telephony.CellIdentityLte@7fffff65 mMcc=2147483647 mMnc=2147483647 mCi=2147483647 mPci=2147483647 mTac=2147483647, CellSignalStrengthLte: ss=2147483647 rsrp=2147483647 rsrq=2147483647 rssnr=2147483647 cqi=2147483647 ta=2147483647
01-02 02:27:45.409: W/CellInfoLte(796): CellInfoLte(Parcel): CellInfoLte: mRegistered=NO mTimeStampType=unknown mTimeStamp=9223372036854775807ns, LteCellIdentitiy:android.telephony.CellIdentityLte@7fffff65 mMcc=2147483647 mMnc=2147483647 mCi=2147483647 mPci=2147483647 mTac=2147483647, CellSignalStrengthLte: ss=2147483647 rsrp=2147483647 rsrq=2147483647 rssnr=2147483647 cqi=2147483647 ta=2147483647
01-02 02:27:45.409: W/CellInfoLte(1145): writeToParcel(Parcel, int): CellInfoLte: mRegistered=NO mTimeStampType=unknown mTimeStamp=9223372036854775807ns, LteCellIdentitiy:android.telephony.CellIdentityLte@7fffff65 mMcc=2147483647 mMnc=2147483647 mCi=2147483647 mPci=2147483647 mTac=2147483647, CellSignalStrengthLte: ss=2147483647 rsrp=2147483647 rsrq=2147483647 rssnr=2147483647 cqi=2147483647 ta=2147483647
01-02 02:27:45.409: V/TelephonyAutoProfiling(29983): [getValue] FEATURE key : vzw_roaming_state, value : null
01-02 02:27:45.409: D/StatusBar.MSimNetworkController(1016): isSimInserted(0), SimInserted=false
01-02 02:27:45.409: D/StatusBar.MSimNetworkController(1016): isSimInserted(0), SimInserted=false
01-02 02:27:45.409: D/StatusBar.MSimNetworkController(1016): isSimInserted(0), SimInserted=false
01-02 02:27:45.419: W/CellInfoLte(796): CellInfoLte(Parcel): CellInfoLte: mRegistered=NO mTimeStampType=unknown mTimeStamp=9223372036854775807ns, LteCellIdentitiy:android.telephony.CellIdentityLte@7fffff65 mMcc=2147483647 mMnc=2147483647 mCi=2147483647 mPci=2147483647 mTac=2147483647, CellSignalStrengthLte: ss=2147483647 rsrp=2147483647 rsrq=2147483647 rssnr=2147483647 cqi=2147483647 ta=2147483647
01-02 02:27:45.419: W/CellInfoLte(796): writeToParcel(Parcel, int): CellInfoLte: mRegistered=NO mTimeStampType=unknown mTimeStamp=9223372036854775807ns, LteCellIdentitiy:android.telephony.CellIdentityLte@7fffff65 mMcc=2147483647 mMnc=2147483647 mCi=2147483647 mPci=2147483647 mTac=2147483647, CellSignalStrengthLte: ss=2147483647 rsrp=2147483647 rsrq=2147483647 rssnr=2147483647 cqi=2147483647 ta=2147483647
01-02 02:27:45.419: W/CellInfoLte(796): writeToParcel(Parcel, int): CellInfoLte: mRegistered=NO mTimeStampType=unknown mTimeStamp=9223372036854775807ns, LteCellIdentitiy:android.telephony.CellIdentityLte@7fffff65 mMcc=2147483647 mMnc=2147483647 mCi=2147483647 mPci=2147483647 mTac=2147483647, CellSignalStrengthLte: ss=2147483647 rsrp=2147483647 rsrq=2147483647 rssnr=2147483647 cqi=2147483647 ta=2147483647
01-02 02:27:45.419: W/CellInfoLte(27948): CellInfoLte(Parcel): CellInfoLte: mRegistered=NO mTimeStampType=unknown mTimeStamp=9223372036854775807ns, LteCellIdentitiy:android.telephony.CellIdentityLte@7fffff65 mMcc=2147483647 mMnc=2147483647 mCi=2147483647 mPci=2147483647 mTac=2147483647, CellSignalStrengthLte: ss=2147483647 rsrp=2147483647 rsrq=2147483647 rssnr=2147483647 cqi=2147483647 ta=2147483647
01-02 02:27:45.419: D/LGPhoneStatusBarPolicy(1016): [LGPhoneStatusBarPolicy.java:101:onReceive()]ACTION_SERVICE_STATE_CHANGED!!!
01-02 02:27:45.419: W/CellInfoLte(1256): CellInfoLte(Parcel): CellInfoLte: mRegistered=NO mTimeStampType=unknown mTimeStamp=9223372036854775807ns, LteCellIdentitiy:android.telephony.CellIdentityLte@7fffff65 mMcc=2147483647 mMnc=2147483647 mCi=2147483647 mPci=2147483647 mTac=2147483647, CellSignalStrengthLte: ss=2147483647 rsrp=2147483647 rsrq=2147483647 rssnr=2147483647 cqi=2147483647 ta=2147483647
01-02 02:27:45.419: D/MultiSimWrapper(29983): [getIccdataValue]mIccImsi[0] : sim1
01-02 02:27:45.419: D/CallManager(1145):  handleMessage (EVENT_SERVICE_STATE_CHANGED)
01-02 02:27:45.419: V/MSimPhoneGlobals(1145): Action intent recieved:android.intent.action.SERVICE_STATE
01-02 02:27:45.419: V/TelephonyAutoProfiling(1145): [getValue] FEATURE key : vzw_roaming_state, value : null
01-02 02:27:45.419: D/NotificationMgr(1145): updateNetworkSelection()...state = 1 new network 
01-02 02:27:45.419: D/NotificationMgr(1145): cancelNetworkSelection()...
01-02 02:27:45.419: V/MSimPhoneGlobals(1145): Action intent recieved:android.intent.action.SERVICE_STATE
01-02 02:27:45.419: V/TelephonyAutoProfiling(1145): [getValue] FEATURE key : vzw_roaming_state, value : null
01-02 02:27:45.419: D/NotificationMgr(1145): updateNetworkSelection()...state = 1 new network 
01-02 02:27:45.419: D/NotificationMgr(1145): cancelNetworkSelection()...
01-02 02:27:45.419: D/StatusBar.MSimNetworkController(1016): updateDataNetType subscription =0tempDataNetType =0
01-02 02:27:45.419: D/StatusBar.MSimNetworkController(1016): updateDataIcon subscription = 0
01-02 02:27:45.419: D/StatusBar.MSimNetworkController(1016): updateDataIcon when mMSimDataConnected = false
01-02 02:27:45.419: D/StatusBar.MSimNetworkController(1016): isSimInserted(0), SimInserted=false
01-02 02:27:45.429: D/CallUIManager(1145): handlLCDStateForQuickCoverWindow
01-02 02:27:45.439: V/SmsReceiverService(29983): onStart: #2 mResultCode: -1 = Activity.RESULT_OK
01-02 02:27:45.439: D/SmsReceiverService(29983): [LGE] ACTION_SERVICE_STATE_CHANGED received
01-02 02:27:45.439: V/TelephonyAutoProfiling(29983): [getValue] FEATURE key : vzw_roaming_state, value : null
01-02 02:27:45.439: E/MultiSimWrapper(29983): [getIccdataValue]invalid dataSubscription : -1
01-02 02:27:45.449: D/dalvikvm(1016): GC_CONCURRENT freed 1831K, 35% free 9734K/14916K, paused 3ms+9ms, total 59ms
01-02 02:27:45.449: D/dalvikvm(1016): WAIT_FOR_CONCURRENT_GC blocked 30ms
01-02 02:27:45.449: D/OperatorTextView(1016): [OperatorTextView.java:142:updateNetworkName()]updateNetworkName : plmn [ No service ],  networkOperator [ null,00000 ],  simOperator [  ]
01-02 02:27:45.449: D/DataHandler(1016): [DataHandler.java:140:onServiceStateChanged()]onServiceStateChanged()
01-02 02:27:45.449: D/DataHandler(1016): [DataHandler.java:584:getStatusText()]getStatusText [label]Data
01-02 02:27:45.449: D/QuickSettingsButton(1016): [QuickSettingsButton.java:332:onChanged()]Data, width= 43.0, buttonWidth - paddingWidth= 108.0, singleLine= true, isOverWidth= false
01-02 02:27:45.449: D/DataHandler(1016): [DataHandler.java:584:getStatusText()]getStatusText [label]Data
01-02 02:27:45.449: D/QuickSettingsButton(1016): [QuickSettingsButton.java:211:setButtonStatus()]Button = Data ==> new status = 5, curStatus = 5
01-02 02:27:45.459: D/QuickSettingsHandler(1016): [QuickSettingsHandler.java:178:getButtonContentDescription()]5, Data
01-02 02:27:45.459: D/QuickSettingsHandler(1016): [QuickSettingsHandler.java:158:setButtonStatus()]Data :Data.
