01-02 02:27:45.459: D/LGPhoneStatusBarPolicy(1016): [LGPhoneStatusBarPolicy.java:101:onReceive()]ACTION_SERVICE_STATE_CHANGED!!!
01-02 02:27:45.459: I/StatusBarLinearLayout(1016): [StatusBarLinearLayout.java:55:onLayout()]================================
01-02 02:27:45.469: I/StatusBarLinearLayout(1016): [StatusBarLinearLayout.java:68:onLayout()]child = android.widget.LinearLayout{4198a998 V.E..... ........ 9,0-359,38 #7f09007a app:id/notification_icon_area} ,w = 350
01-02 02:27:45.469: I/StatusBarLinearLayout(1016): [StatusBarLinearLayout.java:68:onLayout()]child = android.widget.LinearLayout{4198e1f0 V.E..... ........ 359,0-359,38 #7f09007d app:id/statusIcons} ,w = 0
01-02 02:27:45.469: I/StatusBarLinearLayout(1016): [StatusBarLinearLayout.java:68:onLayout()]child = android.widget.LinearLayout{4198eb08 V.E..... ......ID 359,0-531,38 #7f09007e app:id/system_icon_area} ,w = 172
01-02 02:27:45.469: I/StatusBarLinearLayout(1016): [StatusBarLinearLayout.java:74:onLayout()]nTotalWidth = 522, r = 540
01-02 02:27:45.479: I/StatusBarLinearLayout(1016): [StatusBarLinearLayout.java:77:onLayout()]sum = 522, mIconSize = 36
01-02 02:27:45.479: I/StatusBarLinearLayout(1016): [StatusBarLinearLayout.java:78:onLayout()]Notification 350==> 350
01-02 02:27:45.479: I/StatusBarLinearLayout(1016): [StatusBarLinearLayout.java:82:onLayout()]-----------------------
01-02 02:27:45.489: I/StatusBarLinearLayout(1016): [StatusBarLinearLayout.java:123:onLayout()]child = android.widget.LinearLayout{41986900 G.E..... ......I. 9,0-9,38 #7f090078 app:id/operator_layout} ,w = 0
01-02 02:27:45.489: I/StatusBarLinearLayout(1016): [StatusBarLinearLayout.java:123:onLayout()]child = android.widget.LinearLayout{4198a998 V.E..... ........ 9,0-359,38 #7f09007a app:id/notification_icon_area} ,w = 350
01-02 02:27:45.489: I/StatusBarLinearLayout(1016): [StatusBarLinearLayout.java:123:onLayout()]child = android.widget.LinearLayout{4198e1f0 V.E..... ........ 359,0-359,38 #7f09007d app:id/statusIcons} ,w = 0
01-02 02:27:45.489: I/StatusBarLinearLayout(1016): [StatusBarLinearLayout.java:123:onLayout()]child = android.widget.LinearLayout{4198eb08 V.E..... ......ID 359,0-531,38 #7f09007e app:id/system_icon_area} ,w = 172
01-02 02:27:45.499: I/StatusBarLinearLayout(1016): [StatusBarLinearLayout.java:128:onLayout()]sum = 522
01-02 02:27:59.989: D/KeyguardUpdateMonitor(796): handleTimeUpdate
01-02 02:28:00.009: I/StatusBarLinearLayout(1016): [StatusBarLinearLayout.java:55:onLayout()]================================
01-02 02:28:00.009: I/StatusBarLinearLayout(1016): [StatusBarLinearLayout.java:68:onLayout()]child = android.widget.LinearLayout{4198a998 V.E..... ........ 9,0-359,38 #7f09007a app:id/notification_icon_area} ,w = 350
01-02 02:28:00.009: I/StatusBarLinearLayout(1016): [StatusBarLinearLayout.java:68:onLayout()]child = android.widget.LinearLayout{4198e1f0 V.E..... ........ 359,0-359,38 #7f09007d app:id/statusIcons} ,w = 0
01-02 02:28:00.009: I/StatusBarLinearLayout(1016): [StatusBarLinearLayout.java:68:onLayout()]child = android.widget.LinearLayout{4198eb08 V.E..... ......ID 359,0-531,38 #7f09007e app:id/system_icon_area} ,w = 172
01-02 02:28:00.009: I/StatusBarLinearLayout(1016): [StatusBarLinearLayout.java:74:onLayout()]nTotalWidth = 522, r = 540
01-02 02:28:00.009: I/StatusBarLinearLayout(1016): [StatusBarLinearLayout.java:77:onLayout()]sum = 522, mIconSize = 36
01-02 02:28:00.019: I/StatusBarLinearLayout(1016): [StatusBarLinearLayout.java:78:onLayout()]Notification 350==> 350
01-02 02:28:00.019: I/StatusBarLinearLayout(1016): [StatusBarLinearLayout.java:82:onLayout()]-----------------------
01-02 02:28:00.019: I/StatusBarLinearLayout(1016): [StatusBarLinearLayout.java:123:onLayout()]child = android.widget.LinearLayout{41986900 G.E..... ......I. 9,0-9,38 #7f090078 app:id/operator_layout} ,w = 0
01-02 02:28:00.019: I/StatusBarLinearLayout(1016): [StatusBarLinearLayout.java:123:onLayout()]child = android.widget.LinearLayout{4198a998 V.E..... ........ 9,0-359,38 #7f09007a app:id/notification_icon_area} ,w = 350
01-02 02:28:00.019: I/StatusBarLinearLayout(1016): [StatusBarLinearLayout.java:123:onLayout()]child = android.widget.LinearLayout{4198e1f0 V.E..... ........ 359,0-359,38 #7f09007d app:id/statusIcons} ,w = 0
01-02 02:28:00.019: I/StatusBarLinearLayout(1016): [StatusBarLinearLayout.java:123:onLayout()]child = android.widget.LinearLayout{4198eb08 V.E..... ......ID 359,0-531,38 #7f09007e app:id/system_icon_area} ,w = 172
01-02 02:28:00.029: I/StatusBarLinearLayout(1016): [StatusBarLinearLayout.java:128:onLayout()]sum = 522
01-02 02:28:02.529: W/CellInfoLte(1145): getCellIdentity: LteCellIdentitiy:android.telephony.CellIdentityLte@7fffffa3 mMcc=0 mMnc=0 mCi=2147483647 mPci=2147483647 mTac=2147483647
01-02 02:28:02.529: W/CellInfoLte(1145): writeToParcel(Parcel, int): CellInfoLte: mRegistered=NO mTimeStampType=unknown mTimeStamp=9223372036854775807ns, LteCellIdentitiy:android.telephony.CellIdentityLte@7fffffa3 mMcc=0 mMnc=0 mCi=2147483647 mPci=2147483647 mTac=2147483647, CellSignalStrengthLte: ss=2147483647 rsrp=2147483647 rsrq=2147483647 rssnr=2147483647 cqi=2147483647 ta=2147483647
01-02 02:28:02.529: W/CellInfoLte(796): CellInfoLte(Parcel): CellInfoLte: mRegistered=NO mTimeStampType=unknown mTimeStamp=9223372036854775807ns, LteCellIdentitiy:android.telephony.CellIdentityLte@7fffffa3 mMcc=0 mMnc=0 mCi=2147483647 mPci=2147483647 mTac=2147483647, CellSignalStrengthLte: ss=2147483647 rsrp=2147483647 rsrq=2147483647 rssnr=2147483647 cqi=2147483647 ta=2147483647
01-02 02:28:02.529: W/CellInfoLte(1145): writeToParcel(Parcel, int): CellInfoLte: mRegistered=NO mTimeStampType=unknown mTimeStamp=9223372036854775807ns, LteCellIdentitiy:android.telephony.CellIdentityLte@7fffffa3 mMcc=0 mMnc=0 mCi=2147483647 mPci=2147483647 mTac=2147483647, CellSignalStrengthLte: ss=2147483647 rsrp=2147483647 rsrq=2147483647 rssnr=2147483647 cqi=2147483647 ta=2147483647
01-02 02:28:02.529: W/CellInfoLte(796): CellInfoLte(Parcel): CellInfoLte: mRegistered=NO mTimeStampType=unknown mTimeStamp=9223372036854775807ns, LteCellIdentitiy:android.telephony.CellIdentityLte@7fffffa3 mMcc=0 mMnc=0 mCi=2147483647 mPci=2147483647 mTac=2147483647, CellSignalStrengthLte: ss=2147483647 rsrp=2147483647 rsrq=2147483647 rssnr=2147483647 cqi=2147483647 ta=2147483647
01-02 02:28:02.529: W/CellInfoLte(796): writeToParcel(Parcel, int): CellInfoLte: mRegistered=NO mTimeStampType=unknown mTimeStamp=9223372036854775807ns, LteCellIdentitiy:android.telephony.CellIdentityLte@7fffffa3 mMcc=0 mMnc=0 mCi=2147483647 mPci=2147483647 mTac=2147483647, CellSignalStrengthLte: ss=2147483647 rsrp=2147483647 rsrq=2147483647 rssnr=2147483647 cqi=2147483647 ta=2147483647
01-02 02:28:02.529: W/CellInfoLte(796): writeToParcel(Parcel, int): CellInfoLte: mRegistered=NO mTimeStampType=unknown mTimeStamp=9223372036854775807ns, LteCellIdentitiy:android.telephony.CellIdentityLte@7fffffa3 mMcc=0 mMnc=0 mCi=2147483647 mPci=2147483647 mTac=2147483647, CellSignalStrengthLte: ss=2147483647 rsrp=2147483647 rsrq=2147483647 rssnr=2147483647 cqi=2147483647 ta=2147483647
01-02 02:28:02.529: D/PhoneInterfaceManager(1145): [PhoneIntfMgr] sigLevel = 0
01-02 02:28:02.529: W/CellInfoLte(1256): CellInfoLte(Parcel): CellInfoLte: mRegistered=NO mTimeStampType=unknown mTimeStamp=9223372036854775807ns, LteCellIdentitiy:android.telephony.CellIdentityLte@7fffffa3 mMcc=0 mMnc=0 mCi=2147483647 mPci=2147483647 mTac=2147483647, CellSignalStrengthLte: ss=2147483647 rsrp=2147483647 rsrq=2147483647 rssnr=2147483647 cqi=2147483647 ta=2147483647
01-02 02:28:02.529: W/CellInfoLte(27948): CellInfoLte(Parcel): CellInfoLte: mRegistered=NO mTimeStampType=unknown mTimeStamp=9223372036854775807ns, LteCellIdentitiy:android.telephony.CellIdentityLte@7fffffa3 mMcc=0 mMnc=0 mCi=2147483647 mPci=2147483647 mTac=2147483647, CellSignalStrengthLte: ss=2147483647 rsrp=2147483647 rsrq=2147483647 rssnr=2147483647 cqi=2147483647 ta=2147483647
01-02 02:28:02.529: D/StatusBar.MSimNetworkController(1016): isSimInserted(0), SimInserted=false
01-02 02:28:02.529: D/StatusBar.MSimNetworkController(1016): isSimInserted(0), SimInserted=false
01-02 02:28:02.529: D/StatusBar.MSimNetworkController(1016): isSimInserted(0), SimInserted=false
01-02 02:28:02.539: D/LGPhoneStatusBarPolicy(1016): [LGPhoneStatusBarPolicy.java:109:onReceive()]ACTION_SIGNAL_STRENGTH_CHANGED!!!
01-02 02:28:02.539: D/LGPhoneStatusBarPolicy(1016): [LGPhoneStatusBarPolicy.java:109:onReceive()]ACTION_SIGNAL_STRENGTH_CHANGED!!!
01-02 02:28:02.539: I/StatusBarLinearLayout(1016): [StatusBarLinearLayout.java:55:onLayout()]================================
01-02 02:28:02.539: I/StatusBarLinearLayout(1016): [StatusBarLinearLayout.java:68:onLayout()]child = android.widget.LinearLayout{4198a998 V.E..... ........ 9,0-359,38 #7f09007a app:id/notification_icon_area} ,w = 350
01-02 02:28:02.539: I/StatusBarLinearLayout(1016): [StatusBarLinearLayout.java:68:onLayout()]child = android.widget.LinearLayout{4198e1f0 V.E..... ........ 359,0-359,38 #7f09007d app:id/statusIcons} ,w = 0
01-02 02:28:02.539: I/StatusBarLinearLayout(1016): [StatusBarLinearLayout.java:68:onLayout()]child = android.widget.LinearLayout{4198eb08 V.E..... ......ID 359,0-531,38 #7f09007e app:id/system_icon_area} ,w = 172
01-02 02:28:02.539: D/StatusBar.MSimNetworkController(1016): isSimInserted(0), SimInserted=false
01-02 02:28:02.549: I/StatusBarLinearLayout(1016): [StatusBarLinearLayout.java:74:onLayout()]nTotalWidth = 522, r = 540
01-02 02:28:02.549: I/StatusBarLinearLayout(1016): [StatusBarLinearLayout.java:77:onLayout()]sum = 522, mIconSize = 36
01-02 02:28:02.549: I/StatusBarLinearLayout(1016): [StatusBarLinearLayout.java:78:onLayout()]Notification 350==> 350
01-02 02:28:02.549: I/StatusBarLinearLayout(1016): [StatusBarLinearLayout.java:82:onLayout()]-----------------------
01-02 02:28:02.559: I/StatusBarLinearLayout(1016): [StatusBarLinearLayout.java:123:onLayout()]child = android.widget.LinearLayout{41986900 G.E..... ......I. 9,0-9,38 #7f090078 app:id/operator_layout} ,w = 0
01-02 02:28:02.559: I/StatusBarLinearLayout(1016): [StatusBarLinearLayout.java:123:onLayout()]child = android.widget.LinearLayout{4198a998 V.E..... ........ 9,0-359,38 #7f09007a app:id/notification_icon_area} ,w = 350
01-02 02:28:02.559: I/StatusBarLinearLayout(1016): [StatusBarLinearLayout.java:123:onLayout()]child = android.widget.LinearLayout{4198e1f0 V.E..... ........ 359,0-359,38 #7f09007d app:id/statusIcons} ,w = 0
01-02 02:28:02.569: I/StatusBarLinearLayout(1016): [StatusBarLinearLayout.java:123:onLayout()]child = android.widget.LinearLayout{4198eb08 V.E..... ......ID 359,0-531,38 #7f09007e app:id/system_icon_area} ,w = 172
01-02 02:28:02.569: I/StatusBarLinearLayout(1016): [StatusBarLinearLayout.java:128:onLayout()]sum = 522
01-02 02:28:04.329: I/ActivityManager(796): START u0 {flg=0x14000000 cmp=com.antutu.ABenchMark/.Test2D.SpriteTestActivity} from pid 31208
01-02 02:28:04.359: D/dalvikvm(31208): Trying to load lib /data/app-lib/com.antutu.ABenchMark-1/libabenchmark.so 0x41949748
01-02 02:28:04.359: D/dalvikvm(31208): Shared lib '/data/app-lib/com.antutu.ABenchMark-1/libabenchmark.so' already loaded in same CL 0x41949748
01-02 02:28:04.369: V/PhoneStatusBar(1016): setLightsOn(true)
01-02 02:28:04.399: I/Adreno-EGL(31208): <qeglDrvAPI_eglInitialize:316>: EGL 1.4 QUALCOMM build: AU_LINUX_ANDROID_JB_MR1_RB2.04.02.02.070.027_msm8226_JB_MR1_RB2_CL3931765_release_AU (CL3931765)
01-02 02:28:04.399: I/Adreno-EGL(31208): OpenGL ES Shader Compiler Version: 17.01.06
01-02 02:28:04.399: I/Adreno-EGL(31208): Build Date: 07/01/13 Mon
01-02 02:28:04.399: I/Adreno-EGL(31208): Local Branch: mybranch1195718
01-02 02:28:04.399: I/Adreno-EGL(31208): Remote Branch: quic/jb_mr1_rb2.22
01-02 02:28:04.399: I/Adreno-EGL(31208): Local Patches: NONE
01-02 02:28:04.399: I/Adreno-EGL(31208): Reconstruct Branch: AU_LINUX_ANDROID_JB_MR1_RB2.04.02.02.070.027 +  NOTHING
01-02 02:28:04.399: W/Adreno-EGL(31208): <qeglDrvAPI_eglGetConfigAttrib:538>: EGL_BAD_ATTRIBUTE
01-02 02:28:04.399: W/Adreno-EGL(31208): <qeglDrvAPI_eglGetConfigAttrib:538>: EGL_BAD_ATTRIBUTE
01-02 02:28:04.399: W/Adreno-EGL(31208): <qeglDrvAPI_eglGetConfigAttrib:538>: EGL_BAD_ATTRIBUTE
01-02 02:28:04.399: W/Adreno-EGL(31208): <qeglDrvAPI_eglGetConfigAttrib:538>: EGL_BAD_ATTRIBUTE
01-02 02:28:04.399: W/Adreno-EGL(31208): <qeglDrvAPI_eglGetConfigAttrib:538>: EGL_BAD_ATTRIBUTE
01-02 02:28:04.399: W/Adreno-EGL(31208): <qeglDrvAPI_eglGetConfigAttrib:538>: EGL_BAD_ATTRIBUTE
01-02 02:28:04.399: W/Adreno-EGL(31208): <qeglDrvAPI_eglGetConfigAttrib:538>: EGL_BAD_ATTRIBUTE
01-02 02:28:04.399: W/Adreno-EGL(31208): <qeglDrvAPI_eglGetConfigAttrib:538>: EGL_BAD_ATTRIBUTE
01-02 02:28:04.399: W/Adreno-EGL(31208): <qeglDrvAPI_eglGetConfigAttrib:538>: EGL_BAD_ATTRIBUTE
01-02 02:28:04.399: W/Adreno-EGL(31208): <qeglDrvAPI_eglGetConfigAttrib:538>: EGL_BAD_ATTRIBUTE
01-02 02:28:04.399: W/Adreno-EGL(31208): <qeglDrvAPI_eglGetConfigAttrib:538>: EGL_BAD_ATTRIBUTE
01-02 02:28:04.399: W/Adreno-EGL(31208): <qeglDrvAPI_eglGetConfigAttrib:538>: EGL_BAD_ATTRIBUTE
01-02 02:28:04.399: W/Adreno-EGL(31208): <qeglDrvAPI_eglGetConfigAttrib:538>: EGL_BAD_ATTRIBUTE
01-02 02:28:04.399: W/Adreno-EGL(31208): <qeglDrvAPI_eglGetConfigAttrib:538>: EGL_BAD_ATTRIBUTE
01-02 02:28:04.399: W/Adreno-EGL(31208): <qeglDrvAPI_eglGetConfigAttrib:538>: EGL_BAD_ATTRIBUTE
01-02 02:28:04.399: W/Adreno-EGL(31208): <qeglDrvAPI_eglGetConfigAttrib:538>: EGL_BAD_ATTRIBUTE
01-02 02:28:04.399: W/Adreno-EGL(31208): <qeglDrvAPI_eglGetConfigAttrib:538>: EGL_BAD_ATTRIBUTE
01-02 02:28:04.399: W/Adreno-EGL(31208): <qeglDrvAPI_eglGetConfigAttrib:538>: EGL_BAD_ATTRIBUTE
01-02 02:28:04.399: W/Adreno-EGL(31208): <qeglDrvAPI_eglGetConfigAttrib:538>: EGL_BAD_ATTRIBUTE
01-02 02:28:04.399: W/Adreno-EGL(31208): <qeglDrvAPI_eglGetConfigAttrib:538>: EGL_BAD_ATTRIBUTE
01-02 02:28:04.399: W/Adreno-EGL(31208): <qeglDrvAPI_eglGetConfigAttrib:538>: EGL_BAD_ATTRIBUTE
01-02 02:28:04.399: W/Adreno-EGL(31208): <qeglDrvAPI_eglGetConfigAttrib:538>: EGL_BAD_ATTRIBUTE
01-02 02:28:04.399: W/Adreno-EGL(31208): <qeglDrvAPI_eglGetConfigAttrib:538>: EGL_BAD_ATTRIBUTE
01-02 02:28:04.399: W/Adreno-EGL(31208): <qeglDrvAPI_eglGetConfigAttrib:538>: EGL_BAD_ATTRIBUTE
01-02 02:28:04.399: W/Adreno-EGL(31208): <qeglDrvAPI_eglGetConfigAttrib:538>: EGL_BAD_ATTRIBUTE
01-02 02:28:04.399: W/Adreno-EGL(31208): <qeglDrvAPI_eglGetConfigAttrib:538>: EGL_BAD_ATTRIBUTE
01-02 02:28:04.399: W/Adreno-EGL(31208): <qeglDrvAPI_eglGetConfigAttrib:538>: EGL_BAD_ATTRIBUTE
01-02 02:28:04.399: W/Adreno-EGL(31208): <qeglDrvAPI_eglGetConfigAttrib:538>: EGL_BAD_ATTRIBUTE
01-02 02:28:04.399: W/Adreno-EGL(31208): <qeglDrvAPI_eglGetConfigAttrib:538>: EGL_BAD_ATTRIBUTE
01-02 02:28:04.399: W/Adreno-EGL(31208): <qeglDrvAPI_eglGetConfigAttrib:538>: EGL_BAD_ATTRIBUTE
01-02 02:28:04.399: W/Adreno-EGL(31208): <qeglDrvAPI_eglGetConfigAttrib:538>: EGL_BAD_ATTRIBUTE
01-02 02:28:04.399: W/Adreno-EGL(31208): <qeglDrvAPI_eglGetConfigAttrib:538>: EGL_BAD_ATTRIBUTE
01-02 02:28:04.399: W/Adreno-EGL(31208): <qeglDrvAPI_eglGetConfigAttrib:538>: EGL_BAD_ATTRIBUTE
01-02 02:28:04.399: W/Adreno-EGL(31208): <qeglDrvAPI_eglGetConfigAttrib:538>: EGL_BAD_ATTRIBUTE
01-02 02:28:04.429: W/Adreno-EGL(31208): <qeglDrvAPI_eglGetConfigAttrib:538>: EGL_BAD_ATTRIBUTE
01-02 02:28:04.429: W/Adreno-EGL(31208): <qeglDrvAPI_eglGetConfigAttrib:538>: EGL_BAD_ATTRIBUTE
01-02 02:28:04.439: I/ActivityManager(796): Displayed com.antutu.ABenchMark/.Test2D.SpriteTestActivity: +86ms
01-02 02:28:04.439: V/InputMethodManagerService(796): SoftKeypad HIDE broadcast
01-02 02:28:04.439: W/ContextImpl(796): Calling a method in the system process without a qualified user: android.app.ContextImpl.sendBroadcast:1044 com.android.server.InputMethodManagerService.hideCurrentInputLocked:1832 com.android.server.InputMethodManagerService.windowGainedFocus:1938 com.android.internal.view.IInputMethodManager$Stub.onTransact:224 com.android.server.InputMethodManagerService.onTransact:841 
01-02 02:28:04.459: D/LgeImeImpl(1107): [LgeImeImpl.java:3634:LgeImeImpl.onFinishInput()] [IN]onFinishInput
01-02 02:28:04.459: D/LgeImeImpl(1107): [LgeImeImpl.java:3653:LgeImeImpl.onFinishInput()] [OUT]onFinishInput
01-02 02:28:04.459: D/LgeImeImpl(1107): [LgeImeImpl.java:1153:LgeImeImpl.onStartInput()] [IN] onStartInput[restarting:false]
01-02 02:28:04.459: D/LgeImeImpl(1107): [LgeImeImpl.java:1196:LgeImeImpl.parsePrivateImeOptions()] debug : parse private ime options - 
01-02 02:28:04.459: D/PrivateImeOptions(1107): [PrivateImeOptions.java:94:PrivateImeOptions.parsePrivateImeOptions()] debug : parsing privateImeOptions - 
01-02 02:28:04.459: D/TtsHelper(1107): [LgTtsHelper.java:101:LgTtsHelper.isOneTappingEnabled()] one_touch_input = 1
01-02 02:28:04.459: D/LgeImeImpl(1107): [LgeImeImpl.java:9744:LgeImeImpl.dumpEditorInfo()] inputType=0x0 imeOptions=0x0 privateImeOptions=null actionLabel=null actionId=0 initialSelStart=-1 initialSelEnd=-1 initialCapsMode=0x0 hintText=null label=null packageName=com.antutu.ABenchMark fieldId=-1 fieldName=null extras=null
01-02 02:28:04.459: I/LgeExtendRowKeyboardHelper(1107): [LgeExtendRowKeyboardHelper.java:63:LgeExtendRowKeyboardHelper.isExtendRowKeyboardAvailable()] Not support extend row keyboard these system properties.
01-02 02:28:04.459: D/LgeImeImpl(1107): [LgeImeImpl.java:1170:LgeImeImpl.onStartInput()] [OUT] onStartInput
01-02 02:28:14.459: V/PhoneStatusBar(1016): setLightsOn(true)
01-02 02:28:14.479: D/LgeImeImpl(1107): [LgeImeImpl.java:3634:LgeImeImpl.onFinishInput()] [IN]onFinishInput
01-02 02:28:14.479: D/LgeImeImpl(1107): [LgeImeImpl.java:3653:LgeImeImpl.onFinishInput()] [OUT]onFinishInput
01-02 02:28:14.479: D/LgeImeImpl(1107): [LgeImeImpl.java:1153:LgeImeImpl.onStartInput()] [IN] onStartInput[restarting:false]
01-02 02:28:14.479: D/LgeImeImpl(1107): [LgeImeImpl.java:1196:LgeImeImpl.parsePrivateImeOptions()] debug : parse private ime options - 
01-02 02:28:14.479: D/PrivateImeOptions(1107): [PrivateImeOptions.java:94:PrivateImeOptions.parsePrivateImeOptions()] debug : parsing privateImeOptions - 
01-02 02:28:14.479: D/TtsHelper(1107): [LgTtsHelper.java:101:LgTtsHelper.isOneTappingEnabled()] one_touch_input = 1
01-02 02:28:14.479: D/LgeImeImpl(1107): [LgeImeImpl.java:9744:LgeImeImpl.dumpEditorInfo()] inputType=0x0 imeOptions=0x0 privateImeOptions=null actionLabel=null actionId=0 initialSelStart=-1 initialSelEnd=-1 initialCapsMode=0x0 hintText=null label=null packageName=com.antutu.ABenchMark fieldId=16908306 fieldName=null extras=null
01-02 02:28:14.479: I/LgeExtendRowKeyboardHelper(1107): [LgeExtendRowKeyboardHelper.java:63:LgeExtendRowKeyboardHelper.isExtendRowKeyboardAvailable()] Not support extend row keyboard these system properties.
01-02 02:28:14.479: D/LgeImeImpl(1107): [LgeImeImpl.java:1170:LgeImeImpl.onStartInput()] [OUT] onStartInput
01-02 02:28:14.659: I/ActivityManager(796): START u0 {flg=0x14000000 cmp=com.antutu.ABenchMark/.Test2D.ParticleTestActivity} from pid 31208
01-02 02:28:14.689: V/PhoneStatusBar(1016): setLightsOn(true)
01-02 02:28:14.709: I/Adreno-EGL(31208): <qeglDrvAPI_eglInitialize:316>: EGL 1.4 QUALCOMM build: AU_LINUX_ANDROID_JB_MR1_RB2.04.02.02.070.027_msm8226_JB_MR1_RB2_CL3931765_release_AU (CL3931765)
01-02 02:28:14.709: I/Adreno-EGL(31208): OpenGL ES Shader Compiler Version: 17.01.06
01-02 02:28:14.709: I/Adreno-EGL(31208): Build Date: 07/01/13 Mon
01-02 02:28:14.709: I/Adreno-EGL(31208): Local Branch: mybranch1195718
01-02 02:28:14.709: I/Adreno-EGL(31208): Remote Branch: quic/jb_mr1_rb2.22
01-02 02:28:14.709: I/Adreno-EGL(31208): Local Patches: NONE
01-02 02:28:14.709: I/Adreno-EGL(31208): Reconstruct Branch: AU_LINUX_ANDROID_JB_MR1_RB2.04.02.02.070.027 +  NOTHING
01-02 02:28:14.709: W/Adreno-EGL(31208): <qeglDrvAPI_eglGetConfigAttrib:538>: EGL_BAD_ATTRIBUTE
01-02 02:28:14.709: W/Adreno-EGL(31208): <qeglDrvAPI_eglGetConfigAttrib:538>: EGL_BAD_ATTRIBUTE
01-02 02:28:14.719: W/Adreno-EGL(31208): <qeglDrvAPI_eglGetConfigAttrib:538>: EGL_BAD_ATTRIBUTE
01-02 02:28:14.719: W/Adreno-EGL(31208): <qeglDrvAPI_eglGetConfigAttrib:538>: EGL_BAD_ATTRIBUTE
01-02 02:28:14.719: W/Adreno-EGL(31208): <qeglDrvAPI_eglGetConfigAttrib:538>: EGL_BAD_ATTRIBUTE
01-02 02:28:14.719: W/Adreno-EGL(31208): <qeglDrvAPI_eglGetConfigAttrib:538>: EGL_BAD_ATTRIBUTE
01-02 02:28:14.719: W/Adreno-EGL(31208): <qeglDrvAPI_eglGetConfigAttrib:538>: EGL_BAD_ATTRIBUTE
01-02 02:28:14.719: W/Adreno-EGL(31208): <qeglDrvAPI_eglGetConfigAttrib:538>: EGL_BAD_ATTRIBUTE
01-02 02:28:14.719: W/Adreno-EGL(31208): <qeglDrvAPI_eglGetConfigAttrib:538>: EGL_BAD_ATTRIBUTE
01-02 02:28:14.719: W/Adreno-EGL(31208): <qeglDrvAPI_eglGetConfigAttrib:538>: EGL_BAD_ATTRIBUTE
01-02 02:28:14.719: W/Adreno-EGL(31208): <qeglDrvAPI_eglGetConfigAttrib:538>: EGL_BAD_ATTRIBUTE
01-02 02:28:14.719: W/Adreno-EGL(31208): <qeglDrvAPI_eglGetConfigAttrib:538>: EGL_BAD_ATTRIBUTE
01-02 02:28:14.719: W/Adreno-EGL(31208): <qeglDrvAPI_eglGetConfigAttrib:538>: EGL_BAD_ATTRIBUTE
01-02 02:28:14.719: W/Adreno-EGL(31208): <qeglDrvAPI_eglGetConfigAttrib:538>: EGL_BAD_ATTRIBUTE
01-02 02:28:14.719: W/Adreno-EGL(31208): <qeglDrvAPI_eglGetConfigAttrib:538>: EGL_BAD_ATTRIBUTE
01-02 02:28:14.719: W/Adreno-EGL(31208): <qeglDrvAPI_eglGetConfigAttrib:538>: EGL_BAD_ATTRIBUTE
01-02 02:28:14.719: W/Adreno-EGL(31208): <qeglDrvAPI_eglGetConfigAttrib:538>: EGL_BAD_ATTRIBUTE
01-02 02:28:14.719: W/Adreno-EGL(31208): <qeglDrvAPI_eglGetConfigAttrib:538>: EGL_BAD_ATTRIBUTE
01-02 02:28:14.719: W/Adreno-EGL(31208): <qeglDrvAPI_eglGetConfigAttrib:538>: EGL_BAD_ATTRIBUTE
01-02 02:28:14.719: W/Adreno-EGL(31208): <qeglDrvAPI_eglGetConfigAttrib:538>: EGL_BAD_ATTRIBUTE
01-02 02:28:14.719: W/Adreno-EGL(31208): <qeglDrvAPI_eglGetConfigAttrib:538>: EGL_BAD_ATTRIBUTE
01-02 02:28:14.719: W/Adreno-EGL(31208): <qeglDrvAPI_eglGetConfigAttrib:538>: EGL_BAD_ATTRIBUTE
01-02 02:28:14.719: W/Adreno-EGL(31208): <qeglDrvAPI_eglGetConfigAttrib:538>: EGL_BAD_ATTRIBUTE
01-02 02:28:14.719: W/Adreno-EGL(31208): <qeglDrvAPI_eglGetConfigAttrib:538>: EGL_BAD_ATTRIBUTE
01-02 02:28:14.719: W/Adreno-EGL(31208): <qeglDrvAPI_eglGetConfigAttrib:538>: EGL_BAD_ATTRIBUTE
01-02 02:28:14.719: W/Adreno-EGL(31208): <qeglDrvAPI_eglGetConfigAttrib:538>: EGL_BAD_ATTRIBUTE
01-02 02:28:14.719: W/Adreno-EGL(31208): <qeglDrvAPI_eglGetConfigAttrib:538>: EGL_BAD_ATTRIBUTE
01-02 02:28:14.719: W/Adreno-EGL(31208): <qeglDrvAPI_eglGetConfigAttrib:538>: EGL_BAD_ATTRIBUTE
01-02 02:28:14.719: W/Adreno-EGL(31208): <qeglDrvAPI_eglGetConfigAttrib:538>: EGL_BAD_ATTRIBUTE
01-02 02:28:14.719: W/Adreno-EGL(31208): <qeglDrvAPI_eglGetConfigAttrib:538>: EGL_BAD_ATTRIBUTE
01-02 02:28:14.719: W/Adreno-EGL(31208): <qeglDrvAPI_eglGetConfigAttrib:538>: EGL_BAD_ATTRIBUTE
01-02 02:28:14.719: W/Adreno-EGL(31208): <qeglDrvAPI_eglGetConfigAttrib:538>: EGL_BAD_ATTRIBUTE
01-02 02:28:14.729: W/Adreno-EGL(31208): <qeglDrvAPI_eglGetConfigAttrib:538>: EGL_BAD_ATTRIBUTE
01-02 02:28:14.729: W/Adreno-EGL(31208): <qeglDrvAPI_eglGetConfigAttrib:538>: EGL_BAD_ATTRIBUTE
01-02 02:28:14.739: I/ActivityManager(796): Displayed com.antutu.ABenchMark/.Test2D.ParticleTestActivity: +67ms
01-02 02:28:14.749: W/Adreno-EGL(31208): <qeglDrvAPI_eglGetConfigAttrib:538>: EGL_BAD_ATTRIBUTE
01-02 02:28:14.749: W/Adreno-EGL(31208): <qeglDrvAPI_eglGetConfigAttrib:538>: EGL_BAD_ATTRIBUTE
01-02 02:28:14.749: V/InputMethodManagerService(796): SoftKeypad HIDE broadcast
01-02 02:28:14.749: W/ContextImpl(796): Calling a method in the system process without a qualified user: android.app.ContextImpl.sendBroadcast:1044 com.android.server.InputMethodManagerService.hideCurrentInputLocked:1832 com.android.server.InputMethodManagerService.windowGainedFocus:1938 com.android.internal.view.IInputMethodManager$Stub.onTransact:224 com.android.server.InputMethodManagerService.onTransact:841 
01-02 02:28:14.769: D/LgeImeImpl(1107): [LgeImeImpl.java:3634:LgeImeImpl.onFinishInput()] [IN]onFinishInput
01-02 02:28:14.769: D/LgeImeImpl(1107): [LgeImeImpl.java:3653:LgeImeImpl.onFinishInput()] [OUT]onFinishInput
01-02 02:28:14.769: D/LgeImeImpl(1107): [LgeImeImpl.java:1153:LgeImeImpl.onStartInput()] [IN] onStartInput[restarting:false]
01-02 02:28:14.769: D/LgeImeImpl(1107): [LgeImeImpl.java:1196:LgeImeImpl.parsePrivateImeOptions()] debug : parse private ime options - 
01-02 02:28:14.769: D/PrivateImeOptions(1107): [PrivateImeOptions.java:94:PrivateImeOptions.parsePrivateImeOptions()] debug : parsing privateImeOptions - 
01-02 02:28:14.769: D/TtsHelper(1107): [LgTtsHelper.java:101:LgTtsHelper.isOneTappingEnabled()] one_touch_input = 1
01-02 02:28:14.769: D/LgeImeImpl(1107): [LgeImeImpl.java:9744:LgeImeImpl.dumpEditorInfo()] inputType=0x0 imeOptions=0x0 privateImeOptions=null actionLabel=null actionId=0 initialSelStart=-1 initialSelEnd=-1 initialCapsMode=0x0 hintText=null label=null packageName=com.antutu.ABenchMark fieldId=-1 fieldName=null extras=null
01-02 02:28:14.769: I/LgeExtendRowKeyboardHelper(1107): [LgeExtendRowKeyboardHelper.java:63:LgeExtendRowKeyboardHelper.isExtendRowKeyboardAvailable()] Not support extend row keyboard these system properties.
01-02 02:28:14.769: D/LgeImeImpl(1107): [LgeImeImpl.java:1170:LgeImeImpl.onStartInput()] [OUT] onStartInput
01-02 02:28:14.849: I/System.out(31208): 200
01-02 02:28:14.879: I/System.out(31208): 200
01-02 02:28:14.919: I/System.out(31208): 200
01-02 02:28:14.949: I/System.out(31208): 200
01-02 02:28:22.559: D/StatusBar.MSimNetworkController(1016): isSimInserted(0), SimInserted=false
01-02 02:28:22.559: W/CellInfoLte(1145): getCellIdentity: LteCellIdentitiy:android.telephony.CellIdentityLte@7fffffa3 mMcc=0 mMnc=0 mCi=2147483647 mPci=2147483647 mTac=2147483647
01-02 02:28:22.559: W/CellInfoLte(1145): writeToParcel(Parcel, int): CellInfoLte: mRegistered=NO mTimeStampType=unknown mTimeStamp=9223372036854775807ns, LteCellIdentitiy:android.telephony.CellIdentityLte@7fffffa3 mMcc=0 mMnc=0 mCi=2147483647 mPci=2147483647 mTac=2147483647, CellSignalStrengthLte: ss=2147483647 rsrp=2147483647 rsrq=2147483647 rssnr=2147483647 cqi=2147483647 ta=2147483647
01-02 02:28:22.559: W/CellInfoLte(796): CellInfoLte(Parcel): CellInfoLte: mRegistered=NO mTimeStampType=unknown mTimeStamp=9223372036854775807ns, LteCellIdentitiy:android.telephony.CellIdentityLte@7fffffa3 mMcc=0 mMnc=0 mCi=2147483647 mPci=2147483647 mTac=2147483647, CellSignalStrengthLte: ss=2147483647 rsrp=2147483647 rsrq=2147483647 rssnr=2147483647 cqi=2147483647 ta=2147483647
01-02 02:28:22.559: W/CellInfoLte(1145): writeToParcel(Parcel, int): CellInfoLte: mRegistered=NO mTimeStampType=unknown mTimeStamp=9223372036854775807ns, LteCellIdentitiy:android.telephony.CellIdentityLte@7fffffa3 mMcc=0 mMnc=0 mCi=2147483647 mPci=2147483647 mTac=2147483647, CellSignalStrengthLte: ss=2147483647 rsrp=2147483647 rsrq=2147483647 rssnr=2147483647 cqi=2147483647 ta=2147483647
01-02 02:28:22.559: W/CellInfoLte(796): CellInfoLte(Parcel): CellInfoLte: mRegistered=NO mTimeStampType=unknown mTimeStamp=9223372036854775807ns, LteCellIdentitiy:android.telephony.CellIdentityLte@7fffffa3 mMcc=0 mMnc=0 mCi=2147483647 mPci=2147483647 mTac=2147483647, CellSignalStrengthLte: ss=2147483647 rsrp=2147483647 rsrq=2147483647 rssnr=2147483647 cqi=2147483647 ta=2147483647
01-02 02:28:22.559: W/CellInfoLte(796): writeToParcel(Parcel, int): CellInfoLte: mRegistered=NO mTimeStampType=unknown mTimeStamp=9223372036854775807ns, LteCellIdentitiy:android.telephony.CellIdentityLte@7fffffa3 mMcc=0 mMnc=0 mCi=2147483647 mPci=2147483647 mTac=2147483647, CellSignalStrengthLte: ss=2147483647 rsrp=2147483647 rsrq=2147483647 rssnr=2147483647 cqi=2147483647 ta=2147483647
01-02 02:28:22.559: W/CellInfoLte(796): writeToParcel(Parcel, int): CellInfoLte: mRegistered=NO mTimeStampType=unknown mTimeStamp=9223372036854775807ns, LteCellIdentitiy:android.telephony.CellIdentityLte@7fffffa3 mMcc=0 mMnc=0 mCi=2147483647 mPci=2147483647 mTac=2147483647, CellSignalStrengthLte: ss=2147483647 rsrp=2147483647 rsrq=2147483647 rssnr=2147483647 cqi=2147483647 ta=2147483647
01-02 02:28:22.559: W/CellInfoLte(1256): CellInfoLte(Parcel): CellInfoLte: mRegistered=NO mTimeStampType=unknown mTimeStamp=9223372036854775807ns, LteCellIdentitiy:android.telephony.CellIdentityLte@7fffffa3 mMcc=0 mMnc=0 mCi=2147483647 mPci=2147483647 mTac=2147483647, CellSignalStrengthLte: ss=2147483647 rsrp=2147483647 rsrq=2147483647 rssnr=2147483647 cqi=2147483647 ta=2147483647
01-02 02:28:22.559: W/CellInfoLte(27948): CellInfoLte(Parcel): CellInfoLte: mRegistered=NO mTimeStampType=unknown mTimeStamp=9223372036854775807ns, LteCellIdentitiy:android.telephony.CellIdentityLte@7fffffa3 mMcc=0 mMnc=0 mCi=2147483647 mPci=2147483647 mTac=2147483647, CellSignalStrengthLte: ss=2147483647 rsrp=2147483647 rsrq=2147483647 rssnr=2147483647 cqi=2147483647 ta=2147483647
01-02 02:28:22.559: D/PhoneInterfaceManager(1145): [PhoneIntfMgr] sigLevel = 0
01-02 02:28:22.559: D/LGPhoneStatusBarPolicy(1016): [LGPhoneStatusBarPolicy.java:109:onReceive()]ACTION_SIGNAL_STRENGTH_CHANGED!!!
01-02 02:28:22.559: D/StatusBar.MSimNetworkController(1016): isSimInserted(0), SimInserted=false
01-02 02:28:22.559: D/StatusBar.MSimNetworkController(1016): isSimInserted(0), SimInserted=false
01-02 02:28:22.559: D/StatusBar.MSimNetworkController(1016): isSimInserted(0), SimInserted=false
01-02 02:28:22.569: I/StatusBarLinearLayout(1016): [StatusBarLinearLayout.java:55:onLayout()]================================
01-02 02:28:22.569: I/StatusBarLinearLayout(1016): [StatusBarLinearLayout.java:68:onLayout()]child = android.widget.LinearLayout{4198a998 V.E..... ........ 9,0-359,38 #7f09007a app:id/notification_icon_area} ,w = 350
01-02 02:28:22.569: I/StatusBarLinearLayout(1016): [StatusBarLinearLayout.java:68:onLayout()]child = android.widget.LinearLayout{4198e1f0 V.E..... ........ 359,0-359,38 #7f09007d app:id/statusIcons} ,w = 0
01-02 02:28:22.579: I/StatusBarLinearLayout(1016): [StatusBarLinearLayout.java:68:onLayout()]child = android.widget.LinearLayout{4198eb08 V.E..... ......ID 359,0-531,38 #7f09007e app:id/system_icon_area} ,w = 172
01-02 02:28:22.579: I/StatusBarLinearLayout(1016): [StatusBarLinearLayout.java:74:onLayout()]nTotalWidth = 522, r = 540
01-02 02:28:22.579: I/StatusBarLinearLayout(1016): [StatusBarLinearLayout.java:77:onLayout()]sum = 522, mIconSize = 36
01-02 02:28:22.579: I/StatusBarLinearLayout(1016): [StatusBarLinearLayout.java:78:onLayout()]Notification 350==> 350
01-02 02:28:22.579: I/StatusBarLinearLayout(1016): [StatusBarLinearLayout.java:82:onLayout()]-----------------------
01-02 02:28:22.579: I/StatusBarLinearLayout(1016): [StatusBarLinearLayout.java:123:onLayout()]child = android.widget.LinearLayout{41986900 G.E..... ......I. 9,0-9,38 #7f090078 app:id/operator_layout} ,w = 0
01-02 02:28:22.579: I/StatusBarLinearLayout(1016): [StatusBarLinearLayout.java:123:onLayout()]child = android.widget.LinearLayout{4198a998 V.E..... ........ 9,0-359,38 #7f09007a app:id/notification_icon_area} ,w = 350
01-02 02:28:22.589: I/StatusBarLinearLayout(1016): [StatusBarLinearLayout.java:123:onLayout()]child = android.widget.LinearLayout{4198e1f0 V.E..... ........ 359,0-359,38 #7f09007d app:id/statusIcons} ,w = 0
01-02 02:28:22.589: I/StatusBarLinearLayout(1016): [StatusBarLinearLayout.java:123:onLayout()]child = android.widget.LinearLayout{4198eb08 V.E..... ......ID 359,0-531,38 #7f09007e app:id/system_icon_area} ,w = 172
01-02 02:28:22.589: I/StatusBarLinearLayout(1016): [StatusBarLinearLayout.java:128:onLayout()]sum = 522
01-02 02:28:22.589: D/LGPhoneStatusBarPolicy(1016): [LGPhoneStatusBarPolicy.java:109:onReceive()]ACTION_SIGNAL_STRENGTH_CHANGED!!!
01-02 02:28:29.859: V/PhoneStatusBar(1016): setLightsOn(true)
01-02 02:28:29.889: D/LgeImeImpl(1107): [LgeImeImpl.java:3634:LgeImeImpl.onFinishInput()] [IN]onFinishInput
01-02 02:28:29.889: D/LgeImeImpl(1107): [LgeImeImpl.java:3653:LgeImeImpl.onFinishInput()] [OUT]onFinishInput
01-02 02:28:29.889: D/LgeImeImpl(1107): [LgeImeImpl.java:1153:LgeImeImpl.onStartInput()] [IN] onStartInput[restarting:false]
01-02 02:28:29.889: D/LgeImeImpl(1107): [LgeImeImpl.java:1196:LgeImeImpl.parsePrivateImeOptions()] debug : parse private ime options - 
01-02 02:28:29.889: D/PrivateImeOptions(1107): [PrivateImeOptions.java:94:PrivateImeOptions.parsePrivateImeOptions()] debug : parsing privateImeOptions - 
01-02 02:28:29.889: D/TtsHelper(1107): [LgTtsHelper.java:101:LgTtsHelper.isOneTappingEnabled()] one_touch_input = 1
01-02 02:28:29.889: D/LgeImeImpl(1107): [LgeImeImpl.java:9744:LgeImeImpl.dumpEditorInfo()] inputType=0x0 imeOptions=0x0 privateImeOptions=null actionLabel=null actionId=0 initialSelStart=-1 initialSelEnd=-1 initialCapsMode=0x0 hintText=null label=null packageName=com.antutu.ABenchMark fieldId=16908306 fieldName=null extras=null
01-02 02:28:29.889: I/LgeExtendRowKeyboardHelper(1107): [LgeExtendRowKeyboardHelper.java:63:LgeExtendRowKeyboardHelper.isExtendRowKeyboardAvailable()] Not support extend row keyboard these system properties.
01-02 02:28:29.889: D/LgeImeImpl(1107): [LgeImeImpl.java:1170:LgeImeImpl.onStartInput()] [OUT] onStartInput
01-02 02:28:30.299: I/ActivityManager(796): START u0 {flg=0x14000000 cmp=com.antutu.ABenchMark/.Test3D.BattleActivity} from pid 31208
01-02 02:28:30.339: V/PhoneStatusBar(1016): setLightsOn(true)
01-02 02:28:30.359: I/Adreno-EGL(31208): <qeglDrvAPI_eglInitialize:316>: EGL 1.4 QUALCOMM build: AU_LINUX_ANDROID_JB_MR1_RB2.04.02.02.070.027_msm8226_JB_MR1_RB2_CL3931765_release_AU (CL3931765)
01-02 02:28:30.359: I/Adreno-EGL(31208): OpenGL ES Shader Compiler Version: 17.01.06
01-02 02:28:30.359: I/Adreno-EGL(31208): Build Date: 07/01/13 Mon
01-02 02:28:30.359: I/Adreno-EGL(31208): Local Branch: mybranch1195718
01-02 02:28:30.359: I/Adreno-EGL(31208): Remote Branch: quic/jb_mr1_rb2.22
01-02 02:28:30.359: I/Adreno-EGL(31208): Local Patches: NONE
01-02 02:28:30.359: I/Adreno-EGL(31208): Reconstruct Branch: AU_LINUX_ANDROID_JB_MR1_RB2.04.02.02.070.027 +  NOTHING
01-02 02:28:30.409: I/ActivityManager(796): Displayed com.antutu.ABenchMark/.Test3D.BattleActivity: +79ms
01-02 02:28:30.409: V/InputMethodManagerService(796): SoftKeypad HIDE broadcast
01-02 02:28:30.409: W/ContextImpl(796): Calling a method in the system process without a qualified user: android.app.ContextImpl.sendBroadcast:1044 com.android.server.InputMethodManagerService.hideCurrentInputLocked:1832 com.android.server.InputMethodManagerService.windowGainedFocus:1938 com.android.internal.view.IInputMethodManager$Stub.onTransact:224 com.android.server.InputMethodManagerService.onTransact:841 
01-02 02:28:30.419: D/LgeImeImpl(1107): [LgeImeImpl.java:3634:LgeImeImpl.onFinishInput()] [IN]onFinishInput
01-02 02:28:30.419: D/LgeImeImpl(1107): [LgeImeImpl.java:3653:LgeImeImpl.onFinishInput()] [OUT]onFinishInput
01-02 02:28:30.419: D/LgeImeImpl(1107): [LgeImeImpl.java:1153:LgeImeImpl.onStartInput()] [IN] onStartInput[restarting:false]
01-02 02:28:30.419: D/LgeImeImpl(1107): [LgeImeImpl.java:1196:LgeImeImpl.parsePrivateImeOptions()] debug : parse private ime options - 
01-02 02:28:30.419: D/PrivateImeOptions(1107): [PrivateImeOptions.java:94:PrivateImeOptions.parsePrivateImeOptions()] debug : parsing privateImeOptions - 
01-02 02:28:30.419: D/TtsHelper(1107): [LgTtsHelper.java:101:LgTtsHelper.isOneTappingEnabled()] one_touch_input = 1
01-02 02:28:30.419: D/LgeImeImpl(1107): [LgeImeImpl.java:9744:LgeImeImpl.dumpEditorInfo()] inputType=0x0 imeOptions=0x0 privateImeOptions=null actionLabel=null actionId=0 initialSelStart=-1 initialSelEnd=-1 initialCapsMode=0x0 hintText=null label=null packageName=com.antutu.ABenchMark fieldId=-1 fieldName=null extras=null
01-02 02:28:30.419: I/LgeExtendRowKeyboardHelper(1107): [LgeExtendRowKeyboardHelper.java:63:LgeExtendRowKeyboardHelper.isExtendRowKeyboardAvailable()] Not support extend row keyboard these system properties.
01-02 02:28:30.419: D/LgeImeImpl(1107): [LgeImeImpl.java:1170:LgeImeImpl.onStartInput()] [OUT] onStartInput
01-02 02:28:30.719: D/KeyguardUpdateMonitor(796): handleBatteryUpdate (0) (83)
01-02 02:28:30.719: D/StatusBar.BatteryController(1016): [BatteryController.java:126:onReceive()]level = 83 status = 2 isPlugged = true isCharging = true isFullCharged = false
01-02 02:28:30.719: I/LGPowerUI(1016): [LGPowerUI.java:611:batteryThermNotification()]batteryThermNotification temperature : 317 isPlugged : false isCharging : true
01-02 02:28:30.719: W/Settings(796): Setting stay_on_while_plugged_in has moved from android.provider.Settings.System to android.provider.Settings.Global, returning read-only value.
01-02 02:28:30.719: W/Settings(796): Setting wifi_sleep_policy has moved from android.provider.Settings.System to android.provider.Settings.Global, returning read-only value.
01-02 02:28:30.719: I/LGPowerUI(1016): [LGPowerUI.java:621:batteryThermNotification()]StopCharging degree: 550
01-02 02:28:30.719: D/PowerUI(1016): [PowerUI.java:231:onReceive()]chargingCurrent 0 --> 0
01-02 02:28:30.719: D/LGPowerUI(1016): [LGPowerUI.java:953:handleMessage()]MSG_BATTERY_STATUS_THERM_DISMISS
01-02 02:28:30.719: D/DockTangibleController(1164): ACTION_BATTERY_CHANGED : 0
01-02 02:28:30.719: D/WifiService(796): ACTION_BATTERY_CHANGED pluggedType: 0
01-02 02:28:42.589: D/StatusBar.MSimNetworkController(1016): isSimInserted(0), SimInserted=false
01-02 02:28:42.589: W/CellInfoLte(1145): getCellIdentity: LteCellIdentitiy:android.telephony.CellIdentityLte@7fffffa3 mMcc=0 mMnc=0 mCi=2147483647 mPci=2147483647 mTac=2147483647
01-02 02:28:42.589: W/CellInfoLte(1145): writeToParcel(Parcel, int): CellInfoLte: mRegistered=NO mTimeStampType=unknown mTimeStamp=9223372036854775807ns, LteCellIdentitiy:android.telephony.CellIdentityLte@7fffffa3 mMcc=0 mMnc=0 mCi=2147483647 mPci=2147483647 mTac=2147483647, CellSignalStrengthLte: ss=2147483647 rsrp=2147483647 rsrq=2147483647 rssnr=2147483647 cqi=2147483647 ta=2147483647
01-02 02:28:42.589: W/CellInfoLte(796): CellInfoLte(Parcel): CellInfoLte: mRegistered=NO mTimeStampType=unknown mTimeStamp=9223372036854775807ns, LteCellIdentitiy:android.telephony.CellIdentityLte@7fffffa3 mMcc=0 mMnc=0 mCi=2147483647 mPci=2147483647 mTac=2147483647, CellSignalStrengthLte: ss=2147483647 rsrp=2147483647 rsrq=2147483647 rssnr=2147483647 cqi=2147483647 ta=2147483647
01-02 02:28:42.589: W/CellInfoLte(1145): writeToParcel(Parcel, int): CellInfoLte: mRegistered=NO mTimeStampType=unknown mTimeStamp=9223372036854775807ns, LteCellIdentitiy:android.telephony.CellIdentityLte@7fffffa3 mMcc=0 mMnc=0 mCi=2147483647 mPci=2147483647 mTac=2147483647, CellSignalStrengthLte: ss=2147483647 rsrp=2147483647 rsrq=2147483647 rssnr=2147483647 cqi=2147483647 ta=2147483647
01-02 02:28:42.589: W/CellInfoLte(796): CellInfoLte(Parcel): CellInfoLte: mRegistered=NO mTimeStampType=unknown mTimeStamp=9223372036854775807ns, LteCellIdentitiy:android.telephony.CellIdentityLte@7fffffa3 mMcc=0 mMnc=0 mCi=2147483647 mPci=2147483647 mTac=2147483647, CellSignalStrengthLte: ss=2147483647 rsrp=2147483647 rsrq=2147483647 rssnr=2147483647 cqi=2147483647 ta=2147483647
01-02 02:28:42.589: W/CellInfoLte(796): writeToParcel(Parcel, int): CellInfoLte: mRegistered=NO mTimeStampType=unknown mTimeStamp=9223372036854775807ns, LteCellIdentitiy:android.telephony.CellIdentityLte@7fffffa3 mMcc=0 mMnc=0 mCi=2147483647 mPci=2147483647 mTac=2147483647, CellSignalStrengthLte: ss=2147483647 rsrp=2147483647 rsrq=2147483647 rssnr=2147483647 cqi=2147483647 ta=2147483647
01-02 02:28:42.589: W/CellInfoLte(796): writeToParcel(Parcel, int): CellInfoLte: mRegistered=NO mTimeStampType=unknown mTimeStamp=9223372036854775807ns, LteCellIdentitiy:android.telephony.CellIdentityLte@7fffffa3 mMcc=0 mMnc=0 mCi=2147483647 mPci=2147483647 mTac=2147483647, CellSignalStrengthLte: ss=2147483647 rsrp=2147483647 rsrq=2147483647 rssnr=2147483647 cqi=2147483647 ta=2147483647
01-02 02:28:42.589: D/LGPhoneStatusBarPolicy(1016): [LGPhoneStatusBarPolicy.java:109:onReceive()]ACTION_SIGNAL_STRENGTH_CHANGED!!!
01-02 02:28:42.589: W/CellInfoLte(1256): CellInfoLte(Parcel): CellInfoLte: mRegistered=NO mTimeStampType=unknown mTimeStamp=9223372036854775807ns, LteCellIdentitiy:android.telephony.CellIdentityLte@7fffffa3 mMcc=0 mMnc=0 mCi=2147483647 mPci=2147483647 mTac=2147483647, CellSignalStrengthLte: ss=2147483647 rsrp=2147483647 rsrq=2147483647 rssnr=2147483647 cqi=2147483647 ta=2147483647
01-02 02:28:42.589: W/CellInfoLte(27948): CellInfoLte(Parcel): CellInfoLte: mRegistered=NO mTimeStampType=unknown mTimeStamp=9223372036854775807ns, LteCellIdentitiy:android.telephony.CellIdentityLte@7fffffa3 mMcc=0 mMnc=0 mCi=2147483647 mPci=2147483647 mTac=2147483647, CellSignalStrengthLte: ss=2147483647 rsrp=2147483647 rsrq=2147483647 rssnr=2147483647 cqi=2147483647 ta=2147483647
01-02 02:28:42.589: D/PhoneInterfaceManager(1145): [PhoneIntfMgr] sigLevel = 0
01-02 02:28:42.589: D/StatusBar.MSimNetworkController(1016): isSimInserted(0), SimInserted=false
01-02 02:28:42.589: D/StatusBar.MSimNetworkController(1016): isSimInserted(0), SimInserted=false
01-02 02:28:42.589: D/StatusBar.MSimNetworkController(1016): isSimInserted(0), SimInserted=false
01-02 02:28:42.609: I/StatusBarLinearLayout(1016): [StatusBarLinearLayout.java:55:onLayout()]================================
01-02 02:28:42.609: I/StatusBarLinearLayout(1016): [StatusBarLinearLayout.java:68:onLayout()]child = android.widget.LinearLayout{4198a998 V.E..... ........ 9,0-359,38 #7f09007a app:id/notification_icon_area} ,w = 350
01-02 02:28:42.609: I/StatusBarLinearLayout(1016): [StatusBarLinearLayout.java:68:onLayout()]child = android.widget.LinearLayout{4198e1f0 V.E..... ........ 359,0-359,38 #7f09007d app:id/statusIcons} ,w = 0
01-02 02:28:42.609: I/StatusBarLinearLayout(1016): [StatusBarLinearLayout.java:68:onLayout()]child = android.widget.LinearLayout{4198eb08 V.E..... ......ID 359,0-531,38 #7f09007e app:id/system_icon_area} ,w = 172
01-02 02:28:42.609: I/StatusBarLinearLayout(1016): [StatusBarLinearLayout.java:74:onLayout()]nTotalWidth = 522, r = 540
01-02 02:28:42.609: I/StatusBarLinearLayout(1016): [StatusBarLinearLayout.java:77:onLayout()]sum = 522, mIconSize = 36
01-02 02:28:42.609: I/StatusBarLinearLayout(1016): [StatusBarLinearLayout.java:78:onLayout()]Notification 350==> 350
01-02 02:28:42.609: I/StatusBarLinearLayout(1016): [StatusBarLinearLayout.java:82:onLayout()]-----------------------
01-02 02:28:42.609: I/StatusBarLinearLayout(1016): [StatusBarLinearLayout.java:123:onLayout()]child = android.widget.LinearLayout{41986900 G.E..... ......I. 9,0-9,38 #7f090078 app:id/operator_layout} ,w = 0
01-02 02:28:42.609: I/StatusBarLinearLayout(1016): [StatusBarLinearLayout.java:123:onLayout()]child = android.widget.LinearLayout{4198a998 V.E..... ........ 9,0-359,38 #7f09007a app:id/notification_icon_area} ,w = 350
01-02 02:28:42.609: I/StatusBarLinearLayout(1016): [StatusBarLinearLayout.java:123:onLayout()]child = android.widget.LinearLayout{4198e1f0 V.E..... ........ 359,0-359,38 #7f09007d app:id/statusIcons} ,w = 0
01-02 02:28:42.619: I/StatusBarLinearLayout(1016): [StatusBarLinearLayout.java:123:onLayout()]child = android.widget.LinearLayout{4198eb08 V.E..... ......ID 359,0-531,38 #7f09007e app:id/system_icon_area} ,w = 172
01-02 02:28:42.619: I/StatusBarLinearLayout(1016): [StatusBarLinearLayout.java:128:onLayout()]sum = 522
01-02 02:28:42.619: D/LGPhoneStatusBarPolicy(1016): [LGPhoneStatusBarPolicy.java:109:onReceive()]ACTION_SIGNAL_STRENGTH_CHANGED!!!
01-02 02:28:45.449: V/PhoneStatusBar(1016): setLightsOn(true)
01-02 02:28:45.469: D/LgeImeImpl(1107): [LgeImeImpl.java:3634:LgeImeImpl.onFinishInput()] [IN]onFinishInput
01-02 02:28:45.469: D/LgeImeImpl(1107): [LgeImeImpl.java:3653:LgeImeImpl.onFinishInput()] [OUT]onFinishInput
01-02 02:28:45.469: D/LgeImeImpl(1107): [LgeImeImpl.java:1153:LgeImeImpl.onStartInput()] [IN] onStartInput[restarting:false]
01-02 02:28:45.469: D/LgeImeImpl(1107): [LgeImeImpl.java:1196:LgeImeImpl.parsePrivateImeOptions()] debug : parse private ime options - 
01-02 02:28:45.469: D/PrivateImeOptions(1107): [PrivateImeOptions.java:94:PrivateImeOptions.parsePrivateImeOptions()] debug : parsing privateImeOptions - 
01-02 02:28:45.469: D/TtsHelper(1107): [LgTtsHelper.java:101:LgTtsHelper.isOneTappingEnabled()] one_touch_input = 1
01-02 02:28:45.469: D/LgeImeImpl(1107): [LgeImeImpl.java:9744:LgeImeImpl.dumpEditorInfo()] inputType=0x0 imeOptions=0x0 privateImeOptions=null actionLabel=null actionId=0 initialSelStart=-1 initialSelEnd=-1 initialCapsMode=0x0 hintText=null label=null packageName=com.antutu.ABenchMark fieldId=16908306 fieldName=null extras=null
01-02 02:28:45.469: I/LgeExtendRowKeyboardHelper(1107): [LgeExtendRowKeyboardHelper.java:63:LgeExtendRowKeyboardHelper.isExtendRowKeyboardAvailable()] Not support extend row keyboard these system properties.
01-02 02:28:45.469: D/LgeImeImpl(1107): [LgeImeImpl.java:1170:LgeImeImpl.onStartInput()] [OUT] onStartInput
01-02 02:28:45.629: I/ActivityManager(796): START u0 {flg=0x14000000 cmp=com.antutu.ABenchMark/.Test3D.GL2Activity} from pid 31208
01-02 02:28:45.749: D/dalvikvm(796): GC_FOR_ALLOC freed 3036K, 24% free 23160K/30124K, paused 104ms, total 104ms
01-02 02:28:45.769: I/ActivityManager(796): Start proc com.antutu.ABenchMark:remote for activity com.antutu.ABenchMark/.Test3D.GL2Activity: pid=31661 uid=10119 gids={50119, 3003, 1015, 1006, 1028}
01-02 02:28:45.779: I/dalvikvm(31661): Turning on JNI app bug workarounds for target SDK version 9...
01-02 02:28:45.819: D/dalvikvm(31661): Trying to load lib /data/app-lib/com.antutu.ABenchMark-1/libabenchmark.so 0x4194a490
01-02 02:28:45.819: D/dalvikvm(31661): Added shared lib /data/app-lib/com.antutu.ABenchMark-1/libabenchmark.so 0x4194a490
01-02 02:28:45.819: D/dalvikvm(31661): No JNI_OnLoad found in /data/app-lib/com.antutu.ABenchMark-1/libabenchmark.so 0x4194a490, skipping init
01-02 02:28:45.819: V/ActivityThread(31661): Benchmark is Detected, Dummy Info is set : com.antutu.ABenchMark
01-02 02:28:45.829: D/dalvikvm(31661): Trying to load lib /data/app-lib/com.antutu.ABenchMark-1/libabenchmark.so 0x4194a490
01-02 02:28:45.829: D/dalvikvm(31661): Shared lib '/data/app-lib/com.antutu.ABenchMark-1/libabenchmark.so' already loaded in same CL 0x4194a490
01-02 02:28:45.869: V/PhoneStatusBar(1016): setLightsOn(true)
01-02 02:28:45.879: D/libEGL(31661): loaded /vendor/lib/egl/libEGL_adreno.so
01-02 02:28:45.879: D/libEGL(31661): loaded /vendor/lib/egl/libGLESv1_CM_adreno.so
01-02 02:28:45.889: D/libEGL(31661): loaded /vendor/lib/egl/libGLESv2_adreno.so
01-02 02:28:45.889: I/Adreno-EGL(31661): <qeglDrvAPI_eglInitialize:316>: EGL 1.4 QUALCOMM build: AU_LINUX_ANDROID_JB_MR1_RB2.04.02.02.070.027_msm8226_JB_MR1_RB2_CL3931765_release_AU (CL3931765)
01-02 02:28:45.889: I/Adreno-EGL(31661): OpenGL ES Shader Compiler Version: 17.01.06
01-02 02:28:45.889: I/Adreno-EGL(31661): Build Date: 07/01/13 Mon
01-02 02:28:45.889: I/Adreno-EGL(31661): Local Branch: mybranch1195718
01-02 02:28:45.889: I/Adreno-EGL(31661): Remote Branch: quic/jb_mr1_rb2.22
01-02 02:28:45.889: I/Adreno-EGL(31661): Local Patches: NONE
01-02 02:28:45.889: I/Adreno-EGL(31661): Reconstruct Branch: AU_LINUX_ANDROID_JB_MR1_RB2.04.02.02.070.027 +  NOTHING
01-02 02:28:45.959: I/ActivityManager(796): Displayed com.antutu.ABenchMark/.Test3D.GL2Activity: +200ms
01-02 02:28:45.959: V/InputMethodManagerService(796): SoftKeypad HIDE broadcast
01-02 02:28:45.959: W/ContextImpl(796): Calling a method in the system process without a qualified user: android.app.ContextImpl.sendBroadcast:1044 com.android.server.InputMethodManagerService.hideCurrentInputLocked:1832 com.android.server.InputMethodManagerService.windowGainedFocus:1938 com.android.internal.view.IInputMethodManager$Stub.onTransact:224 com.android.server.InputMethodManagerService.onTransact:841 
01-02 02:28:45.979: D/LgeImeImpl(1107): [LgeImeImpl.java:1153:LgeImeImpl.onStartInput()] [IN] onStartInput[restarting:false]
01-02 02:28:45.979: D/LgeImeImpl(1107): [LgeImeImpl.java:1196:LgeImeImpl.parsePrivateImeOptions()] debug : parse private ime options - 
01-02 02:28:45.979: D/PrivateImeOptions(1107): [PrivateImeOptions.java:94:PrivateImeOptions.parsePrivateImeOptions()] debug : parsing privateImeOptions - 
01-02 02:28:45.979: D/TtsHelper(1107): [LgTtsHelper.java:101:LgTtsHelper.isOneTappingEnabled()] one_touch_input = 1
01-02 02:28:45.979: D/LgeImeImpl(1107): [LgeImeImpl.java:9744:LgeImeImpl.dumpEditorInfo()] inputType=0x0 imeOptions=0x0 privateImeOptions=null actionLabel=null actionId=0 initialSelStart=-1 initialSelEnd=-1 initialCapsMode=0x0 hintText=null label=null packageName=com.antutu.ABenchMark fieldId=-1 fieldName=null extras=null
01-02 02:28:45.979: D/com.lge.ime.inputs(1107): [InputImpl.java:331:InputImpl.start()] debug : already started.
01-02 02:28:45.979: D/com.lge.ime.inputs(1107): [Xt9AlphaInput.java:324:Xt9AlphaInput.start()] debug : already started
01-02 02:28:45.979: E/LgeImeInputHelper(1107): [LgeImeInputHelper.java:295:LgeImeInputHelper.cancelInputComposingWord()] wordList or input is null
01-02 02:28:45.979: E/LgeImeInputHelper(1107): [LgeImeInputHelper.java:302:LgeImeInputHelper.cancelInputComposingWord()] spellList or input is null
01-02 02:28:45.979: I/LgeExtendRowKeyboardHelper(1107): [LgeExtendRowKeyboardHelper.java:63:LgeExtendRowKeyboardHelper.isExtendRowKeyboardAvailable()] Not support extend row keyboard these system properties.
01-02 02:28:45.979: D/LgeImeImpl(1107): [LgeImeImpl.java:1170:LgeImeImpl.onStartInput()] [OUT] onStartInput
01-02 02:28:45.989: W/Adreno-ES20(31661): <core_glTexImage2D:514>: GL_INVALID_ENUM
01-02 02:28:46.379: D/StateMachine(796): handleMessage: E msg.what=131160
01-02 02:28:46.379: D/StateMachine(796): processMsg: DisconnectedState
01-02 02:28:46.379: D/WifiStateMachine(796): DisconnectedState{ what=131160 when=-113ms arg1=61 }
01-02 02:28:46.379: D/StateMachine(796): handleMessage: X
01-02 02:28:46.379: D/StateMachine(796): handleMessage: E msg.what=131143
01-02 02:28:46.379: D/StateMachine(796): processMsg: DisconnectedState
01-02 02:28:46.379: D/WifiStateMachine(796): DisconnectedState{ what=131143 when=0 }
01-02 02:28:46.379: D/StateMachine(796): processMsg: ConnectModeState
