01-02 02:26:42.359: D/StatusBar.MSimNetworkController(1016): isSimInserted(0), SimInserted=false
01-02 02:26:42.359: D/StatusBar.MSimNetworkController(1016): isSimInserted(0), SimInserted=false
01-02 02:26:42.379: W/CellInfoLte(1145): getCellIdentity: LteCellIdentitiy:android.telephony.CellIdentityLte@7fffffa3 mMcc=0 mMnc=0 mCi=2147483647 mPci=2147483647 mTac=2147483647
01-02 02:26:42.379: W/CellInfoLte(1145): writeToParcel(Parcel, int): CellInfoLte: mRegistered=NO mTimeStampType=unknown mTimeStamp=9223372036854775807ns, LteCellIdentitiy:android.telephony.CellIdentityLte@7fffffa3 mMcc=0 mMnc=0 mCi=2147483647 mPci=2147483647 mTac=2147483647, CellSignalStrengthLte: ss=2147483647 rsrp=2147483647 rsrq=2147483647 rssnr=2147483647 cqi=2147483647 ta=2147483647
01-02 02:26:42.379: W/CellInfoLte(796): CellInfoLte(Parcel): CellInfoLte: mRegistered=NO mTimeStampType=unknown mTimeStamp=9223372036854775807ns, LteCellIdentitiy:android.telephony.CellIdentityLte@7fffffa3 mMcc=0 mMnc=0 mCi=2147483647 mPci=2147483647 mTac=2147483647, CellSignalStrengthLte: ss=2147483647 rsrp=2147483647 rsrq=2147483647 rssnr=2147483647 cqi=2147483647 ta=2147483647
01-02 02:26:42.389: W/CellInfoLte(1145): writeToParcel(Parcel, int): CellInfoLte: mRegistered=NO mTimeStampType=unknown mTimeStamp=9223372036854775807ns, LteCellIdentitiy:android.telephony.CellIdentityLte@7fffffa3 mMcc=0 mMnc=0 mCi=2147483647 mPci=2147483647 mTac=2147483647, CellSignalStrengthLte: ss=2147483647 rsrp=2147483647 rsrq=2147483647 rssnr=2147483647 cqi=2147483647 ta=2147483647
01-02 02:26:42.389: W/CellInfoLte(796): CellInfoLte(Parcel): CellInfoLte: mRegistered=NO mTimeStampType=unknown mTimeStamp=9223372036854775807ns, LteCellIdentitiy:android.telephony.CellIdentityLte@7fffffa3 mMcc=0 mMnc=0 mCi=2147483647 mPci=2147483647 mTac=2147483647, CellSignalStrengthLte: ss=2147483647 rsrp=2147483647 rsrq=2147483647 rssnr=2147483647 cqi=2147483647 ta=2147483647
01-02 02:26:42.389: W/CellInfoLte(796): writeToParcel(Parcel, int): CellInfoLte: mRegistered=NO mTimeStampType=unknown mTimeStamp=9223372036854775807ns, LteCellIdentitiy:android.telephony.CellIdentityLte@7fffffa3 mMcc=0 mMnc=0 mCi=2147483647 mPci=2147483647 mTac=2147483647, CellSignalStrengthLte: ss=2147483647 rsrp=2147483647 rsrq=2147483647 rssnr=2147483647 cqi=2147483647 ta=2147483647
01-02 02:26:42.389: W/CellInfoLte(796): writeToParcel(Parcel, int): CellInfoLte: mRegistered=NO mTimeStampType=unknown mTimeStamp=9223372036854775807ns, LteCellIdentitiy:android.telephony.CellIdentityLte@7fffffa3 mMcc=0 mMnc=0 mCi=2147483647 mPci=2147483647 mTac=2147483647, CellSignalStrengthLte: ss=2147483647 rsrp=2147483647 rsrq=2147483647 rssnr=2147483647 cqi=2147483647 ta=2147483647
01-02 02:26:42.389: W/CellInfoLte(1256): CellInfoLte(Parcel): CellInfoLte: mRegistered=NO mTimeStampType=unknown mTimeStamp=9223372036854775807ns, LteCellIdentitiy:android.telephony.CellIdentityLte@7fffffa3 mMcc=0 mMnc=0 mCi=2147483647 mPci=2147483647 mTac=2147483647, CellSignalStrengthLte: ss=2147483647 rsrp=2147483647 rsrq=2147483647 rssnr=2147483647 cqi=2147483647 ta=2147483647
01-02 02:26:42.399: W/CellInfoLte(27948): CellInfoLte(Parcel): CellInfoLte: mRegistered=NO mTimeStampType=unknown mTimeStamp=9223372036854775807ns, LteCellIdentitiy:android.telephony.CellIdentityLte@7fffffa3 mMcc=0 mMnc=0 mCi=2147483647 mPci=2147483647 mTac=2147483647, CellSignalStrengthLte: ss=2147483647 rsrp=2147483647 rsrq=2147483647 rssnr=2147483647 cqi=2147483647 ta=2147483647
01-02 02:26:42.399: D/PhoneInterfaceManager(1145): [PhoneIntfMgr] sigLevel = 0
01-02 02:26:42.399: D/LGPhoneStatusBarPolicy(1016): [LGPhoneStatusBarPolicy.java:109:onReceive()]ACTION_SIGNAL_STRENGTH_CHANGED!!!
01-02 02:26:42.399: I/StatusBarLinearLayout(1016): [StatusBarLinearLayout.java:55:onLayout()]================================
01-02 02:26:42.399: I/StatusBarLinearLayout(1016): [StatusBarLinearLayout.java:68:onLayout()]child = android.widget.LinearLayout{4198a998 V.E..... ........ 9,0-359,38 #7f09007a app:id/notification_icon_area} ,w = 350
01-02 02:26:42.399: D/StatusBar.MSimNetworkController(1016): isSimInserted(0), SimInserted=false
01-02 02:26:42.399: D/StatusBar.MSimNetworkController(1016): isSimInserted(0), SimInserted=false
01-02 02:26:42.409: I/StatusBarLinearLayout(1016): [StatusBarLinearLayout.java:68:onLayout()]child = android.widget.LinearLayout{4198e1f0 V.E..... ........ 359,0-359,38 #7f09007d app:id/statusIcons} ,w = 0
01-02 02:26:42.409: I/StatusBarLinearLayout(1016): [StatusBarLinearLayout.java:68:onLayout()]child = android.widget.LinearLayout{4198eb08 V.E..... ......ID 359,0-531,38 #7f09007e app:id/system_icon_area} ,w = 172
01-02 02:26:42.409: I/StatusBarLinearLayout(1016): [StatusBarLinearLayout.java:74:onLayout()]nTotalWidth = 522, r = 540
01-02 02:26:42.409: I/StatusBarLinearLayout(1016): [StatusBarLinearLayout.java:77:onLayout()]sum = 522, mIconSize = 36
01-02 02:26:42.409: I/StatusBarLinearLayout(1016): [StatusBarLinearLayout.java:78:onLayout()]Notification 350==> 350
01-02 02:26:42.409: I/StatusBarLinearLayout(1016): [StatusBarLinearLayout.java:82:onLayout()]-----------------------
01-02 02:26:42.409: I/StatusBarLinearLayout(1016): [StatusBarLinearLayout.java:123:onLayout()]child = android.widget.LinearLayout{41986900 G.E..... ......I. 9,0-9,38 #7f090078 app:id/operator_layout} ,w = 0
01-02 02:26:42.409: I/StatusBarLinearLayout(1016): [StatusBarLinearLayout.java:123:onLayout()]child = android.widget.LinearLayout{4198a998 V.E..... ........ 9,0-359,38 #7f09007a app:id/notification_icon_area} ,w = 350
01-02 02:26:42.409: I/StatusBarLinearLayout(1016): [StatusBarLinearLayout.java:123:onLayout()]child = android.widget.LinearLayout{4198e1f0 V.E..... ........ 359,0-359,38 #7f09007d app:id/statusIcons} ,w = 0
01-02 02:26:42.409: I/StatusBarLinearLayout(1016): [StatusBarLinearLayout.java:123:onLayout()]child = android.widget.LinearLayout{4198eb08 V.E..... ......ID 359,0-531,38 #7f09007e app:id/system_icon_area} ,w = 172
01-02 02:26:42.409: I/StatusBarLinearLayout(1016): [StatusBarLinearLayout.java:128:onLayout()]sum = 522
01-02 02:26:42.419: D/LGPhoneStatusBarPolicy(1016): [LGPhoneStatusBarPolicy.java:109:onReceive()]ACTION_SIGNAL_STRENGTH_CHANGED!!!
01-02 02:26:45.859: I/[LGHome]HOTSEAT(1210): [LGHotseatCellLayout.java:1538:findCellArea()][Hotseat Click] clicked View position is 3
01-02 02:26:46.039: D/dalvikvm(1210): GC_EXPLICIT freed 5938K, 16% free 16481K/19532K, paused 2ms+8ms, total 72ms
01-02 02:26:46.039: D/[LGHome]LGAppsCustomizeTabHost(1210): [LGMenuTabHost.java:2642:setMenuBGDrawable()]menu bg size = 540, 960
01-02 02:26:46.049: D/[LGHome]Menu Background(1210): [LGMenuTabHost.java:2184:setDefaultMenuBackground()]background : null
01-02 02:26:46.049: D/[LGHome]Launcher(1210): [Launcher.java:10520:setTransparentSystemBar()]setTransparentSystemBar(StateAPPS_CUSTOMIZE)
01-02 02:26:46.049: I/[LGHome]EVENT(1210): [Launcher.java:8674:setState()]WORKSPACE -> APPS_CUSTOMIZE
01-02 02:26:46.129: D/LgeImeImpl(1107): [LgeImeImpl.java:3634:LgeImeImpl.onFinishInput()] [IN]onFinishInput
01-02 02:26:46.129: D/LgeImeImpl(1107): [LgeImeImpl.java:3653:LgeImeImpl.onFinishInput()] [OUT]onFinishInput
01-02 02:26:46.129: D/LgeImeImpl(1107): [LgeImeImpl.java:1153:LgeImeImpl.onStartInput()] [IN] onStartInput[restarting:false]
01-02 02:26:46.129: D/LgeImeImpl(1107): [LgeImeImpl.java:1196:LgeImeImpl.parsePrivateImeOptions()] debug : parse private ime options - 
01-02 02:26:46.129: D/PrivateImeOptions(1107): [PrivateImeOptions.java:94:PrivateImeOptions.parsePrivateImeOptions()] debug : parsing privateImeOptions - 
01-02 02:26:46.129: D/TtsHelper(1107): [LgTtsHelper.java:101:LgTtsHelper.isOneTappingEnabled()] one_touch_input = 1
01-02 02:26:46.129: D/LgeImeImpl(1107): [LgeImeImpl.java:9744:LgeImeImpl.dumpEditorInfo()] inputType=0x0 imeOptions=0x0 privateImeOptions=null actionLabel=null actionId=0 initialSelStart=-1 initialSelEnd=-1 initialCapsMode=0x0 hintText=null label=null packageName=com.lge.launcher2 fieldId=2131230768 fieldName=null extras=null
01-02 02:26:46.129: I/LgeExtendRowKeyboardHelper(1107): [LgeExtendRowKeyboardHelper.java:63:LgeExtendRowKeyboardHelper.isExtendRowKeyboardAvailable()] Not support extend row keyboard these system properties.
01-02 02:26:46.139: D/LgeImeImpl(1107): [LgeImeImpl.java:1170:LgeImeImpl.onStartInput()] [OUT] onStartInput
01-02 02:26:46.389: I/[LGHome]LGAllAppsPagedView(1210): [LGMenuPagedAppsView.java:6394:makeFavoriteAppList()]fail to load favorite application list
01-02 02:26:46.389: I/[LGHome]LGAllAppsPagedView(1210): [LGMenuPagedAppsView.java:6433:makeFavoriteFolderAppList()]fail to load favorite application list
01-02 02:26:47.139: I/[LGHome]LGAllAppsPagedView(1210): [LGMenuPagedAppsView.java:6394:makeFavoriteAppList()]fail to load favorite application list
01-02 02:26:47.139: I/[LGHome]LGAllAppsPagedView(1210): [LGMenuPagedAppsView.java:6433:makeFavoriteFolderAppList()]fail to load favorite application list
01-02 02:26:47.159: I/[LGHome]LGAllAppsPagedView(1210): [LGMenuPagedAppsView.java:6394:makeFavoriteAppList()]fail to load favorite application list
01-02 02:26:47.159: I/[LGHome]LGAllAppsPagedView(1210): [LGMenuPagedAppsView.java:6433:makeFavoriteFolderAppList()]fail to load favorite application list
01-02 02:26:47.169: I/[LGHome]LGAllAppsPagedView(1210): [LGMenuPagedAppsView.java:6394:makeFavoriteAppList()]fail to load favorite application list
01-02 02:26:47.169: I/[LGHome]LGAllAppsPagedView(1210): [LGMenuPagedAppsView.java:6433:makeFavoriteFolderAppList()]fail to load favorite application list
01-02 02:26:47.189: I/[LGHome]LGAllAppsPagedView(1210): [LGMenuPagedAppsView.java:6394:makeFavoriteAppList()]fail to load favorite application list
01-02 02:26:47.189: I/[LGHome]LGAllAppsPagedView(1210): [LGMenuPagedAppsView.java:6433:makeFavoriteFolderAppList()]fail to load favorite application list
01-02 02:26:47.199: I/[LGHome]LGAllAppsPagedView(1210): [LGMenuPagedAppsView.java:6394:makeFavoriteAppList()]fail to load favorite application list
01-02 02:26:47.199: I/[LGHome]LGAllAppsPagedView(1210): [LGMenuPagedAppsView.java:6433:makeFavoriteFolderAppList()]fail to load favorite application list
01-02 02:26:47.279: D/[LGHome]LGAllAppsPagedView(1210): [LGMenuPagedAppsView.java:4690:onClick()]onClick. View=Shortcut [AnTuTu Benchmark]
01-02 02:26:47.279: D/[LGHome]LGAllAppsPagedView(1210): [LGMenuPagedAppsView.java:4736:onClick()]onClick. mEditmode == false
01-02 02:26:47.279: D/[LGHome]LGAllAppsPagedView(1210): [LGMenuPagedAppsView.java:4744:onClick()](v.getTag() instanceof LGMenuItemInfo)!! v.getTag() = Item(id=-1 type=0 container=0 screen=2 cellX=3 cellY=3 spanX=1 spanY=1 isGesture=false dropPos=null)
01-02 02:26:47.279: D/[LGHome]LGAllAppsPagedView(1210): [LGMenuPagedAppsView.java:4748:onClick()](itemInfo.itemType == LGMenuDBLoader.MENU_ITEMTYPE_APP)!! itemInfo.itemType = 0
01-02 02:26:47.289: I/ActivityManager(796): START u0 {act=android.intent.action.MAIN cat=[android.intent.category.LAUNCHER] flg=0x10200000 cmp=com.antutu.ABenchMark/.ABenchMarkStart} from pid 1210
01-02 02:26:47.309: I/ThermalEngine(195): Thermal-Server: Thermal received msg override 1
01-02 02:26:47.309: I/Thermal-Lib(1641): Thermal-Lib-Client: Client request sent
01-02 02:26:47.319: D/[LGHome]LGAllAppsPagedView(1210): [LGMenuPagedAppsView.java:4763:onClick()]Launch. tag=ApplicationInfo(title=AnTuTu Benchmark) intent=Intent { act=android.intent.action.MAIN cat=[android.intent.category.LAUNCHER] flg=0x10200000 cmp=com.antutu.ABenchMark/.ABenchMarkStart }startSuccess= true
01-02 02:26:47.319: I/[LGHome]EVENT(1210): [Launcher.java:1861:onPause()]onPause
01-02 02:26:47.349: I/ActivityManager(796): Start proc com.antutu.ABenchMark for activity com.antutu.ABenchMark/.ABenchMarkStart: pid=31208 uid=10119 gids={50119, 3003, 1015, 1006, 1028}
01-02 02:26:47.349: I/dalvikvm(31208): Turning on JNI app bug workarounds for target SDK version 9...
01-02 02:26:47.379: E/jdwp(31208): Failed sending reply to debugger: Broken pipe
01-02 02:26:47.379: D/dalvikvm(31208): Debugger has detached; object registry had 1 entries
01-02 02:26:47.399: I/[LGHome]EVENT(1210): [Launcher.java:10488:onWindowFocusChanged()]onWindowFocusChanged() hasFocus false
01-02 02:26:47.399: D/ConnectivityService(796): onUidRulesChanged(uid=10119, uidRules=0)
01-02 02:26:47.419: V/ActivityThread(31208): Benchmark is Detected, Dummy Info is set : com.antutu.ABenchMark
01-02 02:26:47.459: D/dalvikvm(31208): Trying to load lib /data/app-lib/com.antutu.ABenchMark-1/libabenchmark.so 0x41949748
01-02 02:26:47.459: D/dalvikvm(31208): Added shared lib /data/app-lib/com.antutu.ABenchMark-1/libabenchmark.so 0x41949748
01-02 02:26:47.459: D/dalvikvm(31208): No JNI_OnLoad found in /data/app-lib/com.antutu.ABenchMark-1/libabenchmark.so 0x41949748, skipping init
01-02 02:26:47.589: V/PhoneStatusBar(1016): setLightsOn(true)
01-02 02:26:47.639: D/libEGL(31208): loaded /vendor/lib/egl/libEGL_adreno.so
01-02 02:26:47.639: D/libEGL(31208): loaded /vendor/lib/egl/libGLESv1_CM_adreno.so
01-02 02:26:47.649: D/libEGL(31208): loaded /vendor/lib/egl/libGLESv2_adreno.so
01-02 02:26:47.649: I/Adreno-EGL(31208): <qeglDrvAPI_eglInitialize:316>: EGL 1.4 QUALCOMM build: AU_LINUX_ANDROID_JB_MR1_RB2.04.02.02.070.027_msm8226_JB_MR1_RB2_CL3931765_release_AU (CL3931765)
01-02 02:26:47.649: I/Adreno-EGL(31208): OpenGL ES Shader Compiler Version: 17.01.06
01-02 02:26:47.649: I/Adreno-EGL(31208): Build Date: 07/01/13 Mon
01-02 02:26:47.649: I/Adreno-EGL(31208): Local Branch: mybranch1195718
01-02 02:26:47.649: I/Adreno-EGL(31208): Remote Branch: quic/jb_mr1_rb2.22
01-02 02:26:47.649: I/Adreno-EGL(31208): Local Patches: NONE
01-02 02:26:47.649: I/Adreno-EGL(31208): Reconstruct Branch: AU_LINUX_ANDROID_JB_MR1_RB2.04.02.02.070.027 +  NOTHING
01-02 02:26:47.729: V/InputMethodManagerService(796): SoftKeypad HIDE broadcast
01-02 02:26:47.729: W/ContextImpl(796): Calling a method in the system process without a qualified user: android.app.ContextImpl.sendBroadcast:1044 com.android.server.InputMethodManagerService.hideCurrentInputLocked:1832 com.android.server.InputMethodManagerService.windowGainedFocus:1938 com.android.internal.view.IInputMethodManager$Stub.onTransact:224 com.android.server.InputMethodManagerService.onTransact:841 
01-02 02:26:47.739: I/ActivityManager(796): Displayed com.antutu.ABenchMark/.ABenchMarkStart: +410ms
01-02 02:26:47.739: I/[LGHome]EVENT(1210): [Launcher.java:9581:onStop()]onStop
01-02 02:26:47.749: D/BubblePopupHelper(1210): isShowingBubblePopup : false
01-02 02:26:47.749: D/LgeImeImpl(1107): [LgeImeImpl.java:1153:LgeImeImpl.onStartInput()] [IN] onStartInput[restarting:false]
01-02 02:26:47.749: D/LgeImeImpl(1107): [LgeImeImpl.java:1196:LgeImeImpl.parsePrivateImeOptions()] debug : parse private ime options - 
01-02 02:26:47.749: D/PrivateImeOptions(1107): [PrivateImeOptions.java:94:PrivateImeOptions.parsePrivateImeOptions()] debug : parsing privateImeOptions - 
01-02 02:26:47.749: D/TtsHelper(1107): [LgTtsHelper.java:101:LgTtsHelper.isOneTappingEnabled()] one_touch_input = 1
01-02 02:26:47.749: D/LgeImeImpl(1107): [LgeImeImpl.java:9744:LgeImeImpl.dumpEditorInfo()] inputType=0x0 imeOptions=0x0 privateImeOptions=null actionLabel=null actionId=0 initialSelStart=-1 initialSelEnd=-1 initialCapsMode=0x0 hintText=null label=null packageName=com.antutu.ABenchMark fieldId=-1 fieldName=null extras=null
01-02 02:26:47.749: D/com.lge.ime.inputs(1107): [InputImpl.java:331:InputImpl.start()] debug : already started.
01-02 02:26:47.749: D/com.lge.ime.inputs(1107): [Xt9AlphaInput.java:324:Xt9AlphaInput.start()] debug : already started
01-02 02:26:47.749: E/LgeImeInputHelper(1107): [LgeImeInputHelper.java:295:LgeImeInputHelper.cancelInputComposingWord()] wordList or input is null
01-02 02:26:47.749: E/LgeImeInputHelper(1107): [LgeImeInputHelper.java:302:LgeImeInputHelper.cancelInputComposingWord()] spellList or input is null
01-02 02:26:47.749: I/LgeExtendRowKeyboardHelper(1107): [LgeExtendRowKeyboardHelper.java:63:LgeExtendRowKeyboardHelper.isExtendRowKeyboardAvailable()] Not support extend row keyboard these system properties.
01-02 02:26:47.749: D/LgeImeImpl(1107): [LgeImeImpl.java:1170:LgeImeImpl.onStartInput()] [OUT] onStartInput
01-02 02:26:47.759: D/ConnectivityService(796): onUidRulesChanged(uid=10048, uidRules=0)
01-02 02:26:48.279: W/Settings(31208): Setting android_id has moved from android.provider.Settings.System to android.provider.Settings.Secure, returning read-only value.
01-02 02:26:48.379: E/QCamera2Factory(301): int qcamera::QCamera2Factory::getCameraInfo(int, camera_info*): E, camera_id = 0
01-02 02:26:48.389: D/dalvikvm(31208): Note: class Lcom/lge/mdm/manager/ILGMDMDevicePolicyManager$Stub; has 283 unimplemented (abstract) methods
01-02 02:26:48.399: E/QCamera2Factory(301): int qcamera::QCamera2Factory::getCameraInfo(int, camera_info*): E, camera_id = 0
01-02 02:26:48.399: V/MediaPlayer(301): constructor
01-02 02:26:48.399: V/AudioFlinger(301): acquiring 19 from 31208
01-02 02:26:48.399: V/AudioFlinger(301):  added new entry for 19
01-02 02:26:48.399: V/MediaPlayer(301): setDataSource(/system/media/audio/ui/camera_click.ogg)
01-02 02:26:48.399: V/MediaPlayerService(301): Client(4) constructor
01-02 02:26:48.399: V/MediaPlayerService(301): Create new client(4) from pid 301, uid 10119, 
01-02 02:26:48.399: V/MediaPlayerService(301): setDataSource(/system/media/audio/ui/camera_click.ogg)
01-02 02:26:48.399: W/BrunchPlayerTypeImpl(301): [getPlayerType] url = /system/media/audio/ui/camera_click.ogg
01-02 02:26:48.399: W/BrunchPlayerTypeImpl(301): [getNetworkType] url = /system/media/audio/ui/camera_click.ogg
01-02 02:26:48.399: W/BrunchPlayerTypeImpl(301): [SelectPlayer] LocalType
01-02 02:26:48.399: W/BrunchPlayerTypeImpl(301): [FindUsePlayer] type = [application/ogg]
01-02 02:26:48.399: W/BrunchPlayerTypeImpl(301): [FindUsePlayer] componentName = [9101]
01-02 02:26:48.399: V/BrunchPlayerTypeImpl(301): [assignedPlayer] buf = 9101
01-02 02:26:48.399: W/MediaPlayerFactory(301): [getPlayerType] brunchPlayerType->getPlayerType = 3
01-02 02:26:48.399: V/MediaPlayerService(301): setDataSource_pre(). player type = 3
01-02 02:26:48.399: V/AwesomePlayer(301): AwesomePlayer create()
01-02 02:26:48.399: V/AwesomePlayer(301): calling.. reset() in constructor.
01-02 02:26:48.399: V/AwesomePlayer(301): reset() 
01-02 02:26:48.399: V/AwesomePlayer(301): reset_l() 
01-02 02:26:48.399: V/AwesomePlayer(301): cancelPlayerEvents
01-02 02:26:48.399: V/StagefrightPlayer(301): StagefrightPlayer
01-02 02:26:48.399: V/StagefrightPlayer(301): initCheck
01-02 02:26:48.399: V/AwesomePlayer(301): AwesomePlayer running on behalf of uid 10119
01-02 02:26:48.399: V/AudioSink(301): AudioOutput(19)
01-02 02:26:48.399: V/StagefrightPlayer(301): setAudioSink()
01-02 02:26:48.399: V/AwesomePlayer(301): setAudioSink() 
01-02 02:26:48.399: V/AwesomePlayer(301): setDataSource uri and headers
01-02 02:26:48.399: V/AwesomePlayer(301): calling.. reset_l() at front of setDataSource(uri) - uri:/system/media/audio/ui/camera_click.ogg
01-02 02:26:48.399: V/AwesomePlayer(301): reset_l() 
01-02 02:26:48.399: V/AwesomePlayer(301): cancelPlayerEvents
01-02 02:26:48.399: I/AwesomePlayer(301): setDataSource_l(URL suppressed)
01-02 02:26:48.399: V/MediaPlayerService(301): setDataSource_post()
01-02 02:26:48.399: V/MediaPlayer(301): MediaPlayer::setAudioStreamType
01-02 02:26:48.399: V/MediaPlayer(301): prepare
01-02 02:26:48.399: V/MediaPlayer(301): prepareAsync_l
01-02 02:26:48.399: V/MediaPlayerService(301): [4] setAudioStreamType(7)
01-02 02:26:48.399: V/MediaPlayerService(301): [4] prepareAsync
01-02 02:26:48.399: V/AwesomePlayer(301): prepareAsync() 
01-02 02:26:48.399: V/AwesomePlayer(301): prepareAsync_l() 
01-02 02:26:48.399: V/AwesomePlayer(301): onPrepareAsyncEvent() 
01-02 02:26:48.399: V/AwesomePlayer(301): finishSetDataSource_l() 
01-02 02:26:48.399: E/(301): Failed to open file '/system/media/audio/ui/camera_click.ogg'. (No such file or directory)
01-02 02:26:48.399: V/AwesomePlayer(301): abortPrepare()
01-02 02:26:48.399: V/AwesomePlayer(301): notifyListener_l()--> sendEvent
01-02 02:26:48.399: V/MediaPlayerService(301): [4] notify (0x429cb0a0, 100, 1, -2147483648)
01-02 02:26:48.399: V/MediaPlayer(301): message received msg=100, ext1=1, ext2=-2147483648
01-02 02:26:48.399: E/MediaPlayer(301): error (1, -2147483648)
01-02 02:26:48.399: V/MediaPlayer(301): signal application thread
01-02 02:26:48.399: V/MediaPlayer(301): prepare complete - status=1
01-02 02:26:48.399: V/MediaPlayer(301): constructor
01-02 02:26:48.399: V/AudioFlinger(301): acquiring 20 from 31208
01-02 02:26:48.399: V/AudioFlinger(301):  added new entry for 20
01-02 02:26:48.399: V/MediaPlayer(301): setDataSource(/system/media/audio/ui/VideoRecord.ogg)
01-02 02:26:48.399: V/MediaPlayerService(301): Client(5) constructor
01-02 02:26:48.399: V/MediaPlayerService(301): Create new client(5) from pid 301, uid 10119, 
01-02 02:26:48.399: V/MediaPlayerService(301): setDataSource(/system/media/audio/ui/VideoRecord.ogg)
01-02 02:26:48.399: W/BrunchPlayerTypeImpl(301): [getPlayerType] url = /system/media/audio/ui/VideoRecord.ogg
01-02 02:26:48.399: W/BrunchPlayerTypeImpl(301): [getNetworkType] url = /system/media/audio/ui/VideoRecord.ogg
01-02 02:26:48.399: W/BrunchPlayerTypeImpl(301): [SelectPlayer] LocalType
01-02 02:26:48.399: W/BrunchPlayerTypeImpl(301): [FindUsePlayer] type = [application/ogg]
01-02 02:26:48.399: W/BrunchPlayerTypeImpl(301): [FindUsePlayer] componentName = [9101]
01-02 02:26:48.399: V/BrunchPlayerTypeImpl(301): [assignedPlayer] buf = 9101
01-02 02:26:48.399: W/MediaPlayerFactory(301): [getPlayerType] brunchPlayerType->getPlayerType = 3
01-02 02:26:48.399: V/MediaPlayerService(301): setDataSource_pre(). player type = 3
01-02 02:26:48.399: V/AwesomePlayer(301): AwesomePlayer create()
01-02 02:26:48.399: V/AwesomePlayer(301): calling.. reset() in constructor.
01-02 02:26:48.399: V/AwesomePlayer(301): reset() 
01-02 02:26:48.399: V/AwesomePlayer(301): reset_l() 
01-02 02:26:48.399: V/AwesomePlayer(301): cancelPlayerEvents
01-02 02:26:48.399: V/StagefrightPlayer(301): StagefrightPlayer
01-02 02:26:48.399: V/StagefrightPlayer(301): initCheck
01-02 02:26:48.399: V/AwesomePlayer(301): AwesomePlayer running on behalf of uid 10119
01-02 02:26:48.399: V/AudioSink(301): AudioOutput(20)
01-02 02:26:48.399: V/StagefrightPlayer(301): setAudioSink()
01-02 02:26:48.399: V/AwesomePlayer(301): setAudioSink() 
01-02 02:26:48.399: V/AwesomePlayer(301): setDataSource uri and headers
01-02 02:26:48.399: V/AwesomePlayer(301): calling.. reset_l() at front of setDataSource(uri) - uri:/system/media/audio/ui/VideoRecord.ogg
01-02 02:26:48.399: V/AwesomePlayer(301): reset_l() 
01-02 02:26:48.399: V/AwesomePlayer(301): cancelPlayerEvents
01-02 02:26:48.399: I/AwesomePlayer(301): setDataSource_l(URL suppressed)
01-02 02:26:48.399: V/MediaPlayerService(301): setDataSource_post()
01-02 02:26:48.399: V/MediaPlayer(301): MediaPlayer::setAudioStreamType
01-02 02:26:48.399: V/MediaPlayer(301): prepare
01-02 02:26:48.399: V/MediaPlayer(301): prepareAsync_l
01-02 02:26:48.399: V/MediaPlayerService(301): [5] setAudioStreamType(7)
01-02 02:26:48.399: V/MediaPlayerService(301): [5] prepareAsync
01-02 02:26:48.399: V/AwesomePlayer(301): prepareAsync() 
01-02 02:26:48.399: V/AwesomePlayer(301): prepareAsync_l() 
01-02 02:26:48.409: V/AwesomePlayer(301): onPrepareAsyncEvent() 
01-02 02:26:48.409: V/AwesomePlayer(301): finishSetDataSource_l() 
01-02 02:26:48.409: E/(301): Failed to open file '/system/media/audio/ui/VideoRecord.ogg'. (No such file or directory)
01-02 02:26:48.409: V/AwesomePlayer(301): abortPrepare()
01-02 02:26:48.409: V/AwesomePlayer(301): notifyListener_l()--> sendEvent
01-02 02:26:48.409: V/MediaPlayerService(301): [5] notify (0x429cb470, 100, 1, -2147483648)
01-02 02:26:48.409: V/MediaPlayer(301): message received msg=100, ext1=1, ext2=-2147483648
01-02 02:26:48.409: E/MediaPlayer(301): error (1, -2147483648)
01-02 02:26:48.409: V/MediaPlayer(301): signal application thread
01-02 02:26:48.409: V/MediaPlayer(301): prepare complete - status=1
01-02 02:26:48.409: I/CameraClient(301): Opening camera 0
01-02 02:26:48.409: D/QCameraStateMachine(301): static void* qcamera::QCameraStateMachine::smEvtProcRoutine(void*): E
01-02 02:26:48.409: E/mm-camera-intf(301): mm_camera_open: dev name = /dev/video1, cam_idx = 1
01-02 02:26:48.409: E/mm-camera-sensor(346): module_sensor_start_session:389 session 1
01-02 02:26:48.489: E/mm-camera(346): module_isp_start_session: E,module->module_private= 0x402f5008
01-02 02:26:48.489: E/mm-camera(346): isp_thread_async_task_start: X, session_id = 1, rc = 0
01-02 02:26:48.489: E/mm-camera(346): module_isp_start_session: X, rc = 1
01-02 02:26:48.489: E/mm-camera(346): is_module_start_session: Enter
01-02 02:26:48.489: E/mm-camera(346): is_port_init: is mode is 0
01-02 02:26:48.489: E/mm-camera(346): is_module_start_session: Exit successful
01-02 02:26:48.489: E/mm-camera(346): gyro_module_start_session: Enter
01-02 02:26:48.489: E/mm-camera(346): gyro_module_start_session: Init DSPS
01-02 02:26:48.489: E/Sensors(501): sns_acm_mr.c(561):Request made to disabled service
01-02 02:26:48.489: E/Sensors(501): sns_main.c(1252):Error writing request. sns_err 3 error 0 qmi_err 0
01-02 02:26:48.489: E/mm-camera(346): gyro_module_start_session: Exit successful
01-02 02:26:48.489: E/mm-camera(346): is_module_get_port: Exit successful
01-02 02:26:48.489: E/mm-camera(346): gyro_module_get_port: Exit successful
01-02 02:26:48.529: E/mm-camera(346): c2d_module_start_session:224, info: starting session 1
01-02 02:26:48.529: E/mm-camera(346): c2d_thread_func:39: c2d_thread entering the polling loop...
01-02 02:26:48.529: E/mm-camera(346): c2d_module_start_session:262, info: c2d_thread created.
01-02 02:26:48.529: E/mm-camera(346): c2d_module_start_session:284, info: session 1 started.
01-02 02:26:48.529: E/mm-camera-intf(301): mm_camera_open:  opened, break out while loop
01-02 02:26:48.539: E/mm-jpeg-intf(301): mm_jpeg_init:1737] Launch jobmgr thread rc 0
01-02 02:26:48.569: E/qomx_image_core(301): OMX_Init:84] Complete 1
01-02 02:26:48.569: D/QCameraPostProc(301): static void* qcamera::QCameraPostProcessor::dataProcessRoutine(void*): E
01-02 02:26:48.569: D/QCameraParameters(301): int32_t qcamera::QCameraParameters::initDefaultParameters(): supported preview sizes: 1920x1080,1280x720,960x540,800x480,768x432,720x540,720x480,640x480,576x432,480x320,384x288,352x288,320x240,240x160,176x144
01-02 02:26:48.569: D/QCameraParameters(301): int32_t qcamera::QCameraParameters::initDefaultParameters(): supported video sizes: 1920x1080,1280x720,800x480,720x480,640x480,480x320,352x288,320x240,176x144
01-02 02:26:48.569: D/QCameraParameters(301): int32_t qcamera::QCameraParameters::initDefaultParameters(): supported pic sizes: 3264x2448,3200x2400,3200x1920,2592x1944,2560x1920,2048x1536,1920x1080,1600x1200,1280x960,1280x768,1280x720,1024x768,800x600,800x480,720x480,640x480,352x288,320x240,176x144
01-02 02:26:48.569: I/QCameraParameters(301): int32_t qcamera::QCameraParameters::initDefaultParameters(): supported live snapshot sizes: 1920x1080,1600x1200,1280x768,1280x720,1024x768,800x600,800x480,720x480,640x480,352x288,320x240,176x144
01-02 02:26:48.569: E/QCameraParameters(301): int32_t qcamera::QCameraParameters::setPreviewFpsRange(int, int): Setting preview fps range 7500,30000
01-02 02:26:48.569: D/QCameraParameters(301): int32_t qcamera::QCameraParameters::initDefaultParameters(): supported fps rates: 8,9,10,11,12,13,14,15,16,17,18,19,20,21,22,23,24,25,26,27,28,29,30
01-02 02:26:48.569: D/QCameraParameters(301): int32_t qcamera::QCameraParameters::setFocusMode(char const*): Setting focus mode auto
01-02 02:26:48.569: D/QCameraParameters(301): int32_t qcamera::QCameraParameters::setSaturation(int): Setting saturation 5
01-02 02:26:48.569: D/QCameraParameters(301): int32_t qcamera::QCameraParameters::setSharpness(int): Setting sharpness 12
01-02 02:26:48.569: D/QCameraParameters(301): int32_t qcamera::QCameraParameters::setContrast(int): Setting contrast 5
01-02 02:26:48.569: D/QCameraParameters(301): int32_t qcamera::QCameraParameters::setSkinToneEnhancement(int): Setting skintone enhancement 0
01-02 02:26:48.569: D/QCameraParameters(301): int32_t qcamera::QCameraParameters::setBrightness(int): Setting brightness 3
01-02 02:26:48.569: D/QCameraParameters(301): int32_t qcamera::QCameraParameters::setAutoExposure(char const*): Setting auto exposure frame-average
01-02 02:26:48.569: D/QCameraParameters(301): int32_t qcamera::QCameraParameters::setAntibanding(char const*): Setting AntiBanding value off
01-02 02:26:48.579: D/QCameraParameters(301): int32_t qcamera::QCameraParameters::setEffect(char const*): Setting effect none
01-02 02:26:48.579: D/QCameraParameters(301): int32_t qcamera::QCameraParameters::setWhiteBalance(char const*): Setting WhiteBalance value auto
01-02 02:26:48.579: D/QCameraParameters(301): int32_t qcamera::QCameraParameters::setFlash(char const*): Setting Flash value off
01-02 02:26:48.579: D/QCameraParameters(301): int32_t qcamera::QCameraParameters::setISOValue(char const*): Setting ISO value auto
01-02 02:26:48.579: D/QCameraParameters(301): int32_t qcamera::QCameraParameters::setHighFrameRate(char const*): Setting HFR value off
01-02 02:26:48.579: D/QCameraParameters(301): int32_t qcamera::QCameraParameters::setAEBracket(char const*), EXP_BRACKETING_OFF
01-02 02:26:48.579: I/QCameraParameters(301): int32_t qcamera::QCameraParameters::setWaveletDenoise(char const*): Denoise enable=0, plates=0
01-02 02:26:48.579: D/QCameraParameters(301): int32_t qcamera::QCameraParameters::setLensShadeValue(char const*): Setting LensShade value enable
01-02 02:26:48.579: D/QCameraParameters(301): int32_t qcamera::QCameraParameters::setMCEValue(char const*): Setting AWBLock value enable
01-02 02:26:48.579: D/QCameraParameters(301): int32_t qcamera::QCameraParameters::setDISValue(char const*): Setting DIS value disable
01-02 02:26:48.579: D/QCameraParameters(301): int32_t qcamera::QCameraParameters::setSceneDetect(char const*): Setting Scene Detect off
01-02 02:26:48.579: D/QCameraParameters(301): int32_t qcamera::QCameraParameters::setAecLock(char const*): Setting AECLock value false
01-02 02:26:48.579: D/QCameraParameters(301): int32_t qcamera::QCameraParameters::setAwbLock(char const*): Setting AWBLock value false
01-02 02:26:48.579: E/mm-camera(346): mct_pipeline_process_set:command=800000e
01-02 02:26:48.579: D/QCameraParameters(301): int32_t qcamera::QCameraParameters::setNumOfSnapshot(): nBurstNum = 1, nExpnum = 1
01-02 02:26:48.579: I/Thermal-Lib(301): Thermal-Lib-Client: Registraion successful for camera with handle:1
01-02 02:26:48.579: I/Thermal-Lib(301): Thermal-Lib-Client: Registraion successful for camcorder with handle:2
01-02 02:26:48.579: I/ThermalEngine(195): Thermal-Server: Adding thermal event listener on fd 9
01-02 02:26:48.579: I/Thermal-Lib(301): Thermal-Lib-Client: Client received msg camera 0
01-02 02:26:48.579: I/QCamera2HWI(301): virtual int qcamera::QCamera2HardwareInterface::thermalEvtHandle(qcamera::qcamera_thermal_level_enum_t, void*, void*): level = 0, userdata = 0x0, data = 0x0
01-02 02:26:48.579: I/Thermal-Lib(301): Thermal-Lib-Client: Client received msg camcorder 0
01-02 02:26:48.579: I/QCamera2HWI(301): int qcamera::QCamera2HardwareInterface::updateThermalLevel(qcamera::qcamera_thermal_level_enum_t): Thermal level 0, FPS range [7.50,30.00], frameskip 0
01-02 02:26:48.579: I/QCamera2HWI(301): virtual int qcamera::QCamera2HardwareInterface::thermalEvtHandle(qcamera::qcamera_thermal_level_enum_t, void*, void*): level = 0, userdata = 0x0, data = 0x0
01-02 02:26:48.579: E/mm-camera(346): mct_pipeline_process_set:command=800000e
01-02 02:26:48.579: I/QCamera2HWI(301): int qcamera::QCamera2HardwareInterface::updateThermalLevel(qcamera::qcamera_thermal_level_enum_t): Thermal level 0, FPS range [7.50,30.00], frameskip 0
01-02 02:26:48.579: E/mm-camera(346): mct_pipeline_process_set:command=800000e
01-02 02:26:48.589: D/QCamera2HWI(301): [KPI Perf] static void qcamera::QCamera2HardwareInterface::stop_preview(camera_device*): E
01-02 02:26:48.589: D/QCameraStateMachine(301): int32_t qcamera::QCameraStateMachine::procEvtPreviewStoppedState(qcamera::qcamera_sm_evt_enum_t, void*): already in preview stopped state, do nothing
01-02 02:26:48.589: D/QCamera2HWI(301): [KPI Perf] static void qcamera::QCamera2HardwareInterface::stop_preview(camera_device*): X
01-02 02:26:48.589: D/QCameraStateMachine(301): int32_t qcamera::QCameraStateMachine::procEvtPreviewStoppedState(qcamera::qcamera_sm_evt_enum_t, void*): No ops for evt(20) in state(0)
01-02 02:26:48.589: I/CameraClient(301): Destroying camera 0
01-02 02:26:48.589: D/QCamera2HWI(301): [KPI Perf] static int qcamera::QCamera2HardwareInterface::close_camera_device(hw_device_t*): E
01-02 02:26:48.589: D/QCameraPostProc(301): static void* qcamera::QCameraPostProcessor::dataProcessRoutine(void*): stop data proc
01-02 02:26:48.589: D/QCameraPostProc(301): static void* qcamera::QCameraPostProcessor::dataProcessRoutine(void*): X
01-02 02:26:48.589: E/mm-jpeg-intf(301): mm_jpeg_close:2251] E
01-02 02:26:48.589: E/mm-jpeg-intf(301): mm_jpeg_close:2256] 
01-02 02:26:48.589: E/mm-jpeg-intf(301): mm_jpeg_close:2264] 
01-02 02:26:48.589: E/mm-jpeg-intf(301): mm_jpeg_close:2267] 
01-02 02:26:48.589: E/mm-jpeg-intf(301): mm_jpeg_close:2274] X
01-02 02:26:48.589: E/qomx_image_core(301): OMX_Deinit:101] Complete
01-02 02:26:48.599: E/QCameraPostProc(301): int32_t qcamera::QCameraPostProcessor::deinit(): Jpeg closed, rc = 0, mJpegClientHandle = 200
01-02 02:26:48.599: I/Thermal-Lib(301): Thermal-Lib-Client: Unregisteration is successfull for handle:1
01-02 02:26:48.599: I/ThermalEngine(195): Thermal-Server: removing client on fd 9
01-02 02:26:48.599: I/Thermal-Lib(301): Thermal-Lib-Client: Unregisteration is successfull for handle:2
01-02 02:26:48.599: E/mm-camera(346): mct_pipeline_process_set:command=800000b
01-02 02:26:48.599: E/mm-camera(346): mct_pipeline_process_set: Couldn't find stream
01-02 02:26:48.599: D/QCameraStateMachine(301): static void* qcamera::QCameraStateMachine::smEvtProcRoutine(void*): X
01-02 02:26:48.599: E/mm-camera-sensor(346): module_sensor_stop_session:442 session 1
01-02 02:26:48.599: D/QCamera2HWI(301): [KPI Perf] static int qcamera::QCamera2HardwareInterface::close_camera_device(hw_device_t*): X
01-02 02:26:48.599: V/MediaPlayer(301): disconnect
01-02 02:26:48.599: V/MediaPlayerService(301): disconnect(4) from pid 301
01-02 02:26:48.599: V/StagefrightPlayer(301): reset
01-02 02:26:48.599: V/AwesomePlayer(301): reset() 
01-02 02:26:48.599: V/AwesomePlayer(301): reset_l() 
01-02 02:26:48.599: V/AwesomePlayer(301): cancelPlayerEvents
01-02 02:26:48.599: V/StagefrightPlayer(301): ~StagefrightPlayer
01-02 02:26:48.599: V/StagefrightPlayer(301): reset
01-02 02:26:48.599: V/AwesomePlayer(301): reset() 
01-02 02:26:48.599: V/AwesomePlayer(301): reset_l() 
01-02 02:26:48.599: V/AwesomePlayer(301): cancelPlayerEvents
01-02 02:26:48.599: V/AwesomePlayer(301): ~AwesomePlayer call
01-02 02:26:48.599: V/AwesomePlayer(301): reset() 
01-02 02:26:48.599: V/AwesomePlayer(301): reset_l() 
01-02 02:26:48.599: V/AwesomePlayer(301): cancelPlayerEvents
01-02 02:26:48.599: V/MediaPlayerService(301): Client(4) destructor pid = 301
01-02 02:26:48.599: V/AudioSink(301): close
01-02 02:26:48.599: V/MediaPlayerService(301): disconnect(4) from pid 301
01-02 02:26:48.599: V/MediaPlayer(301): destructor
01-02 02:26:48.599: V/AudioFlinger(301): releasing 19 from 301
01-02 02:26:48.599: W/AudioFlinger(301): session id 19 not found for pid 301
01-02 02:26:48.599: V/MediaPlayer(301): disconnect
01-02 02:26:48.599: V/MediaPlayer(301): disconnect
01-02 02:26:48.599: V/MediaPlayerService(301): disconnect(5) from pid 301
01-02 02:26:48.599: V/StagefrightPlayer(301): reset
01-02 02:26:48.599: V/AwesomePlayer(301): reset() 
01-02 02:26:48.599: V/AwesomePlayer(301): reset_l() 
01-02 02:26:48.599: V/AwesomePlayer(301): cancelPlayerEvents
01-02 02:26:48.599: V/StagefrightPlayer(301): ~StagefrightPlayer
01-02 02:26:48.599: V/StagefrightPlayer(301): reset
01-02 02:26:48.599: V/AwesomePlayer(301): reset() 
01-02 02:26:48.599: V/AwesomePlayer(301): reset_l() 
01-02 02:26:48.599: V/AwesomePlayer(301): cancelPlayerEvents
01-02 02:26:48.599: V/AwesomePlayer(301): ~AwesomePlayer call
01-02 02:26:48.599: V/AwesomePlayer(301): reset() 
01-02 02:26:48.599: V/AwesomePlayer(301): reset_l() 
01-02 02:26:48.599: V/AwesomePlayer(301): cancelPlayerEvents
01-02 02:26:48.599: V/MediaPlayerService(301): Client(5) destructor pid = 301
01-02 02:26:48.599: V/AudioSink(301): close
01-02 02:26:48.599: V/MediaPlayerService(301): disconnect(5) from pid 301
01-02 02:26:48.599: V/MediaPlayer(301): destructor
01-02 02:26:48.599: V/AudioFlinger(301): releasing 20 from 301
01-02 02:26:48.599: W/AudioFlinger(301): session id 20 not found for pid 301
01-02 02:26:48.599: V/MediaPlayer(301): disconnect
01-02 02:26:48.609: W/SocketClient(294): write error (Broken pipe)
01-02 02:26:48.639: E/mm-camera(346): isp_thread_async_task_stop: X, session_id = 1
01-02 02:26:48.639: E/mm-camera(346): stats_module_stop_session: list =0x415dab40, remove port =0x414b7370 name=stats_sink from module=0x4148ab88, name=stats
01-02 02:26:48.639: E/mm-camera(346): stats_module_stop_session: 1 port =0x414b7370 name=stats_sink 
01-02 02:26:48.639: E/mm-camera(346): stats_module_stop_session: 2 port =0x414b7370 name=stats_sink 
01-02 02:26:48.639: E/mm-camera(346): is_module_stop_session: Enter
01-02 02:26:48.639: E/mm-camera(346): is_module_stop_session: Exit successful
01-02 02:26:48.639: E/mm-camera(346): gyro_module_stop_session: Enter
01-02 02:26:48.639: E/Sensors(501): sns_acm_mr.c(561):Request made to disabled service
01-02 02:26:48.639: E/Sensors(501): sns_main.c(1252):Error writing request. sns_err 3 error 0 qmi_err 0
01-02 02:26:48.639: E/mm-camera(346): gyro_module_stop_session: Deinit DSPS
01-02 02:26:48.639: E/mm-camera(346): gyro_module_stop_session: Exit successful
01-02 02:26:48.639: E/mm-camera(346): stats_module_stop_session: 3 port =0x414b7370 name=stats_sink 
01-02 02:26:48.769: E/mm-camera(346): c2d_module_stop_session:300, info: stopping session 1 ...
01-02 02:26:48.769: E/mm-camera(346): c2d_module_stop_session:305, info: stopping c2d_thread...
01-02 02:26:48.769: E/mm-camera(346): c2d_module_post_msg_to_thread:359, msg.type=1
01-02 02:26:48.769: E/mm-camera(346): c2d_thread_process_pipe_message:473, C2D_THREAD_MSG_ABORT: c2d_thread exiting..
01-02 02:26:48.769: E/mm-camera(346): c2d_module_stop_session:317, closing c2d subdev...
01-02 02:26:48.769: E/mm-camera(346): c2d_module_stop_session:339, info: session 1 stopped.
01-02 02:26:49.409: I/ActivityManager(796): START u0 {cmp=com.antutu.ABenchMark/.ABenchMarkTab} from pid 31208
01-02 02:26:49.519: D/dalvikvm(31208): Trying to load lib /data/app-lib/com.antutu.ABenchMark-1/libabenchmark.so 0x41949748
01-02 02:26:49.519: D/dalvikvm(31208): Shared lib '/data/app-lib/com.antutu.ABenchMark-1/libabenchmark.so' already loaded in same CL 0x41949748
01-02 02:26:49.889: I/CAPP_DB_LOG(31208): opened database address/path : 0x5e3ba340, /data/data/com.antutu.ABenchMark/databases/webview.db
01-02 02:26:49.899: I/CAPP_DB_LOG(31208):   database address : 0x5e3ba340, pragma synchronous = OFF
01-02 02:26:49.899: I/CAPP_DB_LOG(31208):   database address : 0x5e3ba340, pragma journal_size_limit = 524288
01-02 02:26:49.899: I/CAPP_DB_LOG(31208):   database address : 0x5e3ba340, pragma wal_autocheckpoint = 100
01-02 02:26:49.979: V/PhoneStatusBar(1016): setLightsOn(true)
01-02 02:26:50.089: I/ActivityManager(796): Displayed com.antutu.ABenchMark/.ABenchMarkTab: +662ms
01-02 02:26:50.129: V/InputMethodManagerService(796): SoftKeypad HIDE broadcast
01-02 02:26:50.129: W/ContextImpl(796): Calling a method in the system process without a qualified user: android.app.ContextImpl.sendBroadcast:1044 com.android.server.InputMethodManagerService.hideCurrentInputLocked:1832 com.android.server.InputMethodManagerService.windowGainedFocus:1965 com.android.internal.view.IInputMethodManager$Stub.onTransact:224 com.android.server.InputMethodManagerService.onTransact:841 
01-02 02:26:50.149: D/LgeImeImpl(1107): [LgeImeImpl.java:3634:LgeImeImpl.onFinishInput()] [IN]onFinishInput
01-02 02:26:50.149: D/LgeImeImpl(1107): [LgeImeImpl.java:3653:LgeImeImpl.onFinishInput()] [OUT]onFinishInput
01-02 02:26:50.149: D/LgeImeImpl(1107): [LgeImeImpl.java:1153:LgeImeImpl.onStartInput()] [IN] onStartInput[restarting:false]
01-02 02:26:50.149: D/LgeImeImpl(1107): [LgeImeImpl.java:1196:LgeImeImpl.parsePrivateImeOptions()] debug : parse private ime options - 
01-02 02:26:50.149: D/PrivateImeOptions(1107): [PrivateImeOptions.java:94:PrivateImeOptions.parsePrivateImeOptions()] debug : parsing privateImeOptions - 
01-02 02:26:50.149: D/TtsHelper(1107): [LgTtsHelper.java:101:LgTtsHelper.isOneTappingEnabled()] one_touch_input = 1
01-02 02:26:50.149: D/LgeImeImpl(1107): [LgeImeImpl.java:9744:LgeImeImpl.dumpEditorInfo()] inputType=0x0 imeOptions=0x0 privateImeOptions=null actionLabel=null actionId=0 initialSelStart=-1 initialSelEnd=-1 initialCapsMode=0x0 hintText=null label=null packageName=com.antutu.ABenchMark fieldId=16908306 fieldName=null extras=null
01-02 02:26:50.149: I/LgeExtendRowKeyboardHelper(1107): [LgeExtendRowKeyboardHelper.java:63:LgeExtendRowKeyboardHelper.isExtendRowKeyboardAvailable()] Not support extend row keyboard these system properties.
01-02 02:26:50.149: D/LgeImeImpl(1107): [LgeImeImpl.java:1170:LgeImeImpl.onStartInput()] [OUT] onStartInput
01-02 02:26:50.169: D/dalvikvm(1107): GC_CONCURRENT freed 2019K, 56% free 6612K/14912K, paused 2ms+3ms, total 36ms
01-02 02:26:59.989: D/KeyguardUpdateMonitor(796): handleTimeUpdate
01-02 02:26:59.999: I/StatusBarLinearLayout(1016): [StatusBarLinearLayout.java:55:onLayout()]================================
01-02 02:27:00.009: I/StatusBarLinearLayout(1016): [StatusBarLinearLayout.java:68:onLayout()]child = android.widget.LinearLayout{4198a998 V.E..... ........ 9,0-359,38 #7f09007a app:id/notification_icon_area} ,w = 350
01-02 02:27:00.009: I/StatusBarLinearLayout(1016): [StatusBarLinearLayout.java:68:onLayout()]child = android.widget.LinearLayout{4198e1f0 V.E..... ........ 359,0-359,38 #7f09007d app:id/statusIcons} ,w = 0
01-02 02:27:00.009: I/StatusBarLinearLayout(1016): [StatusBarLinearLayout.java:68:onLayout()]child = android.widget.LinearLayout{4198eb08 V.E..... ......ID 359,0-531,38 #7f09007e app:id/system_icon_area} ,w = 172
01-02 02:27:00.009: I/StatusBarLinearLayout(1016): [StatusBarLinearLayout.java:74:onLayout()]nTotalWidth = 522, r = 540
01-02 02:27:00.009: I/StatusBarLinearLayout(1016): [StatusBarLinearLayout.java:77:onLayout()]sum = 522, mIconSize = 36
01-02 02:27:00.009: I/StatusBarLinearLayout(1016): [StatusBarLinearLayout.java:78:onLayout()]Notification 350==> 350
01-02 02:27:00.009: I/StatusBarLinearLayout(1016): [StatusBarLinearLayout.java:82:onLayout()]-----------------------
01-02 02:27:00.019: I/StatusBarLinearLayout(1016): [StatusBarLinearLayout.java:123:onLayout()]child = android.widget.LinearLayout{41986900 G.E..... ......I. 9,0-9,38 #7f090078 app:id/operator_layout} ,w = 0
01-02 02:27:00.019: I/StatusBarLinearLayout(1016): [StatusBarLinearLayout.java:123:onLayout()]child = android.widget.LinearLayout{4198a998 V.E..... ........ 9,0-359,38 #7f09007a app:id/notification_icon_area} ,w = 350
01-02 02:27:00.019: I/StatusBarLinearLayout(1016): [StatusBarLinearLayout.java:123:onLayout()]child = android.widget.LinearLayout{4198e1f0 V.E..... ........ 359,0-359,38 #7f09007d app:id/statusIcons} ,w = 0
01-02 02:27:00.019: I/StatusBarLinearLayout(1016): [StatusBarLinearLayout.java:123:onLayout()]child = android.widget.LinearLayout{4198eb08 V.E..... ......ID 359,0-531,38 #7f09007e app:id/system_icon_area} ,w = 172
01-02 02:27:00.019: I/StatusBarLinearLayout(1016): [StatusBarLinearLayout.java:128:onLayout()]sum = 522
01-02 02:27:00.109: D/WeatherService(28030): 3 : TimeTick Intent has been received, Time(hour:min:sec) 2:27:0
01-02 02:27:00.139: D/WeatherService(28030): 3 : TimeTick Intent And Screen On
01-02 02:27:00.139: D/WeatherService(28030): 3 : SDK version : 17
01-02 02:27:00.139: D/WeatherQuickCover(28030): 3 : quick cover state : opened : -1
01-02 02:27:00.179: D/Weather.Utils(28030): 3 : Utils getTopActivity com.lge.launcher2 / false
01-02 02:27:00.179: D/Weather.Utils(28030): 3 : Utils getTopActivity com.lge.easyhome / false
01-02 02:27:00.179: D/WeatherService(28030): 3 : shouldTimeTickRegistered : false
01-02 02:27:00.179: D/WeatherService(28030): 3 : TimeTick Receiver Unregister
01-02 02:27:00.199: D/WeatherService(28030): 3 : TimeTick Intent has been processed, Time(hour:min:sec) 2:27:0
01-02 02:27:02.429: W/CellInfoLte(1145): getCellIdentity: LteCellIdentitiy:android.telephony.CellIdentityLte@7fffffa3 mMcc=0 mMnc=0 mCi=2147483647 mPci=2147483647 mTac=2147483647
01-02 02:27:02.429: W/CellInfoLte(1145): writeToParcel(Parcel, int): CellInfoLte: mRegistered=NO mTimeStampType=unknown mTimeStamp=9223372036854775807ns, LteCellIdentitiy:android.telephony.CellIdentityLte@7fffffa3 mMcc=0 mMnc=0 mCi=2147483647 mPci=2147483647 mTac=2147483647, CellSignalStrengthLte: ss=2147483647 rsrp=2147483647 rsrq=2147483647 rssnr=2147483647 cqi=2147483647 ta=2147483647
01-02 02:27:02.429: W/CellInfoLte(796): CellInfoLte(Parcel): CellInfoLte: mRegistered=NO mTimeStampType=unknown mTimeStamp=9223372036854775807ns, LteCellIdentitiy:android.telephony.CellIdentityLte@7fffffa3 mMcc=0 mMnc=0 mCi=2147483647 mPci=2147483647 mTac=2147483647, CellSignalStrengthLte: ss=2147483647 rsrp=2147483647 rsrq=2147483647 rssnr=2147483647 cqi=2147483647 ta=2147483647
01-02 02:27:02.429: W/CellInfoLte(1145): writeToParcel(Parcel, int): CellInfoLte: mRegistered=NO mTimeStampType=unknown mTimeStamp=9223372036854775807ns, LteCellIdentitiy:android.telephony.CellIdentityLte@7fffffa3 mMcc=0 mMnc=0 mCi=2147483647 mPci=2147483647 mTac=2147483647, CellSignalStrengthLte: ss=2147483647 rsrp=2147483647 rsrq=2147483647 rssnr=2147483647 cqi=2147483647 ta=2147483647
01-02 02:27:02.429: W/CellInfoLte(796): CellInfoLte(Parcel): CellInfoLte: mRegistered=NO mTimeStampType=unknown mTimeStamp=9223372036854775807ns, LteCellIdentitiy:android.telephony.CellIdentityLte@7fffffa3 mMcc=0 mMnc=0 mCi=2147483647 mPci=2147483647 mTac=2147483647, CellSignalStrengthLte: ss=2147483647 rsrp=2147483647 rsrq=2147483647 rssnr=2147483647 cqi=2147483647 ta=2147483647
01-02 02:27:02.429: W/CellInfoLte(796): writeToParcel(Parcel, int): CellInfoLte: mRegistered=NO mTimeStampType=unknown mTimeStamp=9223372036854775807ns, LteCellIdentitiy:android.telephony.CellIdentityLte@7fffffa3 mMcc=0 mMnc=0 mCi=2147483647 mPci=2147483647 mTac=2147483647, CellSignalStrengthLte: ss=2147483647 rsrp=2147483647 rsrq=2147483647 rssnr=2147483647 cqi=2147483647 ta=2147483647
01-02 02:27:02.429: W/CellInfoLte(796): writeToParcel(Parcel, int): CellInfoLte: mRegistered=NO mTimeStampType=unknown mTimeStamp=9223372036854775807ns, LteCellIdentitiy:android.telephony.CellIdentityLte@7fffffa3 mMcc=0 mMnc=0 mCi=2147483647 mPci=2147483647 mTac=2147483647, CellSignalStrengthLte: ss=2147483647 rsrp=2147483647 rsrq=2147483647 rssnr=2147483647 cqi=2147483647 ta=2147483647
01-02 02:27:02.429: W/CellInfoLte(1256): CellInfoLte(Parcel): CellInfoLte: mRegistered=NO mTimeStampType=unknown mTimeStamp=9223372036854775807ns, LteCellIdentitiy:android.telephony.CellIdentityLte@7fffffa3 mMcc=0 mMnc=0 mCi=2147483647 mPci=2147483647 mTac=2147483647, CellSignalStrengthLte: ss=2147483647 rsrp=2147483647 rsrq=2147483647 rssnr=2147483647 cqi=2147483647 ta=2147483647
01-02 02:27:02.439: W/CellInfoLte(27948): CellInfoLte(Parcel): CellInfoLte: mRegistered=NO mTimeStampType=unknown mTimeStamp=9223372036854775807ns, LteCellIdentitiy:android.telephony.CellIdentityLte@7fffffa3 mMcc=0 mMnc=0 mCi=2147483647 mPci=2147483647 mTac=2147483647, CellSignalStrengthLte: ss=2147483647 rsrp=2147483647 rsrq=2147483647 rssnr=2147483647 cqi=2147483647 ta=2147483647
01-02 02:27:02.439: D/PhoneInterfaceManager(1145): [PhoneIntfMgr] sigLevel = 0
01-02 02:27:02.439: D/LGPhoneStatusBarPolicy(1016): [LGPhoneStatusBarPolicy.java:109:onReceive()]ACTION_SIGNAL_STRENGTH_CHANGED!!!
01-02 02:27:02.439: D/LGPhoneStatusBarPolicy(1016): [LGPhoneStatusBarPolicy.java:109:onReceive()]ACTION_SIGNAL_STRENGTH_CHANGED!!!
01-02 02:27:02.439: D/StatusBar.MSimNetworkController(1016): isSimInserted(0), SimInserted=false
01-02 02:27:02.439: D/StatusBar.MSimNetworkController(1016): isSimInserted(0), SimInserted=false
01-02 02:27:02.439: D/StatusBar.MSimNetworkController(1016): isSimInserted(0), SimInserted=false
01-02 02:27:02.439: D/StatusBar.MSimNetworkController(1016): isSimInserted(0), SimInserted=false
01-02 02:27:02.449: I/StatusBarLinearLayout(1016): [StatusBarLinearLayout.java:55:onLayout()]================================
01-02 02:27:02.449: I/StatusBarLinearLayout(1016): [StatusBarLinearLayout.java:68:onLayout()]child = android.widget.LinearLayout{4198a998 V.E..... ........ 9,0-359,38 #7f09007a app:id/notification_icon_area} ,w = 350
01-02 02:27:02.459: I/StatusBarLinearLayout(1016): [StatusBarLinearLayout.java:68:onLayout()]child = android.widget.LinearLayout{4198e1f0 V.E..... ........ 359,0-359,38 #7f09007d app:id/statusIcons} ,w = 0
01-02 02:27:02.459: I/StatusBarLinearLayout(1016): [StatusBarLinearLayout.java:68:onLayout()]child = android.widget.LinearLayout{4198eb08 V.E..... ......ID 359,0-531,38 #7f09007e app:id/system_icon_area} ,w = 172
01-02 02:27:02.459: I/StatusBarLinearLayout(1016): [StatusBarLinearLayout.java:74:onLayout()]nTotalWidth = 522, r = 540
01-02 02:27:02.469: I/StatusBarLinearLayout(1016): [StatusBarLinearLayout.java:77:onLayout()]sum = 522, mIconSize = 36
01-02 02:27:02.469: I/StatusBarLinearLayout(1016): [StatusBarLinearLayout.java:78:onLayout()]Notification 350==> 350
